family-cottage {"active":true,"triangles":4904,"calls":16}
family-single {"active":true,"triangles":4878,"calls":16}
family-shed {"active":true,"triangles":4842,"calls":15}
prop-signpost {"active":true,"triangles":4656,"calls":9}
prop-bike {"active":true,"triangles":4880,"calls":11}
family-hut {"active":true,"triangles":4868,"calls":14}
family-twostorey {"active":true,"triangles":4956,"calls":16}
prop-boxprop {"active":true,"triangles":4658,"calls":9}
family-farmhouse {"active":true,"triangles":4884,"calls":15}
family-barn {"active":true,"triangles":4856,"calls":17}
prop-tractor {"active":true,"triangles":4718,"calls":9}
prop-wheel {"active":true,"triangles":4836,"calls":9}
prop-statue {"active":true,"triangles":4674,"calls":9}
family-shop {"active":true,"triangles":4846,"calls":15}
prop-stall {"active":true,"triangles":4644,"calls":8}
prop-ferris {"active":true,"triangles":4916,"calls":10}
prop-telescope {"active":true,"triangles":4690,"calls":8}
prop-car {"active":true,"triangles":4718,"calls":9}
family-cabin {"active":true,"triangles":4924,"calls":16}
prop-ruin {"active":true,"triangles":4980,"calls":12}
