TAP version 13
# (node:13) [MODULE_TYPELESS_PACKAGE_JSON] Warning: Module type of file:///workspace/scratch/e537a95e2294/character-rollout/vendor/three-0.170.0/three.module.min.js is not specified and it doesn't parse as CommonJS.
# Reparsing as ES module because module syntax was detected. This incurs a performance overhead.
# To eliminate this warning, add "type": "module" to /workspace/scratch/e537a95e2294/character-rollout/package.json.
# (Use `node --trace-warnings ...` to show where the warning was created)
# Subtest: Dragon explicit eight-stage candidates retain juvenile support, small wings, breath and seated elder identity
ok 1 - Dragon explicit eight-stage candidates retain juvenile support, small wings, breath and seated elder identity
  ---
  duration_ms: 299.74414
  type: 'test'
  ...
# Subtest: Dragon06 flame volumes stay owned by the head without hiding the canonical eye targets
ok 2 - Dragon06 flame volumes stay owned by the head without hiding the canonical eye targets
  ---
  duration_ms: 68.390853
  type: 'test'
  ...
# Subtest: Dragon all8 candidates preserve one canonical face and finite owned motion across32 states
ok 3 - Dragon all8 candidates preserve one canonical face and finite owned motion across32 states
  ---
  duration_ms: 259.768331
  type: 'test'
  ...
# Subtest: new Dragon dorsal and tail spine roots intersect their owned body volumes
ok 4 - new Dragon dorsal and tail spine roots intersect their owned body volumes
  ---
  duration_ms: 112.016861
  type: 'test'
  ...
# Subtest: Dragon04 small wings root inside the juvenile trunk
ok 5 - Dragon04 small wings root inside the juvenile trunk
  ---
  duration_ms: 20.25049
  type: 'test'
  ...
1..5
# tests 5
# suites 0
# pass 5
# fail 0
# cancelled 0
# skipped 0
# todo 0
# duration_ms 870.767964
