✖ VQ-9 residential porch supports meet roof slopes within canonical lots (378.183759ms)
ℹ tests 1
ℹ suites 0
ℹ pass 0
ℹ fail 1
ℹ cancelled 0
ℹ skipped 0
ℹ todo 0
ℹ duration_ms 486.00808

✖ failing tests:

test at tests/meguru-3d-visual-quality-test.cjs:7:1
✖ VQ-9 residential porch supports meet roof slopes within canonical lots (378.183759ms)
  AssertionError [ERR_ASSERTION]: home:10: post footprint under roof
      at TestContext.<anonymous> (/workspace/scratch/d9c55e1def56/world/tests/meguru-3d-visual-quality-test.cjs:22:16)
      at Test.runInAsyncScope (node:async_hooks:227:14)
      at Test.run (node:internal/test_runner/test:1382:25)
      at Test.start (node:internal/test_runner/test:1242:17)
      at startSubtestAfterBootstrap (node:internal/test_runner/harness:387:17) {
    generatedMessage: false,
    code: 'ERR_ASSERTION',
    actual: false,
    expected: true,
    operator: '==',
    diff: 'simple'
  }
