(node:13) [MODULE_TYPELESS_PACKAGE_JSON] Warning: Module type of file:///workspace/scratch/9f7f8d0f1a75/world/vendor/three-0.170.0/three.module.min.js is not specified and it doesn't parse as CommonJS.
Reparsing as ES module because module syntax was detected. This incurs a performance overhead.
To eliminate this warning, add "type": "module" to /workspace/scratch/9f7f8d0f1a75/world/package.json.
(Use `node --trace-warnings ...` to show where the warning was created)
✖ statue heads alone opt into recessed faces while retaining the original three-part shape (2416.71736ms)
✖ carved head preserves the icosahedron hull and is watertight with shallow inward details (35.469902ms)
ℹ tests 2
ℹ suites 0
ℹ pass 0
ℹ fail 2
ℹ cancelled 0
ℹ skipped 0
ℹ todo 0
ℹ duration_ms 2540.383409

✖ failing tests:

test at tests/meguru-3d-statue-face-test.cjs:3:1
✖ statue heads alone opt into recessed faces while retaining the original three-part shape (2416.71736ms)
  AssertionError [ERR_ASSERTION]: countryside:498
  + actual - expected
  
  + undefined
  - true
  
      at TestContext.<anonymous> (/workspace/scratch/9f7f8d0f1a75/world/tests/meguru-3d-statue-face-test.cjs:11:68)
      at Test.runInAsyncScope (node:async_hooks:227:14)
      at Test.run (node:internal/test_runner/test:1382:25)
      at Test.start (node:internal/test_runner/test:1242:17)
      at startSubtestAfterBootstrap (node:internal/test_runner/harness:387:17) {
    generatedMessage: false,
    code: 'ERR_ASSERTION',
    actual: undefined,
    expected: true,
    operator: 'strictEqual',
    diff: 'simple'
  }

test at tests/meguru-3d-statue-face-test.cjs:16:1
✖ carved head preserves the icosahedron hull and is watertight with shallow inward details (35.469902ms)
  AssertionError [ERR_ASSERTION]: production carving geometry exists
  + actual - expected
  
  + 'undefined'
  - 'function'
  
      at TestContext.<anonymous> (/workspace/scratch/9f7f8d0f1a75/world/tests/meguru-3d-statue-face-test.cjs:18:9)
      at async Test.run (node:internal/test_runner/test:1389:7)
      at async Test.processPendingSubtests (node:internal/test_runner/test:960:7) {
    generatedMessage: false,
    code: 'ERR_ASSERTION',
    actual: 'undefined',
    expected: 'function',
    operator: 'strictEqual',
    diff: 'simple'
  }
