Source 61412b0b0dcb097e738476fda7a69cb142a0786c
CI38032036132 / job114154815326 / artifact11663212267
Node concurrency4 package pipeline; exit0; not unmodified npm test.
# Subtest: VQ-27 statue heads alone opt into recessed faces while retaining the original three-part shape
ok 757 - VQ-27 statue heads alone opt into recessed faces while retaining the original three-part shape
# Subtest: VQ-28 carved head preserves the icosahedron hull and is watertight with shallow inward details
ok 758 - VQ-28 carved head preserves the icosahedron hull and is watertight with shallow inward details
# tests 2885
# suites 0
# pass 2885
# fail 0
# cancelled 0
# skipped 0
# todo 0
# duration_ms 1247077.231058
# tests 80
# suites 0
# pass 80
# fail 0
# cancelled 0
# skipped 0
# todo 0
# duration_ms 5576.986531
