forest-vq                    {"x":0,"z":600,"is3D":true} {"calls":60,"tris":147752,"js":106.1,"water":{"kind":"creek","meshes":["water:creekbed","water:creek","water:creekbed","water:creek","water:rim","water:pond"],"ponds":2},"player":{"missFrames":0,"ok":true,"why":""},"ghosts":0} err 0
jungle-vq EXC locator.click: Timeout 30000ms exceeded.
Call log:
[2m  - waiting for locator('#meguruEnterBtn')[22m
[2m    - locator resolved to <button type="button" id="meguruEnterBtn" class="meguru-enter-btn">
city-vq                      {"x":0,"z":600,"is3D":true} {"calls":48,"tris":127740,"js":168.7,"water":{"kind":null,"meshes":["water:rim","water:pond"],"ponds":1},"player":{"missFrames":0,"ok":true,"why":""},"ghosts":0} err 0
city-arcade-vq               {"x":-700,"z":1250,"is3D":true} {"calls":47,"tris":127716,"js":142.9,"water":{"kind":null,"meshes":["water:rim","water:pond"],"ponds":1},"player":{"missFrames":0,"ok":true,"why":""},"ghosts":0} err 0
city-market-vq               {"x":-600,"z":3150,"is3D":true} {"calls":41,"tris":127468,"js":106.2,"water":{"kind":null,"meshes":["water:rim","water:pond"],"ponds":1},"player":{"missFrames":0,"ok":true,"why":""},"ghosts":0} err 0
countryside-vq               {"x":0,"z":650,"is3D":true} {"calls":54,"tris":118610,"js":56.5,"water":{"kind":"creek","meshes":["water:creekbed","water:creek","water:creekbed","water:creek","water:rim","water:pond"],"ponds":2},"player":{"missFrames":0,"ok":true,"why":""},"ghosts":0} err 0
mountain-vq                  {"x":0,"z":600,"is3D":true} {"calls":54,"tris":106498,"js":68.5,"water":{"kind":"creek","meshes":["water:creekbed","water:creek","water:rim","water:pond"],"ponds":1},"player":{"missFrames":0,"ok":true,"why":""},"ghosts":0} err 0
snow-vq                      {"x":0,"z":700,"is3D":true} {"calls":45,"tris":69396,"js":186.4,"water":{"kind":null,"meshes":["water:rim","water:pond"],"ponds":2},"player":{"missFrames":0,"ok":true,"why":""},"ghosts":0} err 0
sea-vq                       {"x":340,"z":600,"is3D":true} {"calls":49,"tris":69952,"js":122.9,"water":{"kind":"sea","meshes":["water:wetsand","water:sea","water:foam","water:rim","water:pond"],"ponds":5},"player":{"missFrames":0,"ok":true,"why":""},"ghosts":0} err 0
deepsea-vq                   {"x":0,"z":700,"is3D":true} {"calls":36,"tris":73332,"js":124.5,"water":{"kind":"chasm","meshes":["water:bank","water:chasm","water:rim","water:pond"],"ponds":6},"player":{"missFrames":0,"ok":true,"why":""},"ghosts":0} err 0
river_lake-vq                {"x":0,"z":700,"is3D":true} {"calls":43,"tris":112270,"js":132.4,"water":{"kind":"river","meshes":["water:bank","water:river","water:rim","water:pond"],"ponds":6},"player":{"missFrames":0,"ok":true,"why":""},"ghosts":0} err 0
river-bridge-vq              {"x":-500,"z":1230,"is3D":true} {"calls":55,"tris":113194,"js":100.2,"water":{"kind":"river","meshes":["water:bank","water:river","water:rim","water:pond"],"ponds":6},"player":{"missFrames":0,"ok":true,"why":""},"ghosts":0} err 0
desert-vq                    {"x":0,"z":700,"is3D":true} {"calls":41,"tris":90304,"js":67.8,"water":{"kind":null,"meshes":["water:rim","water:pond"],"ponds":5},"player":{"missFrames":0,"ok":true,"why":""},"ghosts":0} err 0
oasis-vq                     {"x":-1500,"z":4140,"is3D":true} {"calls":43,"tris":90544,"js":60.2,"water":{"kind":null,"meshes":["water:rim","water:pond"],"ponds":5},"player":{"missFrames":0,"ok":true,"why":""},"ghosts":6} err 0
star_stop-vq                 {"x":0,"z":700,"is3D":true} {"calls":30,"tris":65984,"js":46,"water":{"kind":null,"meshes":[],"ponds":0},"player":{"missFrames":0,"ok":true,"why":""},"ghosts":0} err 0
memory_lake-vq               {"x":-160,"z":1300,"is3D":true} {"calls":35,"tris":51204,"js":46.2,"water":{"kind":"lake","meshes":["water:wetsand","water:lake","water:foam"],"ponds":0},"player":{"missFrames":0,"ok":true,"why":""},"ghosts":0} err 0
forest-creek-vq              {"x":-2050,"z":2300,"is3D":true} {"calls":61,"tris":147900,"js":117.5,"water":{"kind":"creek","meshes":["water:creekbed","water:creek","water:creekbed","water:creek","water:rim","water:pond"],"ponds":2},"player":{"missFrames":0,"ok":true,"why":""},"ghosts":0} err 0
forest-bridge-vq             {"x":-1300,"z":2320,"is3D":true} {"calls":50,"tris":147074,"js":95.7,"water":{"kind":"creek","meshes":["water:creekbed","water:creek","water:creekbed","water:creek","water:rim","water:pond"],"ponds":2},"player":{"missFrames":0,"ok":true,"why":""},"ghosts":0} err 0
river-stonebridge-vq         {"x":-250,"z":2400,"is3D":true} {"calls":56,"tris":113158,"js":180.7,"water":{"kind":"river","meshes":["water:bank","water:river","water:rim","water:pond"],"ponds":6},"player":{"missFrames":0,"ok":true,"why":""},"ghosts":9} err 0
countryside-river-vq         {"x":950,"z":1000,"is3D":true} {"calls":55,"tris":118958,"js":86.1,"water":{"kind":"creek","meshes":["water:creekbed","water:creek","water:creekbed","water:creek","water:rim","water:pond"],"ponds":2},"player":{"missFrames":0,"ok":true,"why":""},"ghosts":0} err 0
mountain-summer-vq           {"x":-1100,"z":1250,"is3D":true} {"calls":55,"tris":106504,"js":156.1,"water":{"kind":"creek","meshes":["water:creekbed","water:creek","water:rim","water:pond"],"ponds":1},"player":{"missFrames":0,"ok":true,"why":""},"ghosts":0} err 0
mountain-winter-vq           {"x":-1100,"z":1250,"is3D":true} {"calls":54,"tris":104296,"js":169.6,"water":{"kind":"creek","meshes":["water:creekbed","water:creek","water:rim","water:pond"],"ponds":1},"player":{"missFrames":0,"ok":true,"why":""},"ghosts":0} err 0
river-bridge2-vq             {"x":-60,"z":2250,"is3D":true} {"calls":46,"tris":110462,"js":69.7,"water":{"kind":"river","meshes":["water:bank","water:river","water:rim","water:pond"],"ponds":6},"player":{"missFrames":0,"ok":true,"why":""},"ghosts":0} err 0
mountain-slope-vq            {"x":-81,"z":1880,"is3D":true} {"calls":63,"tris":107080,"js":92.3,"water":{"kind":"creek","meshes":["water:creekbed","water:creek","water:rim","water:pond"],"ponds":1},"player":{"missFrames":0,"ok":true,"why":""},"ghosts":12} err 0
desert-slope-vq              {"x":2168,"z":7300,"is3D":true} {"calls":34,"tris":89914,"js":82.3,"water":{"kind":null,"meshes":["water:rim","water:pond"],"ponds":5},"player":{"missFrames":0,"ok":true,"why":""},"ghosts":0} err 0
forest-autumn-vq             {"x":0,"z":600,"is3D":true} {"calls":60,"tris":147752,"js":92.6,"water":{"kind":"creek","meshes":["water:creekbed","water:creek","water:creekbed","water:creek","water:rim","water:pond"],"ponds":2},"player":{"missFrames":0,"ok":true,"why":""},"ghosts":0} err 0
countryside-autumn-vq        {"x":0,"z":650,"is3D":true} {"calls":54,"tris":118610,"js":59.5,"water":{"kind":"creek","meshes":["water:creekbed","water:creek","water:creekbed","water:creek","water:rim","water:pond"],"ponds":2},"player":{"missFrames":0,"ok":true,"why":""},"ghosts":0} err 0
forest-winter-vq             {"x":0,"z":1000,"is3D":true} {"calls":46,"tris":152314,"js":65.5,"water":{"kind":"creek","meshes":["water:creekbed","water:creek","water:creekbed","water:creek","water:rim","water:pond"],"ponds":2},"player":{"missFrames":0,"ok":true,"why":""},"ghosts":0} err 0
home-spring-vq               {"x":0,"z":630,"is3D":true} {"calls":41,"tris":36998,"js":50.1,"water":{"kind":null,"meshes":[],"ponds":0},"player":{"missFrames":0,"ok":true,"why":""},"ghosts":0} err 0
