✔ cat_friend real Home rerenders relation threshold, rescue and expiry (46.03351ms)
✔ rabbit_friend real Home rerenders relation threshold, rescue and expiry (33.016466ms)
✔ tanuki real Home rerenders relation threshold, rescue and expiry (26.486364ms)
✔ squirrel real Home rerenders relation threshold, rescue and expiry (34.815419ms)
✔ owl real Home rerenders relation threshold, rescue and expiry (29.167083ms)
✔ otter real Home rerenders relation threshold, rescue and expiry (39.780826ms)
✔ hamster real Home rerenders relation threshold, rescue and expiry (22.906325ms)
✔ panda real Home rerenders relation threshold, rescue and expiry (24.625069ms)
✔ monkey real Home rerenders relation threshold, rescue and expiry (27.117293ms)
✔ parrot real Home rerenders relation threshold, rescue and expiry (25.745325ms)
✔ sheep real Home rerenders relation threshold, rescue and expiry (24.184212ms)
✔ seal real Home rerenders relation threshold, rescue and expiry (25.776616ms)
✔ bat real Home rerenders relation threshold, rescue and expiry (39.845779ms)
✔ chicken real Home rerenders relation threshold, rescue and expiry (25.078089ms)
✔ penguin_friend real Home rerenders relation threshold, rescue and expiry (25.886568ms)
✔ hedgehog real Home rerenders relation threshold, rescue and expiry (57.24954ms)
✔ shiba real Home rerenders relation threshold, rescue and expiry (26.871222ms)
✔ snail real Home rerenders relation threshold, rescue and expiry (25.053619ms)
✔ punyu real Home rerenders relation threshold, rescue and expiry (24.909759ms)
✔ sekizou real Home rerenders relation threshold, rescue and expiry (24.262083ms)
✔ chameleon real Home rerenders relation threshold, rescue and expiry (27.236818ms)
✔ clock real Home rerenders relation threshold, rescue and expiry (46.761722ms)
✔ unicorn real Home rerenders relation threshold, rescue and expiry (25.930892ms)
✔ many_tail_fox real Home rerenders relation threshold, rescue and expiry (28.231392ms)
✔ watcher real Home rerenders relation threshold, rescue and expiry (53.348054ms)
✔ box real Home rerenders relation threshold, rescue and expiry (68.170344ms)
✔ ordinary success reacts once, rescues all, rejected play does not react (29.873926ms)
✔ cat_ceo shared court reinforcement overrides lonely, expiry re-resolves current affection (92.073228ms)
✔ robot_neighbor shared court reinforcement overrides lonely, expiry re-resolves current affection (101.928393ms)
✔ field_cow shared court reinforcement overrides lonely, expiry re-resolves current affection (69.37803ms)
✔ sunflower_partner shared court reinforcement overrides lonely, expiry re-resolves current affection (70.546045ms)
✔ forest_bear shared court reinforcement overrides lonely, expiry re-resolves current affection (76.914259ms)
✔ grove_deer shared court reinforcement overrides lonely, expiry re-resolves current affection (72.33207ms)
✔ cliff_goat shared court reinforcement overrides lonely, expiry re-resolves current affection (72.432576ms)
✔ high_eagle shared court reinforcement overrides lonely, expiry re-resolves current affection (77.958477ms)
✔ snow_spirit shared court reinforcement overrides lonely, expiry re-resolves current affection (63.950239ms)
✔ snowman shared court reinforcement overrides lonely, expiry re-resolves current affection (67.89509ms)
✔ rock_octopus shared court reinforcement overrides lonely, expiry re-resolves current affection (72.188384ms)
✔ sea_mermaid shared court reinforcement overrides lonely, expiry re-resolves current affection (50.149432ms)
✔ anglerfish shared court reinforcement overrides lonely, expiry re-resolves current affection (79.385665ms)
✔ swamp_croc shared court reinforcement overrides lonely, expiry re-resolves current affection (79.142819ms)
✔ gentle_gorilla shared court reinforcement overrides lonely, expiry re-resolves current affection (73.066686ms)
✔ knitting_spider shared court reinforcement overrides lonely, expiry re-resolves current affection (76.214513ms)
✔ desert_scorpion shared court reinforcement overrides lonely, expiry re-resolves current affection (77.899051ms)
✔ oasis_cactus shared court reinforcement overrides lonely, expiry re-resolves current affection (83.863791ms)
✔ replacement partner with same ID cannot inherit positive (83.522403ms)
✔ real save excludes reactions; reload re-resolves all companion values and partner at 20 (99.521738ms)
✔ real save excludes reactions; reload re-resolves all companion values and partner at 50 (107.53908ms)
✔ full supported catalog matches canonical runtime IDs and all assets exactly (2.803291ms)
✔ 26 companions use one ordinary representative, all threshold rescues and annoyed does not start positive (82.152599ms)
✔ development Home fixtures directly expose both pilot partners and both companions without gameplay (1136.7528ms)
✔ expanded partner court actual event path triggers positive without changing progress rules (69.621405ms)
✔ expanded partner repair actual event path triggers positive without changing progress rules (96.68275ms)
✔ expanded partner marriage actual event path triggers positive without changing progress rules (214.234447ms)
✔ expanded partner date actual event path triggers positive without changing progress rules (72.326648ms)
✔ new court success uses actual event result (77.53948ms)
✔ new court failure uses actual event result (37.395288ms)
✔ annoyed during positive does not extend reaction or retain positive after original expiry (61.700439ms)
✔ real play gives only positive individuals motion and head hearts; expiry removes cues (52.150334ms)
✔ ordinary play and all-inviting dialogue do not animate non-target companions (49.311686ms)
✔ every possible representative in a dense 26-companion Home receives one safe heart (2327.566958ms)
✔ 26 simultaneous expiries coalesce Home work while removing every transient (40.034083ms)
✔ partner three visual states retain marriage ring=false and replace one heart (145.370503ms)
✔ partner three visual states retain marriage ring=true and replace one heart (229.772028ms)
✔ companion aura and heart belong to the actor; positive replaces cold and expires back to current value (23.805785ms)
✔ married ring preserves exact layout coordinates through every partner expression rebuild (236.041396ms)
✔ reload reconstructs marriage ring from existing married flag at affection 20 (466.472766ms)
✔ reload reconstructs marriage ring from existing married flag at affection 50 (499.135278ms)
✔ full resolver prioritizes positive, then lonely below 30, then normal without mutating input (6.32323ms)
✔ unregistered characters and wrong-kind IDs always use original PNG (2.286ms)
✔ one ordinary representative plus all rescued individuals, deduplicated (0.745675ms)
✔ temporary reaction expiry, refresh, object identity and JSON non-persistence (1.261947ms)
✔ every registered relationship image is a new 128px transparent PNG (57.147959ms)
✔ reaction exposes an ephemeral start token and expiry without persisting entity fields (2.146887ms)
✔ heart remains immediately above its owner even if a neighbour occupies that space (0.758084ms)
✔ positive companion layer is raised locally so neighbours cannot hide its owner-attached heart (1.315218ms)
✔ only partner positive heart grows 1.2 times; anchor keeps face gap and stage bounds (3.405009ms)
✔ approved marriage ring uses fixed scale and tone without comparison overrides (0.579776ms)
✔ browser ring geometry checks approved scale and rejects obsolete or oversized values (3.188326ms)
✔ painted ring excludes transparent atlas margin without allowing actual character overlap (141.978112ms)
ℹ tests 80
ℹ suites 0
ℹ pass 80
ℹ fail 0
ℹ cancelled 0
ℹ skipped 0
ℹ todo 0
ℹ duration_ms 8858.264077
