✔ a ticklish line moves the pet and equipment together, then the speaking friend is identified without a second celebration (118.321909ms)
✔ courtship follows the actual partner, while a failed courtship never celebrates (26.825269ms)
✔ non-Relationship group responses remain visible, while negative outcomes settle once (77.425787ms)
✔ poop updates preserve every placed actor and do not interrupt a reaction (29.244423ms)
✔ care moods follow the line and outcome instead of always bouncing happily (31.594528ms)
✔ a comforting reply cannot make the disappointed or unwell pet celebrate (30.151203ms)
✔ a new action cancels old replies and an old animation cannot clear a new one (23.569141ms)
✔ menus and hidden pages stop reactions, and reduced motion still identifies the speaker (44.221146ms)
✔ a companion who left before their turn cannot speak or animate a different companion (137.408334ms)
✔ enabling reduced motion mid-speech stops movement but preserves the current speaker (13.283995ms)
✔ every motion and its interpolation stay inside the reserved one- or three-pixel envelope (103.903184ms)
✔ pet-only cues animate the pet and accessory with identical frames (0.64842ms)
✔ pet reports zero when its animation cannot start (0.310829ms)
✔ isActive tracks pet motion and idle can exclude the pet (0.276618ms)
✔ successful medicine cure keeps recovery semantics even when the line mentions bitterness (0.103487ms)
✔ a resting partner reply after cure cannot lift the surrounding cast (38.13326ms)
✔ pet care semantics win over randomized line tone without changing social tone (0.199712ms)
✔ recovery pilot has one large relieved peak and returns exactly to rest (0.181995ms)
✔ focused recovery keeps a readable 16px budget even when ambient cast motion is only 1px (0.484171ms)
✔ home derives emotion without adding saved emotion fields (88.32877ms)
✔ rendering and running an emotion cue leave the serialized save unchanged (18.83855ms)
✔ home emotion follows canonical priority and pet availability (20.495718ms)
✔ persistent cue moves only the main pet and its accessory (17.068231ms)
✔ 26 companions stay still during the main pet hungry cue (34.949751ms)
✔ 26 companions stay still during the main pet sulk cue (21.364581ms)
✔ critical life cancels a running persistent cue and stays still (17.74272ms)
✔ critical life suppresses both ordinary idle sources while keeping critical UI (14.334131ms)
✔ ordinary render does not interrupt a real care reaction (15.385163ms)
✔ real feed starts with munch (28.647241ms)
✔ real wake keeps stretch for a sleepy randomized line (17.250066ms)
✔ real wrong medicine starts with shake (16.971706ms)
✔ real annoyed play starts with settle (31.136716ms)
✔ feed adds one pet-only gentle bounce after munch when hunger is cleared (18.96686ms)
✔ feed returns to the latest hungry profile without a happy afterglow (23.811703ms)
✔ feed afterglow rechecks raw hunger at callback time (28.334649ms)
✔ feed afterglow rechecks raw pet availability at callback time (33.162301ms)
✔ cured medicine uses one focused recovery motion without a delayed bounce (17.013949ms)
✔ a newer care action invalidates the old feed afterglow (18.310908ms)
✔ a newer semantic event invalidates the old feed afterglow (16.793717ms)
✔ leaving home invalidates a feed afterglow even after returning (78.336867ms)
✔ feed afterglow waits for existing companion conversation beats (19.146291ms)
✔ critical life and reduced motion suppress care afterglow movement (35.12126ms)
✔ critical life suppresses cured medicine afterglow (31.585971ms)
✔ other semantic care reactions finish without an added happy afterglow (85.95906ms)
✔ normal state cancels the old profile timer before it can fire (15.598782ms)
✔ non-normal emotion excludes the pet from ordinary idle while companions continue (15.995862ms)
✔ non-normal emotion excludes autonomous pet greetings but keeps social greetings (32.206742ms)
✔ egg blocks a pending persistent cue (69.021726ms)
✔ farewell blocks a pending persistent cue (13.994518ms)
✔ dead blocks a pending persistent cue (14.172247ms)
✔ sleeping blocks a pending persistent cue (13.437097ms)
✔ transform blocks a pending persistent cue (14.268443ms)
✔ menu blocks a pending persistent cue (13.984884ms)
✔ minigame blocks a pending persistent cue (14.937923ms)
✔ story blocks a pending persistent cue (14.610569ms)
✔ hidden tab blocks a pending persistent cue (14.224566ms)
✔ story opening immediately cancels an active persistent cue (14.115922ms)
✔ menu cancels an active persistent cue and the current state restarts after return (14.487563ms)
✔ story cancels an active persistent cue and the current state restarts after return (13.659292ms)
✔ minigame cancels an active persistent cue and the current state restarts after return (23.391532ms)
✔ hidden tab cancels an active persistent cue and the current state restarts after return (24.48927ms)
✔ returning from a hidden tab schedules the current profile again (16.50451ms)
✔ reduced motion retains the derived state without starting a cue (14.390777ms)
✔ switching to reduced motion stops a running persistent cue (13.865884ms)
✔ reduced motion suppresses persistent and afterglow movement but retains the warning icon (29.072904ms)
✔ normal idle perk callback does not preempt a pending care afterglow (15.139809ms)
✔ normal idle perk callback does not preempt an active care afterglow (16.371148ms)
✔ normal idle greeting callback does not preempt a pending care afterglow (15.111626ms)
✔ normal idle greeting callback does not preempt an active care afterglow (15.753816ms)
ℹ tests 69
ℹ suites 0
ℹ pass 69
ℹ fail 0
ℹ cancelled 0
ℹ skipped 0
ℹ todo 0
ℹ duration_ms 1377.889089
