✔ a ticklish line moves the pet and equipment together, then the speaking friend is identified without a second celebration (120.459224ms)
✔ courtship follows the actual partner, while a failed courtship never celebrates (28.123544ms)
✔ non-Relationship group responses remain visible, while negative outcomes settle once (80.437922ms)
✔ poop updates preserve every placed actor and do not interrupt a reaction (28.282275ms)
✔ care moods follow the line and outcome instead of always bouncing happily (13.985732ms)
✔ a comforting reply cannot make the disappointed or unwell pet celebrate (28.921981ms)
✔ a new action cancels old replies and an old animation cannot clear a new one (21.984229ms)
✔ menus and hidden pages stop reactions, and reduced motion still identifies the speaker (36.850401ms)
✔ a companion who left before their turn cannot speak or animate a different companion (137.51168ms)
✔ enabling reduced motion mid-speech stops movement but preserves the current speaker (15.256562ms)
✔ every motion and its interpolation stay inside the reserved one- or three-pixel envelope (131.077148ms)
✔ pet-only cues animate the pet and accessory with identical frames (0.767791ms)
✔ pet reports zero when its animation cannot start (0.383079ms)
✔ isActive tracks pet motion and idle can exclude the pet (0.362788ms)
✔ successful medicine cure keeps recovery semantics even when the line mentions bitterness (0.17241ms)
✔ pet care semantics win over randomized line tone without changing social tone (0.120472ms)
✔ recovery pilot has one large relieved peak and returns exactly to rest (0.170057ms)
✖ focused recovery keeps a readable 16px budget even when ambient cast motion is only 1px (4.65262ms)
✔ home derives emotion without adding saved emotion fields (96.255532ms)
✔ rendering and running an emotion cue leave the serialized save unchanged (19.20551ms)
✔ home emotion follows canonical priority and pet availability (23.140144ms)
✔ persistent cue moves only the main pet and its accessory (19.332712ms)
✔ 26 companions stay still during the main pet hungry cue (33.632327ms)
✔ 26 companions stay still during the main pet sulk cue (30.895063ms)
✔ critical life cancels a running persistent cue and stays still (14.449403ms)
✔ critical life suppresses both ordinary idle sources while keeping critical UI (15.196282ms)
✔ ordinary render does not interrupt a real care reaction (14.541622ms)
✔ real feed starts with munch (18.079589ms)
✔ real wake keeps stretch for a sleepy randomized line (17.770271ms)
✔ real wrong medicine starts with shake (16.144704ms)
✔ real annoyed play starts with settle (22.373046ms)
✔ feed adds one pet-only gentle bounce after munch when hunger is cleared (18.671252ms)
✔ feed returns to the latest hungry profile without a happy afterglow (16.590348ms)
✔ feed afterglow rechecks raw hunger at callback time (26.516897ms)
✔ feed afterglow rechecks raw pet availability at callback time (32.166794ms)
✔ cured medicine uses one focused recovery motion without a delayed bounce (15.699792ms)
✔ a newer care action invalidates the old feed afterglow (15.765723ms)
✔ a newer semantic event invalidates the old feed afterglow (15.475664ms)
✔ leaving home invalidates a feed afterglow even after returning (81.267395ms)
✔ feed afterglow waits for existing companion conversation beats (20.567118ms)
✔ critical life and reduced motion suppress care afterglow movement (31.832278ms)
✔ critical life suppresses cured medicine afterglow (26.514073ms)
✔ other semantic care reactions finish without an added happy afterglow (84.833778ms)
✔ normal state cancels the old profile timer before it can fire (14.247218ms)
✔ non-normal emotion excludes the pet from ordinary idle while companions continue (16.103112ms)
✔ non-normal emotion excludes autonomous pet greetings but keeps social greetings (33.888897ms)
✔ egg blocks a pending persistent cue (16.660474ms)
✔ farewell blocks a pending persistent cue (31.883286ms)
✔ dead blocks a pending persistent cue (13.879161ms)
✔ sleeping blocks a pending persistent cue (15.665615ms)
✔ transform blocks a pending persistent cue (18.205629ms)
✔ menu blocks a pending persistent cue (14.300238ms)
✔ minigame blocks a pending persistent cue (15.814255ms)
✔ story blocks a pending persistent cue (14.986054ms)
✔ hidden tab blocks a pending persistent cue (13.703156ms)
✔ story opening immediately cancels an active persistent cue (14.07014ms)
✔ menu cancels an active persistent cue and the current state restarts after return (15.024502ms)
✔ story cancels an active persistent cue and the current state restarts after return (14.570325ms)
✔ minigame cancels an active persistent cue and the current state restarts after return (26.692292ms)
✔ hidden tab cancels an active persistent cue and the current state restarts after return (31.712648ms)
✔ returning from a hidden tab schedules the current profile again (15.223833ms)
✔ reduced motion retains the derived state without starting a cue (14.399608ms)
✔ switching to reduced motion stops a running persistent cue (14.003569ms)
✔ reduced motion suppresses persistent and afterglow movement but retains the warning icon (28.876954ms)
✔ normal idle perk callback does not preempt a pending care afterglow (15.117933ms)
✔ normal idle perk callback does not preempt an active care afterglow (15.119867ms)
✔ normal idle greeting callback does not preempt a pending care afterglow (14.638209ms)
✔ normal idle greeting callback does not preempt an active care afterglow (14.503375ms)
ℹ tests 68
ℹ suites 0
ℹ pass 67
ℹ fail 1
ℹ cancelled 0
ℹ skipped 0
ℹ todo 0
ℹ duration_ms 1402.108732

✖ failing tests:

test at tests/cast-motion-test.cjs:287:1
✖ focused recovery keeps a readable 16px budget even when ambient cast motion is only 1px (4.65262ms)
  AssertionError [ERR_ASSERTION]: The expression evaluated to a falsy value:
  
    assert.ok(Math.min(...ys)<=-10)
  
      at TestContext.<anonymous> (/workspace/scratch/e8f4b0b43170/naotocchi/tests/cast-motion-test.cjs:297:10)
      at Test.runInAsyncScope (node:async_hooks:227:14)
      at Test.run (node:internal/test_runner/test:1382:25)
      at Test.processPendingSubtests (node:internal/test_runner/test:960:18)
      at Test.postRun (node:internal/test_runner/test:1522:19)
      at Test.run (node:internal/test_runner/test:1447:12)
      at async Test.processPendingSubtests (node:internal/test_runner/test:960:7) {
    generatedMessage: true,
    code: 'ERR_ASSERTION',
    actual: false,
    expected: true,
    operator: '==',
    diff: 'simple'
  }
