✖ a resting partner reply after cure cannot lift the surrounding cast (112.649697ms)
ℹ tests 1
ℹ suites 0
ℹ pass 0
ℹ fail 1
ℹ cancelled 0
ℹ skipped 0
ℹ todo 0
ℹ duration_ms 214.959075

✖ failing tests:

test at tests/cast-motion-test.cjs:262:1
✖ a resting partner reply after cure cannot lift the surrounding cast (112.649697ms)
  AssertionError [ERR_ASSERTION]: a cure reply must not start a group lift
  
  2 !== 1
  
      at TestContext.<anonymous> (/workspace/scratch/e8f4b0b43170/naotocchi/tests/cast-motion-test.cjs:272:10)
      at Test.runInAsyncScope (node:async_hooks:227:14)
      at Test.run (node:internal/test_runner/test:1382:25)
      at Test.start (node:internal/test_runner/test:1242:17)
      at startSubtestAfterBootstrap (node:internal/test_runner/harness:387:17) {
    generatedMessage: false,
    code: 'ERR_ASSERTION',
    actual: 2,
    expected: 1,
    operator: 'strictEqual',
    diff: 'simple'
  }
