✔ health danger is visible before dying and survives unrelated messages and expiry (123.742618ms)
✔ illness remains recognizable alongside low life, and medicine clears only the illness effects (35.470216ms)
✔ illness names the condition above the character instead of generic care wording (21.072429ms)
✔ attention effects stop for menus, games, stories and hidden tabs, then reconstruct at home (36.090814ms)
✔ lightweight mode retains the alert but requests still effects (27.768474ms)
✔ sweat stays beside the painted young fish instead of its transparent upper frame (21.570401ms)
✔ critical care advice follows the real sequence without medicine for a healthy pet (37.581256ms)
✔ six-tick health death remains unchanged while every living tick has a notice (40.190847ms)
✔ reloaded illness reconstructs a notice and medicine resolves it (44.573327ms)
✔ explicit care displays changes once; ordinary natural ticks stay quiet (21.998898ms)
✔ danger presentation clears behind overlays and returns with the same state (17.519763ms)
✔ egg, farewell and immortal states do not inherit death warnings (21.742051ms)
✔ reduced motion and lightweight mode retain static warning text (57.303711ms)
✔ numeric feedback keeps the explanation of a mistaken medicine visible (22.02015ms)
✔ a growth milestone waits for action feedback instead of being forgotten (22.93304ms)
✔ a recovery milestone waits while a higher priority warning remains (27.578718ms)
✔ a delayed sleep recovery never tells an already awake pet to wake (42.734945ms)
✔ illness care is readable before an arbitrarily long saved disease name (16.292489ms)
✔ running cat sweat brackets its head rather than the distant tail (16.878325ms)
✔ static script exposes the pure assessment interface on window (3.645216ms)
✔ signals exposes canonical mild and strong display bands without changing assess (0.663582ms)
✔ signals keeps life and stage semantics identical to current care rules (0.343048ms)
✔ signals exposes health, sickness, sleep, and pet availability without mutating state (0.440035ms)
✔ assess leaves healthy and non-playable life stages quiet without mutating state (0.282667ms)
✔ assess treats each real mortal life-risk signal as critical (0.523971ms)
✔ low life gives recovery advice before the critical threshold and clears after recovery (0.336027ms)
✔ life and health notices choose one useful action from the actual cause (0.555579ms)
✔ health advice never prescribes harmful care and falls back from unavailable affection (0.368446ms)
✔ high life risk restores every stat to the 60-point recovery threshold (0.428377ms)
✔ unavailable affection uses sleep when exhausted and play when energy is adequate (0.229397ms)
✔ assess reports ordinary care needs in priority order (0.264209ms)
✔ sickness labels remain plain text data for the textContent renderer (0.204239ms)
✔ sleep notices distinguish ongoing recovery from a completed rest (0.218059ms)
✔ fixed-slot status copy stays compact and has no Japanese word spacing (0.316187ms)
✔ immortality defaults from state and suppresses death wording while retaining care advice (0.247273ms)
✔ snapshot copies only fields used by explicit action summaries (0.263027ms)
✔ changes reports at most two meaningful deltas in care priority order (0.439594ms)
✔ changes derives life from risk and keeps decline improvement negative (0.176346ms)
✔ changes ignores sub-point drift and does not mutate either snapshot (1.147684ms)
✔ a married partner keeps a readable ring between the couple and clear of every moving character (10348.920038ms)
✔ a ring keeps companions readable when another arrangement fits at the same main size (10.503643ms)
✔ the poop row keeps the same lower-right anchor above speech across party sizes and art changes (413.611394ms)
✔ home wings balance the painted gaps around the main body, including different PNG padding (87.963978ms)
✔ every intermediate party size fits the minimum fixed home, with partner/item independently present (293.671248ms)
✔ mixed failed and padded friend images keep every stress-count actor and poop slot in a fixed home (13.841544ms)
✔ a mixed 31-friend wing fits the minimum height without moving the permanent poop strip (10.51465ms)
✔ poop follows the applied field scale rather than the companion count, with a readable floor (15.378286ms)
✔ failed companion images keep the balanced cast and the poop row inside the smallest home (13.136639ms)
✔ home conversation stays centered below the permanent poop strip without covering the completed cast (1577.524549ms)
✔ a home cast stays in view during its larger hop and sway and leaves the floor clear (284.07952ms)
✔ whole cast fits with room for sway and four-pixel companion gaps (1278.551734ms)
✔ unknown or failed art retains complete frames without overlapping the core (56.255481ms)
✔ independent reactions retain full frames and four-pixel friend gaps throughout the sway (1570.484923ms)
✔ one-finger drags cannot pan the home, including a drag starting on a care button (138.797072ms)
✔ long text can scroll in both directions but cannot drag the home past its edges (25.670224ms)
✔ pinch zoom and panning an enlarged view remain available (21.491031ms)
✔ menus, minigames and life records keep their gestures and returning home restores the lock (62.326897ms)
✔ home touch setup leaves the home height available after the fun strip retirement (29.119834ms)
✔ only one main overlay is open at a time (137.208243ms)
✔ an unknown kind opens nothing and close buttons only close their own overlay (27.267377ms)
✔ every overlay kind renders its own panel (35.078184ms)
✔ performance tiers step up on slow frames and back down after sustained fast frames (20.578343ms)
✔ real home emotion profiles select only the adult cat portrait (407.195819ms)
✔ adult-cat expressions append unique static accents inside the existing visual (220.092192ms)
✔ real play and medicine outcomes use semantic temporary faces (107.985137ms)
✔ feed afterglow starts happy only after the validated result and expires to latest state (19.212099ms)
✔ a real cure receives the same validated happy afterglow (19.46395ms)
✔ reduced motion keeps the static happy afterglow for one second without animation (17.178358ms)
✔ only pet semantic speech starts a temporary face (20.339602ms)
✔ critical state interrupts happy immediately and expiry cannot restore stale state (15.996021ms)
✔ a new life cancels the old face timer (22.492934ms)
✔ sleep uses its own face, and waking shows normal before latest-state reevaluation (23.290164ms)
✔ form changes and blocked screens clear the temporary face and accent (146.856957ms)
✔ expression rendering does not alter saves, cast geometry, or 26 companions (27.950622ms)
✔ a failed expression portrait retries the original before the emoji fallback (16.388496ms)
✔ home care colors follow existing mood and fatigue boundaries and reset after sleep/recovery (20.698177ms)
✔ progress meter colors vary with fill without altering game state or life direction (41.861316ms)
✔ overfeeding shows discomfort before a random story can replace it (16.55684ms)
✔ a newer care action cancels an older delayed overfeeding story (22.832561ms)
✔ kitten home uses its own portraits, care reactions and sleeping face without save changes (20.94484ms)
✔ otemba home uses its own portraits, care reactions and sleeping face without save changes (17.822773ms)
✔ young home uses its own portraits, care reactions and sleeping face without save changes (16.211209ms)
✔ calm home uses its own portraits, care reactions and sleeping face without save changes (19.272763ms)
✔ elder home uses its own portraits, care reactions and sleeping face without save changes (21.707892ms)
✔ toddler home uses its own portraits, care reactions and sleeping face without save changes (21.033413ms)
✔ baby home uses its own portraits, care reactions and sleeping face without save changes (19.275267ms)
✔ adult dog shows all ten state and reaction faces without changing saved state (213.645941ms)
✔ puppy shows all ten state and reaction faces without changing saved state (195.674787ms)
✔ wanpaku shows all ten state and reaction faces without changing saved state (152.611555ms)
✔ young dog shows all ten state and reaction faces without changing saved state (148.34535ms)
✔ young dog routing is limited to ages sixteen through twenty-one (48.056133ms)
✔ calm dog shows all ten state and reaction faces without changing saved state (206.584671ms)
✔ calm dog routing is limited to ages forty through sixty-nine (74.322131ms)
✔ baby dog shows all ten state and reaction faces without changing saved state (193.581179ms)
✔ toddler dog shows all ten state and reaction faces without changing saved state (192.08627ms)
✔ elder dog shows all ten state and reaction faces without changing saved state (178.438765ms)
✔ remaining dog stage boundaries select their own portraits (106.58024ms)
✔ man/01 renders all ten states and reactions without mutating saved state (217.960522ms)
✔ man/02 renders all ten states and reactions without mutating saved state (187.379075ms)
✔ man/03 renders all ten states and reactions without mutating saved state (206.025381ms)
✔ man/04 renders all ten states and reactions without mutating saved state (157.004726ms)
✔ man/05 renders all ten states and reactions without mutating saved state (152.954854ms)
✔ man/06 renders all ten states and reactions without mutating saved state (150.242606ms)
✔ man/07 renders all ten states and reactions without mutating saved state (151.865629ms)
✔ man/08 renders all ten states and reactions without mutating saved state (151.408638ms)
✔ woman/01 renders all ten states and reactions without mutating saved state (159.393529ms)
✔ woman/02 renders all ten states and reactions without mutating saved state (220.468695ms)
✔ woman/03 renders all ten states and reactions without mutating saved state (256.687031ms)
✔ woman/04 renders all ten states and reactions without mutating saved state (155.852095ms)
✔ woman/05 renders all ten states and reactions without mutating saved state (165.876373ms)
✔ woman/06 renders all ten states and reactions without mutating saved state (162.846696ms)
✔ woman/07 renders all ten states and reactions without mutating saved state (158.384225ms)
✔ woman/08 renders all ten states and reactions without mutating saved state (130.790601ms)
✔ penguin/01 renders all ten states and reactions without mutating saved state (158.07649ms)
✔ penguin/02 renders all ten states and reactions without mutating saved state (197.555157ms)
✔ penguin/03 renders all ten states and reactions without mutating saved state (161.790441ms)
✔ penguin/04 renders all ten states and reactions without mutating saved state (150.366744ms)
✔ penguin/05 renders all ten states and reactions without mutating saved state (194.433511ms)
✔ penguin/06 renders all ten states and reactions without mutating saved state (213.484028ms)
✔ penguin/07 renders all ten states and reactions without mutating saved state (170.712037ms)
✔ penguin/08 renders all ten states and reactions without mutating saved state (159.574933ms)
✔ turtle/01 renders all ten states and reactions without mutating saved state (186.473853ms)
✔ turtle/02 renders all ten states and reactions without mutating saved state (168.067818ms)
✔ turtle/03 renders all ten states and reactions without mutating saved state (140.021166ms)
✔ turtle/04 renders all ten states and reactions without mutating saved state (155.954545ms)
✔ turtle/05 renders all ten states and reactions without mutating saved state (195.780836ms)
✔ turtle/06 renders all ten states and reactions without mutating saved state (188.633264ms)
✔ turtle/07 renders all ten states and reactions without mutating saved state (174.344174ms)
✔ turtle/08 renders all ten states and reactions without mutating saved state (181.551452ms)
✔ frog/01 renders all ten states and reactions without mutating saved state (164.944395ms)
✔ frog/02 renders all ten states and reactions without mutating saved state (173.546739ms)
✔ frog/03 renders all ten states and reactions without mutating saved state (147.485811ms)
✔ frog/04 renders all ten states and reactions without mutating saved state (175.516516ms)
✔ frog/05 renders all ten states and reactions without mutating saved state (233.319496ms)
✔ frog/06 renders all ten states and reactions without mutating saved state (170.180877ms)
✔ frog/07 renders all ten states and reactions without mutating saved state (205.667398ms)
✔ frog/08 renders all ten states and reactions without mutating saved state (178.326562ms)
✔ clownfish/01 renders all ten states and reactions without mutating saved state (191.258591ms)
✔ clownfish/02 renders all ten states and reactions without mutating saved state (154.468213ms)
✔ clownfish/03 renders all ten states and reactions without mutating saved state (178.352099ms)
✔ clownfish/04 renders all ten states and reactions without mutating saved state (165.448397ms)
✔ clownfish/05 renders all ten states and reactions without mutating saved state (182.859662ms)
✔ clownfish/06 renders all ten states and reactions without mutating saved state (148.240292ms)
✔ clownfish/07 renders all ten states and reactions without mutating saved state (188.569004ms)
✔ clownfish/08 renders all ten states and reactions without mutating saved state (178.515461ms)
✔ salmon/01 renders all ten states and reactions without mutating saved state (181.576448ms)
✔ salmon/02 renders all ten states and reactions without mutating saved state (150.8937ms)
✔ salmon/03 renders all ten states and reactions without mutating saved state (158.15108ms)
✔ salmon/04 renders all ten states and reactions without mutating saved state (186.406405ms)
✔ salmon/05 renders all ten states and reactions without mutating saved state (176.547299ms)
✔ salmon/06 renders all ten states and reactions without mutating saved state (134.295047ms)
✔ salmon/07 renders all ten states and reactions without mutating saved state (165.319681ms)
✔ salmon/08 renders all ten states and reactions without mutating saved state (173.65138ms)
✔ hermit_crab/01 renders all ten states and reactions without mutating saved state (155.084208ms)
✔ hermit_crab/02 renders all ten states and reactions without mutating saved state (144.470188ms)
✔ hermit_crab/03 renders all ten states and reactions without mutating saved state (219.78625ms)
✔ hermit_crab/04 renders all ten states and reactions without mutating saved state (166.244329ms)
✔ hermit_crab/05 renders all ten states and reactions without mutating saved state (131.547482ms)
✔ hermit_crab/06 renders all ten states and reactions without mutating saved state (156.309469ms)
✔ hermit_crab/07 renders all ten states and reactions without mutating saved state (160.205282ms)
✔ hermit_crab/08 renders all ten states and reactions without mutating saved state (174.803244ms)
✔ jellyfish/01 renders all ten states and reactions without mutating saved state (135.12887ms)
✔ jellyfish/02 renders all ten states and reactions without mutating saved state (271.734096ms)
✔ jellyfish/03 renders all ten states and reactions without mutating saved state (188.331767ms)
✔ jellyfish/04 renders all ten states and reactions without mutating saved state (166.387845ms)
✔ jellyfish/05 renders all ten states and reactions without mutating saved state (174.191166ms)
✔ jellyfish/06 renders all ten states and reactions without mutating saved state (179.37183ms)
✔ jellyfish/07 renders all ten states and reactions without mutating saved state (182.756987ms)
✔ jellyfish/08 renders all ten states and reactions without mutating saved state (191.778768ms)
✔ starfish/01 renders all ten states and reactions without mutating saved state (170.441176ms)
✔ starfish/02 renders all ten states and reactions without mutating saved state (167.244239ms)
✔ starfish/03 renders all ten states and reactions without mutating saved state (160.32373ms)
✔ starfish/04 renders all ten states and reactions without mutating saved state (152.625471ms)
✔ starfish/05 renders all ten states and reactions without mutating saved state (133.218816ms)
✔ starfish/06 renders all ten states and reactions without mutating saved state (148.620392ms)
✔ starfish/07 renders all ten states and reactions without mutating saved state (152.640634ms)
✔ starfish/08 renders all ten states and reactions without mutating saved state (162.052281ms)
✔ coral/01 renders all ten states and reactions without mutating saved state (126.576553ms)
✔ coral/02 renders all ten states and reactions without mutating saved state (156.805135ms)
✔ coral/03 renders all ten states and reactions without mutating saved state (154.290351ms)
✔ coral/04 renders all ten states and reactions without mutating saved state (135.805013ms)
✔ coral/05 renders all ten states and reactions without mutating saved state (146.608132ms)
✔ coral/06 renders all ten states and reactions without mutating saved state (151.845462ms)
✔ coral/07 renders all ten states and reactions without mutating saved state (160.334905ms)
✔ coral/08 renders all ten states and reactions without mutating saved state (146.580929ms)
✔ butterfly/01 renders all ten states and reactions without mutating saved state (225.309667ms)
✔ butterfly/02 renders all ten states and reactions without mutating saved state (139.966243ms)
✔ butterfly/03 renders all ten states and reactions without mutating saved state (193.340896ms)
✔ butterfly/04 renders all ten states and reactions without mutating saved state (144.634735ms)
✔ butterfly/05 renders all ten states and reactions without mutating saved state (169.468016ms)
✔ butterfly/06 renders all ten states and reactions without mutating saved state (164.984515ms)
✔ butterfly/07 renders all ten states and reactions without mutating saved state (166.148612ms)
✔ butterfly/08 renders all ten states and reactions without mutating saved state (170.594268ms)
✔ beetle/01 renders all ten states and reactions without mutating saved state (207.005473ms)
✔ beetle/02 renders all ten states and reactions without mutating saved state (176.458245ms)
✔ beetle/03 renders all ten states and reactions without mutating saved state (149.466193ms)
✔ beetle/04 renders all ten states and reactions without mutating saved state (152.991789ms)
✔ beetle/05 renders all ten states and reactions without mutating saved state (153.044378ms)
✔ beetle/06 renders all ten states and reactions without mutating saved state (147.131271ms)
✔ beetle/07 renders all ten states and reactions without mutating saved state (162.962069ms)
✔ beetle/08 renders all ten states and reactions without mutating saved state (157.548406ms)
✔ stagbeetle/01 renders all ten states and reactions without mutating saved state (166.833667ms)
✔ stagbeetle/02 renders all ten states and reactions without mutating saved state (153.791195ms)
✔ stagbeetle/03 renders all ten states and reactions without mutating saved state (136.573939ms)
✔ stagbeetle/04 renders all ten states and reactions without mutating saved state (140.926634ms)
✔ stagbeetle/05 renders all ten states and reactions without mutating saved state (139.608242ms)
✔ stagbeetle/06 renders all ten states and reactions without mutating saved state (138.607765ms)
✔ stagbeetle/07 renders all ten states and reactions without mutating saved state (141.624988ms)
✔ stagbeetle/08 renders all ten states and reactions without mutating saved state (179.79163ms)
✔ cicada/01 renders all ten states and reactions without mutating saved state (163.48587ms)
✔ cicada/02 renders all ten states and reactions without mutating saved state (149.490786ms)
✔ cicada/03 renders all ten states and reactions without mutating saved state (150.723782ms)
✔ cicada/04 renders all ten states and reactions without mutating saved state (141.265636ms)
✔ cicada/05 renders all ten states and reactions without mutating saved state (138.944509ms)
✔ cicada/06 renders all ten states and reactions without mutating saved state (142.664399ms)
✔ cicada/07 renders all ten states and reactions without mutating saved state (138.352305ms)
✔ cicada/08 renders all ten states and reactions without mutating saved state (145.218466ms)
✔ antlion/01 renders all ten states and reactions without mutating saved state (171.140022ms)
✔ antlion/02 renders all ten states and reactions without mutating saved state (150.341776ms)
✔ antlion/03 renders all ten states and reactions without mutating saved state (158.230226ms)
✔ antlion/04 renders all ten states and reactions without mutating saved state (155.351093ms)
✔ antlion/05 renders all ten states and reactions without mutating saved state (191.596927ms)
✔ antlion/06 renders all ten states and reactions without mutating saved state (176.046784ms)
✔ antlion/07 renders all ten states and reactions without mutating saved state (154.768256ms)
✔ antlion/08 renders all ten states and reactions without mutating saved state (142.524718ms)
✔ dandelion/01 renders all ten states and reactions without mutating saved state (150.532704ms)
✔ dandelion/02 renders all ten states and reactions without mutating saved state (145.826184ms)
✔ dandelion/03 renders all ten states and reactions without mutating saved state (177.683667ms)
✔ dandelion/04 renders all ten states and reactions without mutating saved state (195.754041ms)
✔ dandelion/05 renders all ten states and reactions without mutating saved state (170.304765ms)
✔ dandelion/06 renders all ten states and reactions without mutating saved state (184.638692ms)
✔ dandelion/07 renders all ten states and reactions without mutating saved state (187.347384ms)
✔ dandelion/08 renders all ten states and reactions without mutating saved state (185.207107ms)
✔ sakura/01 renders all ten states and reactions without mutating saved state (180.051251ms)
✔ sakura/02 renders all ten states and reactions without mutating saved state (175.028437ms)
✔ sakura/03 renders all ten states and reactions without mutating saved state (646.055803ms)
✔ sakura/04 renders all ten states and reactions without mutating saved state (194.853766ms)
✔ sakura/05 renders all ten states and reactions without mutating saved state (283.547088ms)
✔ sakura/06 renders all ten states and reactions without mutating saved state (329.535537ms)
✔ sakura/07 renders all ten states and reactions without mutating saved state (334.419562ms)
✔ sakura/08 renders all ten states and reactions without mutating saved state (499.363617ms)
✔ venus_flytrap/01 renders all ten states and reactions without mutating saved state (482.296766ms)
✔ venus_flytrap/02 renders all ten states and reactions without mutating saved state (279.870738ms)
✔ venus_flytrap/03 renders all ten states and reactions without mutating saved state (422.538586ms)
✔ venus_flytrap/04 renders all ten states and reactions without mutating saved state (343.612407ms)
✔ venus_flytrap/05 renders all ten states and reactions without mutating saved state (281.640403ms)
✔ venus_flytrap/06 renders all ten states and reactions without mutating saved state (297.832022ms)
✔ venus_flytrap/07 renders all ten states and reactions without mutating saved state (304.365338ms)
✔ venus_flytrap/08 renders all ten states and reactions without mutating saved state (329.686806ms)
✔ mushroom/01 renders all ten states and reactions without mutating saved state (321.58096ms)
✔ mushroom/02 renders all ten states and reactions without mutating saved state (447.683509ms)
✔ mushroom/03 renders all ten states and reactions without mutating saved state (231.831598ms)
✔ mushroom/04 renders all ten states and reactions without mutating saved state (387.385607ms)
✔ mushroom/05 renders all ten states and reactions without mutating saved state (278.251456ms)
✔ mushroom/06 renders all ten states and reactions without mutating saved state (245.937836ms)
✔ mushroom/07 renders all ten states and reactions without mutating saved state (257.800465ms)
✔ mushroom/08 renders all ten states and reactions without mutating saved state (241.9812ms)
✔ dragon/01 renders all ten states and reactions without mutating saved state (200.607118ms)
✔ dragon/02 renders all ten states and reactions without mutating saved state (202.478682ms)
✔ dragon/03 renders all ten states and reactions without mutating saved state (205.28102ms)
✔ dragon/04 renders all ten states and reactions without mutating saved state (170.603161ms)
✔ dragon/05 renders all ten states and reactions without mutating saved state (189.2851ms)
✔ dragon/06 renders all ten states and reactions without mutating saved state (168.048508ms)
✔ dragon/07 renders all ten states and reactions without mutating saved state (160.903555ms)
✔ dragon/08 renders all ten states and reactions without mutating saved state (220.54061ms)
✔ phoenix/01 renders all ten states and reactions without mutating saved state (149.682312ms)
✔ phoenix/02 renders all ten states and reactions without mutating saved state (155.612304ms)
✔ phoenix/03 renders all ten states and reactions without mutating saved state (182.364386ms)
✔ phoenix/04 renders all ten states and reactions without mutating saved state (129.317547ms)
✔ phoenix/05 renders all ten states and reactions without mutating saved state (230.952611ms)
✔ phoenix/06 renders all ten states and reactions without mutating saved state (192.713382ms)
✔ phoenix/07 renders all ten states and reactions without mutating saved state (228.857352ms)
✔ phoenix/08 renders all ten states and reactions without mutating saved state (181.709912ms)
✔ god/01 renders all ten states and reactions without mutating saved state (184.063168ms)
✔ god/02 renders all ten states and reactions without mutating saved state (157.325591ms)
✔ god/03 renders all ten states and reactions without mutating saved state (208.153139ms)
✔ god/04 renders all ten states and reactions without mutating saved state (159.915138ms)
✔ god/05 renders all ten states and reactions without mutating saved state (160.461719ms)
✔ god/06 renders all ten states and reactions without mutating saved state (172.477417ms)
✔ god/07 renders all ten states and reactions without mutating saved state (177.088216ms)
✔ god/08 renders all ten states and reactions without mutating saved state (159.954097ms)
✔ world_tree/01 renders all ten states and reactions without mutating saved state (165.000864ms)
✔ world_tree/02 renders all ten states and reactions without mutating saved state (152.00831ms)
✔ world_tree/03 renders all ten states and reactions without mutating saved state (151.033778ms)
✔ world_tree/04 renders all ten states and reactions without mutating saved state (139.473893ms)
✔ world_tree/05 renders all ten states and reactions without mutating saved state (165.697091ms)
✔ world_tree/06 renders all ten states and reactions without mutating saved state (149.659192ms)
✔ world_tree/07 renders all ten states and reactions without mutating saved state (155.206581ms)
✔ world_tree/08 renders all ten states and reactions without mutating saved state (158.749878ms)
✔ ghost/01 renders all ten states and reactions without mutating saved state (153.618723ms)
✔ ghost/02 renders all ten states and reactions without mutating saved state (162.477403ms)
✔ ghost/03 renders all ten states and reactions without mutating saved state (204.436526ms)
✔ ghost/04 renders all ten states and reactions without mutating saved state (146.460961ms)
✔ ghost/05 renders all ten states and reactions without mutating saved state (152.719099ms)
✔ ghost/06 renders all ten states and reactions without mutating saved state (159.581499ms)
✔ ghost/07 renders all ten states and reactions without mutating saved state (162.657159ms)
✔ ghost/08 renders all ten states and reactions without mutating saved state (167.763447ms)
✔ star/01 renders all ten states and reactions without mutating saved state (145.024821ms)
✔ star/02 renders all ten states and reactions without mutating saved state (148.14173ms)
✔ star/03 renders all ten states and reactions without mutating saved state (153.055991ms)
✔ star/04 renders all ten states and reactions without mutating saved state (133.286081ms)
✔ star/05 renders all ten states and reactions without mutating saved state (138.087012ms)
✔ star/06 renders all ten states and reactions without mutating saved state (203.600918ms)
✔ star/07 renders all ten states and reactions without mutating saved state (160.667243ms)
✔ star/08 renders all ten states and reactions without mutating saved state (203.234012ms)
✔ plush/01 renders all ten states and reactions without mutating saved state (163.141629ms)
✔ plush/02 renders all ten states and reactions without mutating saved state (162.482112ms)
✔ plush/03 renders all ten states and reactions without mutating saved state (156.756559ms)
✔ plush/04 renders all ten states and reactions without mutating saved state (154.260589ms)
✔ plush/05 renders all ten states and reactions without mutating saved state (143.480546ms)
✔ plush/06 renders all ten states and reactions without mutating saved state (146.184119ms)
✔ plush/07 renders all ten states and reactions without mutating saved state (153.725791ms)
✔ plush/08 renders all ten states and reactions without mutating saved state (162.039464ms)
✔ unknown/01 renders all ten states and reactions without mutating saved state (162.265771ms)
✔ unknown/02 renders all ten states and reactions without mutating saved state (181.60539ms)
✔ unknown/03 renders all ten states and reactions without mutating saved state (158.639634ms)
✔ unknown/04 renders all ten states and reactions without mutating saved state (151.493885ms)
✔ unknown/05 renders all ten states and reactions without mutating saved state (167.83933ms)
✔ unknown/06 renders all ten states and reactions without mutating saved state (163.428493ms)
✔ unknown/07 renders all ten states and reactions without mutating saved state (188.171983ms)
✔ unknown/08 renders all ten states and reactions without mutating saved state (158.785073ms)
✔ ren/01 renders all ten states and reactions without mutating saved state (125.272431ms)
✔ ren/02 renders all ten states and reactions without mutating saved state (196.141907ms)
✔ ren/03 renders all ten states and reactions without mutating saved state (137.898242ms)
✔ ren/04 renders all ten states and reactions without mutating saved state (167.728398ms)
✔ ren/05 renders all ten states and reactions without mutating saved state (147.514714ms)
✔ ren/06 renders all ten states and reactions without mutating saved state (159.485551ms)
✔ ren/07 renders all ten states and reactions without mutating saved state (179.642279ms)
✔ ren/08 renders all ten states and reactions without mutating saved state (167.85959ms)
✔ Home connects all fifteen food artworks without changing saved state (61.028883ms)
✔ short tab return restores the current expression without replaying a stale reaction (26.801255ms)
✔ dying treatment stays on home content without containing viewport overlays (3.821102ms)
✔ travel opens destinations directly, then closes back to care (138.135649ms)
✔ the menu stops aging and an exclusive page replaces it (35.828968ms)
✔ court rapid taps still count individually (269.194159ms)
✔ medicine while healthy still changes the care state and reacts immediately (21.565574ms)
✔ play starts a random game with no chooser (23.773849ms)
✔ home header and menu cannot interrupt an active minigame (45.01272ms)
✔ game selection and achievements each open their own destination (28.65366ms)
✔ late weather does not override manual settings or write a location into a save (23.144288ms)
✔ late current-location result cannot pull a player out of another menu (28.241187ms)
✔ Escape cancels the first reset prompt and leaves Data paused (18.062953ms)
✔ Escape cancels a held final reset without wiping or resuming age (25.761182ms)
✔ failed location permission waits for explicit retry while successful snapshots auto-refresh (21.570983ms)
✔ blocked sleeping travel preserves the active current-city selection (37.621516ms)
✔ dialog browser clock pauses before navigation instead of racing live timers (0.425913ms)
✔ a small newborn uses spare space and stays near the speech below it (4.955595ms)
✔ bottom transparency cannot leave a fish far above its speech (151.246542ms)
✔ closer core actors retain the readable size of both full companion arcs (22.14582ms)
✔ equipment and the partner sit near the visible body instead of the transparent image top (63.896463ms)
✔ height-constrained companions keep curved wings instead of straight columns (74.556955ms)
✔ height-constrained cast keeps all frames, two sides and motion gaps (1529.280623ms)
✔ more vertical room grows the cast instead of leaving a fixed small scene (1.78749ms)
✔ legacy colors and earned designs survive as a noninteractive collection (38.969928ms)
✔ glass inputs preview immediately, save on change, and reset only readability settings (45.530468ms)
✔ viewport changes follow browser chrome height while pinch zoom remains usable (28.080859ms)
✔ glass migration clamps unsafe values and respects an explicit transparency choice (220.373301ms)
✔ short visible viewports switch meter arrangement and recover without undoing pinch zoom (36.016206ms)
✔ a viewport resize lays out before the next reaction and does not cancel it on render (21.539813ms)
✔ a new narration starts at the top while normal renders preserve the reading position (16.17889ms)
✔ a new speech starts at its first line without truncating a long message (16.687809ms)
✔ locked or invalid legacy designs cannot override the game palette (14.346632ms)
✔ every saved color and pattern has one shared preview definition and independent paint layers (9.675406ms)
✔ screen palette samples retain at least 4.5 contrast with white and colored motifs (36.847351ms)
ℹ tests 364
ℹ suites 0
ℹ pass 364
ℹ fail 0
ℹ cancelled 0
ℹ skipped 0
ℹ todo 0
ℹ duration_ms 46046.107758
