✔ health danger is visible before dying and survives unrelated messages and expiry (115.901449ms)
✔ illness remains recognizable alongside low life, and medicine clears only the illness effects (55.50282ms)
✔ illness names the condition above the character instead of generic care wording (16.832399ms)
✔ attention effects stop for menus, games, stories and hidden tabs, then reconstruct at home (35.987644ms)
✔ lightweight mode retains the alert but requests still effects (32.031792ms)
✔ sweat stays beside the painted young fish instead of its transparent upper frame (17.578617ms)
✔ critical care advice follows the real sequence without medicine for a healthy pet (74.293949ms)
✔ six-tick health death remains unchanged while every living tick has a notice (24.811124ms)
✔ reloaded illness reconstructs a notice and medicine resolves it (42.87951ms)
✔ explicit care displays changes once; ordinary natural ticks stay quiet (25.740037ms)
✔ danger presentation clears behind overlays and returns with the same state (22.982501ms)
✔ egg, farewell and immortal states do not inherit death warnings (24.876562ms)
✔ reduced motion and lightweight mode retain static warning text (51.01445ms)
✔ numeric feedback keeps the explanation of a mistaken medicine visible (27.832323ms)
✔ a growth milestone waits for action feedback instead of being forgotten (24.704462ms)
✔ a recovery milestone waits while a higher priority warning remains (36.824102ms)
✔ a delayed sleep recovery never tells an already awake pet to wake (24.819726ms)
✔ illness care is readable before an arbitrarily long saved disease name (20.305497ms)
✔ running cat sweat brackets its head rather than the distant tail (15.69447ms)
✔ static script exposes the pure assessment interface on window (2.878518ms)
✔ signals exposes canonical mild and strong display bands without changing assess (0.5827ms)
✔ signals keeps life and stage semantics identical to current care rules (0.245091ms)
✔ signals exposes health, sickness, sleep, and pet availability without mutating state (0.303178ms)
✔ assess leaves healthy and non-playable life stages quiet without mutating state (0.1851ms)
✔ assess treats each real mortal life-risk signal as critical (0.378923ms)
✔ low life gives recovery advice before the critical threshold and clears after recovery (0.37096ms)
✔ life and health notices choose one useful action from the actual cause (0.348477ms)
✔ health advice never prescribes harmful care and falls back from unavailable affection (0.249867ms)
✔ high life risk restores every stat to the 60-point recovery threshold (0.282567ms)
✔ unavailable affection uses sleep when exhausted and play when energy is adequate (0.163447ms)
✔ assess reports ordinary care needs in priority order (0.155435ms)
✔ sickness labels remain plain text data for the textContent renderer (0.131158ms)
✔ sleep notices distinguish ongoing recovery from a completed rest (0.121083ms)
✔ fixed-slot status copy stays compact and has no Japanese word spacing (0.361296ms)
✔ immortality defaults from state and suppresses death wording while retaining care advice (0.186542ms)
✔ snapshot copies only fields used by explicit action summaries (0.174183ms)
✔ changes reports at most two meaningful deltas in care priority order (0.288886ms)
✔ changes derives life from risk and keeps decline improvement negative (1.312704ms)
✔ changes ignores sub-point drift and does not mutate either snapshot (0.488568ms)
✔ a married partner keeps a readable ring between the couple and clear of every moving character (10007.256515ms)
✔ a ring keeps companions readable when another arrangement fits at the same main size (12.024663ms)
✔ the poop row keeps the same lower-right anchor above speech across party sizes and art changes (339.262209ms)
✔ home wings balance the painted gaps around the main body, including different PNG padding (91.830406ms)
✔ every intermediate party size fits the minimum fixed home, with partner/item independently present (292.150009ms)
✔ mixed failed and padded friend images keep every stress-count actor and poop slot in a fixed home (8.021286ms)
✔ a mixed 31-friend wing fits the minimum height without moving the permanent poop strip (5.996197ms)
✔ poop follows the applied field scale rather than the companion count, with a readable floor (9.06366ms)
✔ failed companion images keep the balanced cast and the poop row inside the smallest home (9.147668ms)
✔ home conversation stays centered below the permanent poop strip without covering the completed cast (1563.833053ms)
✔ a home cast stays in view during its larger hop and sway and leaves the floor clear (264.115594ms)
✔ whole cast fits with room for sway and four-pixel companion gaps (1494.898662ms)
✔ unknown or failed art retains complete frames without overlapping the core (63.402041ms)
✔ independent reactions retain full frames and four-pixel friend gaps throughout the sway (1753.726185ms)
✔ one-finger drags cannot pan the home, including a drag starting on a care button (125.588152ms)
✔ long text can scroll in both directions but cannot drag the home past its edges (37.956121ms)
✔ pinch zoom and panning an enlarged view remain available (16.644085ms)
✔ menus, minigames and life records keep their gestures and returning home restores the lock (37.415355ms)
✔ home touch setup leaves the home height available after the fun strip retirement (49.358738ms)
✔ only one main overlay is open at a time (138.055317ms)
✔ an unknown kind opens nothing and close buttons only close their own overlay (29.536803ms)
✔ every overlay kind renders its own panel (33.810089ms)
✔ performance tiers step up on slow frames and back down after sustained fast frames (23.92183ms)
✔ real home emotion profiles select only the adult cat portrait (376.722408ms)
✔ adult-cat expressions append unique static accents inside the existing visual (183.500623ms)
✔ real play and medicine outcomes use semantic temporary faces (87.525739ms)
✔ feed afterglow starts happy only after the validated result and expires to latest state (18.932021ms)
✖ a real cure receives the same validated happy afterglow (18.406217ms)
✔ reduced motion keeps the static happy afterglow for one second without animation (21.219597ms)
✔ only pet semantic speech starts a temporary face (21.418688ms)
✔ critical state interrupts happy immediately and expiry cannot restore stale state (17.18356ms)
✔ a new life cancels the old face timer (23.091175ms)
✔ sleep uses its own face, and waking shows normal before latest-state reevaluation (23.398058ms)
✔ form changes and blocked screens clear the temporary face and accent (165.664016ms)
✔ expression rendering does not alter saves, cast geometry, or 26 companions (26.923735ms)
✔ a failed expression portrait retries the original before the emoji fallback (16.330231ms)
✔ home care colors follow existing mood and fatigue boundaries and reset after sleep/recovery (49.019897ms)
✔ progress meter colors vary with fill without altering game state or life direction (12.978847ms)
✔ overfeeding shows discomfort before a random story can replace it (16.96445ms)
✔ a newer care action cancels an older delayed overfeeding story (17.510103ms)
✔ kitten home uses its own portraits, care reactions and sleeping face without save changes (15.648852ms)
✔ otemba home uses its own portraits, care reactions and sleeping face without save changes (15.003947ms)
✔ young home uses its own portraits, care reactions and sleeping face without save changes (15.435439ms)
✔ calm home uses its own portraits, care reactions and sleeping face without save changes (15.206753ms)
✔ elder home uses its own portraits, care reactions and sleeping face without save changes (16.086422ms)
✔ toddler home uses its own portraits, care reactions and sleeping face without save changes (14.965559ms)
✔ baby home uses its own portraits, care reactions and sleeping face without save changes (14.817786ms)
✔ adult dog shows all ten state and reaction faces without changing saved state (191.49486ms)
✔ puppy shows all ten state and reaction faces without changing saved state (157.417728ms)
✔ wanpaku shows all ten state and reaction faces without changing saved state (220.826593ms)
✔ young dog shows all ten state and reaction faces without changing saved state (214.507406ms)
✔ young dog routing is limited to ages sixteen through twenty-one (81.02657ms)
✔ calm dog shows all ten state and reaction faces without changing saved state (226.32168ms)
✔ calm dog routing is limited to ages forty through sixty-nine (80.210208ms)
✔ baby dog shows all ten state and reaction faces without changing saved state (219.382928ms)
✔ toddler dog shows all ten state and reaction faces without changing saved state (180.238605ms)
✔ elder dog shows all ten state and reaction faces without changing saved state (168.972625ms)
✔ remaining dog stage boundaries select their own portraits (115.429405ms)
✔ man/01 renders all ten states and reactions without mutating saved state (222.060687ms)
✔ man/02 renders all ten states and reactions without mutating saved state (219.420218ms)
✔ man/03 renders all ten states and reactions without mutating saved state (211.661988ms)
✔ man/04 renders all ten states and reactions without mutating saved state (169.050172ms)
✔ man/05 renders all ten states and reactions without mutating saved state (175.861552ms)
✔ man/06 renders all ten states and reactions without mutating saved state (145.469988ms)
✔ man/07 renders all ten states and reactions without mutating saved state (162.141515ms)
✔ man/08 renders all ten states and reactions without mutating saved state (178.995817ms)
✔ woman/01 renders all ten states and reactions without mutating saved state (152.826933ms)
✔ woman/02 renders all ten states and reactions without mutating saved state (155.371838ms)
✔ woman/03 renders all ten states and reactions without mutating saved state (159.726654ms)
✔ woman/04 renders all ten states and reactions without mutating saved state (185.389212ms)
✔ woman/05 renders all ten states and reactions without mutating saved state (165.555253ms)
✔ woman/06 renders all ten states and reactions without mutating saved state (159.695762ms)
✔ woman/07 renders all ten states and reactions without mutating saved state (167.387056ms)
✔ woman/08 renders all ten states and reactions without mutating saved state (153.610872ms)
✔ penguin/01 renders all ten states and reactions without mutating saved state (161.273706ms)
✔ penguin/02 renders all ten states and reactions without mutating saved state (139.519622ms)
✔ penguin/03 renders all ten states and reactions without mutating saved state (189.938693ms)
✔ penguin/04 renders all ten states and reactions without mutating saved state (176.591112ms)
✔ penguin/05 renders all ten states and reactions without mutating saved state (173.624522ms)
✔ penguin/06 renders all ten states and reactions without mutating saved state (215.755098ms)
✔ penguin/07 renders all ten states and reactions without mutating saved state (125.679182ms)
✔ penguin/08 renders all ten states and reactions without mutating saved state (167.394802ms)
✔ turtle/01 renders all ten states and reactions without mutating saved state (136.805428ms)
✔ turtle/02 renders all ten states and reactions without mutating saved state (157.720694ms)
✔ turtle/03 renders all ten states and reactions without mutating saved state (153.066299ms)
✔ turtle/04 renders all ten states and reactions without mutating saved state (154.428591ms)
✔ turtle/05 renders all ten states and reactions without mutating saved state (154.349777ms)
✔ turtle/06 renders all ten states and reactions without mutating saved state (180.552836ms)
✔ turtle/07 renders all ten states and reactions without mutating saved state (142.033164ms)
✔ turtle/08 renders all ten states and reactions without mutating saved state (151.53766ms)
✔ frog/01 renders all ten states and reactions without mutating saved state (151.547154ms)
✔ frog/02 renders all ten states and reactions without mutating saved state (163.948556ms)
✔ frog/03 renders all ten states and reactions without mutating saved state (147.515495ms)
✔ frog/04 renders all ten states and reactions without mutating saved state (174.767082ms)
✔ frog/05 renders all ten states and reactions without mutating saved state (148.433271ms)
✔ frog/06 renders all ten states and reactions without mutating saved state (145.233247ms)
✔ frog/07 renders all ten states and reactions without mutating saved state (142.118679ms)
✔ frog/08 renders all ten states and reactions without mutating saved state (143.807854ms)
✔ clownfish/01 renders all ten states and reactions without mutating saved state (140.360158ms)
✔ clownfish/02 renders all ten states and reactions without mutating saved state (139.154065ms)
✔ clownfish/03 renders all ten states and reactions without mutating saved state (146.553492ms)
✔ clownfish/04 renders all ten states and reactions without mutating saved state (142.887194ms)
✔ clownfish/05 renders all ten states and reactions without mutating saved state (144.282391ms)
✔ clownfish/06 renders all ten states and reactions without mutating saved state (144.130552ms)
✔ clownfish/07 renders all ten states and reactions without mutating saved state (137.990148ms)
✔ clownfish/08 renders all ten states and reactions without mutating saved state (139.332395ms)
✔ salmon/01 renders all ten states and reactions without mutating saved state (137.953062ms)
✔ salmon/02 renders all ten states and reactions without mutating saved state (148.617499ms)
✔ salmon/03 renders all ten states and reactions without mutating saved state (137.744346ms)
✔ salmon/04 renders all ten states and reactions without mutating saved state (147.89283ms)
✔ salmon/05 renders all ten states and reactions without mutating saved state (199.703512ms)
✔ salmon/06 renders all ten states and reactions without mutating saved state (170.937768ms)
✔ salmon/07 renders all ten states and reactions without mutating saved state (152.41849ms)
✔ salmon/08 renders all ten states and reactions without mutating saved state (174.401375ms)
✔ hermit_crab/01 renders all ten states and reactions without mutating saved state (159.390372ms)
✔ hermit_crab/02 renders all ten states and reactions without mutating saved state (157.064024ms)
✔ hermit_crab/03 renders all ten states and reactions without mutating saved state (150.559169ms)
✔ hermit_crab/04 renders all ten states and reactions without mutating saved state (148.93883ms)
✔ hermit_crab/05 renders all ten states and reactions without mutating saved state (152.29438ms)
✔ hermit_crab/06 renders all ten states and reactions without mutating saved state (175.751131ms)
✔ hermit_crab/07 renders all ten states and reactions without mutating saved state (181.979352ms)
✔ hermit_crab/08 renders all ten states and reactions without mutating saved state (206.112951ms)
✔ jellyfish/01 renders all ten states and reactions without mutating saved state (209.207235ms)
✔ jellyfish/02 renders all ten states and reactions without mutating saved state (209.92253ms)
✔ jellyfish/03 renders all ten states and reactions without mutating saved state (182.741498ms)
✔ jellyfish/04 renders all ten states and reactions without mutating saved state (178.710724ms)
✔ jellyfish/05 renders all ten states and reactions without mutating saved state (184.126014ms)
✔ jellyfish/06 renders all ten states and reactions without mutating saved state (163.994791ms)
✔ jellyfish/07 renders all ten states and reactions without mutating saved state (194.48361ms)
✔ jellyfish/08 renders all ten states and reactions without mutating saved state (223.201229ms)
✔ starfish/01 renders all ten states and reactions without mutating saved state (219.42815ms)
✔ starfish/02 renders all ten states and reactions without mutating saved state (183.418376ms)
✔ starfish/03 renders all ten states and reactions without mutating saved state (177.442043ms)
✔ starfish/04 renders all ten states and reactions without mutating saved state (216.358949ms)
✔ starfish/05 renders all ten states and reactions without mutating saved state (184.661178ms)
✔ starfish/06 renders all ten states and reactions without mutating saved state (258.28268ms)
✔ starfish/07 renders all ten states and reactions without mutating saved state (174.428421ms)
✔ starfish/08 renders all ten states and reactions without mutating saved state (141.25087ms)
✔ coral/01 renders all ten states and reactions without mutating saved state (191.184722ms)
✔ coral/02 renders all ten states and reactions without mutating saved state (194.132565ms)
✔ coral/03 renders all ten states and reactions without mutating saved state (163.0743ms)
✔ coral/04 renders all ten states and reactions without mutating saved state (161.365258ms)
✔ coral/05 renders all ten states and reactions without mutating saved state (168.418147ms)
✔ coral/06 renders all ten states and reactions without mutating saved state (181.546804ms)
✔ coral/07 renders all ten states and reactions without mutating saved state (170.876076ms)
✔ coral/08 renders all ten states and reactions without mutating saved state (181.543475ms)
✔ butterfly/01 renders all ten states and reactions without mutating saved state (164.158206ms)
✔ butterfly/02 renders all ten states and reactions without mutating saved state (199.500297ms)
✔ butterfly/03 renders all ten states and reactions without mutating saved state (203.425832ms)
✔ butterfly/04 renders all ten states and reactions without mutating saved state (185.879745ms)
✔ butterfly/05 renders all ten states and reactions without mutating saved state (176.33049ms)
✔ butterfly/06 renders all ten states and reactions without mutating saved state (185.480214ms)
✔ butterfly/07 renders all ten states and reactions without mutating saved state (155.48116ms)
✔ butterfly/08 renders all ten states and reactions without mutating saved state (158.703428ms)
✔ beetle/01 renders all ten states and reactions without mutating saved state (195.99629ms)
✔ beetle/02 renders all ten states and reactions without mutating saved state (205.811141ms)
✔ beetle/03 renders all ten states and reactions without mutating saved state (210.42211ms)
✔ beetle/04 renders all ten states and reactions without mutating saved state (198.778948ms)
✔ beetle/05 renders all ten states and reactions without mutating saved state (171.310682ms)
✔ beetle/06 renders all ten states and reactions without mutating saved state (169.044477ms)
✔ beetle/07 renders all ten states and reactions without mutating saved state (150.606888ms)
✔ beetle/08 renders all ten states and reactions without mutating saved state (152.354668ms)
✔ stagbeetle/01 renders all ten states and reactions without mutating saved state (159.428003ms)
✔ stagbeetle/02 renders all ten states and reactions without mutating saved state (143.759411ms)
✔ stagbeetle/03 renders all ten states and reactions without mutating saved state (143.732553ms)
✔ stagbeetle/04 renders all ten states and reactions without mutating saved state (162.266118ms)
✔ stagbeetle/05 renders all ten states and reactions without mutating saved state (144.606132ms)
✔ stagbeetle/06 renders all ten states and reactions without mutating saved state (163.430015ms)
✔ stagbeetle/07 renders all ten states and reactions without mutating saved state (165.793958ms)
✔ stagbeetle/08 renders all ten states and reactions without mutating saved state (156.099799ms)
✔ cicada/01 renders all ten states and reactions without mutating saved state (181.824951ms)
✔ cicada/02 renders all ten states and reactions without mutating saved state (161.051092ms)
✔ cicada/03 renders all ten states and reactions without mutating saved state (181.758841ms)
✔ cicada/04 renders all ten states and reactions without mutating saved state (152.458892ms)
✔ cicada/05 renders all ten states and reactions without mutating saved state (143.641486ms)
✔ cicada/06 renders all ten states and reactions without mutating saved state (154.871364ms)
✔ cicada/07 renders all ten states and reactions without mutating saved state (158.25018ms)
✔ cicada/08 renders all ten states and reactions without mutating saved state (159.722332ms)
✔ antlion/01 renders all ten states and reactions without mutating saved state (157.573008ms)
✔ antlion/02 renders all ten states and reactions without mutating saved state (161.528964ms)
✔ antlion/03 renders all ten states and reactions without mutating saved state (190.260492ms)
✔ antlion/04 renders all ten states and reactions without mutating saved state (131.815091ms)
✔ antlion/05 renders all ten states and reactions without mutating saved state (156.354012ms)
✔ antlion/06 renders all ten states and reactions without mutating saved state (182.55912ms)
✔ antlion/07 renders all ten states and reactions without mutating saved state (165.302187ms)
✔ antlion/08 renders all ten states and reactions without mutating saved state (172.536248ms)
✔ dandelion/01 renders all ten states and reactions without mutating saved state (174.977624ms)
✔ dandelion/02 renders all ten states and reactions without mutating saved state (189.086705ms)
✔ dandelion/03 renders all ten states and reactions without mutating saved state (209.401478ms)
✔ dandelion/04 renders all ten states and reactions without mutating saved state (229.536737ms)
✔ dandelion/05 renders all ten states and reactions without mutating saved state (158.52685ms)
✔ dandelion/06 renders all ten states and reactions without mutating saved state (160.144264ms)
✔ dandelion/07 renders all ten states and reactions without mutating saved state (165.074332ms)
✔ dandelion/08 renders all ten states and reactions without mutating saved state (152.265327ms)
✔ sakura/01 renders all ten states and reactions without mutating saved state (164.742855ms)
✔ sakura/02 renders all ten states and reactions without mutating saved state (163.995552ms)
✔ sakura/03 renders all ten states and reactions without mutating saved state (146.523849ms)
✔ sakura/04 renders all ten states and reactions without mutating saved state (152.388102ms)
✔ sakura/05 renders all ten states and reactions without mutating saved state (204.39955ms)
✔ sakura/06 renders all ten states and reactions without mutating saved state (160.775148ms)
✔ sakura/07 renders all ten states and reactions without mutating saved state (157.36839ms)
✔ sakura/08 renders all ten states and reactions without mutating saved state (167.268856ms)
✔ venus_flytrap/01 renders all ten states and reactions without mutating saved state (151.240919ms)
✔ venus_flytrap/02 renders all ten states and reactions without mutating saved state (170.472895ms)
✔ venus_flytrap/03 renders all ten states and reactions without mutating saved state (156.979484ms)
✔ venus_flytrap/04 renders all ten states and reactions without mutating saved state (150.584283ms)
✔ venus_flytrap/05 renders all ten states and reactions without mutating saved state (156.09066ms)
✔ venus_flytrap/06 renders all ten states and reactions without mutating saved state (144.70824ms)
✔ venus_flytrap/07 renders all ten states and reactions without mutating saved state (165.060325ms)
✔ venus_flytrap/08 renders all ten states and reactions without mutating saved state (151.868292ms)
✔ mushroom/01 renders all ten states and reactions without mutating saved state (177.324495ms)
✔ mushroom/02 renders all ten states and reactions without mutating saved state (178.265934ms)
✔ mushroom/03 renders all ten states and reactions without mutating saved state (148.001918ms)
✔ mushroom/04 renders all ten states and reactions without mutating saved state (182.605069ms)
✔ mushroom/05 renders all ten states and reactions without mutating saved state (154.917665ms)
✔ mushroom/06 renders all ten states and reactions without mutating saved state (164.351936ms)
✔ mushroom/07 renders all ten states and reactions without mutating saved state (168.295307ms)
✔ mushroom/08 renders all ten states and reactions without mutating saved state (153.966577ms)
✔ dragon/01 renders all ten states and reactions without mutating saved state (146.245985ms)
✔ dragon/02 renders all ten states and reactions without mutating saved state (148.515382ms)
✔ dragon/03 renders all ten states and reactions without mutating saved state (165.109323ms)
✔ dragon/04 renders all ten states and reactions without mutating saved state (164.559796ms)
✔ dragon/05 renders all ten states and reactions without mutating saved state (157.267944ms)
✔ dragon/06 renders all ten states and reactions without mutating saved state (133.371867ms)
✔ dragon/07 renders all ten states and reactions without mutating saved state (146.05703ms)
✔ dragon/08 renders all ten states and reactions without mutating saved state (142.02594ms)
✔ phoenix/01 renders all ten states and reactions without mutating saved state (146.176811ms)
✔ phoenix/02 renders all ten states and reactions without mutating saved state (144.426877ms)
✔ phoenix/03 renders all ten states and reactions without mutating saved state (152.671261ms)
✔ phoenix/04 renders all ten states and reactions without mutating saved state (171.634065ms)
✔ phoenix/05 renders all ten states and reactions without mutating saved state (167.022064ms)
✔ phoenix/06 renders all ten states and reactions without mutating saved state (162.170259ms)
✔ phoenix/07 renders all ten states and reactions without mutating saved state (168.550718ms)
✔ phoenix/08 renders all ten states and reactions without mutating saved state (156.793237ms)
✔ god/01 renders all ten states and reactions without mutating saved state (155.413373ms)
✔ god/02 renders all ten states and reactions without mutating saved state (146.49384ms)
✔ god/03 renders all ten states and reactions without mutating saved state (151.552912ms)
✔ god/04 renders all ten states and reactions without mutating saved state (196.045866ms)
✔ god/05 renders all ten states and reactions without mutating saved state (146.490475ms)
✔ god/06 renders all ten states and reactions without mutating saved state (158.053557ms)
✔ god/07 renders all ten states and reactions without mutating saved state (147.887786ms)
✔ god/08 renders all ten states and reactions without mutating saved state (149.803067ms)
✔ world_tree/01 renders all ten states and reactions without mutating saved state (151.078555ms)
✔ world_tree/02 renders all ten states and reactions without mutating saved state (145.19049ms)
✔ world_tree/03 renders all ten states and reactions without mutating saved state (143.009576ms)
✔ world_tree/04 renders all ten states and reactions without mutating saved state (155.974ms)
✔ world_tree/05 renders all ten states and reactions without mutating saved state (157.670182ms)
✔ world_tree/06 renders all ten states and reactions without mutating saved state (144.236439ms)
✔ world_tree/07 renders all ten states and reactions without mutating saved state (153.643539ms)
✔ world_tree/08 renders all ten states and reactions without mutating saved state (148.885001ms)
✔ ghost/01 renders all ten states and reactions without mutating saved state (150.092836ms)
✔ ghost/02 renders all ten states and reactions without mutating saved state (177.903257ms)
✔ ghost/03 renders all ten states and reactions without mutating saved state (150.655355ms)
✔ ghost/04 renders all ten states and reactions without mutating saved state (144.233564ms)
✔ ghost/05 renders all ten states and reactions without mutating saved state (153.930972ms)
✔ ghost/06 renders all ten states and reactions without mutating saved state (146.760146ms)
✔ ghost/07 renders all ten states and reactions without mutating saved state (125.505204ms)
✔ ghost/08 renders all ten states and reactions without mutating saved state (141.459304ms)
✔ star/01 renders all ten states and reactions without mutating saved state (139.105469ms)
✔ star/02 renders all ten states and reactions without mutating saved state (154.158698ms)
✔ star/03 renders all ten states and reactions without mutating saved state (137.991526ms)
✔ star/04 renders all ten states and reactions without mutating saved state (140.584653ms)
✔ star/05 renders all ten states and reactions without mutating saved state (147.132764ms)
✔ star/06 renders all ten states and reactions without mutating saved state (140.272672ms)
✔ star/07 renders all ten states and reactions without mutating saved state (141.858919ms)
✔ star/08 renders all ten states and reactions without mutating saved state (162.265295ms)
✔ plush/01 renders all ten states and reactions without mutating saved state (143.360334ms)
✔ plush/02 renders all ten states and reactions without mutating saved state (141.551371ms)
✔ plush/03 renders all ten states and reactions without mutating saved state (160.452527ms)
✔ plush/04 renders all ten states and reactions without mutating saved state (127.30587ms)
✔ plush/05 renders all ten states and reactions without mutating saved state (147.287126ms)
✔ plush/06 renders all ten states and reactions without mutating saved state (142.248104ms)
✔ plush/07 renders all ten states and reactions without mutating saved state (170.155765ms)
✔ plush/08 renders all ten states and reactions without mutating saved state (168.081111ms)
✔ unknown/01 renders all ten states and reactions without mutating saved state (140.818124ms)
✔ unknown/02 renders all ten states and reactions without mutating saved state (151.600673ms)
✔ unknown/03 renders all ten states and reactions without mutating saved state (144.133332ms)
✔ unknown/04 renders all ten states and reactions without mutating saved state (139.956191ms)
✔ unknown/05 renders all ten states and reactions without mutating saved state (145.707921ms)
✔ unknown/06 renders all ten states and reactions without mutating saved state (146.060383ms)
✔ unknown/07 renders all ten states and reactions without mutating saved state (150.120708ms)
✔ unknown/08 renders all ten states and reactions without mutating saved state (148.663931ms)
✔ ren/01 renders all ten states and reactions without mutating saved state (154.829703ms)
✔ ren/02 renders all ten states and reactions without mutating saved state (148.602754ms)
✔ ren/03 renders all ten states and reactions without mutating saved state (152.272979ms)
✔ ren/04 renders all ten states and reactions without mutating saved state (128.174021ms)
✔ ren/05 renders all ten states and reactions without mutating saved state (146.785809ms)
✔ ren/06 renders all ten states and reactions without mutating saved state (163.953931ms)
✔ ren/07 renders all ten states and reactions without mutating saved state (151.746873ms)
✔ ren/08 renders all ten states and reactions without mutating saved state (150.683287ms)
✔ Home connects all fifteen food artworks without changing saved state (25.620447ms)
✔ short tab return restores the current expression without replaying a stale reaction (18.214062ms)
✔ dying treatment stays on home content without containing viewport overlays (3.862365ms)
✔ travel opens destinations directly, then closes back to care (122.342504ms)
✔ the menu stops aging and an exclusive page replaces it (31.567816ms)
✔ court rapid taps still count individually (229.880016ms)
✔ medicine while healthy still changes the care state and reacts immediately (15.528019ms)
✔ play starts a random game with no chooser (17.736866ms)
✔ home header and menu cannot interrupt an active minigame (22.572131ms)
✔ game selection and achievements each open their own destination (26.792106ms)
✔ late weather does not override manual settings or write a location into a save (24.281553ms)
✔ late current-location result cannot pull a player out of another menu (23.427363ms)
✔ Escape cancels the first reset prompt and leaves Data paused (20.844351ms)
✔ Escape cancels a held final reset without wiping or resuming age (21.973757ms)
✔ failed location permission waits for explicit retry while successful snapshots auto-refresh (21.570327ms)
✔ blocked sleeping travel preserves the active current-city selection (27.294024ms)
✔ dialog browser clock pauses before navigation instead of racing live timers (0.525764ms)
✔ a small newborn uses spare space and stays near the speech below it (3.039452ms)
✔ bottom transparency cannot leave a fish far above its speech (110.755864ms)
✔ closer core actors retain the readable size of both full companion arcs (28.139386ms)
✔ equipment and the partner sit near the visible body instead of the transparent image top (75.746309ms)
✔ height-constrained companions keep curved wings instead of straight columns (87.653232ms)
✔ height-constrained cast keeps all frames, two sides and motion gaps (1441.219188ms)
✔ more vertical room grows the cast instead of leaving a fixed small scene (2.696394ms)
✔ legacy colors and earned designs survive as a noninteractive collection (53.829893ms)
✔ glass inputs preview immediately, save on change, and reset only readability settings (59.22886ms)
✔ viewport changes follow browser chrome height while pinch zoom remains usable (39.826607ms)
✔ glass migration clamps unsafe values and respects an explicit transparency choice (190.126713ms)
✔ short visible viewports switch meter arrangement and recover without undoing pinch zoom (38.30582ms)
✔ a viewport resize lays out before the next reaction and does not cancel it on render (17.86498ms)
✔ a new narration starts at the top while normal renders preserve the reading position (19.872322ms)
✔ a new speech starts at its first line without truncating a long message (17.81897ms)
✔ locked or invalid legacy designs cannot override the game palette (20.468653ms)
✔ every saved color and pattern has one shared preview definition and independent paint layers (12.396458ms)
✔ screen palette samples retain at least 4.5 contrast with white and colored motifs (40.128234ms)
ℹ tests 364
ℹ suites 0
ℹ pass 363
ℹ fail 1
ℹ cancelled 0
ℹ skipped 0
ℹ todo 0
ℹ duration_ms 41174.757007

✖ failing tests:

test at tests/pet-expression-integration-test.cjs:134:1
✖ a real cure receives the same validated happy afterglow (18.406217ms)
  AssertionError [ERR_ASSERTION]: Expected values to be strictly deep-equal:
  + actual - expected
  
    [
  +   'normal',
  +   'assets/characters/cat/06.png'
  -   'happy',
  -   'assets/characters/expressions/cat/06-happy-v3.png'
    ]
  
      at TestContext.<anonymous> (/workspace/scratch/e8f4b0b43170/naotocchi/tests/pet-expression-integration-test.cjs:140:10)
      at Test.runInAsyncScope (node:async_hooks:227:14)
      at Test.run (node:internal/test_runner/test:1382:25)
      at Test.processPendingSubtests (node:internal/test_runner/test:960:18)
      at Test.postRun (node:internal/test_runner/test:1522:19)
      at Test.run (node:internal/test_runner/test:1447:12)
      at async Test.processPendingSubtests (node:internal/test_runner/test:960:7) {
    generatedMessage: true,
    code: 'ERR_ASSERTION',
    actual: [ 'normal', 'assets/characters/cat/06.png' ],
    expected: [ 'happy', 'assets/characters/expressions/cat/06-happy-v3.png' ],
    operator: 'deepStrictEqual',
    diff: 'simple'
  }
