✔ cat_friend real Home rerenders relation threshold, rescue and expiry (29.398057ms)
✔ rabbit_friend real Home rerenders relation threshold, rescue and expiry (20.62158ms)
✔ tanuki real Home rerenders relation threshold, rescue and expiry (28.597668ms)
✔ squirrel real Home rerenders relation threshold, rescue and expiry (20.189032ms)
✔ owl real Home rerenders relation threshold, rescue and expiry (29.620543ms)
✔ otter real Home rerenders relation threshold, rescue and expiry (29.618194ms)
✔ hamster real Home rerenders relation threshold, rescue and expiry (17.8878ms)
✔ panda real Home rerenders relation threshold, rescue and expiry (20.27685ms)
✔ monkey real Home rerenders relation threshold, rescue and expiry (22.079112ms)
✔ parrot real Home rerenders relation threshold, rescue and expiry (26.372171ms)
✔ sheep real Home rerenders relation threshold, rescue and expiry (18.837395ms)
✔ seal real Home rerenders relation threshold, rescue and expiry (17.780018ms)
✔ bat real Home rerenders relation threshold, rescue and expiry (27.414651ms)
✔ chicken real Home rerenders relation threshold, rescue and expiry (18.017106ms)
✔ penguin_friend real Home rerenders relation threshold, rescue and expiry (17.772096ms)
✔ hedgehog real Home rerenders relation threshold, rescue and expiry (32.994009ms)
✔ shiba real Home rerenders relation threshold, rescue and expiry (22.294046ms)
✔ snail real Home rerenders relation threshold, rescue and expiry (24.206625ms)
✔ punyu real Home rerenders relation threshold, rescue and expiry (20.124719ms)
✔ sekizou real Home rerenders relation threshold, rescue and expiry (15.171117ms)
✔ chameleon real Home rerenders relation threshold, rescue and expiry (17.044707ms)
✔ clock real Home rerenders relation threshold, rescue and expiry (19.015434ms)
✔ unicorn real Home rerenders relation threshold, rescue and expiry (17.009113ms)
✔ many_tail_fox real Home rerenders relation threshold, rescue and expiry (19.300574ms)
✔ watcher real Home rerenders relation threshold, rescue and expiry (25.900269ms)
✔ box real Home rerenders relation threshold, rescue and expiry (17.408326ms)
✔ ordinary success reacts once, rescues all, rejected play does not react (20.488099ms)
✔ cat_ceo shared court reinforcement overrides lonely, expiry re-resolves current affection (93.528168ms)
✔ robot_neighbor shared court reinforcement overrides lonely, expiry re-resolves current affection (49.642387ms)
✔ field_cow shared court reinforcement overrides lonely, expiry re-resolves current affection (41.846331ms)
✔ sunflower_partner shared court reinforcement overrides lonely, expiry re-resolves current affection (44.396353ms)
✔ forest_bear shared court reinforcement overrides lonely, expiry re-resolves current affection (50.036743ms)
✔ grove_deer shared court reinforcement overrides lonely, expiry re-resolves current affection (42.532547ms)
✔ cliff_goat shared court reinforcement overrides lonely, expiry re-resolves current affection (135.084398ms)
✔ high_eagle shared court reinforcement overrides lonely, expiry re-resolves current affection (84.918474ms)
✔ snow_spirit shared court reinforcement overrides lonely, expiry re-resolves current affection (65.161991ms)
✔ snowman shared court reinforcement overrides lonely, expiry re-resolves current affection (53.623782ms)
✔ rock_octopus shared court reinforcement overrides lonely, expiry re-resolves current affection (46.585149ms)
✔ sea_mermaid shared court reinforcement overrides lonely, expiry re-resolves current affection (33.686445ms)
✔ anglerfish shared court reinforcement overrides lonely, expiry re-resolves current affection (58.887432ms)
✔ swamp_croc shared court reinforcement overrides lonely, expiry re-resolves current affection (80.947255ms)
✔ gentle_gorilla shared court reinforcement overrides lonely, expiry re-resolves current affection (50.735308ms)
✔ knitting_spider shared court reinforcement overrides lonely, expiry re-resolves current affection (47.891377ms)
✔ desert_scorpion shared court reinforcement overrides lonely, expiry re-resolves current affection (53.362467ms)
✔ oasis_cactus shared court reinforcement overrides lonely, expiry re-resolves current affection (49.828779ms)
✔ replacement partner with same ID cannot inherit positive (50.406962ms)
✔ real save excludes reactions; reload re-resolves all companion values and partner at 20 (47.13876ms)
✔ real save excludes reactions; reload re-resolves all companion values and partner at 50 (44.954917ms)
✔ full supported catalog matches canonical runtime IDs and all assets exactly (2.186223ms)
✔ 26 companions use one ordinary representative, all threshold rescues and annoyed does not start positive (29.362554ms)
✔ development Home fixtures directly expose both pilot partners and both companions without gameplay (856.24502ms)
✔ expanded partner court actual event path triggers positive without changing progress rules (43.885972ms)
✔ expanded partner repair actual event path triggers positive without changing progress rules (40.246063ms)
✔ expanded partner marriage actual event path triggers positive without changing progress rules (142.595709ms)
✔ expanded partner date actual event path triggers positive without changing progress rules (61.174918ms)
✔ new court success uses actual event result (63.52371ms)
✔ new court failure uses actual event result (16.872417ms)
✔ annoyed during positive does not extend reaction or retain positive after original expiry (16.320993ms)
✔ real play gives only positive individuals motion and head hearts; expiry removes cues (16.431411ms)
✔ ordinary play and all-inviting dialogue do not animate non-target companions (16.011086ms)
✔ every possible representative in a dense 26-companion Home receives one safe heart (1123.18084ms)
✔ 26 simultaneous expiries coalesce Home work while removing every transient (35.728694ms)
✔ partner three visual states retain marriage ring=false and replace one heart (61.218269ms)
✔ partner three visual states retain marriage ring=true and replace one heart (180.907496ms)
✔ companion aura and heart belong to the actor; positive replaces cold and expires back to current value (16.984117ms)
✔ married ring preserves exact layout coordinates through every partner expression rebuild (147.329131ms)
✔ reload reconstructs marriage ring from existing married flag at affection 20 (329.128114ms)
✔ reload reconstructs marriage ring from existing married flag at affection 50 (423.56603ms)
✔ full resolver prioritizes positive, then lonely below 30, then normal without mutating input (2.887682ms)
✔ unregistered characters and wrong-kind IDs always use original PNG (0.993912ms)
✔ one ordinary representative plus all rescued individuals, deduplicated (0.460326ms)
✔ temporary reaction expiry, refresh, object identity and JSON non-persistence (0.4104ms)
✔ every registered relationship image is a new 128px transparent PNG (3.196739ms)
✔ twenty cases reuse complete fixtures, exact partner/state and selective rescue (1.025169ms)
✔ memory storage never reads/writes persistent local or session storage (0.274164ms)
✔ denied storage replacement fails closed before activating any game script (0.592806ms)
✔ generated Home preserves production markup/CSS and scripts remain inert until isolation (7.30882ms)
✔ ordinary invokes real play; only expected individuals positive then normal (103.435691ms)
✔ single-rescue invokes real play; only expected individuals positive then normal (31.019677ms)
✔ multi-rescue invokes real play; only expected individuals positive then normal (23.173383ms)
✔ low current value returns from actual temporary reaction to lonely at 2500ms (27.453581ms)
✔ fixed partner stimulus uses real resolver and never serializes expression (18.150828ms)
✔ outside transition button allows its synthetic click through Home interception (29.053096ms)
✔ iPhone Home has reachable parent return control without shrinking iframe (1.977116ms)
✔ packaging refuses a nonempty output so unrelated files cannot be published (0.938478ms)
✔ transition assets preload before readiness; missing image blocks QA (0.79477ms)
✔ fixed positive snapshots the real reaction without a repeating timer (0.182075ms)
✔ static dense case preloads only each actor current expression (0.871035ms)
✔ QA representative draw never forces unrelated event randomness and restores resolver (0.294424ms)
✔ QA timing reports double-frame latency outside Home and deduplicates nested clicks (0.398773ms)
✔ fixed before, positive and after reuse real rescue while live keeps its clock (66.633419ms)
✔ married QA retains the ring while showing normal (21.294617ms)
✔ married QA retains the ring while showing lonely (28.048198ms)
✔ married QA retains the ring while showing positive (19.901682ms)
✔ companion fixed positive stimulates only selected companion; dense lonely has 26 low values (18.599266ms)
✔ approved QA has no retired size selector, URL parameter or sizing override (0.785357ms)
✔ QA ignores documented module tags but still rejects executable typed scripts (1.558504ms)
✔ reaction exposes an ephemeral start token and expiry without persisting entity fields (2.011658ms)
✔ heart remains immediately above its owner even if a neighbour occupies that space (0.34387ms)
✔ positive companion layer is raised locally so neighbours cannot hide its owner-attached heart (0.612635ms)
✔ only partner positive heart grows 1.2 times; anchor keeps face gap and stage bounds (0.736292ms)
✔ approved marriage ring uses fixed scale and tone without comparison overrides (0.438812ms)
✔ browser ring geometry checks approved scale and rejects obsolete or oversized values (2.555349ms)
✔ painted ring excludes transparent atlas margin without allowing actual character overlap (62.339012ms)
ℹ tests 104
ℹ suites 0
ℹ pass 104
ℹ fail 0
ℹ cancelled 0
ℹ skipped 0
ℹ todo 0
ℹ duration_ms 5717.503576
