(node:11) [MODULE_TYPELESS_PACKAGE_JSON] Warning: Module type of file:///workspace/scratch/150320e8a2fd/character-rollout/vendor/three-0.170.0/three.module.min.js is not specified and it doesn't parse as CommonJS.
Reparsing as ES module because module syntax was detected. This incurs a performance overhead.
To eliminate this warning, add "type": "module" to /workspace/scratch/150320e8a2fd/character-rollout/package.json.
(Use `node --trace-warnings ...` to show where the warning was created)
✖ Unknown source stages distinguish dark seeds, blue dome, antennae, wings and tall wisp (156.018455ms)
✔ Unknown candidates preserve white canonical eyes through32 states and stay isolated (156.817572ms)
✔ Unknown05 owned wings move in floating gait (8.683181ms)
ℹ tests 3
ℹ suites 0
ℹ pass 2
ℹ fail 1
ℹ cancelled 0
ℹ skipped 0
ℹ todo 0
ℹ duration_ms 420.257262

✖ failing tests:

test at tests/character-3d-unknown-stages-test.cjs:2:1
✖ Unknown source stages distinguish dark seeds, blue dome, antennae, wings and tall wisp (156.018455ms)
  AssertionError [ERR_ASSERTION]: source05 wings spread outward
      at TestContext.<anonymous> (/workspace/scratch/150320e8a2fd/character-rollout/tests/character-3d-unknown-stages-test.cjs:4:587)
      at async Test.run (node:internal/test_runner/test:1389:7)
      at async startSubtestAfterBootstrap (node:internal/test_runner/harness:387:3) {
    generatedMessage: false,
    code: 'ERR_ASSERTION',
    actual: false,
    expected: true,
    operator: '==',
    diff: 'simple'
  }
