rosette face clearance: RED
oriented trap geometry: RED
oriented trap face: RED
radial rosette side leaves: RED
brown root material: RED
cupped trap depth: RED
physical trap teeth: RED
five trap identities: RED
broad rosette leaves: RED
winter terminal buds: RED
blunt winter tips: RED
original bud eyes: RED
smooth pointed contour: RED
visible flower faces: RED
pointed seed and buds: RED
side-facing leaf blades: RED
physical leaf crown: RED
suspended fruit attachment: RED
outward blossom orientation: RED
physical flower canopy: RED
trunk face: RED
botanical overlay: RED
22/22 botanical mutations detected; original bytes restored
