✖ Venus remaining stages preserve original seed, young traps, insect cup and flowering crown (9.016856ms)
✖ all eight Venus candidates retain finite bones and source face ownership across32 states (2.224566ms)
ℹ tests 2
ℹ suites 0
ℹ pass 0
ℹ fail 2
ℹ cancelled 0
ℹ skipped 0
ℹ todo 0
ℹ duration_ms 92.675557

✖ failing tests:

test at tests/character-3d-venus-stages-test.cjs:3:1
✖ Venus remaining stages preserve original seed, young traps, insect cup and flowering crown (9.016856ms)
  AssertionError [ERR_ASSERTION]: Expected values to be strictly deep-equal:
  + actual - expected
  
    [
  -   '1',
  -   '2',
      '3',
  -   '4',
  -   '5',
  -   '6',
      '7',
  -   '8'
    ]
  
      at TestContext.<anonymous> (/workspace/scratch/0c2aa70cdbce/character-rollout/tests/character-3d-venus-stages-test.cjs:4:28)
      at Test.runInAsyncScope (node:async_hooks:227:14)
      at Test.run (node:internal/test_runner/test:1382:25)
      at Test.start (node:internal/test_runner/test:1242:17)
      at startSubtestAfterBootstrap (node:internal/test_runner/harness:387:17) {
    generatedMessage: true,
    code: 'ERR_ASSERTION',
    actual: [ '3', '7' ],
    expected: [
      '1', '2', '3',
      '4', '5', '6',
      '7', '8'
    ],
    operator: 'deepStrictEqual',
    diff: 'simple'
  }

test at tests/character-3d-venus-stages-test.cjs:15:1
✖ all eight Venus candidates retain finite bones and source face ownership across32 states (2.224566ms)
  AssertionError [ERR_ASSERTION]: Expected values to be strictly equal:
  
  2 !== 8
  
      at TestContext.<anonymous> (/workspace/scratch/0c2aa70cdbce/character-rollout/tests/character-3d-venus-stages-test.cjs:16:28)
      at Test.runInAsyncScope (node:async_hooks:227:14)
      at Test.run (node:internal/test_runner/test:1382:25)
      at Test.processPendingSubtests (node:internal/test_runner/test:960:18)
      at Test.postRun (node:internal/test_runner/test:1522:19)
      at Test.run (node:internal/test_runner/test:1447:12)
      at async startSubtestAfterBootstrap (node:internal/test_runner/harness:387:3) {
    generatedMessage: true,
    code: 'ERR_ASSERTION',
    actual: 2,
    expected: 8,
    operator: 'strictEqual',
    diff: 'simple'
  }
