✖ owl revised source details avoid coarse paint bands and expose its folded wing (2.166891ms)
ℹ tests 1
ℹ suites 0
ℹ pass 0
ℹ fail 1
ℹ cancelled 0
ℹ skipped 0
ℹ todo 0
ℹ duration_ms 94.705025

✖ failing tests:

test at tests/character-3d-owl-candidate-test.cjs:9:1
✖ owl revised source details avoid coarse paint bands and expose its folded wing (2.166891ms)
  AssertionError [ERR_ASSERTION]: explicit small breast feather positions
      at TestContext.<anonymous> (/workspace/scratch/150320e8a2fd/character-rollout/tests/character-3d-owl-candidate-test.cjs:9:176)
      at Test.runInAsyncScope (node:async_hooks:227:14)
      at Test.run (node:internal/test_runner/test:1382:25)
      at Test.start (node:internal/test_runner/test:1242:17)
      at startSubtestAfterBootstrap (node:internal/test_runner/harness:387:17) {
    generatedMessage: false,
    code: 'ERR_ASSERTION',
    actual: false,
    expected: true,
    operator: '==',
    diff: 'simple'
  }
