npm warn Unknown env config "http-proxy". This will stop working in the next major version of npm.

> test
> node tests/smoke-test.js && node tests/dialogue-test.js && node tests/visual-qa-test.cjs && node --test tests/item-art-unification-test.cjs tests/naoto-lantern-ring-test.cjs tests/naoto-crown-test.cjs tests/consumables-v2-migration-test.cjs tests/consumables-v2-eggs-test.cjs tests/consumables-v2-life-test.cjs tests/consumables-v2-forms-test.cjs tests/consumables-v2-encounters-test.cjs tests/movie-test.cjs tests/clownfish-romance-test.cjs tests/local-scenery-test.cjs tests/world-scene-test.cjs tests/minigame-lifecycle-test.cjs tests/growth-balance-test.cjs tests/item-inventory-test.cjs tests/item-care-game-test.cjs tests/items-v2-care-automation-test.cjs tests/items-v2-ease-automation-test.cjs tests/item-relations-travel-test.cjs tests/item-experiences-test.cjs tests/item-collections-economy-test.cjs tests/item-economy-sources-v2-test.cjs tests/economy-test.cjs tests/lucky-coin-test.cjs tests/midlife-test.cjs tests/offline-test.cjs tests/screens-test.cjs tests/scoring-shop-test.cjs tests/album-test.cjs tests/input-polish-test.cjs tests/migration-test.cjs tests/overlay-test.cjs tests/sticker-test.cjs tests/quick-mode-test.cjs tests/quick-daily-economy-v2-test.cjs tests/meguru-test.cjs tests/meguru-audit-test.cjs tests/meguru-fauna-test.cjs tests/meguru-world-design-test.cjs tests/meguru-motion-test.cjs tests/time-pause-test.cjs tests/asset-versions-test.cjs tests/minigame-illustrations-test.cjs tests/save-recovery-test.cjs tests/ui-integration-test.cjs tests/cast-layout-test.cjs tests/cast-motion-test.cjs tests/world-environment-test.cjs tests/region-identity-test.cjs tests/viewport-design-test.cjs tests/home-touch-test.cjs tests/egg-hatching-test.cjs tests/audio-regression-test.cjs tests/post-integration-audit-test.cjs tests/care-status-test.cjs tests/care-status-integration-test.cjs tests/ui-illustrations-test.cjs tests/comment-illustrations-test.cjs tests/notice-food-illustrations-test.cjs tests/prop-illustrations-test.cjs tests/life-display-test.cjs tests/life-stage-profiles-test.cjs tests/display-illustrations-test.cjs tests/canvas-illustrations-test.cjs tests/illustration-catalog-test.cjs tests/meguru-region-identity-test.cjs tests/meguru-map-test.cjs tests/meguru-collision-test.cjs tests/meguru-life-test.cjs tests/meguru-world-map-test.cjs tests/meguru-transition-test.cjs tests/meguru-transition-polish-test.cjs tests/meguru-explore-ux-test.cjs tests/meguru-discovery-test.cjs tests/meguru-scenery-polish-test.cjs tests/meguru-scenery-polish2-test.cjs tests/meguru-scenery-final-qa-test.cjs tests/meguru-visual-completion-test.cjs tests/meguru-sea-route-test.cjs tests/meguru-phase3a-audit-test.cjs tests/meguru-phase3b0-test.cjs tests/meguru-phase3b1-test.cjs tests/meguru-phase3b2-test.cjs tests/meguru-phase3b3-test.cjs tests/meguru-phase3b4-test.cjs tests/meguru-phase3b-final-test.cjs tests/meguru-phase4b-test.cjs tests/meguru-phase4c-test.cjs tests/meguru-phase4d1-test.cjs tests/meguru-phase4d2-test.cjs tests/meguru-phase4d2b-test.cjs tests/meguru-phase4d2c-test.cjs tests/meguru-phase4e1-test.cjs tests/meguru-phase4e2-test.cjs tests/meguru-party-formation-test.cjs tests/meguru-party-lod-test.cjs tests/meguru-phase4e3-test.cjs tests/meguru-phase4e4a-test.cjs tests/meguru-phase4e4b-test.cjs tests/meguru-phase4e4c-test.cjs tests/save-integrity-test.cjs tests/progress-counts-test.cjs tests/harness-determinism-test.cjs tests/asset-integrity-test.cjs tests/region-registry-test.cjs tests/content-registry-test.cjs tests/meguru-denominators-test.cjs tests/test-helpers-test.cjs tests/meguru-party-arrival-test.cjs tests/meguru-party-player-collision-test.cjs tests/meguru-3d-prototype-test.cjs tests/meguru-3d-foundation-v2-test.cjs tests/meguru-3d-art-direction-test.cjs tests/meguru-3d-geometry-terrain-test.cjs tests/meguru-3d-geometry-audit-test.cjs tests/meguru-3d-visual-quality-test.cjs tests/meguru-render-cost-test.cjs tests/save-compat-test.cjs tests/session-safety-test.cjs tests/nav-a11y-test.cjs tests/release-hygiene-test.cjs tests/emotion-state-test.cjs tests/hunger-profile-test.cjs tests/pet-expression-test.cjs tests/pet-expression-assets-test.cjs tests/cat-expression-preview-test.cjs tests/emotion-integration-test.cjs tests/pet-expression-integration-test.cjs && node --test tests/relationship-expression-test.cjs tests/relationship-expression-integration-test.cjs tests/relationship-reaction-test.cjs

SMOKE TEST OK
DOM ids: 380
minigames started: 100
variant collections: 92
LEGEND SCHEDULER TEST OK: 6 blocked states; 7 paused menus; non-winning roll; 5 unseen legends; pause, skip, close and one reward-free encounter.
DIALOGUE TEST OK: 20 events; 18 partners; 26 companions; action handlers; 2500ms timing; cancellation; recency; 10 sampled legend stories; 16 anniversary cases.
DATE LIFECYCLE TEST OK: ordinary dates, skip/close, pause/resume/cooldown and complete deep-sea branches.
WHOLE-TEXT TEST OK: 248 descriptions; 40 ordinary stories; 10 deep-sea plans; ordinary date skip/close; 36 anniversary lines; event memories; 18 first encounters.
CAST TEST OK: snail encounters and speech; retired koala migration, bond, row, dex and earned achievements; PNG renderer reference.
NORMAL CAST PNG TEST OK: 19 PNG headers; 18 companions x 5 renderer sizes; 9+9 live rows; collected and locked dex.
RARE CAST PNG TEST OK: 8 PNGs x 5 renderer sizes; invite/profile/row/dex; hidden and partial dex; 13+13 mixed rows; bond retained.
CLOCK CAST TEST OK: real encounter and 69/70 recruitment; five dialogue events; legacy mushroom save, bond, PNG, dialogue and rare dex; unique current/legacy counts.
PARTNER CAST PNG TEST OK: 18 PNGs x 5 sizes; saved relationships; companion/profile/dex; 180 complete dates; 72 complete anniversaries; first encounters; aliases, guests and hidden dex.
AUTHOR ENDING TEST OK: 247/248 unlock; native dex count; goals 4/5; direct goal 5 at 25/100 and both exits; pet and life-record preservation; 4200ms greeting; old-save access and rewards; hidden/repeatable shop greeting; textless goals 1-3 and reward notices.
MAIN 203 AUTHOR COMPATIBILITY OK: prior perfect save keeps author, crown and infinite mode; six new achievements stay unearned; 99/100 current games excludes retired records and opens goal 5 correctly.
VISUAL QA ROUTE TEST OK: generated script compiles; egg, anniversary, legend and ordinary date saves; long disease selects medicine; illustrated save reloads 26 companions, partner, 10 shop items. No browser rendering claimed.
[naotocchi] test Error: probe failure
    at TestContext.<anonymous> (/workspace/scratch/28c7e6574f23/naotocchi/tests/album-test.cjs:46:28)
    at Test.runInAsyncScope (node:async_hooks:227:14)
    at Test.run (node:internal/test_runner/test:1382:25)
    at Test.processPendingSubtests (node:internal/test_runner/test:960:18)
    at Test.postRun (node:internal/test_runner/test:1522:19)
    at Test.run (node:internal/test_runner/test:1447:12)
    at async Test.processPendingSubtests (node:internal/test_runner/test:960:7)
✔ the life timeline groups log entries by age and the data screen shows it (163.483063ms)
✔ a life card code round-trips and past lives keep their timeline and code (40.147622ms)
✔ the life card lists the whole timeline and a code button (28.782311ms)
✔ recorded runtime errors appear in the data screen (35.159954ms)
✔ every static assets/… reference in HTML, CSS and JS exists with the exact case (46.325292ms)
✖ every script and stylesheet carries a token whose hash matches the file (bump-versions formula) (29.822512ms)
✔ dynamic paths: current species, unified items, egg frames and goal-art fallbacks exist (229.803031ms)
✔ the checks catch a missing file, a case mismatch, a stale token, a missing token and a missing dynamic path (1.885957ms)
✖ the real index.html and references turn red when a token goes stale, a token is dropped or a path changes case (26.392139ms)
✔ npm run bump still rewrites only the ?v= tokens with YYYYMMDD-<assetHash>, and is idempotent (391.385432ms)
✔ index.html asset references exist and carry cache tokens (3.764971ms)
✔ the bump tool rewrites only cache tokens (0.483783ms)
✔ all eight BGM scenes request valid waveforms and schedule two complete loops (118.996621ms)
✔ Quick voice routes pico, browser reading and silence through the saved mode (14.820858ms)
✔ the actual TTS controller ducks both buses and replaces the scheduled recovery (5.095209ms)
✔ quick cues are shaped into short, punchy shouts: crisp stop, rising question, faster rate for longer words (2.579184ms)
✔ ordinary text keeps native arguments and receiver with no illustration state changes (7.872248ms)
✔ mixed text draws art in the original glyph advance and keeps center/baseline/state (4.613128ms)
✔ maxWidth compresses the whole decorated run and RTL start alignment keeps the right edge (1.943311ms)
✔ pending, missing and failed images never draw an emoji and settle without scheduling a canvas redraw (3.073502ms)
✔ loaded image replaces a pending placeholder on the next caller frame and draw errors stay contained (1.378151ms)
✔ atlas crops reuse supplied images and actor markers remain separate from bonus symbols (1.67383ms)
✔ a malformed atlas cannot sample neighboring or absent artwork (1.249627ms)
✔ scenery clip bounds preserve the original frame scale and transparent margins (1.881914ms)
✔ out-of-frame clip bounds cannot expose neighboring atlas illustrations (4.228225ms)
✔ ordinary copyright and registered marks keep native text while explicit emoji variants use art (1.836282ms)
✔ joined emoji, flags and keycaps are replaced as whole symbols (1.467201ms)
✔ tagged flags stay one complete symbol in live text and preloading (1.596468ms)
✔ slide puzzle refreshes cached art on its normal frame after loading and never after retirement (238.472048ms)
✔ road offscreen sprite caches replace placeholders after loading without drawing raw emoji (92.627997ms)
✔ illustrated road play retains input results, rewards and completion timing (4070.573356ms)
✔ pre-decode keeps the atlas decoded once as an ImageBitmap, draws from it, and never bumps the sprite version (2.807665ms)
✔ pre-decode failure, svg art and a size mismatch all keep the ordinary lazy image draw (3.630562ms)
✔ health danger is visible before dying and survives unrelated messages and expiry (218.396941ms)
✔ illness remains recognizable alongside low life, and medicine clears only the illness effects (61.653305ms)
✔ illness names the condition above the character instead of generic care wording (40.299084ms)
✔ attention effects stop for menus, games, stories and hidden tabs, then reconstruct at home (89.811756ms)
✔ lightweight mode retains the alert but requests still effects (51.936533ms)
✔ sweat stays beside the painted young fish instead of its transparent upper frame (39.002423ms)
✔ critical care advice follows the real sequence without medicine for a healthy pet (90.807893ms)
✔ six-tick health death remains unchanged while every living tick has a notice (53.203573ms)
✔ reloaded illness reconstructs a notice and medicine resolves it (69.529942ms)
✔ explicit care displays changes once; ordinary natural ticks stay quiet (46.083228ms)
✔ danger presentation clears behind overlays and returns with the same state (55.918414ms)
✔ egg, farewell and immortal states do not inherit death warnings (49.634024ms)
✔ reduced motion and lightweight mode retain static warning text (92.656747ms)
✔ numeric feedback keeps the explanation of a mistaken medicine visible (35.179762ms)
✔ a growth milestone waits for action feedback instead of being forgotten (54.617408ms)
✔ a recovery milestone waits while a higher priority warning remains (80.644963ms)
✔ a delayed sleep recovery never tells an already awake pet to wake (53.760265ms)
✔ illness care is readable before an arbitrarily long saved disease name (33.677694ms)
✔ running cat sweat brackets its head rather than the distant tail (41.039404ms)
✔ static script exposes the pure assessment interface on window (4.659483ms)
✔ signals exposes canonical mild and strong display bands without changing assess (0.548536ms)
✔ signals keeps life and stage semantics identical to current care rules (0.338405ms)
✔ signals exposes health, sickness, sleep, and pet availability without mutating state (0.425167ms)
✔ assess leaves healthy and non-playable life stages quiet without mutating state (0.261499ms)
✔ assess treats each real mortal life-risk signal as critical (0.570926ms)
✔ low life gives recovery advice before the critical threshold and clears after recovery (0.347545ms)
✔ life and health notices choose one useful action from the actual cause (0.548852ms)
✔ health advice never prescribes harmful care and falls back from unavailable affection (1.132305ms)
✔ high life risk restores every stat to the 60-point recovery threshold (0.369991ms)
✔ unavailable affection uses sleep when exhausted and play when energy is adequate (0.234163ms)
✔ assess reports ordinary care needs in priority order (0.422846ms)
✔ sickness labels remain plain text data for the textContent renderer (0.257597ms)
✔ sleep notices distinguish ongoing recovery from a completed rest (0.181474ms)
✔ fixed-slot status copy stays compact and has no Japanese word spacing (0.304525ms)
✔ immortality defaults from state and suppresses death wording while retaining care advice (0.335425ms)
✔ snapshot copies only fields used by explicit action summaries (0.346982ms)
✔ changes reports at most two meaningful deltas in care priority order (0.525579ms)
✔ changes derives life from risk and keeps decline improvement negative (1.409802ms)
✔ changes ignores sub-point drift and does not mutate either snapshot (0.511532ms)
✔ a married partner keeps a readable ring between the couple and clear of every moving character (27208.551888ms)
✔ a ring keeps companions readable when another arrangement fits at the same main size (22.864833ms)
✔ the poop row keeps the same lower-right anchor above speech across party sizes and art changes (1138.889917ms)
✔ home wings balance the painted gaps around the main body, including different PNG padding (279.127232ms)
✔ every intermediate party size fits the minimum fixed home, with partner/item independently present (806.414189ms)
✔ mixed failed and padded friend images keep every stress-count actor and poop slot in a fixed home (24.653464ms)
✔ a mixed 31-friend wing fits the minimum height without moving the permanent poop strip (19.271676ms)
✔ poop follows the applied field scale rather than the companion count, with a readable floor (27.314887ms)
✔ failed companion images keep the balanced cast and the poop row inside the smallest home (23.429957ms)
✔ home conversation stays centered below the permanent poop strip without covering the completed cast (4612.353498ms)
✔ a home cast stays in view during its larger hop and sway and leaves the floor clear (990.894061ms)
✔ whole cast fits with room for sway and four-pixel companion gaps (3491.634402ms)
✔ unknown or failed art retains complete frames without overlapping the core (85.98474ms)
✔ independent reactions retain full frames and four-pixel friend gaps throughout the sway (2100.946334ms)
✔ a ticklish line moves the pet and equipment together, then the speaking friend is identified without a second celebration (258.47955ms)
✔ courtship follows the actual partner, while a failed courtship never celebrates (69.207108ms)
✔ non-Relationship group responses remain visible, while negative outcomes settle once (173.887541ms)
✔ poop updates preserve every placed actor and do not interrupt a reaction (79.306686ms)
✔ care moods follow the line and outcome instead of always bouncing happily (22.32112ms)
✔ a comforting reply cannot make the disappointed or unwell pet celebrate (82.137555ms)
✔ a new action cancels old replies and an old animation cannot clear a new one (46.356984ms)
✔ menus and hidden pages stop reactions, and reduced motion still identifies the speaker (65.900218ms)
✔ a companion who left before their turn cannot speak or animate a different companion (314.28012ms)
✔ enabling reduced motion mid-speech stops movement but preserves the current speaker (30.14952ms)
✔ every motion and its interpolation stay inside the reserved one- or three-pixel envelope (337.154945ms)
✔ pet-only cues animate the pet and accessory with identical frames (1.264685ms)
✔ pet reports zero when its animation cannot start (0.631792ms)
✔ isActive tracks pet motion and idle can exclude the pet (0.634941ms)
✔ medicine cure settles first unless the text describes rejection (0.394424ms)
✔ pet care semantics win over randomized line tone without changing social tone (0.276756ms)
✔ buildPreview wraps the current game with a compact isolated phone-safe control shell (399.768429ms)
✔ default preview seeds an exact fresh-state adult hungry cat in memory only (233.857559ms)
✔ the generated Map-backed adapter implements the complete disposable Storage surface (184.605132ms)
✔ URL presets use a strict allowlist and reset every care fixture independently (631.937022ms)
✔ temporary happy stays on ordinary care controls and never runs automatically (108.727896ms)
✔ CLI writes the same self-contained preview for the requested safe preset (577.527727ms)
✔ all preview forms keep selected faces visible across startup saves without achievement flashes (10618.492934ms)
✔ preset clicks reset only the child session and bootstrap uses that selected preset (168.37065ms)
✔ kitten preview seeds the real third stage in isolated storage and rejects unknown forms (112.214626ms)
✔ otemba preview seeds the fourth stage in disposable storage (98.703395ms)
✔ young preview seeds the fifth stage in disposable storage (183.058447ms)
✔ calm preview seeds the seventh stage in disposable storage (106.171805ms)
✔ elder preview seeds the eighth stage in disposable storage (118.563733ms)
✔ toddler preview seeds the second stage in disposable storage (99.860782ms)
✔ baby preview seeds the first stage in disposable storage (119.611629ms)
✔ adult dog preview uses isolated storage and the real sixth stage (92.753525ms)
✔ query-selected dog matches the dropdown and can switch back to adult cat (138.202062ms)
✔ puppy preview uses isolated storage and the real third stage (115.069978ms)
✔ wanpaku preview uses isolated storage and the real fourth stage (110.861502ms)
✔ young dog preview uses isolated storage and the real fifth stage (122.613489ms)
✔ calm dog preview uses isolated storage and the real seventh stage (86.529135ms)
✔ babyDog preview uses isolated storage and the correct age stage (98.234342ms)
✔ toddlerDog preview uses isolated storage and the correct age stage (79.943831ms)
✔ elderDog preview uses isolated storage and the correct age stage (100.021541ms)
✔ man preview exposes every stage and never accesses real saves (539.460307ms)
✔ woman preview exposes every stage and never accesses real saves (583.048275ms)
✔ penguin preview exposes every stage and never accesses real saves (591.84744ms)
✔ turtle preview exposes every stage and never accesses real saves (556.236969ms)
✔ frog preview exposes every stage and never accesses real saves (620.209665ms)
✔ clownfish preview exposes every stage and never accesses real saves (532.262746ms)
✔ salmon preview exposes every stage and never accesses real saves (705.442504ms)
✔ hermit_crab preview exposes every stage and never accesses real saves (572.766079ms)
✔ jellyfish preview exposes every stage and never accesses real saves (589.210535ms)
✔ starfish preview exposes every stage and never accesses real saves (530.75212ms)
✔ coral preview exposes every stage and never accesses real saves (559.257191ms)
✔ butterfly preview exposes every stage and never accesses real saves (512.486286ms)
✔ beetle preview exposes every stage and never accesses real saves (548.212244ms)
✔ stagbeetle preview exposes every stage and never accesses real saves (534.876782ms)
✔ cicada preview exposes every stage and never accesses real saves (668.384348ms)
✔ antlion preview exposes every stage and never accesses real saves (535.493179ms)
✔ dandelion preview exposes every stage and never accesses real saves (493.313373ms)
✔ sakura preview exposes every stage and never accesses real saves (475.22842ms)
✔ venus_flytrap preview exposes every stage and never accesses real saves (513.585694ms)
✔ mushroom preview exposes every stage and never accesses real saves (498.718995ms)
✔ dragon preview exposes every stage and never accesses real saves (519.468619ms)
✔ phoenix preview exposes every stage and never accesses real saves (485.62353ms)
✔ god preview exposes every stage and never accesses real saves (487.533599ms)
✔ world_tree preview exposes every stage and never accesses real saves (526.461811ms)
✔ ghost preview exposes every stage and never accesses real saves (566.142582ms)
✔ star preview exposes every stage and never accesses real saves (483.694389ms)
✔ plush preview exposes every stage and never accesses real saves (487.525088ms)
✔ unknown preview exposes every stage and never accesses real saves (519.634106ms)
✔ ren preview exposes every stage and never accesses real saves (594.594485ms)
✔ salmon preview uses all eight canonical stage names (148.24236ms)
✔ hermit_crab preview uses all eight canonical stage names (238.107292ms)
✔ jellyfish preview uses all eight canonical stage names (176.779072ms)
✔ starfish preview uses all eight canonical stage names (192.490524ms)
✔ coral preview uses all eight canonical stage names (188.885452ms)
✔ butterfly preview uses all eight canonical stage names (202.947321ms)
✔ beetle preview uses all eight canonical stage names (278.924587ms)
✔ stagbeetle preview uses all eight canonical stage names (197.15995ms)
✔ cicada preview uses all eight canonical stage names (252.837301ms)
✔ antlion preview uses all eight canonical stage names (182.134611ms)
✔ dandelion preview uses all eight canonical stage names (293.723031ms)
✔ sakura preview uses all eight canonical stage names (176.376439ms)
✔ venus_flytrap preview uses all eight canonical stage names (199.231559ms)
✔ mushroom preview uses all eight canonical stage names (167.020726ms)
✔ dragon preview uses all eight canonical stage names (238.188321ms)
✔ phoenix preview uses all eight canonical stage names (198.806388ms)
✔ god preview uses all eight canonical stage names (243.337643ms)
✔ world_tree preview uses all eight canonical stage names (1083.182944ms)
✔ ghost preview uses all eight canonical stage names (177.26151ms)
✔ star preview uses all eight canonical stage names (189.773459ms)
✔ plush preview uses all eight canonical stage names (203.950409ms)
✔ unknown preview uses canonical punctuation and suppresses disposable rare achievement flashes (209.221641ms)
✔ ren preview uses canonical secret names without a fabricated rare achievement (231.814166ms)
✔ clownfish gay keeps its targets through stages 7 and 8 (254.754817ms)
✔ clownfish straight keeps its targets through stages 7 and 8 (69.382767ms)
✔ new clownfish follow the pictured body stage while NB and other species keep their rules (30.900399ms)
✔ bi male/nonbinary survives sex change and reload without re-selection (116.712569ms)
✔ bi female/nonbinary survives sex change and reload without re-selection (48.720203ms)
✔ bi male/female survives sex change and reload without re-selection (53.727989ms)
✔ bi male/female/nonbinary survives sex change and reload without re-selection (63.25807ms)
✔ pan male/female/nonbinary survives sex change and reload without re-selection (81.298426ms)
✔ aro  survives sex change and reload without re-selection (55.235484ms)
✔ questioning male/female/nonbinary survives sex change and reload without re-selection (94.093587ms)
✔ NB identity remains NB while its clownfish body completes the transition (22.299866ms)
✔ NB body-only change does not reopen an already reconciled relationship (24.239353ms)
✔ a legacy sex-change notice cannot overwrite a primary save recovered from backup (53.021232ms)
✔ a partner whose targets no longer include us is retained as mismatched, including marriage (365.17485ms)
✔ compatible partners keep affection and a newly matching partner leaves mismatch (78.205761ms)
✔ valid saved attraction overrides stale labels for self, partner, and guest (103.795561ms)
✔ legacy late-stage saves migrate once after age conversion; existing females never revert (156.947287ms)
✔ normal and infinite transformations use the selected form; returning restores the original life (45.123899ms)
✔ guest codes preserve individual bi targets and canonical labels; old codes still load (33.271231ms)
✔ shared early-female clownfish keep a female stage name in profile and court (42.670318ms)
✔ a migrated infinite return snapshot gets the same identity repair before resuming (74.478722ms)
✔ real court regression: male/straight against 18 identities (239.841274ms)
✔ real court regression: male/gay against 18 identities (157.732486ms)
✔ real court regression: male/bi against 18 identities (364.293266ms)
✔ real court regression: male/pan against 18 identities (202.36693ms)
✔ real court regression: male/aro against 18 identities (36.383817ms)
✔ real court regression: male/questioning against 18 identities (340.844132ms)
✔ real court regression: female/straight against 18 identities (205.363476ms)
✔ real court regression: female/gay against 18 identities (158.877738ms)
✔ real court regression: female/bi against 18 identities (208.574992ms)
✔ real court regression: female/pan against 18 identities (258.567504ms)
✔ real court regression: female/aro against 18 identities (43.529602ms)
✔ real court regression: female/questioning against 18 identities (298.686823ms)
✔ real court regression: nonbinary/straight against 18 identities (150.463872ms)
✔ real court regression: nonbinary/gay against 18 identities (113.801785ms)
✔ real court regression: nonbinary/bi against 18 identities (138.314065ms)
✔ real court regression: nonbinary/pan against 18 identities (200.920226ms)
✔ real court regression: nonbinary/aro against 18 identities (40.410754ms)
✔ real court regression: nonbinary/questioning against 18 identities (214.512881ms)
✔ new court after a gay male becomes female uses both participants current genders (68.331147ms)
✔ completed relationships can reconcile and stay reconciled after save/load without changing targets (83.183449ms)
✔ a normal tick crossing stage 8 completes once and a non-clownfish never changes gender (50.68437ms)
✔ finished lives retain the recorded identity when an old save is loaded (157.106513ms)
✔ old compatibility cleanup cannot delete a partner before the clownfish migration makes them compatible (224.378583ms)
✔ sex change during a minigame is announced after returning to the home screen (34.929777ms)
✔ a same-tick elder achievement cannot replace the completed sex-change notice (40.288978ms)
✔ stage-7 notice waits until finished minigame results have been readable (40.00993ms)
✔ newborn clownfish hatch male for a binary roll and save that identity (41.825097ms)
✔ a transition notice waits behind transformation choices and survives choosing to stay (46.247549ms)
✔ pre-v2 compatibility migration leaves finished clownfish relationships and logs unchanged (154.45297ms)
✔ pre-v2 infinite return relationship migration is complete before the first return (314.535003ms)
✔ a same-tick marriage anniversary leaves the transition notice for after the movie (221.041488ms)
✔ comment text reuses matching illustrations and escapes arbitrary text (217.496173ms)
✔ whole emoji sequences stay intact and unrelated food keeps its meaning (45.232608ms)
✔ speech shows the current actor illustration and leaves conversation and saves unchanged (44.487543ms)
✔ notices retain their scroll position until the actual message changes (46.74226ms)
✔ event text, captions and birthday notices use the same inline presentation (59.571124ms)
✔ birthday and milestone symbols depict their own objects without unrelated atlas substitutes (39.48207ms)
✔ all 26 companions and 18 partners keep their own speech portraits (311.603695ms)
✔ comment image failure stays local and works for newly inserted pictures (50.492967ms)
✔ pet reaction notices keep their words and identify the actual pet with its PNG (38.555278ms)
✔ normal egg reserves an unraised species without changing this life or spending stock (244.372822ms)
✔ normal egg blocks an exhausted pool and cannot borrow from the other pool (49.103808ms)
✔ rare egg reserves an unraised species without changing this life or spending stock (36.688897ms)
✔ rare egg blocks an exhausted pool and cannot borrow from the other pool (33.762608ms)
✔ one reservation blocks all rerolls; cancellation never duplicates either stock (139.612876ms)
✔ reservation and unused stock survive reload, infinite return and next life; five taps consume once (203.742362ms)
✔ funded legacy reservation keeps an already raised species through migration and hatch (216.630394ms)
✔ old discovered species seed the unraised pool while new temporary discoveries do not (124.862943ms)
✔ malformed or unfunded reservations never grant their species or negative stock (425.868091ms)
✔ infinite mode cannot reserve or hatch a funded egg (49.415374ms)
✔ existing milestone egg grants use new stock once and never revive old dream fields (44.463368ms)
✔ normal purchase reserves secretly once; cancel/re-reserve/reload never refunds or clones (100.52069ms)
✔ normal reserve without stock cannot purchase and unavailable purchase cannot charge (44.135149ms)
✔ rare purchase reserves secretly once; cancel/re-reserve/reload never refunds or clones (114.533408ms)
✔ rare reserve without stock cannot purchase and unavailable purchase cannot charge (65.135197ms)
✔ central egg controls are removed from real HTML and runtime listeners (11.582906ms)
✔ normal egg card has exactly one state-appropriate action and owned stock cannot be repurchased (479.980581ms)
✔ rare egg card has exactly one state-appropriate action and owned stock cannot be repurchased (317.293308ms)
✔ friend tickets list active-unjoined normal and rare companions without spending before confirmation (157.160564ms)
✔ confirming a companion ticket opens the normal invitation and stale confirmation does not spend (58.277861ms)
✔ cancel and no candidate leave friend stock untouched (30.585849ms)
✔ match ticket lists exactly the mutually attracted candidates for male female and nonbinary pets, including seen candidates (46.100275ms)
✔ match confirmation calls one candidate to the current region without changing world tables or creating a partner (27.459971ms)
✔ match confirmation revalidates partner while calls survive introductions and clear on travel (206.424662ms)
✔ match confirmation revalidates stock and a local-home display transition keeps the paid call (36.665819ms)
✔ a called match survives save reload in the same region (71.146507ms)
✔ confirming either companion ticket leaves the shop so its invitation is reachable (91.52452ms)
✔ time tickets change only the adjacent visual stage for five real minutes (260.80247ms)
✔ time tickets enforce the first and eighth actual-stage boundaries (95.383447ms)
✔ a temporary form survives reload without extending and clears on a real stage change (127.508738ms)
✔ dex tickets offer exactly all ordinary and eight rare forms and stale choices do not spend (104.990425ms)
✔ transform tickets fund three legal candidates and favor species never raised (24.020526ms)
✔ transform tickets supplement experienced candidates and reject stale or unavailable selections (24.960968ms)
✔ legacy discovery seeds raised species once without later temporary discoveries (92.101018ms)
✔ an actual transformation clears a temporary appearance (35.902348ms)
✔ ticket candidates cannot transform through the ordinary overlay without spending stock (56.0457ms)
✔ reloading an open transform ticket keeps stock and restores no ordinary offer (70.077234ms)
✔ dex picker hides every unknown form including markup and reveals only after selection (74.215864ms)
✔ life medicine refills only life and can be used again after life falls (251.268127ms)
✔ life medicine at full life or outside a living finite life does not consume (239.701739ms)
✔ life charm automatically prevents actual death without changing its causes (105.403069ms)
✔ a real dying tick spends one charm at the death boundary (43.93116ms)
✔ the tick reaching age one hundred enters farewell before charm consumption (39.632661ms)
✔ life charm waits through grace and is never spent for farewell or infinity (34.080364ms)
✔ life charm is automatic and has no manual use control (63.502371ms)
✔ retired consumables have no sale, use, or active-effect behavior (91.282362ms)
✔ shop orders all twelve consumables by the approved catalog (68.765148ms)
✔ final consumable catalog publishes exactly the twelve approved products (2.666259ms)
✔ legacy stock converts or refunds once before retired IDs are filtered (2.145712ms)
✔ every retired stock ID refunds its old unit price and purchase history adds nothing (1.175442ms)
✔ authoritative lifetime bag prevents live and snapshot copies from duplicating refunds (0.683667ms)
✔ invalid counts and unsafe sums cannot create unsafe money or stock (0.64324ms)
✔ deduplicates prepaid reservations across live and infinite snapshots (1.199381ms)
✔ separately paid small and great minigame reservations refund both once (2.458742ms)
✔ one logical minigame reservation refunds only its highest evidenced tier (0.386146ms)
✔ pending funded reservations add no refund beyond their bag stock (0.557675ms)
✔ active and partly used effects end without refund while a fully unused sickness shield refunds once (0.845018ms)
✔ a partially used sickness snapshot overrides a duplicate fully unused snapshot (0.411715ms)
✔ old court-big compatibility pays 350 once and is cleared even with flags (0.353009ms)
✔ reserved dream species survives conversion and reload-shaped normalization (0.475861ms)
✔ already migrated saves and return snapshots clear obsolete effects without credit (0.41377ms)
✔ a funded old Lucky pending item is cleared without duplicating its bag stock (0.314932ms)
✔ malformed migration markers cannot skip conversion (3.268297ms)
✔ registry sizes: species 31 (22 normal + 8 rare + 1 secret, 8 stages each = 248), companions 26, partners 18, legends 5 (146.719111ms)
✔ the secret species comes from master.playerSpecies.secret; the ren fallback is only for a missing master (7.78973ms)
✔ every full registry table holds exactly the master ids (plus its pinned legacy rows) (384.697623ms)
✔ every intentionally partial table is exactly its audited subset (30.058959ms)
✔ legacy rows are pinned and never leak into the current canonical sets (6.860465ms)
✔ alias destinations are canonical, and alias keys are canonical or retired (0.466519ms)
✔ species aliases: dex counts and the dex "found" display agree (raw → alias → registered) (51.912926ms)
✔ cast-bounds covers every current species stage, companion, partner, the author and egg frames (1.555052ms)
✔ images: every master species has 8 stages whose asset is <id>/01..08.png and whose label matches master (1.17139ms)
✔ GOAL_TIER_IDS is the single tier map: id ↔ ordinal both ways, and every per-tier table follows it (14.133124ms)
✔ ENDING_CELEBRATIONS still lacks the perfect tier: a known open gap, not the spec (7.0617ms)
✔ save ordinals are unchanged: endingTiersReached stays the ints 0..4 and the tier logic returns the same numbers (92.70064ms)
✔ remove-it: a species added to master but forgotten in one table is named with its table; typo, extra and retired ids too (139.977961ms)
✔ initial decoration preserves all text, existing elements and listeners (9.864187ms)
✔ token auditing keeps joined, modified, flag and keycap glyphs whole (2.938377ms)
✔ unknown whole sequences remain unchanged even when a component is known (1.961665ms)
✔ editing controls and existing illustration subtrees remain untouched (2.521347ms)
✔ later added subtrees and character edits are decorated without rescanning unaffected text (5.786232ms)
✔ nodes removed before observer delivery are ignored (1.766993ms)
✔ the current actor marker passes through the same display resolver (1.978315ms)
✔ daily and Lucky payouts stay independent with null (321.498065ms)
✔ daily and Lucky payouts stay independent with star (59.212279ms)
✔ Star does not multiply either side of a duel settlement (78.571153ms)
✔ five warming taps show progressive egg art and hatch once at the existing boundary (211.152657ms)
✔ each saved egg resumes its crack stage without replaying a touch reaction (382.002891ms)
✔ reload immediately after the fifth tap keeps the same newborn and one birth record (60.742393ms)
✔ reset during the hatch effect cannot alter or decorate the replacement egg (34.701546ms)
✔ the egg itself can be warmed and newborn care remains available immediately (58.655122ms)
✔ all 30 legal dream species keep their stable identity and first-form artwork (1353.993738ms)
✔ a failed egg image uses the existing emoji fallback and can still hatch (42.812516ms)
✔ finished reactions are removed and cannot replay when returning from a minigame (93.64588ms)
✔ cancelled hatch animation is cleaned before an immediate minigame return (116.682816ms)
✔ reduced motion shows the correct egg and newborn without a pending reveal (34.35287ms)
✔ home derives emotion without adding saved emotion fields (183.401734ms)
✔ rendering and running an emotion cue leave the serialized save unchanged (51.801039ms)
✔ home emotion follows canonical priority and pet availability (48.124476ms)
✔ persistent cue moves only the main pet and its accessory (54.706283ms)
✔ 26 companions stay still during the main pet hungry cue (70.236302ms)
✔ 26 companions stay still during the main pet sulk cue (45.256173ms)
✔ critical life cancels a running persistent cue and stays still (39.793169ms)
✔ critical life suppresses both ordinary idle sources while keeping critical UI (26.212078ms)
✔ ordinary render does not interrupt a real care reaction (22.525444ms)
✔ real feed starts with munch (41.577033ms)
✔ real wake keeps stretch for a sleepy randomized line (27.424256ms)
✔ real wrong medicine starts with shake (26.293136ms)
✔ real annoyed play starts with settle (68.284714ms)
✔ feed adds one pet-only gentle bounce after munch when hunger is cleared (46.716507ms)
✔ feed returns to the latest hungry profile without a happy afterglow (39.352812ms)
✔ feed afterglow rechecks raw hunger at callback time (81.223336ms)
✔ feed afterglow rechecks raw pet availability at callback time (51.124993ms)
✔ cured medicine settles first and then adds one pet-only bounce (29.053541ms)
✔ a newer care action invalidates the old feed afterglow (31.645628ms)
✔ a newer semantic event invalidates the old feed afterglow (33.018091ms)
✔ leaving home invalidates a feed afterglow even after returning (158.351273ms)
✔ feed afterglow waits for existing companion conversation beats (88.178923ms)
✔ critical life and reduced motion suppress care afterglow movement (148.995303ms)
✔ critical life suppresses cured medicine afterglow (64.000156ms)
✔ other semantic care reactions finish without an added happy afterglow (143.301017ms)
✔ normal state cancels the old profile timer before it can fire (29.079947ms)
✔ non-normal emotion excludes the pet from ordinary idle while companions continue (68.499395ms)
✔ non-normal emotion excludes autonomous pet greetings but keeps social greetings (137.970977ms)
✔ egg blocks a pending persistent cue (112.573362ms)
✔ farewell blocks a pending persistent cue (36.069527ms)
✔ dead blocks a pending persistent cue (34.279379ms)
✔ sleeping blocks a pending persistent cue (34.184481ms)
✔ transform blocks a pending persistent cue (33.726614ms)
✔ menu blocks a pending persistent cue (35.920368ms)
✔ minigame blocks a pending persistent cue (38.906089ms)
✔ story blocks a pending persistent cue (36.331159ms)
✔ hidden tab blocks a pending persistent cue (41.726924ms)
✔ story opening immediately cancels an active persistent cue (51.876374ms)
✔ menu cancels an active persistent cue and the current state restarts after return (35.675359ms)
✔ story cancels an active persistent cue and the current state restarts after return (36.463823ms)
✔ minigame cancels an active persistent cue and the current state restarts after return (275.845438ms)
✔ hidden tab cancels an active persistent cue and the current state restarts after return (37.739251ms)
✔ returning from a hidden tab schedules the current profile again (36.120867ms)
✔ reduced motion retains the derived state without starting a cue (41.221901ms)
✔ switching to reduced motion stops a running persistent cue (36.334077ms)
✔ reduced motion suppresses persistent and afterglow movement but retains the warning icon (70.315632ms)
✔ normal idle perk callback does not preempt a pending care afterglow (51.201343ms)
✔ normal idle perk callback does not preempt an active care afterglow (39.043257ms)
✔ normal idle greeting callback does not preempt a pending care afterglow (53.356742ms)
✔ normal idle greeting callback does not preempt an active care afterglow (39.869846ms)
✔ static script exposes the pure resolver on window (4.261274ms)
✔ resolve returns every approved emotion profile (0.66992ms)
✔ resolve follows the approved visible priority (0.440729ms)
✔ worsening tiredness never increases cue cadence (0.404651ms)
✔ non-playable and sleeping signals resolve to normal (0.308836ms)
✔ resolve does not mutate its input or share returned profile objects (0.384115ms)
✔ sodachi 20 to 100 costs 1,500-1,800 growth and 20 to 70 costs under 800 (214.227892ms)
✔ sleeping from empty takes roughly 3-12 seconds of recovery steps (82.392359ms)
✔ an S-rank result grants a growth boost that doubles growth and decays per tick (52.652629ms)
✔ game length: normal difficulty runs at face value, easy adds 20%, short mode trims games of 20s or more (29.651032ms)
✔ life recovers during ordinary care and faster when everything is above 60 (51.82043ms)
✔ a full transform meter opens the transform choice right after the game, with no lottery (52.500828ms)
✔ the same environment + seed + pinned clock gives the same time, weather, season and randomness on any host clock and TZ (1167.768491ms)
✔ with environment: 'auto' the result follows the host clock (the test detects the difference) (2099.291755ms)
✔ hostEnvironmentClock alone makes the time of day follow the harness clock instead of the host clock (817.951841ms)
✔ the flaky "entering meguru" scene is reproducible with the options on any host clock and TZ (5356.816741ms)
✔ one generator feeds the page Math.random (from boot) and meguru (320.997767ms)
✔ default harness(): fixed day/sunny environment (RH-6), native random, unpinned new Date(), harness Date.now() (66.171307ms)
✔ a manual time/weather mode still wins over environment, and the undersea/starry regions keep no weather (46.942925ms)
✔ the deterministic preset pins environment, host clock, seed and date; explicit options win (104.678078ms)
✔ the weather labels the harness returns match world-environment.js (1.816293ms)
✔ one-finger drags cannot pan the home, including a drag starting on a care button (214.917154ms)
✔ long text can scroll in both directions but cannot drag the home past its edges (48.950137ms)
✔ pinch zoom and panning an enlarged view remain available (81.38906ms)
✔ menus, minigames and life records keep their gestures and returning home restores the lock (110.804105ms)
✔ home touch setup leaves the home height available after the fun strip retirement (54.662379ms)
✔ approved hunger profile covers exactly 31 playable growth lines and all 248 stages (2.32727ms)
✔ hunger category resolver does not silently fallback for unsupported or malformed assets (0.238585ms)
✔ all 248 hungry displays use the approved food artwork, including life-stage overrides (21.131796ms)
✔ mushroom07 hunger bubble separates from spores without moving other state marks (0.795098ms)
✔ every shipped UI/game emoji has an illustrated display definition (384.621837ms)
✔ the exact actor and generic game props are separate, and saves stay untouched (48.187933ms)
✔ every minigame maps to one of the intro demo kinds, and the kinds are varied (136.648353ms)
✔ the intro card carries a demo canvas tagged with the demo kind (52.773094ms)
✔ swipe thresholds are unified through MG_SWIPE_MIN and hold timing through MG_HOLD_PROFILES (36.307304ms)
✔ the result toast offers a retry button that restarts the same game (52.211321ms)
✔ the result toast has no retry button before any game was played (31.428833ms)
✔ the intro card shows for the first three plays and the help overlay works any time (47.722247ms)
✔ steps pad fires the moment a direction is clear, once per flick, without waiting for release (59.735617ms)
✔ turn-based steps pad needs a longer drag for the second cell in the same direction (20.673825ms)
✔ delta pad glides at the pad edge while pushing outward and stops when the finger comes back (24.305576ms)
✔ vector pad keeps the direction of the real movement, not the wobble when the finger stops (23.212698ms)
✔ the unified manifest gives every one of the 27 item identities a dedicated normalized PNG (635.283421ms)
✔ shop, home, consumables and item stickers use semantic unified art (301.846083ms)
✔ a unified image failure reveals only its semantic fallback without changing state (43.211909ms)
✔ the unified shop art frame is 40px while the home accessory keeps its inherited frame (1.573627ms)
✔ retired hat uses the ordinary transform rate and needs four games (186.057825ms)
✔ retired hat has no game effect in a start snapshot (138.402857ms)
✔ retired energy1 has no game effect in a start snapshot (154.492204ms)
✔ retired glasses has no game effect in a start snapshot (118.606771ms)
✔ retired crown has no game effect in a start snapshot (169.197955ms)
✔ retired flower has no game effect in a start snapshot (204.36596ms)
✔ retired crown cannot rescue zero health but the existing miracle still works (33.815896ms)
✔ crown does not bypass normal two minute life warning or rescue life death (34.55548ms)
✔ retired crown snapshot cannot reduce failed-game life damage (33.569509ms)
✔ star pays ordinary success immediately and never adds a delayed set reward (33.498583ms)
✔ star menu describes immediate ordinary-success coins without stamp or waiting UI (42.446229ms)
✔ ordinary score 0, equipment null -> null pays 0 (28.608457ms)
✔ ordinary score 0, equipment star -> null pays 0 (35.103203ms)
✔ ordinary score 0, equipment null -> star pays 0 (36.172916ms)
✔ ordinary score 29, equipment null -> null pays 0 (86.697601ms)
✔ ordinary score 29, equipment star -> null pays 0 (35.066795ms)
✔ ordinary score 29, equipment null -> star pays 0 (37.506172ms)
✔ ordinary score 30, equipment null -> null pays 30 (56.513693ms)
✔ ordinary score 30, equipment star -> null pays 90 (36.873053ms)
✔ ordinary score 30, equipment null -> star pays 30 (48.481566ms)
✔ ordinary score 69, equipment null -> null pays 30 (32.654467ms)
✔ ordinary score 69, equipment star -> null pays 90 (32.931794ms)
✔ ordinary score 69, equipment null -> star pays 30 (39.880201ms)
✔ ordinary score 70, equipment null -> null pays 60 (82.407099ms)
✔ ordinary score 70, equipment star -> null pays 180 (31.355166ms)
✔ ordinary score 70, equipment null -> star pays 60 (37.025343ms)
✔ ordinary score 100, equipment null -> null pays 60 (35.680863ms)
✔ ordinary score 100, equipment star -> null pays 180 (34.965048ms)
✔ ordinary score 100, equipment null -> star pays 60 (58.950943ms)
✔ quick-run score 0 retains base 0 with null (36.966349ms)
✔ quick-run score 0 retains base 0 with star (30.001664ms)
✔ quick-run score 50 retains base 0 with null (34.079781ms)
✔ quick-run score 50 retains base 0 with star (37.546642ms)
✔ quick-run score 70 retains base 0 with null (33.655299ms)
✔ quick-run score 70 retains base 0 with star (35.742144ms)
✔ quick-solo score 0 retains base 0 with null (85.726196ms)
✔ quick-solo score 0 retains base 0 with star (32.276101ms)
✔ quick-solo score 50 retains base 0 with null (34.69768ms)
✔ quick-solo score 50 retains base 0 with star (35.892538ms)
✔ quick-solo score 70 retains base 0 with null (31.825481ms)
✔ quick-solo score 70 retains base 0 with star (51.819805ms)
✔ game pass applies exactly ordinary score-50 care and 30 coins without starting a game (40.755907ms)
✔ game pass preserves all real-play records, consumable reservations and Lucky stock (36.637141ms)
✔ egg menu reserves random new stock, hides the species and consumes once across reload (314.518962ms)
✔ invalid or unavailable hatch reservation clears without spending; growing pets can reserve (33.722969ms)
✔ duplicate stickers stay as copies and stop at the nine-copy cap (45.425581ms)
✔ theme costs 60 and draws only chosen category with the secret gate; ordinary stays 30/3 (107.669734ms)
✔ legacy sticker counts and positions merge idempotently without replacing character history (29.572411ms)
✔ sticker catalog offers all current items while retaining other collection categories (22.813188ms)
✔ duel host win: both reserve, purchases cannot spend stake, settlement/reload/replay is exact once (191.530211ms)
✔ duel guest win: both reserve, purchases cannot spend stake, settlement/reload/replay is exact once (212.661806ms)
✔ duel draw: both reserve, purchases cannot spend stake, settlement/reload/replay is exact once (230.015381ms)
✔ unpublished cancel refunds once; published abandonment forfeits and close/new life preserve stake (40.26552ms)
✔ old unfunded progress terminates without minting while completed old matches retain money/statistics (32.850487ms)
✔ repeated hatch callback does not change an already committed newborn (37.448338ms)
✔ result-only close and rematch handlers cannot discard a reserved match (42.932745ms)
✔ infinite snapshot reload and return preserve live duel rather than resurrecting an earlier settlement (79.247407ms)
✔ duel spends available coins normally and still settles backed stakes (154.129638ms)
✔ different match IDs, old-format and duplicate-question codes never reserve or settle (294.241354ms)
✔ real sticker menu buys the selected category and has no point-exchange controls (111.107801ms)
✔ maxed stickers are excluded from pack draws (115.069339ms)
✔ host ID generation remains usable at a zero random draw (51.472071ms)
✔ completed legacy duels reopen as results, without a new unsupported settlement code (199.878541ms)
✔ real duel create, join, publish and import controls use the reserved transaction (175.944479ms)
✔ guest abandonment and full wipe cannot return a published stake (69.375494ms)
✔ age stage transition keeps its story and life log without coins (237.929102ms)
✔ birthday 41 keeps growth, decline relief and celebration without coins (44.15285ms)
✔ birthday 50 keeps growth, decline relief and celebration without coins (45.926518ms)
✔ birthday 90 keeps growth, decline relief and celebration without coins (45.859243ms)
✔ midlife 44 preserves its noncoin effect and one-time record (61.867537ms)
✔ midlife 50 preserves its noncoin effect and one-time record (32.670786ms)
✔ midlife 56 preserves its noncoin effect and one-time record (75.815158ms)
✔ midlife 62 preserves its noncoin effect and one-time record (39.609755ms)
✔ midlife 66 preserves its noncoin effect and one-time record (36.566919ms)
✔ sodachi 30 keeps milestone record and eggs, without coins (45.301771ms)
✔ sodachi 40 keeps milestone record and eggs, without coins (42.251837ms)
✔ sodachi 50 keeps milestone record and eggs, without coins (39.576669ms)
✔ sodachi 60 keeps milestone record and eggs, without coins (43.826431ms)
✔ sodachi 70 keeps milestone record and eggs, without coins (98.814673ms)
✔ sodachi 80 keeps milestone record and eggs, without coins (31.175756ms)
✔ sodachi 90 keeps milestone record and eggs, without coins (35.919748ms)
✔ sodachi 100 keeps milestone record and eggs, without coins (32.811118ms)
✔ home former coin moment still appears and records without paying (61.887597ms)
✔ desert former coin moment still appears and records without paying (37.426092ms)
✔ star_stop former coin moment still appears and records without paying (49.817757ms)
✔ environment callbacks ignore a latent money field while preserving noncoin effects (48.943392ms)
✔ memory lake still recalls life memories and recovers happiness without coins (65.234295ms)
✔ sticker tasks record completion once without points or coins (89.063021ms)
✔ offline 10 minutes preserves recovery and memory without money (40.737236ms)
✔ offline 60 minutes preserves recovery and memory without money (41.027918ms)
✔ offline 600 minutes preserves recovery and memory without money (151.549106ms)
✔ eligible gate legend keeps discovery, life log and movie without any care or coin reward (46.943184ms)
✔ eligible stairs legend keeps discovery, life log and movie without any care or coin reward (37.748279ms)
✔ eligible boss legend keeps discovery, life log and movie without any care or coin reward (41.33193ms)
✔ eligible lamp legend keeps discovery, life log and movie without any care or coin reward (43.282692ms)
✔ eligible mirror legend keeps discovery, life log and movie without any care or coin reward (69.771532ms)
✔ repeated legend trigger cannot create a second encounter in one life (49.316133ms)
✔ gate legend movie has no payout beat or footer (69.16206ms)
✔ stairs legend movie has no payout beat or footer (34.819926ms)
✔ boss legend movie has no payout beat or footer (30.68145ms)
✔ lamp legend movie has no payout beat or footer (30.847215ms)
✔ mirror legend movie has no payout beat or footer (31.563032ms)
✔ old claimed save retains balances, inventory and event claims across reload without repeat grants (134.325802ms)
✔ environment guidance keeps care coefficients but removes obsolete game coin modifiers (39.08248ms)
✔ retirement refunds stock and tool ownership exactly once, never history or duplicate reservations (2.0842ms)
✔ legacy tool use counts as ownership only before the original item migration (0.472178ms)
✔ retirement preserves shared memories and cooldowns while removing fun-only records and sticker placements (1.815323ms)
✔ retired items cannot be bought, granted, used or selected as stickers; equipment completion ignores stale ids (206.152492ms)
✔ refund survives reload, new lives and infinite return without reviving old reservations (84.182773ms)
✔ great games retain coins and offline visits retain recovery without granting retired items (26.231891ms)
✔ infinite snapshots and retired achievement metadata are cleared without extra compensation (0.353334ms)
✔ dedicated reward inventory is retired and legacy reward stock is discarded (195.382877ms)
✔ milestone eggs are granted once even after spending, without coins (28.322549ms)
✔ ordinary completion pays thirty coins (27.615199ms)
✔ daily completion adds one Lucky inventory without a reservation (37.286946ms)
✔ invalid stock cannot be spent and normalization does not create wealth (58.980246ms)
✔ module validates transactions and persists structured memories without retired cooldown APIs (27.206133ms)
✔ normal equipment catalog contains only the final ten products (19.396614ms)
✔ normal equipment poop1 has its final catalog price and shop price (24.41776ms)
✔ normal equipment poop1 has its final catalog and shop description (21.612068ms)
✔ normal equipment sleepboost1 has its final catalog price and shop price (29.77402ms)
✔ normal equipment sleepboost1 has its final catalog and shop description (42.248524ms)
✔ normal equipment bowtie has its final catalog price and shop price (56.958741ms)
✔ normal equipment bowtie has its final catalog and shop description (53.709384ms)
✔ normal equipment ribbon has its final catalog price and shop price (21.796718ms)
✔ normal equipment ribbon has its final catalog and shop description (21.658014ms)
✔ normal equipment scarf has its final catalog price and shop price (71.417697ms)
✔ normal equipment scarf has its final catalog and shop description (23.254064ms)
✔ normal equipment travel1 has its final catalog price and shop price (20.83552ms)
✔ normal equipment travel1 has its final catalog and shop description (30.189482ms)
✔ normal equipment partner1 has its final catalog price and shop price (27.752633ms)
✔ normal equipment partner1 has its final catalog and shop description (24.478232ms)
✔ normal equipment bond1 has its final catalog price and shop price (23.981924ms)
✔ normal equipment bond1 has its final catalog and shop description (24.18429ms)
✔ normal equipment gamepass1 has its final catalog price and shop price (24.845527ms)
✔ normal equipment gamepass1 has its final catalog and shop description (26.574397ms)
✔ normal equipment star has its final catalog price and shop price (22.268397ms)
✔ normal equipment star has its final catalog and shop description (23.960237ms)
✔ normal equipment V2 retains all nine continuing IDs with no price difference charged (271.394705ms)
✔ backpack removes travel hunger and energy costs but does not prevent fatigue (254.412422ms)
✔ retired lantern UI and stale clicks never create light scenes or cooldowns (43.473179ms)
✔ legacy light data is ignored safely: [{"key":"lantern:1","event":"lantern","text":"old light"}] (73.212237ms)
✔ legacy light data is ignored safely: null (90.91302ms)
✔ legacy light data is ignored safely: "broken" (107.193774ms)
✔ equipment reactions only occur for actual eligible care and active protection (43.734271ms)
✔ guest origin persists across appearance, reload and codes but differs for a new life (68.668189ms)
✔ court letters capture the real new partner and survive form changes and a new life (155.211111ms)
✔ danger-triggered ribbon recovery delivers readable feedback in both motion modes (77.101223ms)
✔ retired flowers leave court dialogue and care feedback without bonus reactions (300.07731ms)
✔ ineligible ribbon ticks and mismatched court do not claim equipment effects (39.75507ms)
✔ V2 equipment feedback waits for an existing conversation and never replaces critical care (42.552068ms)
✔ a pending equipment line does not follow a reset into another life (38.531892ms)
✔ game pass clears daily and companion context without completing either, including the next real game (52.307664ms)
✔ V2 paper clears every poop at the danger threshold without manual-care credit (280.11952ms)
✔ V2 pillow makes sleep an immediate full-energy action (57.580016ms)
✔ V2 bowtie automatically fills hunger when the normal danger band is reached (33.35944ms)
✔ V2 ribbon automatically fills happiness when the normal danger band is reached (25.673447ms)
✔ V2 disease equipment automatically cures sickness without pretending it was a manual medicine tap (40.947801ms)
✔ V2 automation equipment no longer keeps the old passive percentage reductions (270.364691ms)
✔ retired dedicated reward inventory has no production UI or runtime path (11.974548ms)
✔ V2 backpack makes ordinary travel cost zero hunger and zero energy while fatigue still applies (230.174204ms)
✔ V2 star badge triples only the ordinary minigame success coin payout (102.853025ms)
✔ V2 love letter restores partner affection to max at the danger threshold (32.552979ms)
✔ V2 friend badge restores companion bond to max at the danger threshold (45.979201ms)
✔ retired star and reunion state is discarded without changing companion records (35.251794ms)
✔ friend badge no longer offers a reunion game or retired lantern actions (117.404ms)
✔ social equipment preserves ordinary decay and does not automate relationship decisions or award records (116.334374ms)
✔ star badge triples great-result coins and leaves failed-result at zero (169.130334ms)
✔ retired energy1 does not soften ordinary care decay (104.993073ms)
✔ retired crown does not soften ordinary care decay (208.452906ms)
✔ life card and received life code show the recorded woman, not a system emoji (215.859011ms)
✔ overlapping stage names and chosen infinite forms retain their recorded portraits (42.044981ms)
✔ leaving current location restores the home-region label after presentation caching (43.076371ms)
✔ legacy life timeline resolves stage labels and keeps unrelated log strings escaped (34.069829ms)
life-stage profiles: ok
✔ tests/life-stage-profiles-test.cjs (120.875402ms)
✔ static script exposes the locality resolver on window (5.479324ms)
✔ known municipalities resolve to their curated scenery profiles (1.715185ms)
✔ prefecture-aware matching does not confuse same-named wards or conflicting cities (0.358849ms)
✔ explicit Osaka city wards are metropolitan without capturing other cities or bare wards (0.322398ms)
✔ unknown municipalities use a general town image without claiming local geography (0.517762ms)
✔ sanitizeLocality rejects malformed values and removes unapproved saved fields (0.468675ms)
✔ reload restores saved municipal scenery without requesting GPS (184.105176ms)
✔ unknown saved municipalities describe the neutral generated town image (78.340512ms)
✔ malformed saved locality is discarded and cannot activate current-location scenery (64.34177ms)
✔ a successful selection saves only display-safe locality fields (122.985553ms)
✔ failed refresh keeps saved scenery selected and a later explicit retry can replace it (100.669415ms)
✔ an observed municipality is offered for selection when another region remains displayed (33.364496ms)
✔ an invalid live municipality falls back to the sanitized saved selection (36.300124ms)
✔ manual refresh of a selected locality persists and reloads the new municipality (67.182505ms)
✔ a canceled manual refresh cannot replace or render over the selected locality (35.943047ms)
✔ explicit home selection clears only the current-location presentation (40.699844ms)
✔ pending current-location selection cannot override a later travel choice (65.436928ms)
✔ Lucky catalog and shop offer 300 coin immediate roulette (226.830561ms)
✔ roulette draw 0 immediately pays 10 (186.57853ms)
✔ roulette draw 0.14999999999999977 immediately pays 10 (49.245683ms)
✔ roulette draw 0.15 immediately pays 20 (33.832948ms)
✔ roulette draw 0.34999999999999976 immediately pays 20 (100.810185ms)
✔ roulette draw 0.35 immediately pays 50 (61.189867ms)
✔ roulette draw 0.5999999999999998 immediately pays 50 (48.116345ms)
✔ roulette draw 0.6 immediately pays 100 (109.729872ms)
✔ roulette draw 0.7999999999999998 immediately pays 100 (37.53339ms)
✔ roulette draw 0.8 immediately pays 500 (82.17852ms)
✔ roulette draw 0.9199999999999998 immediately pays 500 (41.706645ms)
✔ roulette draw 0.92 immediately pays 1000 (36.078478ms)
✔ roulette draw 0.9899999999999998 immediately pays 1000 (37.4022ms)
✔ roulette draw 0.99 immediately pays 10000 (56.022982ms)
✔ roulette draw 0.9999999999999998 immediately pays 10000 (107.687344ms)
✔ roulette independent of equipment null (43.938824ms)
✔ roulette independent of equipment poop1 (156.503682ms)
✔ roulette independent of equipment sleepboost1 (34.069034ms)
✔ roulette independent of equipment bowtie (43.440696ms)
✔ roulette independent of equipment ribbon (36.08883ms)
✔ roulette independent of equipment scarf (39.548619ms)
✔ roulette independent of equipment travel1 (88.001871ms)
✔ roulette independent of equipment partner1 (51.615631ms)
✔ roulette independent of equipment bond1 (59.30266ms)
✔ roulette independent of equipment gamepass1 (40.171146ms)
✔ roulette independent of equipment star (42.52952ms)
✔ legacy reservation migration false,false is once across reload reset infinite return (355.512785ms)
✔ legacy reservation migration true,false is once across reload reset infinite return (150.517912ms)
✔ legacy reservation migration false,true is once across reload reset infinite return (231.187048ms)
✔ legacy reservation migration true,true is once across reload reset infinite return (217.687602ms)
✔ ordinary result 0 never spends Lucky stock or boosts reward (76.110948ms)
✔ ordinary result 50 never spends Lucky stock or boosts reward (69.287701ms)
✔ ordinary result 95 never spends Lucky stock or boosts reward (91.584611ms)
✔ runtime has no Lucky reservation or doubled-reward code (53.647944ms)
✔ Quick mixed never spends stock or changes Lucky payout (46.679974ms)
✔ Quick knock never spends stock or changes Lucky payout (39.756281ms)
✔ Quick tickle never spends stock or changes Lucky payout (36.947618ms)
✔ duel settlement and Lucky payout are independent (130.023358ms)
✔ spent reservation recovery never reappears after save and return (149.634939ms)
(node:528) [MODULE_TYPELESS_PACKAGE_JSON] Warning: Module type of file:///workspace/scratch/28c7e6574f23/naotocchi/vendor/three-0.170.0/three.module.min.js is not specified and it doesn't parse as CommonJS.
Reparsing as ES module because module syntax was detected. This incurs a performance overhead.
To eliminate this warning, add "type": "module" to /workspace/scratch/28c7e6574f23/naotocchi/package.json.
(Use `node --trace-warnings ...` to show where the warning was created)
✔ AD-1. scene dressing の 契約: 3D だけ・あたり なし・ふんで とおれる・群生(2〜8)・道 / spot / かたい 物 / 水 には おかない (26697.084553ms)
✔ AD-2. 配置は「空いた ところに 均一に 置く」では なく 群生 + 意図した 余白: 道ばたの 帯(roadside)と ます目(grid)の 両方・余白が ある (3.113344ms)
✔ AD-3. remove-it: 2D の world と corridor には dressing が ない(3D だけ)。cover を 外した profile では 群生 0 (833.661039ms)
✔ AD-4. 花は 地域に あった いろ・場所: home / forest / jungle / countryside に 花の 群生、しんかい / ゆき には 花 なし、さばくは オアシスの まわり だけ (1.90313ms)
✔ AD-5. Tree v3: 針葉樹 4〜5 段(明暗・下ほど ひろい)、広葉樹は かたまり 2〜5(明 / 中 / 暗)、ヤシは は 5〜8(はばは 長さに 比例) (5.624067ms)
✔ AD-6. gate: もり と ジャングルは 1 まいの 絵で 見わけが つく(葉の palette・きりの いろ・ジャングル だけ 大きな は / つる / 根もとの 下草 / lowPoly) (6.181272ms)
✔ AD-7. Building v4: family ごとの かたまり・屋根の かたち(切妻 / 寄棟 / 平ら)・のき・土台・入口 と まど・かたまりの 足し(ポーチ / 出窓 / 縁側 / はなれ / ベランダ / 煙突 / ひさし)・シルエット 高さ / はば ≤ 1.5 (5.56884ms)
✔ AD-8. city scene: 低層 / 中層 / 高層の まざり・灰 だけで ない いろ・みせ(ガラス + ひさし + 看板 + たて看板)・路地の かべも 正面を もつ・高さは 床の 5.5 倍まで (7.079316ms)
✔ AD-9. city の 小物: 自転車・自販機は 3D の かたち(unresolved なし)。街路樹・信号・横断歩道・電柱は そのまま (6.774931ms)
✔ AD-10. いけがき は 箱では なく まるい しげみの れつ(あたりの 箱の なか・あたまより 下) (0.953424ms)
✔ AD-11. 水の 統合: 川は なめらかに 曲がり はばが ゆれる(riverCurve・pure)。見た目の 水は あたりの 帯の 内がわ。川岸に 石 / あし / 草 / 花の 帯 (53.398946ms)
✔ AD-12. Bridge v4: 交わりに かかる(ながさ ≥ 水の はば)・床の 上面は 水面より 上・床より 下から ささえる 橋脚 / 橋台・種類で かたちが ちがう (2.835725ms)
✔ AD-13. さばくの サボテンは 大きく 4 種(柱・枝分かれ・まる・むれ)。オアシスの まわりは 花 で 対比 (0.551815ms)
✔ AD-14. 光: 明るい fill と 方向光で 面を 分ける・岩 / がけの 明るさ と 地域 palette を 保つ (0.768408ms)
✔ AD-15. 箱庭の 比率: ビルは 床の 5.5 倍まで、大木の 幹は あたりより ほそい、花 / しげみ / 街の 小物は 見える 大きさ、まど / 入口は 家に 対して 小さい (2.484844ms)
✔ AD-16. density gate: 代表 spot(各地域 最初の ひろば)から 前景(〜250)/ 中景(250〜700)/ 遠景(700〜1800)の それぞれに 意味の ある 物が 1 つ いじょう。道の 方向は 読める(道の 上に 物 なし) (137.988344ms)
✔ AD-17. Human QA gate の 記録: 13 地域 × 7 条件(ひと目で 地域・さびしく ない・箱っぽく ない・いろ・歩きたい・見どころ・前景 / 中景 / 遠景)が status doc に ある。main merge / Ready は しない (0.819078ms)
✔ AD-18. 原則だけ: Nintendo / どうぶつの森 固有の 名まえ・asset・模様は code にも doc にも 出てこない (7.560307ms)
(node:536) [MODULE_TYPELESS_PACKAGE_JSON] Warning: Module type of file:///workspace/scratch/28c7e6574f23/naotocchi/vendor/three-0.170.0/three.module.min.js is not specified and it doesn't parse as CommonJS.
Reparsing as ES module because module syntax was detected. This incurs a performance overhead.
To eliminate this warning, add "type": "module" to /workspace/scratch/28c7e6574f23/naotocchi/package.json.
(Use `node --trace-warnings ...` to show where the warning was created)
✔ v2-1. player の 絵は きりで 消えない: キャラの material は fog なし・frustum culling なし・きりの 遠端は player + 900 より 遠く (2.377227ms)
✔ v2-2. billboardVisible: 座標に いる のに 描かれない 状態(hidden / scale NaN / texture なし / きりの むこう)を 1 つの 判定で 見つける (64.050113ms)
✔ v2-3. すかしは 見た目の 半径(えだはり)で 判定し、線分より 低い 物は すかさない。あたりの 半径 だけの 旧 判定も そのまま 通る (1.135118ms)
✔ v2-4. ghost pool の 契約: 使った ものだけ visible、使わなかった ものは その frame で hidden、1 frame 使わなければ scene から はずす、pool は つかいまわす (2.980805ms)
✔ v2-5. レンダラーの 切りかえで ghost が のこらない: scene の 捨て(地域 / corridor)・3D → 2D(fallback / 2D の 地域)で clear、stats に ghost と player (1.884623ms)
✔ v2-6. corridor(地域の あいだの 道)は 3D で 描く: 10 本 × 2 方向 ぜんぶ 3D の 対象。飾りは ぜんぶ 意味の 表で 解決し(unresolved 0)、はしの いし だけ かたい (443.158893ms)
✔ v2-7. corridor の gameplay は かわらない: 帯の 左右と はしの いし の あたり、着く / もどる、party の 受けわたし、セーブ なし (253.667971ms)
✔ v2-8. しらせ: ふつうの spot と 地区は toast なし、ランドマークは quiet(左上の 静かな 強調)、ひみつ だけ toast。きろくは かわらない (3053.896499ms)
✔ v2-9. ちずの 表示 filter: ふつうの 池・休憩所・小さな 橋・通過点は 出さず、現在地・つながり・gate・ランドマーク・ひみつ・hub / ひろば は 出す。きろくと 分母は かわらない (2893.398226ms)
✔ v2-10. 帯(strip)の geometry は 1 まいに つながる: frame × lane の 頂点を 共有し、となりの frame と 面で つながる(池の ならび では ない) (2.649683ms)
✔ v2-11. 川(river_lake)= terrain.pts からの 1 本の 帯(岸つき)。帯に かくれる 池は おかない。しんかいの 谷も 1 本の 帯 (3421.159273ms)
✔ v2-12. 海(sea)/ 湖(memory_lake)= 岸線から 水平線まで 1 まいの 面(ぬれた 砂 → 浅瀬 → 沖)+ 岸の あわ。岸の むこうの 池は おかない (1783.576408ms)
✔ v2-13. 水の 見た目は あたり(walkability)を かえない: 岸の clamp・池の あたり・橋は 2D と 同じ。水の 面は あたりを もたない (5933.325327ms)
✔ v2-14. Kit v2 の 原型: 昆布は 曲がった は(木 / 柱では ない)、遺跡は くずれた かべ、はしは いみ ごと、たてものは body + 屋根 + 入口 + まど (21358.661074ms)
✔ v2-15. Region Profile v2: 13 地域 ぜんぶに family(terrain / veg / arch / water / density / landmark / sky)。まちは palette で ビルの いろ と 階数が ばらつき、電柱が ある (9904.164238ms)
(node:544) [MODULE_TYPELESS_PACKAGE_JSON] Warning: Module type of file:///workspace/scratch/28c7e6574f23/naotocchi/vendor/three-0.170.0/three.module.min.js is not specified and it doesn't parse as CommonJS.
Reparsing as ES module because module syntax was detected. This incurs a performance overhead.
To eliminate this warning, add "type": "module" to /workspace/scratch/28c7e6574f23/naotocchi/package.json.
(Use `node --trace-warnings ...` to show where the warning was created)
✔ GA-1. 接地: 地面に つく parts は 足もとの いちばん ひくい 地面まで(斜面で 岩 / 盛り土 / 根 / 岸の 花が 浮かない)。13 地域 (18437.540725ms)
✔ GA-2. 小川 / 川 の 交わり: 橋の 交わり には 橋(床 > 水面・ながさ ≥ 水の はば)、そのほかは 飛び石。ランドマークの 橋は 交わりの 上に ある とき だけ うけもつ (1.042833ms)
✔ GA-3. 小川と 池を わける: ながれの 帯の 中に 池の 円盤(水の 小物)を おかない (0.316981ms)
✔ GA-4. Building v4: 塔の ような 家 なし(シルエット 高さ / いちばん ひろい はば ≤ 1.6、看板 / 屋根の はりだし を ふくむ) (0.851393ms)
✔ GA-5. 小物の 読みやすさ(props gate): 車 = 車輪・望遠鏡 = 3 本 足 + かたむいた 筒・像 = だい + からだ + あたま・かまくら = いりぐち・箱の 小物 = ひさし + 窓。絵文字の 立て看板 は のこって いない (24412.493093ms)
✔ GA-6. 季節 / 天気 は 2D の 正本に あわせる: 針葉樹の 雪 = ゆき の 地域 か 冬、山の 頂の 雪 = それ + 雪の 日、deepsea / star_stop は 地表の 季節 なし (17.143217ms)
✔ GA-7. 地域の 識別性(数で): いえ ≠ いなか(いなかは ひらけ +0.1 いじょう・構成の cosine < 0.75)、もり ≠ ジャングル(ジャングルは 見とおし せまく・高い 層・cosine < 0.6) (8804.11964ms)
(node:568) [MODULE_TYPELESS_PACKAGE_JSON] Warning: Module type of file:///workspace/scratch/28c7e6574f23/naotocchi/vendor/three-0.170.0/three.module.min.js is not specified and it doesn't parse as CommonJS.
Reparsing as ES module because module syntax was detected. This incurs a performance overhead.
To eliminate this warning, add "type": "module" to /workspace/scratch/28c7e6574f23/naotocchi/package.json.
(Use `node --trace-warnings ...` to show where the warning was created)
✔ GT-1. runtime P0(HQ-1 / HQ-2 / HQ-3): すかしは ray で ほんとうに 隠す 物 だけ・もとの いろ・大きな 物は うすく・ちらつかない・変わった instance だけ 送る (87.724187ms)
✔ GT-2. ray の 格子(pure): 線分が とおる ます目の instance だけ が 候補 (1.118319ms)
✔ GT-3. 予算(HQ-4): うすい 板は 1 まい・幹は ふたなし・mound は 下半分 なし・花の まんなか 8 三角形。透明 fade で けさない (0.405993ms)
✔ GT-4. Terrain v1(HQ-5): 意味の ある 起伏。道 / spot は 平ら、ひらけた ところ に 丘、小川は 谷、池は くぼ地、海は 水へ ひくく。ランダムな こぶ だけ では ない (17551.443274ms)
✔ GT-5. Creek / River v3(HQ-6): 小川は spot の 円盤の ならび では なく 1 本の ながれ。橋の spot の 下を とおり、道を 横切る ところは 橋 か 飛び石。道 / かたい 物 の 上を ながれない (3849.870652ms)
✔ GT-6. Water(HQ-7): 海 / 川 / 池 で 水の 面を かえる(海 = 浅瀬 → 沖 → 水平線、川 = 谷の 中の ながれる 面、池 = しずかな くぼ地の 面) (2.862429ms)
✔ GT-7. home と countryside(HQ-10): いえ = 家ごとの 庭(花だん・ポスト・ひくい さく・飛び石)、いなか = ひろい 畑 と 用水路 と 板の はし(庭 なし) (16.234685ms)
✔ GT-8. forest と jungle(HQ-11): もり = つめたい みどり・たおれた 丸太・しだ・きのこ・見とおし ほどほど。ジャングル = 多層(大きな は の 下草・ヤシ・canopy の つる)・しめった もや (653.724812ms)
✔ GT-9. Tree v4(HQ-12): 根もとの はり・2 だんの 幹(すこし かたむく)・かんむりへ のびる 枝・白っぽい ほそい 木(すずしい 地域) (2.967991ms)
✔ GT-10. props gate(HQ-13): ラベル なしで わかる。自転車は 立って いる、水車 / 観覧車の わ は たて (7684.04793ms)
✔ GT-11. 13 地域の grammar(HQ-14): 背景の 絵 なしで 3D だけで 地域が わかる きまり (0.738096ms)
✔ GT-12. 季節 / 天気(HQ-15): 山は 夏(高原の みどり)と 冬(雪)で 地面が かわる・大木も 季節の いろ・3D でも 雨 / 雪 (0.739207ms)
✔ GT-13. Human QA の 記録 と status: 未承認・main merge しない・Ready に しない・production Pages を かえない。特定の 作品の 名まえは 出さない (6.019021ms)
(node:576) [MODULE_TYPELESS_PACKAGE_JSON] Warning: Module type of file:///workspace/scratch/28c7e6574f23/naotocchi/vendor/three-0.170.0/three.module.min.js is not specified and it doesn't parse as CommonJS.
Reparsing as ES module because module syntax was detected. This incurs a performance overhead.
To eliminate this warning, add "type": "module" to /workspace/scratch/28c7e6574f23/naotocchi/package.json.
(Use `node --trace-warnings ...` to show where the warning was created)
✔ 1. フラグなし: forest の world は いまの 2D の まま(props・あたり・3D の しるし なし) (1.751451ms)
✔ 2. 3D モード: 道の うえの かたい 物は 見た目ごと 道の そとへ(約 1.5 × 大きさ まで)。おけない ものは 3D では おかない (6.153213ms)
✔ 3. 3D の かたい 物は かならず あたりが あり、あたまより 下の 見た目は あたり + 10 まで(とおれる 木・見えない かべ なし) (7.861574ms)
✔ 3b. ランドマーク(3D だけ): spot から 見た むきを たもって おく(±30 度)。たきは がけ = あたりの 箱 で、たきつぼ・あわ と いっしょ (5.556603ms)
✔ 3c. せかいは 3D・キャラだけ 2D: けしきの 物に 立て看板・意味の ちがう 置きかえ・なぞの placeholder は ない (3.633966ms)
✔ 3d. すかし(occlusion)は カメラ → player の あいだに ある かたい 物 だけ。とおい から すける こと は ない (48.546255ms)
✔ 3e. たき は うしろ・よこ からも 岩の おか: がけの うしろに 岩の かたまり(あたり つき)が あり、見た目 = あたり (3.723683ms)
✔ 4. 3D モードでも 道は ふさがない: 道はばの 3/4 の なか・spot の まんなか は あいて いる (3532.466401ms)
✔ 5. 3D モードの forest: 50 の spot に ぜんぶ あるいて 行ける (2337.0764ms)
✔ 6. 3D モードの forest: 27 にんの なかまも player も かたい 物に めりこまない (2667.616206ms)
✔ 7. レンダラー: WebGL が ない ところでは すぐ 2D(こわれない・この あいだ ずっと 2D) (2.730052ms)
✔ 8. フラグは URL だけ・セーブに のこさない。Three.js は version 固定で repo の なか。ふだんは よみこまない (14.869104ms)
✔ 9. 全地域: 3D profile が あり、意味の 表で ぜんぶ 解決し(unresolved 0・立て看板 0)、かくす ものは きまった しるし だけ、2D(フラグなし)は かわらない (27200.871108ms)
✔ 10. はっけんの しらせ(全地域): ランドマーク / ひみつ だけ「みつけた！」、その ばしょ だけの もの は かるく「が ある」、ふつうの 池・通過点は しずか。きろく は かわらない (2903.731781ms)
✔ 11. 全地域(registry から): 3D モードで ぜんぶの spot と gate に 道に そって あるいて 行ける(とじこめ なし) (25913.150308ms)
(node:584) [MODULE_TYPELESS_PACKAGE_JSON] Warning: Module type of file:///workspace/scratch/28c7e6574f23/naotocchi/vendor/three-0.170.0/three.module.min.js is not specified and it doesn't parse as CommonJS.
Reparsing as ES module because module syntax was detected. This incurs a performance overhead.
To eliminate this warning, add "type": "module" to /workspace/scratch/28c7e6574f23/naotocchi/package.json.
(Use `node --trace-warnings ...` to show where the warning was created)
✔ VQ-9 residential porch supports meet roof slopes within canonical lots (18480.45272ms)
✔ VQ-8 farmhouse veranda posts meet a canopy contained over the existing deck (1641.473796ms)
✔ VQ-6 cottage rooflines include both gable orientations within the residential family (383.812894ms)
✔ VQ-5 garden stepping stones connect the actual front door to its finite road segment (353.249224ms)
✔ VQ-1 contact footprints follow trunks and foundations without mutating objects (66.57611ms)
✔ VQ-2 contact field excludes actors, water, bridges and tiny dressing; finite bounded support (2.129733ms)
✔ VQ-3 outer-bank variation leaves water lanes and triangle topology unchanged (2.12008ms)
✔ VQ-4 residential main roofs retain above-head clearance with canonical colliders (21960.988548ms)
✔ VQ-7 garden beds retain their planting group outside canonical road and obstacle footprints (376.67039ms)
✔ VQ-10 barn entrances read as broad paired doors within the wall (1918.051128ms)
✔ VQ-11 flower instances retain planter and window-box elevation (2.267411ms)
✔ 1. the same discoveredStages key twice still gives one resident (2397.21044ms)
✔ 2. the same partnersRecorded id twice still gives one resident (2376.888453ms)
✔ 3. companion aliases collapse to one canonical resident (56.05512ms)
✔ 4. the current pet is never an ordinary resident (4762.582093ms)
✔ 5. the current companion and partner walk with the player only, never as region residents (6214.978433ms)
✔ 6. legacy species left in an old save (bird:*) never become residents, but the save keeps them (3270.947728ms)
✔ 7. current-dex forms such as woman よちよち and the cicada appear once discovered (5973.949384ms)
✔ 8. the city 🐈 scenery never resolves to the cat resident asset (the display resolver would) (42.579967ms)
✔ 9. the forest 🍄 scenery never resolves to the mushroom resident asset (39.658128ms)
✔ 10. every scenery emoji in every region (prop/lane/wall/hint/spot.prop/flavour/landmark fallbacks) stays scenery (51.409757ms)
✔ registry audit reports rows and every issue class (duplicate, legacy, undiscovered, pet, follower, shared asset) (7679.251975ms)
✔ canvas path: 🐈 scenery is drawn as a native emoji, not the cat picture and not a placeholder tile (62.877914ms)
✔ canvas path: 🍄 scenery is a native emoji too (38.879061ms)
✔ canvas path: all 17 character-colliding scenery emoji become native emoji (no character asset, no placeholder), U+E000 is never scenery (53.806613ms)
✔ canvas path: scenery with dedicated art (🌳 🌲 🌴 🌵 🐚) goes through the scenery wrapper, never native text and never a character (40.207306ms)
✔ canvas path: every scenery emoji of every region either has scenery art or falls back to a native emoji, never a character or a placeholder (52.479773ms)
✔ the number of residents is pinned to the dex, not to a round figure (6589.100809ms)
✔ the collider table is world-space data: shape, half sizes, angle and role, never canvas pixels (8.484055ms)
✔ a tree stops you at the trunk, not at a leaf: the collider is a small part of the drawing (0.367797ms)
✔ buildings, walls and fences are boxes with a facing, and a fence is a thin line not a slab (0.40622ms)
✔ grass, leaves, small mushrooms, ground detail and bridges have no collider at all (0.353316ms)
✔ every path corridor and every spot centre is free of colliders in all 13 regions (166.727028ms)
✔ walking for real, every spot in every region is still reachable, secret ones included (14915.44117ms)
✔ you cannot walk into a big tree, a building, a rock or a fence (28153.559995ms)
✔ a diagonal bump slides along the wall instead of stopping dead (6965.304174ms)
✔ water: the sea you may not enter is the only no-go water, and every water spot is still walkable (3.692209ms)
✔ collision cost does not grow with the size of the world: the grid keeps each lookup tiny (1.689591ms)
✔ residents are held by the same colliders as the player, so nobody walks through a wall (590.441887ms)
✔ the role layers hand the same shapes to a Three.js renderer (5.091879ms)
✔ the shared meguru denominators match a fresh count of WORLDS and the world map (161.405843ms)
✔ ①-1 ふつうの ばしょ: toast は 出さない。左上の 名まえが かわり、ちず と セーブには きろくされる (1424.417432ms)
✔ ①-2 おおきな めじるし(landmark)は toast では なく 左上の 名まえの 静かな 強調。きろくは のこる (1311.795337ms)
✔ ①-3 ひみつは せんようの しらせ。なまえは 見つけた あとに そえる だけ (2137.845524ms)
✔ ①-4 地区(zone)に 入っても toast は 出さない(2026-10-01 v2)。ちずの 地区は ひろがり、中の id は どこにも 出ない (1990.722586ms)
✔ ②-1 おなじ ばしょへ もどっても もう「みつけた」と 出さない (3162.293248ms)
✔ ②-2 セーブに のこした きろくを よみなおしても 2かいめ は 出ない(セーブ互換) (3519.390916ms)
✔ ②-3 めじるしは しらせない。ちずの ボタンも 2かいめ は ひからない (3364.829289ms)
✔ ③-1 1フレームに いくつ 見つけても 出すのは 1つ。つよい ものから (2376.962337ms)
✔ ③-2 じゅんばんは region → secret → landmark → みち → zone → ふつうの spot (7251.29453ms)
✔ ③-3 地域の はっけんと 二重に 出さない(はじめての 地域では 着いた ばしょの しらせを かさねない) (5581.949624ms)
✔ ④-1 住民に ちかづいた ことは はっけんに しない(「はなす」だけ) (4260.660352ms)
✔ ④-2 しらせは あるくのを とめない(ボタンも おおいも 出さない) (1644.775573ms)
✔ ④-3 しらせの あいだ、した の そうさ せつめいは よわめる(ふたつが まざらない) (2252.889019ms)
✔ ⑤-1「ちずに きろくした」と 出た ものは その とき ちずに ある (3072.21563ms)
✔ ⑤-2 こえて いる あいだ に 見つけた めじるしも ちずに のこる (4338.684665ms)
✔ ⑤-3 たんさく率の けいさんは 1つも かえて いない (6950.464972ms)
✔ ⑤-4 みちの はっけんは 出かたが かわる だけ。ひらく じょうけんは そのまま (3134.542698ms)
✔ ⑥-1 travelToRegion() と その ばの ボタンは 1つも かえて いない (2692.641361ms)
✔ ⑥-2 たんさくを とじると しらせも のこらない (2370.518359ms)
✔ ⑦-1 レベルは buildWorld() が ほんとうに おく ものから きまる (36.210314ms)
✔ ⑦-2 目じるしの ない 通過点では しらせない。でも きろくは のこる(探索率は かわらない) (2581.012817ms)
✔ ⑦-3 目じるしの ある ばしょ(L2)も toast は 出さない(2026-10-01 v2)。左上の 名まえ と きろく だけ (2286.260661ms)
✔ ⑦-4「ちずに きろくした」は はじめの うちだけ(なんども くりかえさない) (2774.805443ms)
✔ ⑦-5 はじめて あそぶ ひとには「ちずに きろくした」を そえる (4882.449102ms)
✔ ⑦-6 レベルは セーブに 何も 足さない(旧セーブでも そのまま 動く) (5502.647851ms)
✔ ⑦-7 監査の けっかと 実装が そろって いる (68.360474ms)
✔ ⑧-1 4つの みはらしに、その ばしょ だけの けしきが ある (2517.51286ms)
✔ ⑧-2 主役は 地域ごとに ちがう(どこにも おなじ てすりを 置かない) (2579.461952ms)
✔ ⑧-3 けしきは あたりはんていを 1つも ふやさない(みち・出口・住民を ふさがない) (1683.982474ms)
✔ ⑧-4 gate の 発火は 1つも かわらない(connection に さわって いない) (1849.212073ms)
✔ ⑧-5 4つとも L2。toast は 出さず(2026-10-01 v2)、左上の 名まえ と きろく だけ (2508.843227ms)
✔ ⑧-6 2かいめ は 出さない。旧セーブで もう 見つけて いれば けしきだけ 見える (2583.373381ms)
✔ ⑧-7 spot / path / zone / secret の かずは 1つも ふえて いない (43.972506ms)
✔ A1. うごく ボタンしか 出さない: なにも ない ときは その ばの ボタンが 1つも ない (909.686974ms)
✔ A2. その ばの ボタンは 1 枠。住民が ちかいと「はなす」、のりばに 立つと「のる/もぐる」 (1095.02625ms)
✔ A3. こえて いる あいだ、右がわの ボタンは ぜんぶ ロックされる (3755.375103ms)
✔ A7. hidden を つけた ボタンは ほんとうに きえる(CSS の きまりが ある) (1.925108ms)
✔ A8. のりばでは、なにが おきるのかを ボタンの した にも 出す (490.99743ms)
✔ A4. めぐる中の「たび」が はたらく。openExclusiveMenu では はじかれて いた (597.62859ms)
✔ A5. たびが かぶさって いる あいだ せかいは とまり、とじると つづきから うごく (1499.275365ms)
✔ A6. たびから 地域を えらぶと、これまで どおり travelToRegion が はしり めぐるも ついて いく (2043.840944ms)
✔ B1. 見つけた 地域の まわり だけが 紙に のる。0% → 100% で だんだん ひろがる (70.979007ms)
✔ B2. 50% では、まだ 行って いない ところの かたちが はっきり のこって いる (47.825045ms)
✔ B3. 見つけて いない 特殊層(ほしぞら・しんかい・きおく)は 1 文字も もれない (75.451457ms)
✔ B4. 探索率の しきは ひとつも かわって いない(471 spot / 654 path / 118 zone / 107 ひみつ) (42.226159ms)
✔ C1. ジャングルは 南西の 外洋に うかぶ しま。本土の どの 地域とも 陸つづきに 見えない (53.23154ms)
✔ C2. かいがんせん(本土)は しまに さわらない。しまは べつの 地形として もつ (45.990247ms)
✔ C3. しまは ジャングルを 見つける まで 1 てんも 出ない(なまえも かたちも) (55.594526ms)
✔ C4. ジャングルの なかみ(spot / path / zone / ひみつ)は 1つも かわって いない (675.126958ms)
✔ C5. しまに した あとの みちの かず・つなぎ (46.393449ms)
✔ D1. 地形には ぜんぶ「あるいて いる ときの けしき」の いみが ついて いる (48.378416ms)
✔ D2. 地形の いみは 世界地図の データに 1文字も まざらない (45.543083ms)
✔ the fauna classifier flags birds, fish, mammals, reptiles and bugs but not plants, shells, paw prints or coral (229.082135ms)
✔ the jungle random props / lane / hint contain no parrot or snake (40.910216ms)
✔ no random scenery pool in any region contains living fauna (props, lane, wall, hint, zone lanes, spot props, local flavor) (37.156594ms)
✔ the built worlds place no fauna as scenery: every living creature on screen is a registry resident (3411.317018ms)
✔ the fauna cleanup does not change the resident registry or the resident placement per region (7926.879638ms)
✔ scenery is kept rich, but as space rather than scattered trinkets: pools, ground areas and framing all stay in place (3440.573462ms)
✔ the snow world no longer scatters the snowman partner: no ⛄ in props, lane, hint or spot props, density unchanged (29.209234ms)
✔ companion, rare companion and partner emoji are known to the audit, including the ☃️/⛄ alias of the snowman (46.689422ms)
✔ no random scenery pool (props / lane / wall / hint / zone lanes / local flavor) contains a companion, partner or character-asset emoji (79.843772ms)
✔ a character emoji sneaking back into a random pool or a second statue spot is reported by the audit (51.063867ms)
