✖ VQ-11 flower instances retain planter and window-box elevation (4.382445ms)
ℹ tests 1
ℹ suites 0
ℹ pass 0
ℹ fail 1
ℹ cancelled 0
ℹ skipped 0
ℹ todo 0
ℹ duration_ms 122.291314

✖ failing tests:

test at tests/meguru-3d-visual-quality-test.cjs:212:1
✖ VQ-11 flower instances retain planter and window-box elevation (4.382445ms)
  AssertionError [ERR_ASSERTION]: all flower components share the declared base
  + actual - expected
  
    [
  +   0,
  +   18,
  +   19.5
  -   7,
  -   25,
  -   26.5
    ]
  
      at TestContext.<anonymous> (/workspace/scratch/28c7e6574f23/naotocchi/tests/meguru-3d-visual-quality-test.cjs:223:12)
      at Test.runInAsyncScope (node:async_hooks:227:14)
      at Test.run (node:internal/test_runner/test:1382:25)
      at Test.start (node:internal/test_runner/test:1242:17)
      at startSubtestAfterBootstrap (node:internal/test_runner/harness:387:17) {
    generatedMessage: false,
    code: 'ERR_ASSERTION',
    actual: [ 0, 18, 19.5 ],
    expected: [ 7, 25, 26.5 ],
    operator: 'deepStrictEqual',
    diff: 'simple'
  }
