✖ VQ-12 walkable market stalls have open counters and connected canopy supports (5078.275318ms)
ℹ tests 1
ℹ suites 0
ℹ pass 0
ℹ fail 1
ℹ cancelled 0
ℹ skipped 0
ℹ todo 0
ℹ duration_ms 5595.582098

✖ failing tests:

test at tests/meguru-3d-visual-quality-test.cjs:236:1
✖ VQ-12 walkable market stalls have open counters and connected canopy supports (5078.275318ms)
  AssertionError [ERR_ASSERTION]: city:336: counter leaves an open serving space
      at TestContext.<anonymous> (/workspace/scratch/28c7e6574f23/naotocchi/tests/meguru-3d-visual-quality-test.cjs:244:12)
      at Test.runInAsyncScope (node:async_hooks:227:14)
      at Test.run (node:internal/test_runner/test:1382:25)
      at Test.start (node:internal/test_runner/test:1242:17)
      at startSubtestAfterBootstrap (node:internal/test_runner/harness:387:17) {
    generatedMessage: false,
    code: 'ERR_ASSERTION',
    actual: false,
    expected: true,
    operator: '==',
    diff: 'simple'
  }
