✔ cat_friend real Home rerenders relation threshold, rescue and expiry (30.844288ms)
✔ rabbit_friend real Home rerenders relation threshold, rescue and expiry (20.725661ms)
✔ tanuki real Home rerenders relation threshold, rescue and expiry (23.694123ms)
✔ squirrel real Home rerenders relation threshold, rescue and expiry (19.194629ms)
✔ owl real Home rerenders relation threshold, rescue and expiry (28.741364ms)
✔ otter real Home rerenders relation threshold, rescue and expiry (21.858232ms)
✔ hamster real Home rerenders relation threshold, rescue and expiry (17.528655ms)
✔ panda real Home rerenders relation threshold, rescue and expiry (16.603067ms)
✔ monkey real Home rerenders relation threshold, rescue and expiry (17.060467ms)
✔ parrot real Home rerenders relation threshold, rescue and expiry (20.431407ms)
✔ sheep real Home rerenders relation threshold, rescue and expiry (21.606711ms)
✔ seal real Home rerenders relation threshold, rescue and expiry (18.993155ms)
✔ bat real Home rerenders relation threshold, rescue and expiry (25.648995ms)
✔ chicken real Home rerenders relation threshold, rescue and expiry (17.731901ms)
✔ penguin_friend real Home rerenders relation threshold, rescue and expiry (17.727815ms)
✔ hedgehog real Home rerenders relation threshold, rescue and expiry (34.868845ms)
✔ shiba real Home rerenders relation threshold, rescue and expiry (17.183383ms)
✔ snail real Home rerenders relation threshold, rescue and expiry (15.597799ms)
✔ punyu real Home rerenders relation threshold, rescue and expiry (16.910591ms)
✔ sekizou real Home rerenders relation threshold, rescue and expiry (17.087289ms)
✔ chameleon real Home rerenders relation threshold, rescue and expiry (18.500968ms)
✔ clock real Home rerenders relation threshold, rescue and expiry (20.469264ms)
✔ unicorn real Home rerenders relation threshold, rescue and expiry (17.653954ms)
✔ many_tail_fox real Home rerenders relation threshold, rescue and expiry (20.019285ms)
✔ watcher real Home rerenders relation threshold, rescue and expiry (19.719372ms)
✔ box real Home rerenders relation threshold, rescue and expiry (19.017583ms)
✔ ordinary success reacts once, rescues all, rejected play does not react (22.287655ms)
✔ cat_ceo shared court reinforcement overrides lonely, expiry re-resolves current affection (153.741176ms)
✔ robot_neighbor shared court reinforcement overrides lonely, expiry re-resolves current affection (47.156096ms)
✔ field_cow shared court reinforcement overrides lonely, expiry re-resolves current affection (44.584953ms)
✔ sunflower_partner shared court reinforcement overrides lonely, expiry re-resolves current affection (49.955272ms)
✔ forest_bear shared court reinforcement overrides lonely, expiry re-resolves current affection (52.846817ms)
✔ grove_deer shared court reinforcement overrides lonely, expiry re-resolves current affection (51.224007ms)
✔ cliff_goat shared court reinforcement overrides lonely, expiry re-resolves current affection (47.319622ms)
✔ high_eagle shared court reinforcement overrides lonely, expiry re-resolves current affection (55.143174ms)
✔ snow_spirit shared court reinforcement overrides lonely, expiry re-resolves current affection (40.797561ms)
✔ snowman shared court reinforcement overrides lonely, expiry re-resolves current affection (43.746638ms)
✔ rock_octopus shared court reinforcement overrides lonely, expiry re-resolves current affection (51.396568ms)
✔ sea_mermaid shared court reinforcement overrides lonely, expiry re-resolves current affection (35.326265ms)
✔ anglerfish shared court reinforcement overrides lonely, expiry re-resolves current affection (56.274393ms)
✔ swamp_croc shared court reinforcement overrides lonely, expiry re-resolves current affection (52.927519ms)
✔ gentle_gorilla shared court reinforcement overrides lonely, expiry re-resolves current affection (49.292016ms)
✔ knitting_spider shared court reinforcement overrides lonely, expiry re-resolves current affection (46.48376ms)
✔ desert_scorpion shared court reinforcement overrides lonely, expiry re-resolves current affection (47.199421ms)
✔ oasis_cactus shared court reinforcement overrides lonely, expiry re-resolves current affection (63.492069ms)
✔ replacement partner with same ID cannot inherit positive (62.325813ms)
✔ real save excludes reactions; reload re-resolves all companion values and partner at 20 (51.787919ms)
✔ real save excludes reactions; reload re-resolves all companion values and partner at 50 (53.325315ms)
✔ full supported catalog matches canonical runtime IDs and all assets exactly (3.023204ms)
✔ 26 companions use one ordinary representative, all threshold rescues and annoyed does not start positive (55.52115ms)
✔ development Home fixtures directly expose both pilot partners and both companions without gameplay (893.760616ms)
✔ expanded partner court actual event path triggers positive without changing progress rules (48.031142ms)
✔ expanded partner repair actual event path triggers positive without changing progress rules (49.627032ms)
✔ expanded partner marriage actual event path triggers positive without changing progress rules (182.99592ms)
✔ expanded partner date actual event path triggers positive without changing progress rules (42.020492ms)
✔ new court success uses actual event result (55.320006ms)
✔ new court failure uses actual event result (20.818412ms)
✔ annoyed during positive does not extend reaction or retain positive after original expiry (22.868572ms)
✔ real play gives only positive individuals motion and head hearts; expiry removes cues (17.313459ms)
✔ ordinary play and all-inviting dialogue do not animate non-target companions (26.600411ms)
✔ every possible representative in a dense 26-companion Home receives one safe heart (1418.684539ms)
✔ 26 simultaneous expiries coalesce Home work while removing every transient (25.805932ms)
✔ partner three visual states retain marriage ring=false and replace one heart (76.544305ms)
✔ partner three visual states retain marriage ring=true and replace one heart (158.633755ms)
✔ companion aura and heart belong to the actor; positive replaces cold and expires back to current value (16.076353ms)
✔ married ring preserves exact layout coordinates through every partner expression rebuild (148.174638ms)
✔ reload reconstructs marriage ring from existing married flag at affection 20 (301.376498ms)
✔ reload reconstructs marriage ring from existing married flag at affection 50 (425.903492ms)
✔ full resolver prioritizes positive, then lonely below 30, then normal without mutating input (3.067231ms)
✔ unregistered characters and wrong-kind IDs always use original PNG (0.997115ms)
✔ one ordinary representative plus all rescued individuals, deduplicated (0.513826ms)
✔ temporary reaction expiry, refresh, object identity and JSON non-persistence (0.396168ms)
✔ every registered relationship image is a new 128px transparent PNG (3.281204ms)
✔ reaction exposes an ephemeral start token and expiry without persisting entity fields (1.944686ms)
✔ heart remains immediately above its owner even if a neighbour occupies that space (0.409358ms)
✔ positive companion layer is raised locally so neighbours cannot hide its owner-attached heart (0.962654ms)
✔ only partner positive heart grows 1.2 times; anchor keeps face gap and stage bounds (0.751906ms)
✔ approved marriage ring uses fixed scale and tone without comparison overrides (0.451592ms)
✔ browser ring geometry checks approved scale and rejects obsolete or oversized values (2.590291ms)
✔ painted ring excludes transparent atlas margin without allowing actual character overlap (78.476913ms)
ℹ tests 80
ℹ suites 0
ℹ pass 80
ℹ fail 0
ℹ cancelled 0
ℹ skipped 0
ℹ todo 0
ℹ duration_ms 6202.862851
