✖ Star01 irregular seed has a curled upper plume and lower wisp instead of a regular ring (14.646406ms)
ℹ tests 1
ℹ suites 0
ℹ pass 0
ℹ fail 1
ℹ cancelled 0
ℹ skipped 0
ℹ todo 0
ℹ duration_ms 87.040963

✖ failing tests:

test at tests/character-3d-star-stages-test.cjs:14:1
✖ Star01 irregular seed has a curled upper plume and lower wisp instead of a regular ring (14.646406ms)
  AssertionError [ERR_ASSERTION]: The expression evaluated to a falsy value:
  
    assert.ok(s.flares.length>=3)
  
      at TestContext.<anonymous> (/workspace/scratch/150320e8a2fd/character-rollout/tests/character-3d-star-stages-test.cjs:14:175)
      at Test.runInAsyncScope (node:async_hooks:227:14)
      at Test.run (node:internal/test_runner/test:1382:25)
      at Test.start (node:internal/test_runner/test:1242:17)
      at startSubtestAfterBootstrap (node:internal/test_runner/harness:387:17) {
    generatedMessage: true,
    code: 'ERR_ASSERTION',
    actual: false,
    expected: true,
    operator: '==',
    diff: 'simple'
  }
