family-cottage {"active":true,"triangles":4910,"calls":15}
family-single {"active":true,"triangles":4884,"calls":15}
family-shed {"active":true,"triangles":4842,"calls":15}
prop-signpost {"active":true,"triangles":4656,"calls":9}
prop-bike {"active":true,"triangles":4932,"calls":11}
family-hut {"active":true,"triangles":4880,"calls":14}
family-twostorey {"active":true,"triangles":4968,"calls":16}
prop-boxprop {"active":true,"triangles":4658,"calls":9}
family-farmhouse {"active":true,"triangles":4892,"calls":15}
family-barn {"active":true,"triangles":4856,"calls":17}
prop-tractor {"active":true,"triangles":4728,"calls":9}
prop-wheel {"active":true,"triangles":4884,"calls":11}
prop-statue {"active":true,"triangles":4674,"calls":9}
family-shop {"active":true,"triangles":4858,"calls":15}
prop-stall {"active":true,"triangles":4658,"calls":10}
prop-ferris {"active":true,"triangles":4950,"calls":10}
prop-telescope {"active":true,"triangles":4690,"calls":8}
prop-car {"active":true,"triangles":4728,"calls":9}
family-cabin {"active":true,"triangles":4930,"calls":15}
prop-ruin {"active":true,"triangles":4980,"calls":12}
