(node:12) [MODULE_TYPELESS_PACKAGE_JSON] Warning: Module type of file:///workspace/scratch/150320e8a2fd/character-rollout/vendor/three-0.170.0/three.module.min.js is not specified and it doesn't parse as CommonJS.
Reparsing as ES module because module syntax was detected. This incurs a performance overhead.
To eliminate this warning, add "type": "module" to /workspace/scratch/150320e8a2fd/character-rollout/package.json.
(Use `node --trace-warnings ...` to show where the warning was created)
✔ Clock candidate has rounded housing, cream dial, twelve marks, hands, paired bells, handle and owned feet (144.302828ms)
✔ Clock canonical face stays unobscured below dial hands across32 states (49.802577ms)
✖ Clock dial perimeter overlaps its housing without a floating plate gap (9.644913ms)
(node:13) [MODULE_TYPELESS_PACKAGE_JSON] Warning: Module type of file:///workspace/scratch/150320e8a2fd/character-rollout/vendor/three-0.170.0/three.module.min.js is not specified and it doesn't parse as CommonJS.
Reparsing as ES module because module syntax was detected. This incurs a performance overhead.
To eliminate this warning, add "type": "module" to /workspace/scratch/150320e8a2fd/character-rollout/package.json.
(Use `node --trace-warnings ...` to show where the warning was created)
✔ Parrot reuses plumed bird with yellow fan crest, asymmetric white wings, long tail and hooked gray beak (167.699089ms)
✔ Parrot retains canonical face and owned finite motion in all32 states (67.549433ms)
✖ Parrot has source-short exposed legs and white face space around eyes and mouth (25.809139ms)
ℹ tests 6
ℹ suites 0
ℹ pass 4
ℹ fail 2
ℹ cancelled 0
ℹ skipped 0
ℹ todo 0
ℹ duration_ms 345.972971

✖ failing tests:

test at tests/character-3d-clock-candidate-test.cjs:9:1
✖ Clock dial perimeter overlaps its housing without a floating plate gap (9.644913ms)
  AssertionError [ERR_ASSERTION]: dial rim joins housing
      at TestContext.<anonymous> (/workspace/scratch/150320e8a2fd/character-rollout/tests/character-3d-clock-candidate-test.cjs:10:658)
      at async Test.run (node:internal/test_runner/test:1389:7)
      at async Test.processPendingSubtests (node:internal/test_runner/test:960:7) {
    generatedMessage: false,
    code: 'ERR_ASSERTION',
    actual: false,
    expected: true,
    operator: '==',
    diff: 'simple'
  }

test at tests/character-3d-parrot-candidate-test.cjs:9:1
✖ Parrot has source-short exposed legs and white face space around eyes and mouth (25.809139ms)
  AssertionError [ERR_ASSERTION]: low white belly covers upper legs
      at TestContext.<anonymous> (/workspace/scratch/150320e8a2fd/character-rollout/tests/character-3d-parrot-candidate-test.cjs:10:276)
      at async Test.run (node:internal/test_runner/test:1389:7)
      at async Test.processPendingSubtests (node:internal/test_runner/test:960:7) {
    generatedMessage: false,
    code: 'ERR_ASSERTION',
    actual: false,
    expected: true,
    operator: '==',
    diff: 'simple'
  }
