(node:11) [MODULE_TYPELESS_PACKAGE_JSON] Warning: Module type of file:///workspace/scratch/150320e8a2fd/character-rollout/vendor/three-0.170.0/three.module.min.js is not specified and it doesn't parse as CommonJS.
Reparsing as ES module because module syntax was detected. This incurs a performance overhead.
To eliminate this warning, add "type": "module" to /workspace/scratch/150320e8a2fd/character-rollout/package.json.
(Use `node --trace-warnings ...` to show where the warning was created)
✔ Clock candidate has rounded housing, cream dial, twelve marks, hands, paired bells, handle and owned feet (139.675691ms)
✔ Clock canonical face stays unobscured below dial hands across32 states (53.479643ms)
✔ Clock dial perimeter overlaps its housing without a floating plate gap (8.253712ms)
(node:12) [MODULE_TYPELESS_PACKAGE_JSON] Warning: Module type of file:///workspace/scratch/150320e8a2fd/character-rollout/vendor/three-0.170.0/three.module.min.js is not specified and it doesn't parse as CommonJS.
Reparsing as ES module because module syntax was detected. This incurs a performance overhead.
To eliminate this warning, add "type": "module" to /workspace/scratch/150320e8a2fd/character-rollout/package.json.
(Use `node --trace-warnings ...` to show where the warning was created)
✔ Parrot reuses plumed bird with yellow fan crest, asymmetric white wings, long tail and hooked gray beak (202.24952ms)
✔ Parrot retains canonical face and owned finite motion in all32 states (71.321427ms)
✔ Parrot has source-short exposed legs and white face space around eyes and mouth (27.306889ms)
ℹ tests 6
ℹ suites 0
ℹ pass 6
ℹ fail 0
ℹ cancelled 0
ℹ skipped 0
ℹ todo 0
ℹ duration_ms 412.6094
