TAP version 13
# (node:12) [MODULE_TYPELESS_PACKAGE_JSON] Warning: Module type of file:///workspace/scratch/150320e8a2fd/nonplayer-eagle-source-fix/vendor/three-0.170.0/three.module.min.js is not specified and it doesn't parse as CommonJS.
# Reparsing as ES module because module syntax was detected. This incurs a performance overhead.
# To eliminate this warning, add "type": "module" to /workspace/scratch/150320e8a2fd/nonplayer-eagle-source-fix/package.json.
# (Use `node --trace-warnings ...` to show where the warning was created)
# Subtest: two distinct partner candidates remain runtime-isolated, finite, grounded, closed and within triangle budget
ok 1 - two distinct partner candidates remain runtime-isolated, finite, grounded, closed and within triangle budget
  ---
  duration_ms: 326.418243
  type: 'test'
  ...
# Subtest: high_eagle: one canonical face and one owner keep eyes and mouth clear of props in all 32 states
ok 2 - high_eagle: one canonical face and one owner keep eyes and mouth clear of props in all 32 states
  ---
  duration_ms: 7439.338364
  type: 'test'
  ...
# Subtest: high_eagle: resting produced source shell graph reaches each owner
ok 3 - high_eagle: resting produced source shell graph reaches each owner
  ---
  duration_ms: 827.791613
  type: 'test'
  ...
# Subtest: high_eagle: every source shell reaches torso limbs and props in all 32 states
ok 4 - high_eagle: every source shell reaches torso limbs and props in all 32 states
  ---
  duration_ms: 33981.51995
  type: 'test'
  ...
# Subtest: high_eagle original broad lowered layered wings pale dark-tipped feathers cream head ruff hooked gold beak talons and short tail
ok 5 - high_eagle original broad lowered layered wings pale dark-tipped feathers cream head ruff hooked gold beak talons and short tail
  ---
  duration_ms: 46.530879
  type: 'test'
  ...
# Subtest: high_eagle produced world-space primary silhouette descends near talons at rest and animated primaries clear ground in all 32 states
ok 6 - high_eagle produced world-space primary silhouette descends near talons at rest and animated primaries clear ground in all 32 states
  ---
  duration_ms: 147.894443
  type: 'test'
  ...
1..6
# tests 6
# suites 0
# pass 6
# fail 0
# cancelled 0
# skipped 0
# todo 0
# duration_ms 42953.383975
