✖ VQ-24 stone bridge masonry stays on both parapets and marks all four ends (3922.883349ms)
ℹ tests 1
ℹ suites 0
ℹ pass 0
ℹ fail 1
ℹ cancelled 0
ℹ skipped 0
ℹ todo 0
ℹ duration_ms 4011.133235

✖ failing tests:

test at tests/meguru-3d-visual-quality-test.cjs:7:1
✖ VQ-24 stone bridge masonry stays on both parapets and marks all four ends (3922.883349ms)
  AssertionError [ERR_ASSERTION]: masonry interiors do not overlap or create coplanar differently colored side faces
      at TestContext.<anonymous> (/workspace/scratch/3320f3e69e77/world/tests/meguru-3d-visual-quality-test.cjs:36:16)
      at Test.runInAsyncScope (node:async_hooks:227:14)
      at Test.run (node:internal/test_runner/test:1382:25)
      at Test.start (node:internal/test_runner/test:1242:17)
      at startSubtestAfterBootstrap (node:internal/test_runner/harness:387:17) {
    generatedMessage: false,
    code: 'ERR_ASSERTION',
    actual: false,
    expected: true,
    operator: '==',
    diff: 'simple'
  }
