(node:13) [MODULE_TYPELESS_PACKAGE_JSON] Warning: Module type of file:///workspace/scratch/150320e8a2fd/mushroom6-collar-face-clearance/vendor/three-0.170.0/three.module.min.js is not specified and it doesn't parse as CommonJS.
Reparsing as ES module because module syntax was detected. This incurs a performance overhead.
To eliminate this warning, add "type": "module" to /workspace/scratch/150320e8a2fd/mushroom6-collar-face-clearance/package.json.
(Use `node --trace-warnings ...` to show where the warning was created)
✖ mushroom 6: assembled cap and collar clear complete canonical face in32states (419.829501ms)
ℹ tests 1
ℹ suites 0
ℹ pass 0
ℹ fail 1
ℹ cancelled 0
ℹ skipped 0
ℹ todo 0
ℹ duration_ms 584.689858

✖ failing tests:

test at tests/character-3d-player-image-blockers-test.cjs:36:24
✖ mushroom 6: assembled cap and collar clear complete canonical face in32states (419.829501ms)
  AssertionError [ERR_ASSERTION]: mushroom6/dislike/false/0/frame6: collar:opaque covers canonical feature at -0.04314916401666798,0.4511667981424825,0.20253172878102627 distance 1.8890526714847993
      at checkMushroom (/workspace/scratch/150320e8a2fd/mushroom6-collar-face-clearance/tests/character-3d-player-image-blockers-test.cjs:33:9)
      at async Test.run (node:internal/test_runner/test:1389:7)
      at async startSubtestAfterBootstrap (node:internal/test_runner/harness:387:3) {
    generatedMessage: false,
    code: 'ERR_ASSERTION',
    actual: false,
    expected: true,
    operator: '==',
    diff: 'simple'
  }
