former mushroom6 cap: RED
TAP version 13
# (node:74) [MODULE_TYPELESS_PACKAGE_JSON] Warning: Module type of file:///workspace/scratch/150320e8a2fd/mushroom6-collar-face-clearance/vendor/three-0.170.0/three.module.min.js is not specified and it doesn't parse as CommonJS.
# Reparsing as ES module because module syntax was detected. This incurs a performance overhead.
# To eliminate this warning, add "type": "module" to /workspace/scratch/150320e8a2fd/mushroom6-collar-face-clearance/package.json.
# (Use `node --trace-warnings ...` to show where the warning was created)
# Subtest: mushroom 6: assembled cap and collar clear complete canonical face in32states
ok 1 - mushroom 6: assembled cap and collar clear complete canonical face in32states
  ---
  duration_ms: 697.315885
  type: 'test'
  ...
1..1
# tests 1
# suites 0
# pass 1
# fail 0
# cancelled 0
# skipped 0
# todo 0
# duration_ms 847.581606

character-3d/topology-spec.js: original/restored SHA256 0171f17059d9cdaa8edfa92d617777f9b56caee670a149835a1d886f54575c7a
character-3d/fish-spec.js: original/restored SHA256 50a104845360e2c2e1161a4b8f268070ba9175496ea22e5e4d53a4a4dabd6edf
character-3d/archetypes.mjs: original/restored SHA256 6b95503c5ab853ee3d936150a639ea05327d0f5a83acd10790117c8d58a3d01b
1/1 mutations detected; restored focused baseline GREEN; exact production bytes verified
