hermit runtime coverage: RED
antlion runtime coverage: RED
cicada runtime coverage: RED
sakura runtime coverage: RED
beetle runtime coverage: RED
stag runtime coverage: RED
jellyfish runtime coverage: RED
coral runtime coverage: RED
shell coverage: RED
crouched coverage: RED
fungus exact coverage: RED
starfish exact coverage: RED
butterfly runtime coverage: RED
plant runtime coverage: RED
human runtime coverage: RED
stage completeness: RED
same-source evidence: RED
exact age: RED
signature paw: RED
stretch play: RED
runtime exact dispatch: RED
ear asymmetry: RED
both wings: RED
wrapped tail: RED
24/24 rollout mutations detected; original bytes restored
