TAP version 13
# Subtest: 1. the resident set comes from the registry (all dex forms, 26 companions, 18 partners) and every canonical emotion resolves without a gap
ok 1 - 1. the resident set comes from the registry (all dex forms, 26 companions, 18 partners) and every canonical emotion resolves without a gap
  ---
  duration_ms: 37.374347
  type: 'test'
  ...
# Subtest: 2. production fallback is always the normal/base picture, never a different face
ok 2 - 2. production fallback is always the normal/base picture, never a different face
  ---
  duration_ms: 0.715763
  type: 'test'
  ...
# Subtest: 3. a friendly interaction (being talked to) gives a positive face and a positive line, for a dex form and for a companion
ok 3 - 3. a friendly interaction (being talked to) gives a positive face and a positive line, for a dex form and for a companion
  ---
  duration_ms: 244.312215
  type: 'test'
  ...
# Subtest: 4. an unwanted interaction (waking a sleeper, pestering) gives the dislike face and a dislike line; companions have no dislike picture and stay normal
ok 4 - 4. an unwanted interaction (waking a sleeper, pestering) gives the dislike face and a dislike line; companions have no dislike picture and stay normal
  ---
  duration_ms: 200.853654
  type: 'test'
  ...
# Subtest: 5. sick resolves to the Home sick picture, but no resident-life event ever produces it (no illness signal exists)
ok 5 - 5. sick resolves to the Home sick picture, but no resident-life event ever produces it (no illness signal exists)
  ---
  duration_ms: 3089.900931
  type: 'test'
  ...
# Subtest: 6. a tired resident (low energy) shows the tired picture and says a tired line; a companion stays on its base picture
not ok 6 - 6. a tired resident (low energy) shows the tired picture and says a tired line; a companion stays on its base picture
  ---
  duration_ms: 116.334713
  type: 'test'
  location: '/workspace/scratch/0c2aa70cdbce/character-rollout/tests/meguru-resident-expression-test.cjs:193:1'
  failureType: 'testCodeFailure'
  error: |-
    Expected values to be strictly equal:
    
    'normal' !== 'tired'
    
  code: 'ERR_ASSERTION'
  name: 'AssertionError'
  expected: 'tired'
  actual: 'normal'
  operator: 'strictEqual'
  stack: |-
    /workspace/scratch/0c2aa70cdbce/character-rollout/tests/meguru-resident-expression-test.cjs:209:92
    withSeed (/workspace/scratch/0c2aa70cdbce/character-rollout/tests/meguru-resident-expression-test.cjs:51:80)
    TestContext.<anonymous> (/workspace/scratch/0c2aa70cdbce/character-rollout/tests/meguru-resident-expression-test.cjs:193:133)
    Test.runInAsyncScope (node:async_hooks:227:14)
    Test.run (node:internal/test_runner/test:1382:25)
    Test.processPendingSubtests (node:internal/test_runner/test:960:18)
    Test.postRun (node:internal/test_runner/test:1522:19)
    Test.run (node:internal/test_runner/test:1447:12)
    async Test.processPendingSubtests (node:internal/test_runner/test:960:7)
  ...
# Subtest: 7. a temporary reaction expires back to the persistent state of that moment (tired), not to a fixed normal; sleeping overrides reactions
ok 7 - 7. a temporary reaction expires back to the persistent state of that moment (tired), not to a fixed normal; sleeping overrides reactions
  ---
  duration_ms: 369.727184
  type: 'test'
  ...
# Subtest: 8. face and words always come from the same emotion: no happy face with a dislike line, no sick words without sick
ok 8 - 8. face and words always come from the same emotion: no happy face with a dislike line, no sick words without sick
  ---
  duration_ms: 250.584372
  type: 'test'
  ...
# Subtest: 9. an expression belongs to one actor: another resident, a new world and a flag-off never inherit it
ok 9 - 9. an expression belongs to one actor: another resident, a new world and a flag-off never inherit it
  ---
  duration_ms: 488.569633
  type: 'test'
  ...
# Subtest: 10. the 2D canvas renderer draws the expression picture, and draws the base picture while the expression picture is still loading
ok 10 - 10. the 2D canvas renderer draws the expression picture, and draws the base picture while the expression picture is still loading
  ---
  duration_ms: 236.206551
  type: 'test'
  ...
# Subtest: 11. the 3D billboard uses the same spriteFor contract (asset + base) and neither renderer carries emotion vocabulary
ok 11 - 11. the 3D billboard uses the same spriteFor contract (asset + base) and neither renderer carries emotion vocabulary
  ---
  duration_ms: 4.212796
  type: 'test'
  ...
# Subtest: 12. flag-off leaves residents on their base pictures, and the Home Expression System modules are untouched (frozen, same content)
ok 12 - 12. flag-off leaves residents on their base pictures, and the Home Expression System modules are untouched (frozen, same content)
  ---
  duration_ms: 199.823434
  type: 'test'
  ...
# Subtest: 13. nothing about expressions reaches the save: the same keys and schemaVersion as a flag-off run, and no actor state serialized
not ok 13 - 13. nothing about expressions reaches the save: the same keys and schemaVersion as a flag-off run, and no actor state serialized
  ---
  duration_ms: 258.055835
  type: 'test'
  location: '/workspace/scratch/0c2aa70cdbce/character-rollout/tests/meguru-resident-expression-test.cjs:395:1'
  failureType: 'testCodeFailure'
  error: |-
    Expected "actual" to be reference-equal to "expected":
    + actual - expected
    ... Skipped lines
    
      {
        act: 'idle',
    +   asset: 'assets/characters/beetle/03.png',
    -   asset: 'assets/characters/beetle/01.png',
        behavior: 'idle',
    +   bob: 4.361116033726113,
    -   bob: 3.675624351647069,
        chaseOf: null,
    +   cool: 2.3717,
    -   cool: 1.60982,
        emoji: '🐛',
        emotion: 'normal',
        emotionPersistent: 'normal',
    +   energy: 0.7782085000000001,
    -   energy: 0.7065775000000001,
        expr: {
    +     asset: 'assets/characters/beetle/03.png',
    +     base: 'assets/characters/beetle/03.png',
    -     asset: 'assets/characters/beetle/01.png',
    -     base: 'assets/characters/beetle/01.png',
          emotion: 'normal',
          expression: 'normal',
          fallback: null,
          family: 'stage'
        },
    ...
        follow: false,
    +   heading: -0.9720087670206818,
    -   heading: 0.12792565285417679,
        home: {
          actWeights: {
            gather: 0.8,
            idle: 0.9,
            look: 0.8,
    ...
        joy: 0,
    +   key: 'form:beetle:2',
    -   key: 'form:beetle:0',
        kind: 'form',
    +   label: 'まるまる幼虫',
    -   label: 'うまれたての幼虫',
        line: 'beetle',
        meet: null,
        met: true,
    +   nextAt: 0.9199999999999999,
    -   nextAt: 1.6800000000000002,
        night: false,
        noticeCool: 0,
        partner: null,
        plant: false,
        region: 'forest',
    ...
        sprites: {
    +     front: 'assets/characters/beetle/03.png'
    -     front: 'assets/characters/beetle/01.png'
        },
    +   stage: 2,
    -   stage: 0,
        sulk: 0,
        talkedAt: null,
        tier: 0,
        tilt: 0,
        traits: {
    +     calm: 1.5739999999999998,
    +     gaze: 1.442,
    +     pace: 1.07175,
    +     phase: 0.046,
    +     social: 0.654,
    +     wander: 1.0496
    -     calm: 0.771,
    -     gaze: 1.23,
    -     pace: 1.2095500000000001,
    -     phase: 0.084,
    -     social: 1.0524,
    -     wander: 0.7274
        },
    +   tx: 119.04163862604253,
    +   tz: 809.0509024020923,
    +   until: 0.8979999999999999,
    -   tx: 92.62913738648479,
    -   tz: 834.6218676442152,
    -   until: 1.24,
        water: false,
        wish: 0,
    +   x: 122.29531187433848,
    +   z: 804.7448158491047
    -   x: 107.2247363405343,
    -   z: 838.9724230972168
      }
    
  code: 'ERR_ASSERTION'
  name: 'AssertionError'
  expected:
    key: 'form:beetle:0'
    kind: 'form'
    line: 'beetle'
    stage: 0
    label: 'うまれたての幼虫'
    emoji: '🐛'
    asset: 'assets/characters/beetle/01.png'
    sprites:
      front: 'assets/characters/beetle/01.png'
    region: 'forest'
    water: false
    plant: false
    night: false
    x: 107.2247363405343
    z: 838.9724230972168
    spot:
      id: 'bright1'
      label: 'あかるいこみち'
      x: 0
      z: 800
      r: 220
      kind: 'path'
      crowd: 7
      hub: true
      zone: 'bright'
      actWeights:
        walk: 1.3
        idle: 0.9
        look: 0.8
        gather: 0.8
        talk: 0.7
      activities:
        0: 'walk'
        1: 'idle'
        2: 'look'
        3: 'gather'
        4: 'talk'
      shelter: false
      seats: false
      zoneCrowd: 1
    fixed: false
    follow: false
    slot: 0
    behavior: 'idle'
    act: 'idle'
    until: 1.24
    tx: 92.62913738648479
    tz: 834.6218676442152
    heading: 0.12792565285417679
    face: 1
    bob: 3.675624351647069
    say: ~
    sayFor: 0
    chaseOf: ~
    met: true
    tilt: 0
    home: <Circular>
    traits:
      wander: 0.7274
      social: 1.0524
      calm: 0.771
      gaze: 1.23
      pace: 1.2095500000000001
      phase: 0.084
    energy: 0.7065775000000001
    emotion: 'normal'
    joy: 0
    sulk: 0
    cool: 1.60982
    wish: 0
    route: ~
    partner: ~
    reservedBy: ~
    meet: ~
    expr:
      emotion: 'normal'
      family: 'stage'
      expression: 'normal'
      asset: 'assets/characters/beetle/01.png'
      base: 'assets/characters/beetle/01.png'
      fallback: ~
    emotionPersistent: 'normal'
    talkedAt: ~
    tier: 0
    nextAt: 1.6800000000000002
    noticeCool: 0
  actual:
    key: 'form:beetle:2'
    kind: 'form'
    line: 'beetle'
    stage: 2
    label: 'まるまる幼虫'
    emoji: '🐛'
    asset: 'assets/characters/beetle/03.png'
    sprites:
      front: 'assets/characters/beetle/03.png'
    region: 'forest'
    water: false
    plant: false
    night: false
    x: 122.29531187433848
    z: 804.7448158491047
    spot:
      id: 'bright1'
      label: 'あかるいこみち'
      x: 0
      z: 800
      r: 220
      kind: 'path'
      crowd: 7
      hub: true
      zone: 'bright'
      actWeights:
        walk: 1.3
        idle: 0.9
        look: 0.8
        gather: 0.8
        talk: 0.7
      activities:
        0: 'walk'
        1: 'idle'
        2: 'look'
        3: 'gather'
        4: 'talk'
      shelter: false
      seats: false
      zoneCrowd: 1
    fixed: false
    follow: false
    slot: 0
    behavior: 'idle'
    act: 'idle'
    until: 0.8979999999999999
    tx: 119.04163862604253
    tz: 809.0509024020923
    heading: -0.9720087670206818
    face: 1
    bob: 4.361116033726113
    say: ~
    sayFor: 0
    chaseOf: ~
    met: true
    tilt: 0
    home: <Circular>
    traits:
      wander: 1.0496
      social: 0.654
      calm: 1.5739999999999998
      gaze: 1.442
      pace: 1.07175
      phase: 0.046
    energy: 0.7782085000000001
    emotion: 'normal'
    joy: 0
    sulk: 0
    cool: 2.3717
    wish: 0
    route: ~
    partner: ~
    reservedBy: ~
    meet: ~
    expr:
      emotion: 'normal'
      family: 'stage'
      expression: 'normal'
      asset: 'assets/characters/beetle/03.png'
      base: 'assets/characters/beetle/03.png'
      fallback: ~
    emotionPersistent: 'normal'
    talkedAt: ~
    tier: 0
    nextAt: 0.9199999999999999
    noticeCool: 0
  operator: 'strictEqual'
  stack: |-
    /workspace/scratch/0c2aa70cdbce/character-rollout/tests/meguru-resident-expression-test.cjs:406:12
    withSeed (/workspace/scratch/0c2aa70cdbce/character-rollout/tests/meguru-resident-expression-test.cjs:51:80)
    scenario (/workspace/scratch/0c2aa70cdbce/character-rollout/tests/meguru-resident-expression-test.cjs:397:33)
    TestContext.<anonymous> (/workspace/scratch/0c2aa70cdbce/character-rollout/tests/meguru-resident-expression-test.cjs:416:14)
    Test.runInAsyncScope (node:async_hooks:227:14)
    Test.run (node:internal/test_runner/test:1382:25)
    Test.processPendingSubtests (node:internal/test_runner/test:960:18)
    Test.postRun (node:internal/test_runner/test:1522:19)
    Test.run (node:internal/test_runner/test:1447:12)
    async Test.processPendingSubtests (node:internal/test_runner/test:960:7)
  ...
# Subtest: 14. strict mode detects a missing or unsupported expression picture instead of silently showing another face
ok 14 - 14. strict mode detects a missing or unsupported expression picture instead of silently showing another face
  ---
  duration_ms: 516.698507
  type: 'test'
  ...
# Subtest: 15. the existing expression pictures are byte-identical (count and aggregate hash), and the resident lane adds no picture
ok 15 - 15. the existing expression pictures are byte-identical (count and aggregate hash), and the resident lane adds no picture
  ---
  duration_ms: 144.18753
  type: 'test'
  ...
# Subtest: 16. expressions are resolved only when the emotion changes (object identity stays), never per frame, and the pipeline is deterministic
ok 16 - 16. expressions are resolved only when the emotion changes (object identity stays), never per frame, and the pipeline is deterministic
  ---
  duration_ms: 826.877396
  type: 'test'
  ...
# Subtest: 17. the canonical mapping lives in one place and keeps the unused states open for the future
ok 17 - 17. the canonical mapping lives in one place and keeps the unused states open for the future
  ---
  duration_ms: 0.347666
  type: 'test'
  ...
# Subtest: 18. ?mgexprqa=1 lines up the representative residents in forest regardless of the save, lets QA switch every emotion, and is fully inert on a normal URL
ok 18 - 18. ?mgexprqa=1 lines up the representative residents in forest regardless of the save, lets QA switch every emotion, and is fully inert on a normal URL
  ---
  duration_ms: 333.267473
  type: 'test'
  ...
1..18
# tests 18
# suites 0
# pass 16
# fail 2
# cancelled 0
# skipped 0
# todo 0
# duration_ms 7568.80402
