✔ strict boundaries isolate renderer effects from observed application progression and retain exact field deltas (2.089014ms)
✔ strict boundaries preserve every dirty presentation failure, including writes, getter swaps and thrown actions (0.714479ms)
✔ failing functional row is recorded with validation error and boundary delta before error propagates (0.362778ms)
✔ runtime marker routes only existing Meguru and focused dedicated jobs, preserving integration and ordinary behavior (2.532824ms)
✔ real Meguru record APIs progress outside presentation boundaries without suppressing save calls (180.071764ms)
✔ functional validation rejects dirty constituent boundaries even when aggregate flags claim unchanged (147.588233ms)
✔ real first-city map seed is observable and repeated existing seed makes no further normal write (45.649855ms)
✔ scene timeout retains warmup on phase, expected and last actual composition/resources, and restoration (28.778762ms)
✔ scene diagnostic path preserves strict hidden city cache and resource gates on completed cycles (16.434604ms)
✔ failed scene raw result is written with failing verdict before original error propagates (15.619864ms)
✔ scene-only marker requires runtime marker, skips only production45 step and keeps scene and native metrics (1.018147ms)
✔ held current view waits for deferred seven-to-eleven exact actors before freezing scene composition (27.052245ms)
✔ same count with substituted actor template cannot satisfy exact scene composition readiness (6.049223ms)
✔ natural city cache follows actual preserved show false and rejects visibility identity and growth defects (26.376005ms)
✔ scene save setup permits only recorded one-time city seed and retains whole-span mutation (5.230207ms)
✔ scene save diagnostics retain dirty draw and flag proof without hiding state or leaking adapters (9.929912ms)
✔ scene save diagnostics preserve phase and cleanup deltas when city load throws (2.197007ms)
✔ scene browser helper serialization works and temporary helpers are cleaned even on evaluate failure (7.313833ms)
✔ scene save contract rejects recurring cycle writes and unknown warmup state or write origin (14.788939ms)
✔ scene save contract rejects dirty constituent proof even after state is restored and rejects adapter restoration failure (11.148743ms)
✔ scene setup proof rejects unknown fields, storage commits and missing complete provenance (35.978573ms)
ℹ tests 21
ℹ suites 0
ℹ pass 21
ℹ fail 0
ℹ cancelled 0
ℹ skipped 0
ℹ todo 0
ℹ duration_ms 587.313775
