✔ strict boundaries isolate renderer effects from observed application progression and retain exact field deltas (1.644272ms)
✔ strict boundaries preserve every dirty presentation failure, including writes, getter swaps and thrown actions (0.694599ms)
✔ failing functional row is recorded with validation error and boundary delta before error propagates (0.348947ms)
✔ runtime marker routes only existing Meguru and focused dedicated jobs, preserving integration and ordinary behavior (1.510962ms)
✔ real Meguru record APIs progress outside presentation boundaries without suppressing save calls (145.539917ms)
✔ functional validation rejects dirty constituent boundaries even when aggregate flags claim unchanged (76.911162ms)
✔ real first-city map seed is observable and repeated existing seed makes no further normal write (33.677095ms)
✔ scene timeout retains warmup on phase, expected and last actual composition/resources, and restoration (21.061056ms)
✔ scene diagnostic path preserves strict hidden city cache and resource gates on completed cycles (10.695139ms)
✔ failed scene raw result is written with failing verdict before original error propagates (5.429558ms)
✔ scene-only marker requires runtime marker, skips only production45 step and keeps scene and native metrics (0.668519ms)
✔ held current view waits for deferred seven-to-eleven exact actors before freezing scene composition (8.778945ms)
✔ same count with substituted actor template cannot satisfy exact scene composition readiness (6.896153ms)
✔ natural city cache follows actual preserved show false and rejects visibility identity and growth defects (17.464114ms)
✔ scene save setup permits only recorded one-time city seed and retains whole-span mutation (4.574587ms)
✔ scene save diagnostics retain dirty draw and flag proof without hiding state or leaking adapters (12.594683ms)
✔ scene save diagnostics preserve phase and cleanup deltas when city load throws (2.961021ms)
✔ scene browser helper serialization works and temporary helpers are cleaned even on evaluate failure (7.488578ms)
✔ scene save contract rejects recurring cycle writes and unknown warmup state or write origin (17.658373ms)
✔ scene save contract rejects dirty constituent proof even after state is restored and rejects adapter restoration failure (11.376888ms)
✔ scene setup proof rejects unknown fields, storage commits and missing complete provenance (18.04694ms)
ℹ tests 21
ℹ suites 0
ℹ pass 21
ℹ fail 0
ℹ cancelled 0
ℹ skipped 0
ℹ todo 0
ℹ duration_ms 367.302272
