2026-10-09T11:55:18.1754828Z Current runner version: '2.337.0'
2026-10-09T11:55:18.1774876Z ##[group]Runner Image Provisioner
2026-10-09T11:55:18.1775639Z Hosted Compute Agent
2026-10-09T11:55:18.1776171Z Version: 20261002.596
2026-10-09T11:55:18.1776740Z Commit: c3d12f3313a95f25162a1503be624f3b0617f8c0
2026-10-09T11:55:18.1777319Z Build Date: 2026-10-02T22:28:27Z
2026-10-09T11:55:18.1777957Z Worker ID: {af922edf-528c-4e53-8a42-2c7bc3e18efa}
2026-10-09T11:55:18.1778529Z Region: westus3
2026-10-09T11:55:18.1778999Z Cloud: Azure
2026-10-09T11:55:18.1779450Z ##[endgroup]
2026-10-09T11:55:18.1780591Z ##[group]Operating System
2026-10-09T11:55:18.1781205Z Ubuntu
2026-10-09T11:55:18.1781635Z 24.04.5
2026-10-09T11:55:18.1782042Z LTS
2026-10-09T11:55:18.1782853Z ##[endgroup]
2026-10-09T11:55:18.1783319Z ##[group]Runner Image
2026-10-09T11:55:18.1783874Z Image: ubuntu-24.04
2026-10-09T11:55:18.1784348Z Version: 20261004.327.1
2026-10-09T11:55:18.1785716Z Included Software: https://github.com/actions/runner-images/blob/ubuntu24/20261004.327/images/ubuntu/Ubuntu2404-Readme.md
2026-10-09T11:55:18.1786964Z Image Release: https://github.com/actions/runner-images/releases/tag/ubuntu24%2F20261004.327
2026-10-09T11:55:18.1787843Z ##[endgroup]
2026-10-09T11:55:18.1788722Z ##[group]GITHUB_TOKEN Permissions
2026-10-09T11:55:18.1790531Z Contents: read
2026-10-09T11:55:18.1791018Z Metadata: read
2026-10-09T11:55:18.1791464Z ##[endgroup]
2026-10-09T11:55:18.1793436Z Secret source: Actions
2026-10-09T11:55:18.1794216Z Cache mode: write
2026-10-09T11:55:18.1794867Z Prepare workflow directory
2026-10-09T11:55:18.2056523Z Prepare all required actions
2026-10-09T11:55:18.2096754Z Getting action download info
2026-10-09T11:55:18.4900056Z Download action repository 'actions/checkout@v4' (SHA:11d5960a326750d5838078e36cf38b85af677262)
2026-10-09T11:55:18.9905286Z Download action repository 'actions/setup-node@v4' (SHA:49933ea5288caeca8642d1e84afbd3f7d6820020)
2026-10-09T11:55:19.0912063Z Download action repository 'actions/upload-artifact@v4' (SHA:ea165f8d65b6e75b540449e92b4886f43607fa02)
2026-10-09T11:55:19.4147644Z Complete job name: meguru-wave
2026-10-09T11:55:19.4782985Z ##[group]Run actions/checkout@v4
2026-10-09T11:55:19.4783714Z with:
2026-10-09T11:55:19.4784090Z   repository: Naoto214/naotocchi
2026-10-09T11:55:19.4787196Z   token: ***
2026-10-09T11:55:19.4787568Z   ssh-strict: true
2026-10-09T11:55:19.4787942Z   ssh-user: git
2026-10-09T11:55:19.4788319Z   persist-credentials: true
2026-10-09T11:55:19.4788726Z   clean: true
2026-10-09T11:55:19.4789106Z   sparse-checkout-cone-mode: true
2026-10-09T11:55:19.4789542Z   fetch-depth: 1
2026-10-09T11:55:19.4789905Z   fetch-tags: false
2026-10-09T11:55:19.4790282Z   show-progress: true
2026-10-09T11:55:19.4790677Z   lfs: false
2026-10-09T11:55:19.4791041Z   submodules: false
2026-10-09T11:55:19.4791436Z   set-safe-directory: true
2026-10-09T11:55:19.4791861Z   allow-unsafe-pr-checkout: false
2026-10-09T11:55:19.4792591Z ##[endgroup]
2026-10-09T11:55:19.5629059Z Syncing repository: Naoto214/naotocchi
2026-10-09T11:55:19.5630814Z ##[group]Getting Git version info
2026-10-09T11:55:19.5631507Z Working directory is '/home/runner/work/naotocchi/naotocchi'
2026-10-09T11:55:19.5632833Z [command]/usr/bin/git version
2026-10-09T11:55:19.5694120Z git version 2.55.0
2026-10-09T11:55:19.5710934Z ##[endgroup]
2026-10-09T11:55:19.5722895Z Temporarily overriding HOME='/home/runner/work/_temp/e42f179d-7add-4361-853e-09701c162622' before making global git config changes
2026-10-09T11:55:19.5724892Z Adding repository directory to the temporary git global config as a safe directory
2026-10-09T11:55:19.5727640Z [command]/usr/bin/git config --global --add safe.directory /home/runner/work/naotocchi/naotocchi
2026-10-09T11:55:19.5769771Z Deleting the contents of '/home/runner/work/naotocchi/naotocchi'
2026-10-09T11:55:19.5774624Z ##[group]Initializing the repository
2026-10-09T11:55:19.5777264Z [command]/usr/bin/git init /home/runner/work/naotocchi/naotocchi
2026-10-09T11:55:19.5867741Z hint: Using 'master' as the name for the initial branch. This default branch name
2026-10-09T11:55:19.5869638Z hint: will change to "main" in Git 3.0. To configure the initial branch name
2026-10-09T11:55:19.5870985Z hint: to use in all of your new repositories, which will suppress this warning,
2026-10-09T11:55:19.5872031Z hint: call:
2026-10-09T11:55:19.5872948Z hint:
2026-10-09T11:55:19.5873672Z hint: 	git config --global init.defaultBranch <name>
2026-10-09T11:55:19.5874529Z hint:
2026-10-09T11:55:19.5875350Z hint: Names commonly chosen instead of 'master' are 'main', 'trunk' and
2026-10-09T11:55:19.5876693Z hint: 'development'. The just-created branch can be renamed via this command:
2026-10-09T11:55:19.5877778Z hint:
2026-10-09T11:55:19.5878355Z hint: 	git branch -m <name>
2026-10-09T11:55:19.5879008Z hint:
2026-10-09T11:55:19.5879880Z hint: Disable this message with "git config set advice.defaultBranchName false"
2026-10-09T11:55:19.5886187Z Initialized empty Git repository in /home/runner/work/naotocchi/naotocchi/.git/
2026-10-09T11:55:19.5888537Z [command]/usr/bin/git remote add origin https://github.com/Naoto214/naotocchi
2026-10-09T11:55:19.5920224Z ##[endgroup]
2026-10-09T11:55:19.5921353Z ##[group]Disabling automatic garbage collection
2026-10-09T11:55:19.5924122Z [command]/usr/bin/git config --local gc.auto 0
2026-10-09T11:55:19.5953354Z ##[endgroup]
2026-10-09T11:55:19.5954501Z ##[group]Setting up auth
2026-10-09T11:55:19.5958472Z [command]/usr/bin/git config --local --name-only --get-regexp core\.sshCommand
2026-10-09T11:55:19.5989161Z [command]/usr/bin/git submodule foreach --recursive sh -c "git config --local --name-only --get-regexp 'core\.sshCommand' && git config --local --unset-all 'core.sshCommand' || :"
2026-10-09T11:55:19.6304853Z [command]/usr/bin/git config --local --name-only --get-regexp http\.https\:\/\/github\.com\/\.extraheader
2026-10-09T11:55:19.6337319Z [command]/usr/bin/git submodule foreach --recursive sh -c "git config --local --name-only --get-regexp 'http\.https\:\/\/github\.com\/\.extraheader' && git config --local --unset-all 'http.https://github.com/.extraheader' || :"
2026-10-09T11:55:19.6530040Z [command]/usr/bin/git config --local --name-only --get-regexp ^includeIf\.gitdir:
2026-10-09T11:55:19.6560714Z [command]/usr/bin/git submodule foreach --recursive git config --local --show-origin --name-only --get-regexp remote.origin.url
2026-10-09T11:55:19.6750443Z [command]/usr/bin/git config --local http.https://github.com/.extraheader AUTHORIZATION: basic ***
2026-10-09T11:55:19.6784405Z ##[endgroup]
2026-10-09T11:55:19.6785200Z ##[group]Fetching the repository
2026-10-09T11:55:19.6791830Z [command]/usr/bin/git -c protocol.version=2 fetch --no-tags --prune --no-recurse-submodules --depth=1 origin +aa03582df17b597c5fbe4fa663a0840941783880:refs/remotes/origin/feat/character-3d-full-rollout-v0
2026-10-09T11:56:01.9145962Z From https://github.com/Naoto214/naotocchi
2026-10-09T11:56:01.9146875Z  * [new ref]         aa03582df17b597c5fbe4fa663a0840941783880 -> origin/feat/character-3d-full-rollout-v0
2026-10-09T11:56:01.9150764Z ##[endgroup]
2026-10-09T11:56:01.9151570Z ##[group]Determining the checkout info
2026-10-09T11:56:01.9152531Z ##[endgroup]
2026-10-09T11:56:01.9157460Z [command]/usr/bin/git sparse-checkout disable
2026-10-09T11:56:01.9206418Z [command]/usr/bin/git config --local --unset-all extensions.worktreeConfig
2026-10-09T11:56:01.9234061Z ##[group]Checking out the ref
2026-10-09T11:56:01.9238387Z [command]/usr/bin/git checkout --progress --force -B feat/character-3d-full-rollout-v0 refs/remotes/origin/feat/character-3d-full-rollout-v0
2026-10-09T11:56:02.9936422Z Updating files:  34% (4813/13846)
2026-10-09T11:56:03.0755275Z Updating files:  35% (4847/13846)
2026-10-09T11:56:03.1421851Z Updating files:  36% (4985/13846)
2026-10-09T11:56:03.2130877Z Updating files:  37% (5124/13846)
2026-10-09T11:56:03.2429126Z Updating files:  38% (5262/13846)
2026-10-09T11:56:03.2761743Z Updating files:  39% (5400/13846)
2026-10-09T11:56:03.3036531Z Updating files:  40% (5539/13846)
2026-10-09T11:56:03.3361901Z Updating files:  41% (5677/13846)
2026-10-09T11:56:03.3622361Z Updating files:  42% (5816/13846)
2026-10-09T11:56:03.3770537Z Updating files:  43% (5954/13846)
2026-10-09T11:56:03.3925667Z Updating files:  44% (6093/13846)
2026-10-09T11:56:03.4216304Z Updating files:  45% (6231/13846)
2026-10-09T11:56:03.4505535Z Updating files:  46% (6370/13846)
2026-10-09T11:56:03.5022683Z Updating files:  47% (6508/13846)
2026-10-09T11:56:03.5195083Z Updating files:  48% (6647/13846)
2026-10-09T11:56:03.5363499Z Updating files:  49% (6785/13846)
2026-10-09T11:56:03.5587668Z Updating files:  50% (6923/13846)
2026-10-09T11:56:03.5769794Z Updating files:  51% (7062/13846)
2026-10-09T11:56:03.5944630Z Updating files:  52% (7200/13846)
2026-10-09T11:56:03.6137842Z Updating files:  53% (7339/13846)
2026-10-09T11:56:03.6303797Z Updating files:  54% (7477/13846)
2026-10-09T11:56:03.6545236Z Updating files:  55% (7616/13846)
2026-10-09T11:56:03.6726205Z Updating files:  56% (7754/13846)
2026-10-09T11:56:03.6915702Z Updating files:  57% (7893/13846)
2026-10-09T11:56:03.7211733Z Updating files:  58% (8031/13846)
2026-10-09T11:56:03.7442966Z Updating files:  59% (8170/13846)
2026-10-09T11:56:03.7669708Z Updating files:  60% (8308/13846)
2026-10-09T11:56:03.7884494Z Updating files:  61% (8447/13846)
2026-10-09T11:56:03.8184824Z Updating files:  62% (8585/13846)
2026-10-09T11:56:03.8365120Z Updating files:  63% (8723/13846)
2026-10-09T11:56:03.8776176Z Updating files:  64% (8862/13846)
2026-10-09T11:56:03.8992776Z Updating files:  65% (9000/13846)
2026-10-09T11:56:03.9219990Z Updating files:  66% (9139/13846)
2026-10-09T11:56:03.9361490Z Updating files:  67% (9277/13846)
2026-10-09T11:56:03.9444289Z Updating files:  67% (9356/13846)
2026-10-09T11:56:03.9626970Z Updating files:  68% (9416/13846)
2026-10-09T11:56:03.9873363Z Updating files:  69% (9554/13846)
2026-10-09T11:56:04.0064556Z Updating files:  70% (9693/13846)
2026-10-09T11:56:04.0292547Z Updating files:  71% (9831/13846)
2026-10-09T11:56:04.0671846Z Updating files:  72% (9970/13846)
2026-10-09T11:56:04.0869311Z Updating files:  73% (10108/13846)
2026-10-09T11:56:04.1099854Z Updating files:  74% (10247/13846)
2026-10-09T11:56:04.1300358Z Updating files:  75% (10385/13846)
2026-10-09T11:56:04.1503547Z Updating files:  76% (10523/13846)
2026-10-09T11:56:04.1778394Z Updating files:  77% (10662/13846)
2026-10-09T11:56:04.1962470Z Updating files:  78% (10800/13846)
2026-10-09T11:56:04.2172543Z Updating files:  79% (10939/13846)
2026-10-09T11:56:04.2333666Z Updating files:  80% (11077/13846)
2026-10-09T11:56:04.2524762Z Updating files:  81% (11216/13846)
2026-10-09T11:56:04.2752698Z Updating files:  82% (11354/13846)
2026-10-09T11:56:04.2966152Z Updating files:  83% (11493/13846)
2026-10-09T11:56:04.3124573Z Updating files:  84% (11631/13846)
2026-10-09T11:56:04.3343371Z Updating files:  85% (11770/13846)
2026-10-09T11:56:04.3505942Z Updating files:  86% (11908/13846)
2026-10-09T11:56:04.3728884Z Updating files:  87% (12047/13846)
2026-10-09T11:56:04.4228041Z Updating files:  88% (12185/13846)
2026-10-09T11:56:04.4713975Z Updating files:  89% (12323/13846)
2026-10-09T11:56:04.5194755Z Updating files:  90% (12462/13846)
2026-10-09T11:56:04.5500852Z Updating files:  91% (12600/13846)
2026-10-09T11:56:04.6000086Z Updating files:  92% (12739/13846)
2026-10-09T11:56:04.6215020Z Updating files:  93% (12877/13846)
2026-10-09T11:56:04.6569025Z Updating files:  94% (13016/13846)
2026-10-09T11:56:04.6865992Z Updating files:  95% (13154/13846)
2026-10-09T11:56:04.7021710Z Updating files:  96% (13293/13846)
2026-10-09T11:56:04.7139215Z Updating files:  97% (13431/13846)
2026-10-09T11:56:04.7251759Z Updating files:  98% (13570/13846)
2026-10-09T11:56:04.7333933Z Updating files:  99% (13708/13846)
2026-10-09T11:56:04.7334342Z Updating files: 100% (13846/13846)
2026-10-09T11:56:04.7334725Z Updating files: 100% (13846/13846), done.
2026-10-09T11:56:04.7446075Z Switched to a new branch 'feat/character-3d-full-rollout-v0'
2026-10-09T11:56:04.7453043Z branch 'feat/character-3d-full-rollout-v0' set up to track 'origin/feat/character-3d-full-rollout-v0'.
2026-10-09T11:56:04.7561960Z ##[endgroup]
2026-10-09T11:56:04.7605637Z [command]/usr/bin/git log -1 --format=%H
2026-10-09T11:56:04.7637451Z aa03582df17b597c5fbe4fa663a0840941783880
2026-10-09T11:56:04.7858979Z ##[group]Run actions/setup-node@v4
2026-10-09T11:56:04.7859207Z with:
2026-10-09T11:56:04.7859378Z   node-version: 22
2026-10-09T11:56:04.7859550Z   always-auth: false
2026-10-09T11:56:04.7859725Z   check-latest: false
2026-10-09T11:56:04.7861609Z   token: ***
2026-10-09T11:56:04.7861778Z ##[endgroup]
2026-10-09T11:56:04.8962451Z Found in cache @ /opt/hostedtoolcache/node/22.23.3/x64
2026-10-09T11:56:04.8965025Z (node:2110) [DEP0040] DeprecationWarning: The `punycode` module is deprecated. Please use a userland alternative instead.
2026-10-09T11:56:04.8965561Z (Use `node --trace-deprecation ...` to show where the warning was created)
2026-10-09T11:56:04.8967155Z ##[group]Environment details
2026-10-09T11:56:05.2381130Z node: v22.23.3
2026-10-09T11:56:05.2381586Z npm: 10.9.9
2026-10-09T11:56:05.2381826Z yarn: 1.22.22
2026-10-09T11:56:05.2383251Z ##[endgroup]
2026-10-09T11:56:05.2501954Z ##[group]Run npm ci
2026-10-09T11:56:05.2502506Z [36;1mnpm ci[0m
2026-10-09T11:56:05.2729140Z shell: /usr/bin/bash -e {0}
2026-10-09T11:56:05.2729368Z ##[endgroup]
2026-10-09T11:56:07.0270978Z 
2026-10-09T11:56:07.0277866Z added 27 packages, and audited 28 packages in 2s
2026-10-09T11:56:07.0278218Z 
2026-10-09T11:56:07.0278439Z 14 packages are looking for funding
2026-10-09T11:56:07.0278818Z   run `npm fund` for details
2026-10-09T11:56:07.0299335Z 
2026-10-09T11:56:07.0299596Z 2 high severity vulnerabilities
2026-10-09T11:56:07.0299763Z 
2026-10-09T11:56:07.0299877Z To address all issues, run:
2026-10-09T11:56:07.0300095Z   npm audit fix
2026-10-09T11:56:07.0300200Z 
2026-10-09T11:56:07.0300322Z Run `npm audit` for details.
2026-10-09T11:56:07.0686851Z ##[group]Run npm install --no-save --package-lock=false playwright@1.62.1
2026-10-09T11:56:07.0687300Z [36;1mnpm install --no-save --package-lock=false playwright@1.62.1[0m
2026-10-09T11:56:07.0744936Z shell: /usr/bin/bash -e {0}
2026-10-09T11:56:07.0745364Z ##[endgroup]
2026-10-09T11:56:12.8057186Z 
2026-10-09T11:56:12.8060125Z added 2 packages, changed 13 packages, and audited 27 packages in 6s
2026-10-09T11:56:12.8060413Z 
2026-10-09T11:56:12.8060558Z 12 packages are looking for funding
2026-10-09T11:56:12.8060810Z   run `npm fund` for details
2026-10-09T11:56:12.8065365Z 
2026-10-09T11:56:12.8065539Z found 0 vulnerabilities
2026-10-09T11:56:12.8262472Z ##[group]Run npx playwright install --with-deps chromium
2026-10-09T11:56:12.8262875Z [36;1mnpx playwright install --with-deps chromium[0m
2026-10-09T11:56:12.8320492Z shell: /usr/bin/bash -e {0}
2026-10-09T11:56:12.8320715Z ##[endgroup]
2026-10-09T11:56:13.4980448Z Installing dependencies...
2026-10-09T11:56:13.5041537Z Switching to root user to install dependencies...
2026-10-09T11:56:13.6564874Z Get:1 file:/etc/apt/apt-mirrors.txt Mirrorlist [144 B]
2026-10-09T11:56:13.6683876Z Get:6 https://packages.microsoft.com/ubuntu/24.04/prod noble InRelease [3600 B]
2026-10-09T11:56:13.6859620Z Hit:2 http://azure.archive.ubuntu.com/ubuntu noble InRelease
2026-10-09T11:56:13.6869817Z Get:3 http://azure.archive.ubuntu.com/ubuntu noble-updates InRelease [126 kB]
2026-10-09T11:56:13.6941231Z Get:4 http://azure.archive.ubuntu.com/ubuntu noble-backports InRelease [126 kB]
2026-10-09T11:56:13.6993215Z Get:5 http://azure.archive.ubuntu.com/ubuntu noble-security InRelease [126 kB]
2026-10-09T11:56:13.7748060Z Get:7 https://packages.microsoft.com/ubuntu/24.04/prod noble/main armhf Packages [12.3 kB]
2026-10-09T11:56:13.7862514Z Get:8 https://packages.microsoft.com/ubuntu/24.04/prod noble/main amd64 Packages [531 kB]
2026-10-09T11:56:13.7962914Z Get:9 https://packages.microsoft.com/ubuntu/24.04/prod noble/main arm64 Packages [475 kB]
2026-10-09T11:56:13.7983049Z Get:10 https://packages.microsoft.com/ubuntu/24.04/prod noble/main all Packages [640 B]
2026-10-09T11:56:13.8719375Z Get:11 http://azure.archive.ubuntu.com/ubuntu noble-updates/main amd64 Packages [1375 kB]
2026-10-09T11:56:13.8786951Z Get:12 http://azure.archive.ubuntu.com/ubuntu noble-updates/main Translation-en [306 kB]
2026-10-09T11:56:13.8794096Z Get:13 http://azure.archive.ubuntu.com/ubuntu noble-updates/universe amd64 Packages [1702 kB]
2026-10-09T11:56:13.8869053Z Get:14 http://azure.archive.ubuntu.com/ubuntu noble-updates/universe Translation-en [342 kB]
2026-10-09T11:56:13.8890707Z Get:15 http://azure.archive.ubuntu.com/ubuntu noble-updates/restricted amd64 Packages [1761 kB]
2026-10-09T11:56:13.8982709Z Get:16 http://azure.archive.ubuntu.com/ubuntu noble-updates/restricted Translation-en [401 kB]
2026-10-09T11:56:13.8992270Z Get:17 http://azure.archive.ubuntu.com/ubuntu noble-updates/multiverse amd64 Packages [55.0 kB]
2026-10-09T11:56:13.8998725Z Get:18 http://azure.archive.ubuntu.com/ubuntu noble-updates/multiverse Translation-en [14.3 kB]
2026-10-09T11:56:13.9617562Z Get:19 http://azure.archive.ubuntu.com/ubuntu noble-security/main amd64 Packages [1121 kB]
2026-10-09T11:56:13.9673539Z Get:20 http://azure.archive.ubuntu.com/ubuntu noble-security/main Translation-en [228 kB]
2026-10-09T11:56:14.0098339Z Get:21 http://azure.archive.ubuntu.com/ubuntu noble-security/universe amd64 Packages [1220 kB]
2026-10-09T11:56:14.0147884Z Get:22 http://azure.archive.ubuntu.com/ubuntu noble-security/universe Translation-en [245 kB]
2026-10-09T11:56:14.0162771Z Get:23 http://azure.archive.ubuntu.com/ubuntu noble-security/restricted amd64 Packages [1669 kB]
2026-10-09T11:56:14.0227085Z Get:24 http://azure.archive.ubuntu.com/ubuntu noble-security/restricted Translation-en [383 kB]
2026-10-09T11:56:14.0246013Z Get:25 http://azure.archive.ubuntu.com/ubuntu noble-security/multiverse amd64 Packages [49.8 kB]
2026-10-09T11:56:14.0254328Z Get:26 http://azure.archive.ubuntu.com/ubuntu noble-security/multiverse Translation-en [12.4 kB]
2026-10-09T11:56:23.7062417Z Fetched 12.3 MB in 1s (11.4 MB/s)
2026-10-09T11:56:24.4336294Z Reading package lists...
2026-10-09T11:56:24.4546181Z Reading package lists...
2026-10-09T11:56:24.6716519Z Building dependency tree...
2026-10-09T11:56:24.6723289Z Reading state information...
2026-10-09T11:56:24.8414053Z libasound2t64 is already the newest version (1.2.11-1ubuntu0.3).
2026-10-09T11:56:24.8414463Z libasound2t64 set to manually installed.
2026-10-09T11:56:24.8414870Z libatk-bridge2.0-0t64 is already the newest version (2.52.0-1build1).
2026-10-09T11:56:24.8415245Z libatk-bridge2.0-0t64 set to manually installed.
2026-10-09T11:56:24.8416023Z libatk1.0-0t64 is already the newest version (2.52.0-1build1).
2026-10-09T11:56:24.8416351Z libatk1.0-0t64 set to manually installed.
2026-10-09T11:56:24.8416692Z libatspi2.0-0t64 is already the newest version (2.52.0-1build1).
2026-10-09T11:56:24.8417034Z libatspi2.0-0t64 set to manually installed.
2026-10-09T11:56:24.8417353Z libcairo2 is already the newest version (1.18.0-3build1).
2026-10-09T11:56:24.8417660Z libcairo2 set to manually installed.
2026-10-09T11:56:24.8417989Z libcups2t64 is already the newest version (2.4.7-1.2ubuntu7.14).
2026-10-09T11:56:24.8418323Z libcups2t64 set to manually installed.
2026-10-09T11:56:24.8418655Z libdbus-1-3 is already the newest version (1.14.10-4ubuntu4.1).
2026-10-09T11:56:24.8419296Z libdbus-1-3 set to manually installed.
2026-10-09T11:56:24.8419789Z libdrm2 is already the newest version (2.4.125-1ubuntu0.1~24.04.2).
2026-10-09T11:56:24.8420291Z libdrm2 set to manually installed.
2026-10-09T11:56:24.8420801Z libgbm1 is already the newest version (25.2.8-0ubuntu0.24.04.4).
2026-10-09T11:56:24.8421275Z libgbm1 set to manually installed.
2026-10-09T11:56:24.8421803Z libglib2.0-0t64 is already the newest version (2.80.0-6ubuntu3.9).
2026-10-09T11:56:24.8422516Z libglib2.0-0t64 set to manually installed.
2026-10-09T11:56:24.8423056Z libnspr4 is already the newest version (2:4.35-1.1build1).
2026-10-09T11:56:24.8423541Z libnspr4 set to manually installed.
2026-10-09T11:56:24.8424125Z libnss3 is already the newest version (2:3.98-1ubuntu0.2).
2026-10-09T11:56:24.8424591Z libnss3 set to manually installed.
2026-10-09T11:56:24.8425394Z libpango-1.0-0 is already the newest version (1.52.1+ds-1build1).
2026-10-09T11:56:24.8425931Z libpango-1.0-0 set to manually installed.
2026-10-09T11:56:24.8426459Z libx11-6 is already the newest version (2:1.8.7-1build1).
2026-10-09T11:56:24.8426937Z libx11-6 set to manually installed.
2026-10-09T11:56:24.8427423Z libxcb1 is already the newest version (1.15-1ubuntu2).
2026-10-09T11:56:24.8427911Z libxcb1 set to manually installed.
2026-10-09T11:56:24.8428460Z libxcomposite1 is already the newest version (1:0.4.5-1build3).
2026-10-09T11:56:24.8429003Z libxcomposite1 set to manually installed.
2026-10-09T11:56:24.8429549Z libxdamage1 is already the newest version (1:1.1.6-1build1).
2026-10-09T11:56:24.8430069Z libxdamage1 set to manually installed.
2026-10-09T11:56:24.8430609Z libxext6 is already the newest version (2:1.3.4-1build2).
2026-10-09T11:56:24.8431088Z libxext6 set to manually installed.
2026-10-09T11:56:24.8431583Z libxfixes3 is already the newest version (1:6.0.0-2build1).
2026-10-09T11:56:24.8432077Z libxfixes3 set to manually installed.
2026-10-09T11:56:24.8432749Z libxkbcommon0 is already the newest version (1.6.0-1build1).
2026-10-09T11:56:24.8433232Z libxkbcommon0 set to manually installed.
2026-10-09T11:56:24.8433763Z libxrandr2 is already the newest version (2:1.5.2-2build1).
2026-10-09T11:56:24.8434274Z libxrandr2 set to manually installed.
2026-10-09T11:56:24.8434795Z xvfb is already the newest version (2:21.1.12-1ubuntu1.8).
2026-10-09T11:56:24.8435455Z fonts-noto-color-emoji is already the newest version (2.047-0ubuntu0.24.04.1).
2026-10-09T11:56:24.8436181Z libfontconfig1 is already the newest version (2.15.0-1.1ubuntu2).
2026-10-09T11:56:24.8436700Z libfontconfig1 set to manually installed.
2026-10-09T11:56:24.8437258Z fonts-liberation is already the newest version (1:2.1.5-3).
2026-10-09T11:56:24.8437805Z fonts-liberation set to manually installed.
2026-10-09T11:56:24.8438337Z The following additional packages will be installed:
2026-10-09T11:56:24.8438810Z   xfonts-encodings xfonts-utils
2026-10-09T11:56:24.8439177Z Recommended packages:
2026-10-09T11:56:24.8439548Z   fonts-ipafont-mincho fonts-tlwg-loma
2026-10-09T11:56:24.8780659Z The following NEW packages will be installed:
2026-10-09T11:56:24.8781130Z   fonts-freefont-ttf fonts-ipafont-gothic fonts-tlwg-loma-otf fonts-unifont
2026-10-09T11:56:24.8789770Z   fonts-wqy-zenhei xfonts-cyrillic xfonts-encodings xfonts-scalable
2026-10-09T11:56:24.8790452Z   xfonts-utils
2026-10-09T11:56:24.8795187Z The following packages will be upgraded:
2026-10-09T11:56:24.8799709Z   libfreetype6
2026-10-09T11:56:24.8952230Z 1 upgraded, 9 newly installed, 0 to remove and 22 not upgraded.
2026-10-09T11:56:24.8952802Z Need to get 21.5 MB of archives.
2026-10-09T11:56:24.8953342Z After this operation, 79.5 MB of additional disk space will be used.
2026-10-09T11:56:24.8953977Z Get:1 file:/etc/apt/apt-mirrors.txt Mirrorlist [144 B]
2026-10-09T11:56:24.9749318Z Get:2 http://azure.archive.ubuntu.com/ubuntu noble/universe amd64 fonts-ipafont-gothic all 00303-21ubuntu1 [3513 kB]
2026-10-09T11:56:25.1596373Z Get:3 http://azure.archive.ubuntu.com/ubuntu noble/main amd64 fonts-freefont-ttf all 20211204+svn4273-2 [5641 kB]
2026-10-09T11:56:25.3729597Z Get:4 http://azure.archive.ubuntu.com/ubuntu noble/universe amd64 fonts-tlwg-loma-otf all 1:0.7.3-1 [107 kB]
2026-10-09T11:56:25.4807586Z Get:5 http://azure.archive.ubuntu.com/ubuntu noble/universe amd64 fonts-unifont all 1:15.1.01-1build1 [2993 kB]
2026-10-09T11:56:25.6905354Z Get:6 http://azure.archive.ubuntu.com/ubuntu noble/universe amd64 fonts-wqy-zenhei all 0.9.45-8 [7472 kB]
2026-10-09T11:56:25.9898766Z Get:7 http://azure.archive.ubuntu.com/ubuntu noble-updates/main amd64 libfreetype6 amd64 2.13.2+dfsg-1ubuntu0.2 [403 kB]
2026-10-09T11:56:26.0990869Z Get:8 http://azure.archive.ubuntu.com/ubuntu noble/main amd64 xfonts-encodings all 1:1.0.5-0ubuntu2 [578 kB]
2026-10-09T11:56:26.2086972Z Get:9 http://azure.archive.ubuntu.com/ubuntu noble/main amd64 xfonts-utils amd64 1:7.7+6build3 [94.4 kB]
2026-10-09T11:56:26.3197168Z Get:10 http://azure.archive.ubuntu.com/ubuntu noble/universe amd64 xfonts-cyrillic all 1:1.0.5+nmu1 [384 kB]
2026-10-09T11:56:26.4215286Z Get:11 http://azure.archive.ubuntu.com/ubuntu noble/main amd64 xfonts-scalable all 1:1.0.3-1.3 [304 kB]
2026-10-09T11:56:26.7202558Z Fetched 21.5 MB in 2s (13.6 MB/s)
2026-10-09T11:56:26.9677875Z Selecting previously unselected package fonts-ipafont-gothic.
2026-10-09T11:56:27.0171813Z (Reading database ... 
2026-10-09T11:56:27.0172558Z (Reading database ... 5%
2026-10-09T11:56:27.0173115Z (Reading database ... 10%
2026-10-09T11:56:27.0173536Z (Reading database ... 15%
2026-10-09T11:56:27.0173944Z (Reading database ... 20%
2026-10-09T11:56:27.0176560Z (Reading database ... 25%
2026-10-09T11:56:27.0176900Z (Reading database ... 30%
2026-10-09T11:56:27.0177228Z (Reading database ... 35%
2026-10-09T11:56:27.0177475Z (Reading database ... 40%
2026-10-09T11:56:27.0177661Z (Reading database ... 45%
2026-10-09T11:56:27.0177851Z (Reading database ... 50%
2026-10-09T11:56:27.0648073Z (Reading database ... 55%
2026-10-09T11:56:27.4068603Z (Reading database ... 60%
2026-10-09T11:56:27.7102642Z (Reading database ... 65%
2026-10-09T11:56:28.0394192Z (Reading database ... 70%
2026-10-09T11:56:28.4219964Z (Reading database ... 75%
2026-10-09T11:56:28.8201492Z (Reading database ... 80%
2026-10-09T11:56:29.4494803Z (Reading database ... 85%
2026-10-09T11:56:30.2635689Z (Reading database ... 90%
2026-10-09T11:56:31.1574475Z (Reading database ... 95%
2026-10-09T11:56:31.1574771Z (Reading database ... 100%
2026-10-09T11:56:31.1575140Z (Reading database ... 203191 files and directories currently installed.)
2026-10-09T11:56:31.1618800Z Preparing to unpack .../0-fonts-ipafont-gothic_00303-21ubuntu1_all.deb ...
2026-10-09T11:56:31.2724219Z Unpacking fonts-ipafont-gothic (00303-21ubuntu1) ...
2026-10-09T11:56:32.0589804Z Selecting previously unselected package fonts-freefont-ttf.
2026-10-09T11:56:32.0703873Z Preparing to unpack .../1-fonts-freefont-ttf_20211204+svn4273-2_all.deb ...
2026-10-09T11:56:32.0710346Z Unpacking fonts-freefont-ttf (20211204+svn4273-2) ...
2026-10-09T11:56:32.2799698Z Selecting previously unselected package fonts-tlwg-loma-otf.
2026-10-09T11:56:32.2909840Z Preparing to unpack .../2-fonts-tlwg-loma-otf_1%3a0.7.3-1_all.deb ...
2026-10-09T11:56:32.2915766Z Unpacking fonts-tlwg-loma-otf (1:0.7.3-1) ...
2026-10-09T11:56:32.3130313Z Selecting previously unselected package fonts-unifont.
2026-10-09T11:56:32.3240960Z Preparing to unpack .../3-fonts-unifont_1%3a15.1.01-1build1_all.deb ...
2026-10-09T11:56:32.3246582Z Unpacking fonts-unifont (1:15.1.01-1build1) ...
2026-10-09T11:56:32.6044750Z Selecting previously unselected package fonts-wqy-zenhei.
2026-10-09T11:56:32.6155492Z Preparing to unpack .../4-fonts-wqy-zenhei_0.9.45-8_all.deb ...
2026-10-09T11:56:32.6246582Z Unpacking fonts-wqy-zenhei (0.9.45-8) ...
2026-10-09T11:56:33.0956262Z Preparing to unpack .../5-libfreetype6_2.13.2+dfsg-1ubuntu0.2_amd64.deb ...
2026-10-09T11:56:33.2235035Z Unpacking libfreetype6:amd64 (2.13.2+dfsg-1ubuntu0.2) over (2.13.2+dfsg-1ubuntu0.1) ...
2026-10-09T11:56:33.2464619Z Selecting previously unselected package xfonts-encodings.
2026-10-09T11:56:33.2577568Z Preparing to unpack .../6-xfonts-encodings_1%3a1.0.5-0ubuntu2_all.deb ...
2026-10-09T11:56:33.2582641Z Unpacking xfonts-encodings (1:1.0.5-0ubuntu2) ...
2026-10-09T11:56:33.2819276Z Selecting previously unselected package xfonts-utils.
2026-10-09T11:56:33.2929897Z Preparing to unpack .../7-xfonts-utils_1%3a7.7+6build3_amd64.deb ...
2026-10-09T11:56:33.2934858Z Unpacking xfonts-utils (1:7.7+6build3) ...
2026-10-09T11:56:33.5076027Z Selecting previously unselected package xfonts-cyrillic.
2026-10-09T11:56:33.5186621Z Preparing to unpack .../8-xfonts-cyrillic_1%3a1.0.5+nmu1_all.deb ...
2026-10-09T11:56:33.5193673Z Unpacking xfonts-cyrillic (1:1.0.5+nmu1) ...
2026-10-09T11:56:33.5468667Z Selecting previously unselected package xfonts-scalable.
2026-10-09T11:56:33.5579501Z Preparing to unpack .../9-xfonts-scalable_1%3a1.0.3-1.3_all.deb ...
2026-10-09T11:56:33.5585587Z Unpacking xfonts-scalable (1:1.0.3-1.3) ...
2026-10-09T11:56:33.6205996Z Setting up fonts-wqy-zenhei (0.9.45-8) ...
2026-10-09T11:56:33.6359441Z Setting up fonts-freefont-ttf (20211204+svn4273-2) ...
2026-10-09T11:56:33.6373109Z Setting up fonts-tlwg-loma-otf (1:0.7.3-1) ...
2026-10-09T11:56:33.6437138Z Setting up libfreetype6:amd64 (2.13.2+dfsg-1ubuntu0.2) ...
2026-10-09T11:56:33.6605402Z Setting up xfonts-encodings (1:1.0.5-0ubuntu2) ...
2026-10-09T11:56:33.6620791Z Setting up fonts-ipafont-gothic (00303-21ubuntu1) ...
2026-10-09T11:56:33.6678863Z update-alternatives: using /usr/share/fonts/opentype/ipafont-gothic/ipag.ttf to provide /usr/share/fonts/truetype/fonts-japanese-gothic.ttf (fonts-japanese-gothic.ttf) in auto mode
2026-10-09T11:56:33.6762645Z Setting up fonts-unifont (1:15.1.01-1build1) ...
2026-10-09T11:56:33.6776145Z Setting up xfonts-utils (1:7.7+6build3) ...
2026-10-09T11:56:33.6816091Z Setting up xfonts-cyrillic (1:1.0.5+nmu1) ...
2026-10-09T11:56:33.7132205Z Setting up xfonts-scalable (1:1.0.3-1.3) ...
2026-10-09T11:56:33.7374090Z Processing triggers for libc-bin (2.39-0ubuntu8.9) ...
2026-10-09T11:56:35.1824217Z Processing triggers for man-db (2.12.0-4build2) ...
2026-10-09T11:56:35.1844243Z Not building database; man-db/auto-update is not 'true'.
2026-10-09T11:56:35.1856049Z Processing triggers for fontconfig (2.15.0-1.1ubuntu2) ...
2026-10-09T11:56:36.2944047Z 
2026-10-09T11:56:36.2944680Z Running kernel seems to be up-to-date.
2026-10-09T11:56:36.2944976Z 
2026-10-09T11:56:36.2945131Z Restarting services...
2026-10-09T11:56:36.3013800Z  systemctl restart php8.3-fpm.service
2026-10-09T11:56:36.3959905Z 
2026-10-09T11:56:36.3961300Z No containers need to be restarted.
2026-10-09T11:56:36.3961605Z 
2026-10-09T11:56:36.3961854Z No user sessions are running outdated binaries.
2026-10-09T11:56:36.3962255Z 
2026-10-09T11:56:36.3980312Z No VM guests are running outdated hypervisor (qemu) binaries on this host.
2026-10-09T11:56:37.3133579Z Downloading Chrome for Testing 151.0.7922.34 (playwright chromium v1234) from https://cdn.playwright.dev/builds/cft/151.0.7922.34/linux64/chrome-linux64.zip
2026-10-09T11:56:38.2952681Z |                                                                                |   0% of 184.3 MiB
2026-10-09T11:56:38.4707457Z |■■■■■■■■                                                                        |  10% of 184.3 MiB
2026-10-09T11:56:38.5356913Z |■■■■■■■■■■■■■■■■                                                                |  20% of 184.3 MiB
2026-10-09T11:56:38.6004193Z |■■■■■■■■■■■■■■■■■■■■■■■■                                                        |  30% of 184.3 MiB
2026-10-09T11:56:38.6708916Z |■■■■■■■■■■■■■■■■■■■■■■■■■■■■■■■■                                                |  40% of 184.3 MiB
2026-10-09T11:56:38.7345234Z |■■■■■■■■■■■■■■■■■■■■■■■■■■■■■■■■■■■■■■■■                                        |  50% of 184.3 MiB
2026-10-09T11:56:38.8048656Z |■■■■■■■■■■■■■■■■■■■■■■■■■■■■■■■■■■■■■■■■■■■■■■■■                                |  60% of 184.3 MiB
2026-10-09T11:56:38.8729862Z |■■■■■■■■■■■■■■■■■■■■■■■■■■■■■■■■■■■■■■■■■■■■■■■■■■■■■■■■                        |  70% of 184.3 MiB
2026-10-09T11:56:38.9479985Z |■■■■■■■■■■■■■■■■■■■■■■■■■■■■■■■■■■■■■■■■■■■■■■■■■■■■■■■■■■■■■■■■                |  80% of 184.3 MiB
2026-10-09T11:56:39.0173256Z |■■■■■■■■■■■■■■■■■■■■■■■■■■■■■■■■■■■■■■■■■■■■■■■■■■■■■■■■■■■■■■■■■■■■■■■■        |  90% of 184.3 MiB
2026-10-09T11:56:39.0850482Z |■■■■■■■■■■■■■■■■■■■■■■■■■■■■■■■■■■■■■■■■■■■■■■■■■■■■■■■■■■■■■■■■■■■■■■■■■■■■■■■■| 100% of 184.3 MiB
2026-10-09T11:56:41.1257193Z Chrome for Testing 151.0.7922.34 (playwright chromium v1234) downloaded to /home/runner/.cache/ms-playwright/chromium-1234
2026-10-09T11:56:41.1259882Z Downloading FFmpeg (playwright ffmpeg v1011) from https://cdn.playwright.dev/dbazure/download/playwright/builds/ffmpeg/1011/ffmpeg-linux.zip
2026-10-09T11:56:42.0328864Z |                                                                                |   0% of 2.3 MiB
2026-10-09T11:56:42.0377689Z |■■■■■■■■                                                                        |  10% of 2.3 MiB
2026-10-09T11:56:42.0400143Z |■■■■■■■■■■■■■■■■                                                                |  20% of 2.3 MiB
2026-10-09T11:56:42.0416803Z |■■■■■■■■■■■■■■■■■■■■■■■■                                                        |  30% of 2.3 MiB
2026-10-09T11:56:42.0429072Z |■■■■■■■■■■■■■■■■■■■■■■■■■■■■■■■■                                                |  40% of 2.3 MiB
2026-10-09T11:56:42.0444494Z |■■■■■■■■■■■■■■■■■■■■■■■■■■■■■■■■■■■■■■■■                                        |  50% of 2.3 MiB
2026-10-09T11:56:42.0457095Z |■■■■■■■■■■■■■■■■■■■■■■■■■■■■■■■■■■■■■■■■■■■■■■■■                                |  60% of 2.3 MiB
2026-10-09T11:56:42.0468052Z |■■■■■■■■■■■■■■■■■■■■■■■■■■■■■■■■■■■■■■■■■■■■■■■■■■■■■■■■                        |  70% of 2.3 MiB
2026-10-09T11:56:42.0478576Z |■■■■■■■■■■■■■■■■■■■■■■■■■■■■■■■■■■■■■■■■■■■■■■■■■■■■■■■■■■■■■■■■                |  80% of 2.3 MiB
2026-10-09T11:56:42.0486781Z |■■■■■■■■■■■■■■■■■■■■■■■■■■■■■■■■■■■■■■■■■■■■■■■■■■■■■■■■■■■■■■■■■■■■■■■■        |  90% of 2.3 MiB
2026-10-09T11:56:42.0493276Z |■■■■■■■■■■■■■■■■■■■■■■■■■■■■■■■■■■■■■■■■■■■■■■■■■■■■■■■■■■■■■■■■■■■■■■■■■■■■■■■■| 100% of 2.3 MiB
2026-10-09T11:56:42.0934615Z FFmpeg (playwright ffmpeg v1011) downloaded to /home/runner/.cache/ms-playwright/ffmpeg-1011
2026-10-09T11:56:42.0937158Z Downloading Chrome Headless Shell 151.0.7922.34 (playwright chromium-headless-shell v1234) from https://cdn.playwright.dev/builds/cft/151.0.7922.34/linux64/chrome-headless-shell-linux64.zip
2026-10-09T11:56:43.0513834Z |                                                                                |   0% of 114.7 MiB
2026-10-09T11:56:43.1947516Z |■■■■■■■■                                                                        |  10% of 114.7 MiB
2026-10-09T11:56:43.2389876Z |■■■■■■■■■■■■■■■■                                                                |  20% of 114.7 MiB
2026-10-09T11:56:43.2813327Z |■■■■■■■■■■■■■■■■■■■■■■■■                                                        |  30% of 114.7 MiB
2026-10-09T11:56:43.3255796Z |■■■■■■■■■■■■■■■■■■■■■■■■■■■■■■■■                                                |  40% of 114.7 MiB
2026-10-09T11:56:43.3723020Z |■■■■■■■■■■■■■■■■■■■■■■■■■■■■■■■■■■■■■■■■                                        |  50% of 114.7 MiB
2026-10-09T11:56:43.4157214Z |■■■■■■■■■■■■■■■■■■■■■■■■■■■■■■■■■■■■■■■■■■■■■■■■                                |  60% of 114.7 MiB
2026-10-09T11:56:43.4611599Z |■■■■■■■■■■■■■■■■■■■■■■■■■■■■■■■■■■■■■■■■■■■■■■■■■■■■■■■■                        |  70% of 114.7 MiB
2026-10-09T11:56:43.5054186Z |■■■■■■■■■■■■■■■■■■■■■■■■■■■■■■■■■■■■■■■■■■■■■■■■■■■■■■■■■■■■■■■■                |  80% of 114.7 MiB
2026-10-09T11:56:43.5492059Z |■■■■■■■■■■■■■■■■■■■■■■■■■■■■■■■■■■■■■■■■■■■■■■■■■■■■■■■■■■■■■■■■■■■■■■■■        |  90% of 114.7 MiB
2026-10-09T11:56:43.5995869Z |■■■■■■■■■■■■■■■■■■■■■■■■■■■■■■■■■■■■■■■■■■■■■■■■■■■■■■■■■■■■■■■■■■■■■■■■■■■■■■■■| 100% of 114.7 MiB
2026-10-09T11:56:45.0896672Z Chrome Headless Shell 151.0.7922.34 (playwright chromium-headless-shell v1234) downloaded to /home/runner/.cache/ms-playwright/chromium_headless_shell-1234
2026-10-09T11:56:45.1156072Z ##[group]Run node tools/character-3d/meguru-qa.cjs --rollout --no-species --no-perf --integration-scene --no-capture --out test-results/full-rollout/meguru
2026-10-09T11:56:45.1156904Z [36;1mnode tools/character-3d/meguru-qa.cjs --rollout --no-species --no-perf --integration-scene --no-capture --out test-results/full-rollout/meguru[0m
2026-10-09T11:56:45.1213850Z shell: /usr/bin/bash -e {0}
2026-10-09T11:56:45.1214072Z ##[endgroup]
2026-10-09T11:57:07.8623565Z repeated scene phase START warmup/characters-off {"expected":{"live":0},"actual":{"live":0,"templates":13,"built":13,"tris":0,"meshes":0,"bones":0,"materials":1,"atlases":13,"eyeGeos":12,"cpuMsAvg":7.634,"cpuMsP95":46.6,"buildMsTotal":577.4,"buildMsMax":154.1,"fallbacks":0,"removed":24,"created":24,"failedTemplates":0,"buildsThisFrame":0,"holders":0,"is3D":true,"worldRegion":"forest","savedRegion":"forest","textures":47,"geometries":122,"heapBytes":37300000,"actors":[{"x":0,"z":150,"live":false,"attached":false},{"key":"companion:shiba","kind":"companion","id":"shiba","x":110.7764705882353,"z":213.1529411764706,"live":false,"attached":false},{"key":"companion:cat_friend","kind":"companion","id":"cat_friend","x":-110.68235294117648,"z":212.0235294117647,"live":false,"attached":false},{"key":"companion:tanuki","kind":"companion","id":"tanuki","x":143.36470588235295,"z":270.6235294117647,"live":false,"attached":false},{"key":"companion:penguin_friend","kind":"companion","id":"penguin_friend","x":-148.63529411764705,"z":282.5764705882353,"live":false,"attached":false},{"key":"form:mushroom:0","kind":"form","line":"mushroom","stage":0,"x":-689.7365405181966,"z":1241.2119938379008,"live":false,"attached":false},{"key":"form:mushroom:1","kind":"form","line":"mushroom","stage":1,"x":674.4805150185297,"z":1144.7391598683903,"live":false,"attached":false},{"key":"form:mushroom:2","kind":"form","line":"mushroom","stage":2,"x":-2030.0170907085533,"z":3900.601460661616,"live":false,"attached":false},{"key":"form:mushroom:3","kind":"form","line":"mushroom","stage":3,"x":1640.4278055954644,"z":5079.187841994747,"live":false,"attached":false},{"key":"form:mushroom:4","kind":"form","line":"mushroom","stage":4,"x":-1541.0476269442086,"z":832.9269947432696,"live":false,"attached":false},{"key":"form:mushroom:5","kind":"form","line":"mushroom","stage":5,"x":-9.754552920783684,"z":3028.8129123406857,"live":false,"attached":false},{"key":"form:mushroom:6","kind":"form","line":"mushroom","stage":6,"x":696.6754621376253,"z":2096.8080160319278,"live":false,"attached":false},{"key":"form:mushroom:7","kind":"form","line":"mushroom","stage":7,"x":733.8946530284275,"z":1187.6609597760405,"live":false,"attached":false},{"key":"form:butterfly:1","kind":"form","line":"butterfly","stage":1,"x":29.777781336231616,"z":1005.4479058295121,"live":false,"attached":false},{"key":"form:butterfly:3","kind":"form","line":"butterfly","stage":3,"x":84.67418869657259,"z":907.8389417048207,"live":false,"attached":false},{"key":"form:butterfly:7","kind":"form","line":"butterfly","stage":7,"x":-6.583609418497938,"z":863.9706648884128,"live":false,"attached":false}]}}
2026-10-09T11:57:08.1022227Z repeated scene phase READY warmup/characters-off {"live":0,"templates":13,"built":13,"tris":0,"meshes":0,"bones":0,"materials":1,"atlases":13,"eyeGeos":12,"cpuMsAvg":7.634,"cpuMsP95":46.6,"buildMsTotal":577.4,"buildMsMax":154.1,"fallbacks":0,"removed":24,"created":24,"failedTemplates":0,"buildsThisFrame":0,"holders":0,"is3D":true,"worldRegion":"forest","savedRegion":"forest","textures":47,"geometries":122,"heapBytes":37300000,"actors":[{"x":0,"z":150,"live":false,"attached":false},{"key":"companion:shiba","kind":"companion","id":"shiba","x":110.7764705882353,"z":213.1529411764706,"live":false,"attached":false},{"key":"companion:cat_friend","kind":"companion","id":"cat_friend","x":-110.68235294117648,"z":212.0235294117647,"live":false,"attached":false},{"key":"companion:tanuki","kind":"companion","id":"tanuki","x":143.36470588235295,"z":270.6235294117647,"live":false,"attached":false},{"key":"companion:penguin_friend","kind":"companion","id":"penguin_friend","x":-148.63529411764705,"z":282.5764705882353,"live":false,"attached":false},{"key":"form:mushroom:0","kind":"form","line":"mushroom","stage":0,"x":-689.7365405181966,"z":1241.2119938379008,"live":false,"attached":false},{"key":"form:mushroom:1","kind":"form","line":"mushroom","stage":1,"x":674.4805150185297,"z":1144.7391598683903,"live":false,"attached":false},{"key":"form:mushroom:2","kind":"form","line":"mushroom","stage":2,"x":-2030.0170907085533,"z":3900.601460661616,"live":false,"attached":false},{"key":"form:mushroom:3","kind":"form","line":"mushroom","stage":3,"x":1640.4278055954644,"z":5079.187841994747,"live":false,"attached":false},{"key":"form:mushroom:4","kind":"form","line":"mushroom","stage":4,"x":-1541.0476269442086,"z":832.9269947432696,"live":false,"attached":false},{"key":"form:mushroom:5","kind":"form","line":"mushroom","stage":5,"x":-9.754552920783684,"z":3028.8129123406857,"live":false,"attached":false},{"key":"form:mushroom:6","kind":"form","line":"mushroom","stage":6,"x":696.6754621376253,"z":2096.8080160319278,"live":false,"attached":false},{"key":"form:mushroom:7","kind":"form","line":"mushroom","stage":7,"x":733.8946530284275,"z":1187.6609597760405,"live":false,"attached":false},{"key":"form:butterfly:1","kind":"form","line":"butterfly","stage":1,"x":29.777781336231616,"z":1005.4479058295121,"live":false,"attached":false},{"key":"form:butterfly:3","kind":"form","line":"butterfly","stage":3,"x":84.67418869657259,"z":907.8389417048207,"live":false,"attached":false},{"key":"form:butterfly:7","kind":"form","line":"butterfly","stage":7,"x":-6.583609418497938,"z":863.9706648884128,"live":false,"attached":false}]}
2026-10-09T11:57:08.1102695Z repeated scene phase START warmup/characters-on {"expected":{"live":7},"actual":{"live":0,"templates":13,"built":13,"tris":0,"meshes":0,"bones":0,"materials":1,"atlases":13,"eyeGeos":12,"cpuMsAvg":7.634,"cpuMsP95":46.6,"buildMsTotal":577.4,"buildMsMax":154.1,"fallbacks":0,"removed":24,"created":24,"failedTemplates":0,"buildsThisFrame":0,"holders":0,"is3D":true,"worldRegion":"forest","savedRegion":"forest","textures":47,"geometries":122,"heapBytes":37300000,"actors":[{"x":0,"z":150,"live":false,"attached":false},{"key":"companion:shiba","kind":"companion","id":"shiba","x":110.7764705882353,"z":213.1529411764706,"live":false,"attached":false},{"key":"companion:cat_friend","kind":"companion","id":"cat_friend","x":-110.68235294117648,"z":212.0235294117647,"live":false,"attached":false},{"key":"companion:tanuki","kind":"companion","id":"tanuki","x":143.36470588235295,"z":270.6235294117647,"live":false,"attached":false},{"key":"companion:penguin_friend","kind":"companion","id":"penguin_friend","x":-148.63529411764705,"z":282.5764705882353,"live":false,"attached":false},{"key":"form:mushroom:0","kind":"form","line":"mushroom","stage":0,"x":-689.7365405181966,"z":1241.2119938379008,"live":false,"attached":false},{"key":"form:mushroom:1","kind":"form","line":"mushroom","stage":1,"x":674.4805150185297,"z":1144.7391598683903,"live":false,"attached":false},{"key":"form:mushroom:2","kind":"form","line":"mushroom","stage":2,"x":-2030.0170907085533,"z":3900.601460661616,"live":false,"attached":false},{"key":"form:mushroom:3","kind":"form","line":"mushroom","stage":3,"x":1640.4278055954644,"z":5079.187841994747,"live":false,"attached":false},{"key":"form:mushroom:4","kind":"form","line":"mushroom","stage":4,"x":-1541.0476269442086,"z":832.9269947432696,"live":false,"attached":false},{"key":"form:mushroom:5","kind":"form","line":"mushroom","stage":5,"x":-9.754552920783684,"z":3028.8129123406857,"live":false,"attached":false},{"key":"form:mushroom:6","kind":"form","line":"mushroom","stage":6,"x":696.6754621376253,"z":2096.8080160319278,"live":false,"attached":false},{"key":"form:mushroom:7","kind":"form","line":"mushroom","stage":7,"x":733.8946530284275,"z":1187.6609597760405,"live":false,"attached":false},{"key":"form:butterfly:1","kind":"form","line":"butterfly","stage":1,"x":29.777781336231616,"z":1005.4479058295121,"live":false,"attached":false},{"key":"form:butterfly:3","kind":"form","line":"butterfly","stage":3,"x":84.67418869657259,"z":907.8389417048207,"live":false,"attached":false},{"key":"form:butterfly:7","kind":"form","line":"butterfly","stage":7,"x":-6.583609418497938,"z":863.9706648884128,"live":false,"attached":false}]}}
2026-10-09T11:57:36.8700317Z repeated scene phase TIMEOUT warmup/characters-on {"name":"warmup/characters-on","expected":{"live":7},"maxFrames":240,"frames":240,"startMs":21541.900000000023,"before":{"live":0,"templates":13,"built":13,"tris":0,"meshes":0,"bones":0,"materials":1,"atlases":13,"eyeGeos":12,"cpuMsAvg":7.634,"cpuMsP95":46.6,"buildMsTotal":577.4,"buildMsMax":154.1,"fallbacks":0,"removed":24,"created":24,"failedTemplates":0,"buildsThisFrame":0,"holders":0,"is3D":true,"worldRegion":"forest","savedRegion":"forest","textures":47,"geometries":122,"heapBytes":37300000,"actors":[{"x":0,"z":150,"live":false,"attached":false},{"key":"companion:shiba","kind":"companion","id":"shiba","x":110.7764705882353,"z":213.1529411764706,"live":false,"attached":false},{"key":"companion:cat_friend","kind":"companion","id":"cat_friend","x":-110.68235294117648,"z":212.0235294117647,"live":false,"attached":false},{"key":"companion:tanuki","kind":"companion","id":"tanuki","x":143.36470588235295,"z":270.6235294117647,"live":false,"attached":false},{"key":"companion:penguin_friend","kind":"companion","id":"penguin_friend","x":-148.63529411764705,"z":282.5764705882353,"live":false,"attached":false},{"key":"form:mushroom:0","kind":"form","line":"mushroom","stage":0,"x":-689.7365405181966,"z":1241.2119938379008,"live":false,"attached":false},{"key":"form:mushroom:1","kind":"form","line":"mushroom","stage":1,"x":674.4805150185297,"z":1144.7391598683903,"live":false,"attached":false},{"key":"form:mushroom:2","kind":"form","line":"mushroom","stage":2,"x":-2030.0170907085533,"z":3900.601460661616,"live":false,"attached":false},{"key":"form:mushroom:3","kind":"form","line":"mushroom","stage":3,"x":1640.4278055954644,"z":5079.187841994747,"live":false,"attached":false},{"key":"form:mushroom:4","kind":"form","line":"mushroom","stage":4,"x":-1541.0476269442086,"z":832.9269947432696,"live":false,"attached":false},{"key":"form:mushroom:5","kind":"form","line":"mushroom","stage":5,"x":-9.754552920783684,"z":3028.8129123406857,"live":false,"attached":false},{"key":"form:mushroom:6","kind":"form","line":"mushroom","stage":6,"x":696.6754621376253,"z":2096.8080160319278,"live":false,"attached":false},{"key":"form:mushroom:7","kind":"form","line":"mushroom","stage":7,"x":733.8946530284275,"z":1187.6609597760405,"live":false,"attached":false},{"key":"form:butterfly:1","kind":"form","line":"butterfly","stage":1,"x":29.777781336231616,"z":1005.4479058295121,"live":false,"attached":false},{"key":"form:butterfly:3","kind":"form","line":"butterfly","stage":3,"x":84.67418869657259,"z":907.8389417048207,"live":false,"attached":false},{"key":"form:butterfly:7","kind":"form","line":"butterfly","stage":7,"x":-6.583609418497938,"z":863.9706648884128,"live":false,"attached":false}]},"status":"timeout","last":{"live":11,"templates":13,"built":13,"tris":62668,"meshes":116,"bones":79,"materials":1,"atlases":13,"eyeGeos":12,"cpuMsAvg":3.232,"cpuMsP95":14.4,"buildMsTotal":577.4,"buildMsMax":154.1,"fallbacks":0,"removed":24,"created":35,"failedTemplates":0,"buildsThisFrame":0,"holders":11,"is3D":true,"worldRegion":"forest","savedRegion":"forest","textures":47,"geometries":122,"heapBytes":37300000,"actors":[{"x":0,"z":150,"live":true,"attached":true},{"key":"companion:shiba","kind":"companion","id":"shiba","x":110.7764705882353,"z":213.1529411764706,"live":true,"attached":true},{"key":"companion:cat_friend","kind":"companion","id":"cat_friend","x":-110.68235294117648,"z":212.0235294117647,"live":true,"attached":true},{"key":"companion:tanuki","kind":"companion","id":"tanuki","x":143.36470588235295,"z":270.6235294117647,"live":true,"attached":true},{"key":"companion:penguin_friend","kind":"companion","id":"penguin_friend","x":-148.63529411764705,"z":282.5764705882353,"live":true,"attached":true},{"key":"form:mushroom:0","kind":"form","line":"mushroom","stage":0,"x":-689.7365405181966,"z":1241.2119938379008,"live":true,"attached":true},{"key":"form:mushroom:1","kind":"form","line":"mushroom","stage":1,"x":674.4805150185297,"z":1144.7391598683903,"live":true,"attached":true},{"key":"form:mushroom:2","kind":"form","line":"mushroom","stage":2,"x":-2030.0170907085533,"z":3900.601460661616,"live":false,"attached":false},{"key":"form:mushroom:3","kind":"form","line":"mushroom","stage":3,"x":1640.4278055954644,"z":5079.187841994747,"live":false,"attached":false},{"key":"form:mushroom:4","kind":"form","line":"mushroom","stage":4,"x":-1541.0476269442086,"z":832.9269947432696,"live":false,"attached":false},{"key":"form:mushroom:5","kind":"form","line":"mushroom","stage":5,"x":-9.754552920783684,"z":3028.8129123406857,"live":false,"attached":false},{"key":"form:mushroom:6","kind":"form","line":"mushroom","stage":6,"x":696.6754621376253,"z":2096.8080160319278,"live":false,"attached":false},{"key":"form:mushroom:7","kind":"form","line":"mushroom","stage":7,"x":733.8946530284275,"z":1187.6609597760405,"live":true,"attached":true},{"key":"form:butterfly:1","kind":"form","line":"butterfly","stage":1,"x":29.777781336231616,"z":1005.4479058295121,"live":true,"attached":true},{"key":"form:butterfly:3","kind":"form","line":"butterfly","stage":3,"x":84.67418869657259,"z":907.8389417048207,"live":true,"attached":true},{"key":"form:butterfly:7","kind":"form","line":"butterfly","stage":7,"x":-6.583609418497938,"z":863.9706648884128,"live":true,"attached":true}]},"endMs":50302}
2026-10-09T11:57:42.6435678Z node:internal/process/promises:394
2026-10-09T11:57:42.6436254Z     triggerUncaughtException(err, true /* fromPromise */);
2026-10-09T11:57:42.6438119Z     ^
2026-10-09T11:57:42.6438308Z 
2026-10-09T11:57:42.6451732Z AssertionError [ERR_ASSERTION]: repeated scene readiness/restoration: repeated scene readiness timeout: warmup/characters-on expected {"live":7} actual {"live":11,"templates":13,"built":13,"tris":62668,"meshes":116,"bones":79,"materials":1,"atlases":13,"eyeGeos":12,"cpuMsAvg":3.232,"cpuMsP95":14.4,"buildMsTotal":577.4,"buildMsMax":154.1,"fallbacks":0,"removed":24,"created":35,"failedTemplates":0,"buildsThisFrame":0,"holders":11,"is3D":true,"worldRegion":"forest","savedRegion":"forest","textures":47,"geometries":122,"heapBytes":37300000,"actors":[{"x":0,"z":150,"live":true,"attached":true},{"key":"companion:shiba","kind":"companion","id":"shiba","x":110.7764705882353,"z":213.1529411764706,"live":true,"attached":true},{"key":"companion:cat_friend","kind":"companion","id":"cat_friend","x":-110.68235294117648,"z":212.0235294117647,"live":true,"attached":true},{"key":"companion:tanuki","kind":"companion","id":"tanuki","x":143.36470588235295,"z":270.6235294117647,"live":true,"attached":true},{"key":"companion:penguin_friend","kind":"companion","id":"penguin_friend","x":-148.63529411764705,"z":282.5764705882353,"live":true,"attached":true},{"key":"form:mushroom:0","kind":"form","line":"mushroom","stage":0,"x":-689.7365405181966,"z":1241.2119938379008,"live":true,"attached":true},{"key":"form:mushroom:1","kind":"form","line":"mushroom","stage":1,"x":674.4805150185297,"z":1144.7391598683903,"live":true,"attached":true},{"key":"form:mushroom:2","kind":"form","line":"mushroom","stage":2,"x":-2030.0170907085533,"z":3900.601460661616,"live":false,"attached":false},{"key":"form:mushroom:3","kind":"form","line":"mushroom","stage":3,"x":1640.4278055954644,"z":5079.187841994747,"live":false,"attached":false},{"key":"form:mushroom:4","kind":"form","line":"mushroom","stage":4,"x":-1541.0476269442086,"z":832.9269947432696,"live":false,"attached":false},{"key":"form:mushroom:5","kind":"form","line":"mushroom","stage":5,"x":-9.754552920783684,"z":3028.8129123406857,"live":false,"attached":false},{"key":"form:mushroom:6","kind":"form","line":"mushroom","stage":6,"x":696.6754621376253,"z":2096.8080160319278,"live":false,"attached":false},{"key":"form:mushroom:7","kind":"form","line":"mushroom","stage":7,"x":733.8946530284275,"z":1187.6609597760405,"live":true,"attached":true},{"key":"form:butterfly:1","kind":"form","line":"butterfly","stage":1,"x":29.777781336231616,"z":1005.4479058295121,"live":true,"attached":true},{"key":"form:butterfly:3","kind":"form","line":"butterfly","stage":3,"x":84.67418869657259,"z":907.8389417048207,"live":true,"attached":true},{"key":"form:butterfly:7","kind":"form","line":"butterfly","stage":7,"x":-6.583609418497938,"z":863.9706648884128,"live":true,"attached":true}]}
2026-10-09T11:57:42.6462487Z     at validateRepeated (/home/runner/work/naotocchi/naotocchi/tools/character-3d/runtime-integration.cjs:52:10)
2026-10-09T11:57:42.6463647Z     at Object.retainRepeatedResult (/home/runner/work/naotocchi/naotocchi/tools/character-3d/runtime-integration.cjs:203:8)
2026-10-09T11:57:42.6464609Z     at /home/runner/work/naotocchi/naotocchi/tools/character-3d/meguru-qa.cjs:160:223 {
2026-10-09T11:57:42.6465159Z   generatedMessage: false,
2026-10-09T11:57:42.6465463Z   code: 'ERR_ASSERTION',
2026-10-09T11:57:42.6465729Z   actual: false,
2026-10-09T11:57:42.6465967Z   expected: true,
2026-10-09T11:57:42.6466203Z   operator: '==',
2026-10-09T11:57:42.6466437Z   diff: 'simple'
2026-10-09T11:57:42.6466667Z }
2026-10-09T11:57:42.6466788Z 
2026-10-09T11:57:42.6466896Z Node.js v22.23.3
2026-10-09T11:57:42.6534976Z ##[error]Process completed with exit code 1.
2026-10-09T11:57:42.6625277Z ##[group]Run actions/upload-artifact@v4
2026-10-09T11:57:42.6625508Z with:
2026-10-09T11:57:42.6625763Z   name: full-rollout-meguru-aa03582df17b597c5fbe4fa663a0840941783880
2026-10-09T11:57:42.6626072Z   path: test-results/full-rollout
2026-10-09T11:57:42.6626281Z   if-no-files-found: warn
2026-10-09T11:57:42.6626468Z   compression-level: 6
2026-10-09T11:57:42.6626644Z   overwrite: false
2026-10-09T11:57:42.6626814Z   include-hidden-files: false
2026-10-09T11:57:42.6627010Z ##[endgroup]
2026-10-09T11:57:42.7953162Z (node:2940) [DEP0040] DeprecationWarning: The `punycode` module is deprecated. Please use a userland alternative instead.
2026-10-09T11:57:42.7953853Z (Use `node --trace-deprecation ...` to show where the warning was created)
2026-10-09T11:57:42.8018683Z With the provided path, there will be 1 file uploaded
2026-10-09T11:57:42.8024393Z Artifact name is valid!
2026-10-09T11:57:42.8024829Z Root directory input is valid!
2026-10-09T11:57:43.1777433Z Beginning upload of artifact content to blob storage
2026-10-09T11:57:43.1933216Z (node:2940) [DEP0169] DeprecationWarning: `url.parse()` behavior is not standardized and prone to errors that have security implications. Use the WHATWG URL API instead. CVEs are not issued for `url.parse()` vulnerabilities.
2026-10-09T11:57:43.3929629Z Uploaded bytes 3898
2026-10-09T11:57:43.4503831Z Finished uploading artifact content to blob storage!
2026-10-09T11:57:43.4504742Z SHA256 digest of uploaded artifact zip is 568b815b413de017396b6cd1f70e173a733e1655c13f934168c7b839e1f46e14
2026-10-09T11:57:43.4505859Z Finalizing artifact upload
2026-10-09T11:57:43.7243886Z Artifact full-rollout-meguru-aa03582df17b597c5fbe4fa663a0840941783880.zip successfully finalized. Artifact ID 11614262950
2026-10-09T11:57:43.7245466Z Artifact full-rollout-meguru-aa03582df17b597c5fbe4fa663a0840941783880 has been successfully uploaded! Final size is 3898 bytes. Artifact ID is 11614262950
2026-10-09T11:57:43.7246929Z Artifact download URL: https://github.com/Naoto214/naotocchi/actions/runs/37926707673/artifacts/11614262950
2026-10-09T11:57:43.7403038Z Post job cleanup.
2026-10-09T11:57:43.8069061Z [command]/usr/bin/git version
2026-10-09T11:57:43.8104019Z git version 2.55.0
2026-10-09T11:57:43.8134837Z Temporarily overriding HOME='/home/runner/work/_temp/b6de3bb6-b18c-438a-a7c4-b0773b2edb32' before making global git config changes
2026-10-09T11:57:43.8136130Z Adding repository directory to the temporary git global config as a safe directory
2026-10-09T11:57:43.8139371Z [command]/usr/bin/git config --global --add safe.directory /home/runner/work/naotocchi/naotocchi
2026-10-09T11:57:43.8171644Z [command]/usr/bin/git config --local --name-only --get-regexp core\.sshCommand
2026-10-09T11:57:43.8202363Z [command]/usr/bin/git submodule foreach --recursive sh -c "git config --local --name-only --get-regexp 'core\.sshCommand' && git config --local --unset-all 'core.sshCommand' || :"
2026-10-09T11:57:43.8424852Z [command]/usr/bin/git config --local --name-only --get-regexp http\.https\:\/\/github\.com\/\.extraheader
2026-10-09T11:57:43.8451952Z http.https://github.com/.extraheader
2026-10-09T11:57:43.8461097Z [command]/usr/bin/git config --local --unset-all http.https://github.com/.extraheader
2026-10-09T11:57:43.8496216Z [command]/usr/bin/git submodule foreach --recursive sh -c "git config --local --name-only --get-regexp 'http\.https\:\/\/github\.com\/\.extraheader' && git config --local --unset-all 'http.https://github.com/.extraheader' || :"
2026-10-09T11:57:43.8709561Z [command]/usr/bin/git config --local --name-only --get-regexp ^includeIf\.gitdir:
2026-10-09T11:57:43.8740860Z [command]/usr/bin/git submodule foreach --recursive git config --local --show-origin --name-only --get-regexp remote.origin.url
2026-10-09T11:57:43.9091132Z Cleaning up orphan processes
2026-10-09T11:57:43.9332663Z ##[warning]Node.js 20 is deprecated. The following actions target Node.js 20 but are being forced to run on Node.js 24: actions/checkout@v4, actions/setup-node@v4, actions/upload-artifact@v4. For more information see: https://github.blog/changelog/2025-09-19-deprecation-of-node-20-on-github-actions-runners/
