TAP version 13
# Subtest: held current view waits for deferred seven-to-eleven exact actors before freezing scene composition
not ok 1 - held current view waits for deferred seven-to-eleven exact actors before freezing scene composition
  ---
  duration_ms: 8.081662
  type: 'test'
  location: '/workspace/scratch/150320e8a2fd/rollout-runtime-scene-baseline/tests/character-3d-runtime-scene-diagnostics-test.cjs:27:1'
  failureType: 'testCodeFailure'
  error: 'repeated scene readiness/restoration: repeated scene readiness timeout: warmup/characters-on expected {"live":7} actual {"live":11,"created":18,"removed":7,"templates":2,"materials":2,"atlases":2,"eyeGeos":2,"fallbacks":0,"failedTemplates":0,"holders":11,"is3D":true,"worldRegion":"forest","savedRegion":"forest","textures":10,"geometries":30,"heapBytes":null,"actors":[{"key":"player","kind":"form","line":"dog","stage":3,"x":20,"z":30,"live":true,"attached":true},{"key":"companion:shiba","kind":"companion","id":"shiba","x":40,"z":50,"live":true,"attached":true},{"key":"companion:cat_friend","kind":"companion","id":"cat_friend","x":50,"z":70,"live":true,"attached":true},{"key":"companion:tanuki","kind":"companion","id":"tanuki","x":50,"z":70,"live":true,"attached":true},{"key":"companion:penguin_friend","kind":"companion","id":"penguin_friend","x":50,"z":70,"live":true,"attached":true},{"key":"form:mushroom:0","kind":"form","line":"mushroom","stage":0,"x":60,"z":100,"live":true,"attached":true},{"key":"form:mushroom:1","kind":"form","line":"mushroom","stage":1,"x":61,"z":100,"live":true,"attached":true},{"key":"form:mushroom:2","kind":"form","line":"mushroom","stage":2,"x":62,"z":100,"live":true,"attached":true},{"key":"form:mushroom:3","kind":"form","line":"mushroom","stage":3,"x":63,"z":100,"live":true,"attached":true},{"key":"form:mushroom:4","kind":"form","line":"mushroom","stage":4,"x":64,"z":100,"live":true,"attached":true},{"key":"form:mushroom:5","kind":"form","line":"mushroom","stage":5,"x":65,"z":100,"live":true,"attached":true}]}'
  code: 'ERR_ASSERTION'
  name: 'AssertionError'
  expected: true
  actual: false
  operator: '=='
  stack: |-
    validateRepeated (/workspace/scratch/150320e8a2fd/rollout-runtime-scene-baseline/tools/character-3d/runtime-integration.cjs:52:10)
    TestContext.<anonymous> (/workspace/scratch/150320e8a2fd/rollout-runtime-scene-baseline/tests/character-3d-runtime-scene-diagnostics-test.cjs:27:170)
    async Test.run (node:internal/test_runner/test:1389:7)
    async startSubtestAfterBootstrap (node:internal/test_runner/harness:387:3)
  ...
# Subtest: same count with substituted actor template cannot satisfy exact scene composition readiness
not ok 2 - same count with substituted actor template cannot satisfy exact scene composition readiness
  ---
  duration_ms: 1.447666
  type: 'test'
  location: '/workspace/scratch/150320e8a2fd/rollout-runtime-scene-baseline/tests/character-3d-runtime-scene-diagnostics-test.cjs:28:1'
  failureType: 'testCodeFailure'
  error: "Cannot read properties of undefined (reading 'phase')"
  code: 'ERR_TEST_FAILURE'
  name: 'TypeError'
  stack: |-
    TestContext.<anonymous> (/workspace/scratch/150320e8a2fd/rollout-runtime-scene-baseline/tests/character-3d-runtime-scene-diagnostics-test.cjs:28:185)
    async Test.run (node:internal/test_runner/test:1389:7)
    async Test.processPendingSubtests (node:internal/test_runner/test:960:7)
  ...
1..2
# tests 2
# suites 0
# pass 0
# fail 2
# cancelled 0
# skipped 0
# todo 0
# duration_ms 90.499613
