TAP version 13
# Subtest: reviewed missing selector is exact86 legal stages in15 families and excludes accepted136 plus Pilot26
ok 1 - reviewed missing selector is exact86 legal stages in15 families and excludes accepted136 plus Pilot26
  ---
  duration_ms: 1.600915
  type: 'test'
  ...
# Subtest: selector rejects duplicates accepted stages and illegal family stages
ok 2 - selector rejects duplicates accepted stages and illegal family stages
  ---
  duration_ms: 1.66973
  type: 'test'
  ...
# Subtest: integration retains31stage aggregate gallery scene performance and dedicated while skipping accepted recaptures
ok 3 - integration retains31stage aggregate gallery scene performance and dedicated while skipping accepted recaptures
  ---
  duration_ms: 1.25968
  type: 'test'
  ...
# Subtest: ordinary unscoped and every existing family-marker combination retain previous job routing
ok 4 - ordinary unscoped and every existing family-marker combination retain previous job routing
  ---
  duration_ms: 4.569894
  type: 'test'
  ...
# Subtest: integration reuses family capture tool with bounded separate motion child and unchanged aggregate paths
ok 5 - integration reuses family capture tool with bounded separate motion child and unchanged aggregate paths
  ---
  duration_ms: 1896.420842
  type: 'test'
  ...
# Subtest: nested motion metadata cannot pollute same-source248-stage distance aggregation
ok 6 - nested motion metadata cannot pollute same-source248-stage distance aggregation
  ---
  duration_ms: 200.934268
  type: 'test'
  ...
# Subtest: production role planner covers live master identities, preserves legacy keys and requires final45 explicitly
ok 7 - production role planner covers live master identities, preserves legacy keys and requires final45 explicitly
  ---
  duration_ms: 11.104262
  type: 'test'
  ...
# Subtest: functional gate rejects wrong role/template, stand-in, overlay, fallback and save mutation
ok 8 - functional gate rejects wrong role/template, stand-in, overlay, fallback and save mutation
  ---
  duration_ms: 1.99536
  type: 'test'
  ...
# Subtest: author functional gate requires natural2D actual same actor and complete restoration
ok 9 - author functional gate requires natural2D actual same actor and complete restoration
  ---
  duration_ms: 0.756672
  type: 'test'
  ...
# Subtest: repeated scene gate requires cleanup, warm cache/resource plateau and unchanged save counters
ok 10 - repeated scene gate requires cleanup, warm cache/resource plateau and unchanged save counters
  ---
  duration_ms: 1.659423
  type: 'test'
  ...
# Subtest: final integration wiring stays in existing scene job and requests production45 without capture
ok 11 - final integration wiring stays in existing scene job and requests production45 without capture
  ---
  duration_ms: 0.397149
  type: 'test'
  ...
# Subtest: appearance windows use timestamped creation events and neighbors, never unrelated startup maximum
ok 12 - appearance windows use timestamped creation events and neighbors, never unrelated startup maximum
  ---
  duration_ms: 0.313593
  type: 'test'
  ...
# actual Node production actors/presenter checked 43/45; WebGL/browser evidence remains separate
# (node:14) [MODULE_TYPELESS_PACKAGE_JSON] Warning: Module type of file:///workspace/scratch/150320e8a2fd/rollout-final-runtime-integration/vendor/three-0.170.0/three.module.min.js is not specified and it doesn't parse as CommonJS.
# Reparsing as ES module because module syntax was detected. This incurs a performance overhead.
# To eliminate this warning, add "type": "module" to /workspace/scratch/150320e8a2fd/rollout-final-runtime-integration/package.json.
# (Use `node --trace-warnings ...` to show where the warning was created)
# Subtest: production served lookup matches local spec bytes and unresolved roles remain unresolved
ok 13 - production served lookup matches local spec bytes and unresolved roles remain unresolved
  ---
  duration_ms: 101.813463
  type: 'test'
  ...
# Subtest: every currently approved production role reaches exact stage0 presenter using actual simulation actor, without overlays
ok 14 - every currently approved production role reaches exact stage0 presenter using actual simulation actor, without overlays
  ---
  duration_ms: 46677.739067
  type: 'test'
  ...
# Subtest: actual presenter actor fallback becomes a functional error without changing save
ok 15 - actual presenter actor fallback becomes a functional error without changing save
  ---
  duration_ms: 981.784949
  type: 'test'
  ...
1..15
# tests 15
# suites 0
# pass 15
# fail 0
# cancelled 0
# skipped 0
# todo 0
# duration_ms 47965.007018
