✖ VQ-15 residential facade openings fit beside the entrance without frame overlap (2097.504582ms)
✔ VQ-16 single-family main windows reserve the existing bay projection (10849.05783ms)
ℹ tests 2
ℹ suites 0
ℹ pass 1
ℹ fail 1
ℹ cancelled 0
ℹ skipped 0
ℹ todo 0
ℹ duration_ms 13081.636583

✖ failing tests:

test at tests/meguru-3d-visual-quality-test.cjs:304:1
✖ VQ-15 residential facade openings fit beside the entrance without frame overlap (2097.504582ms)
  AssertionError [ERR_ASSERTION]: city:591: facade has a main or bay opening
      at TestContext.<anonymous> (/workspace/scratch/28c7e6574f23/naotocchi/tests/meguru-3d-visual-quality-test.cjs:313:12)
      at Test.runInAsyncScope (node:async_hooks:227:14)
      at Test.run (node:internal/test_runner/test:1382:25)
      at Test.start (node:internal/test_runner/test:1242:17)
      at startSubtestAfterBootstrap (node:internal/test_runner/harness:387:17) {
    generatedMessage: false,
    code: 'ERR_ASSERTION',
    actual: false,
    expected: true,
    operator: '==',
    diff: 'simple'
  }
