✖ VQ-17 two-storey entrance remains below its existing low canopy (493.020262ms)
ℹ tests 1
ℹ suites 0
ℹ pass 0
ℹ fail 1
ℹ cancelled 0
ℹ skipped 0
ℹ todo 0
ℹ duration_ms 688.53649

✖ failing tests:

test at tests/meguru-3d-visual-quality-test.cjs:344:1
✖ VQ-17 two-storey entrance remains below its existing low canopy (493.020262ms)
  AssertionError [ERR_ASSERTION]: door must not penetrate the unchanged canopy
      at TestContext.<anonymous> (/workspace/scratch/28c7e6574f23/naotocchi/tests/meguru-3d-visual-quality-test.cjs:351:10)
      at Test.runInAsyncScope (node:async_hooks:227:14)
      at Test.run (node:internal/test_runner/test:1382:25)
      at Test.start (node:internal/test_runner/test:1242:17)
      at startSubtestAfterBootstrap (node:internal/test_runner/harness:387:17) {
    generatedMessage: false,
    code: 'ERR_ASSERTION',
    actual: false,
    expected: true,
    operator: '==',
    diff: 'simple'
  }
