npm warn Unknown env config "http-proxy". This will stop working in the next major version of npm.

> test
> node tests/smoke-test.js && node tests/dialogue-test.js && node tests/visual-qa-test.cjs && node --test tests/item-art-unification-test.cjs tests/naoto-lantern-ring-test.cjs tests/naoto-crown-test.cjs tests/consumables-v2-migration-test.cjs tests/consumables-v2-eggs-test.cjs tests/consumables-v2-life-test.cjs tests/consumables-v2-forms-test.cjs tests/consumables-v2-encounters-test.cjs tests/movie-test.cjs tests/clownfish-romance-test.cjs tests/local-scenery-test.cjs tests/world-scene-test.cjs tests/minigame-lifecycle-test.cjs tests/growth-balance-test.cjs tests/item-inventory-test.cjs tests/item-care-game-test.cjs tests/items-v2-care-automation-test.cjs tests/items-v2-ease-automation-test.cjs tests/item-relations-travel-test.cjs tests/item-experiences-test.cjs tests/item-collections-economy-test.cjs tests/item-economy-sources-v2-test.cjs tests/economy-test.cjs tests/lucky-coin-test.cjs tests/midlife-test.cjs tests/offline-test.cjs tests/screens-test.cjs tests/scoring-shop-test.cjs tests/album-test.cjs tests/input-polish-test.cjs tests/migration-test.cjs tests/overlay-test.cjs tests/sticker-test.cjs tests/quick-mode-test.cjs tests/quick-daily-economy-v2-test.cjs tests/meguru-test.cjs tests/meguru-audit-test.cjs tests/meguru-fauna-test.cjs tests/meguru-world-design-test.cjs tests/meguru-motion-test.cjs tests/time-pause-test.cjs tests/asset-versions-test.cjs tests/minigame-illustrations-test.cjs tests/save-recovery-test.cjs tests/ui-integration-test.cjs tests/cast-layout-test.cjs tests/cast-motion-test.cjs tests/world-environment-test.cjs tests/region-identity-test.cjs tests/viewport-design-test.cjs tests/home-touch-test.cjs tests/egg-hatching-test.cjs tests/audio-regression-test.cjs tests/post-integration-audit-test.cjs tests/care-status-test.cjs tests/care-status-integration-test.cjs tests/ui-illustrations-test.cjs tests/comment-illustrations-test.cjs tests/notice-food-illustrations-test.cjs tests/prop-illustrations-test.cjs tests/life-display-test.cjs tests/life-stage-profiles-test.cjs tests/display-illustrations-test.cjs tests/canvas-illustrations-test.cjs tests/illustration-catalog-test.cjs tests/meguru-region-identity-test.cjs tests/meguru-map-test.cjs tests/meguru-collision-test.cjs tests/meguru-life-test.cjs tests/meguru-world-map-test.cjs tests/meguru-transition-test.cjs tests/meguru-transition-polish-test.cjs tests/meguru-explore-ux-test.cjs tests/meguru-discovery-test.cjs tests/meguru-scenery-polish-test.cjs tests/meguru-scenery-polish2-test.cjs tests/meguru-scenery-final-qa-test.cjs tests/meguru-visual-completion-test.cjs tests/meguru-sea-route-test.cjs tests/meguru-phase3a-audit-test.cjs tests/meguru-phase3b0-test.cjs tests/meguru-phase3b1-test.cjs tests/meguru-phase3b2-test.cjs tests/meguru-phase3b3-test.cjs tests/meguru-phase3b4-test.cjs tests/meguru-phase3b-final-test.cjs tests/meguru-phase4b-test.cjs tests/meguru-phase4c-test.cjs tests/meguru-phase4d1-test.cjs tests/meguru-phase4d2-test.cjs tests/meguru-phase4d2b-test.cjs tests/meguru-phase4d2c-test.cjs tests/meguru-phase4e1-test.cjs tests/meguru-phase4e2-test.cjs tests/meguru-party-formation-test.cjs tests/meguru-party-lod-test.cjs tests/meguru-phase4e3-test.cjs tests/meguru-phase4e4a-test.cjs tests/meguru-phase4e4b-test.cjs tests/meguru-phase4e4c-test.cjs tests/save-integrity-test.cjs tests/progress-counts-test.cjs tests/harness-determinism-test.cjs tests/asset-integrity-test.cjs tests/region-registry-test.cjs tests/content-registry-test.cjs tests/meguru-denominators-test.cjs tests/test-helpers-test.cjs tests/meguru-party-arrival-test.cjs tests/meguru-party-player-collision-test.cjs tests/meguru-3d-prototype-test.cjs tests/meguru-3d-foundation-v2-test.cjs tests/meguru-3d-art-direction-test.cjs tests/meguru-3d-geometry-terrain-test.cjs tests/meguru-3d-geometry-audit-test.cjs tests/meguru-3d-visual-quality-test.cjs tests/meguru-render-cost-test.cjs tests/save-compat-test.cjs tests/session-safety-test.cjs tests/nav-a11y-test.cjs tests/release-hygiene-test.cjs tests/emotion-state-test.cjs tests/hunger-profile-test.cjs tests/pet-expression-test.cjs tests/pet-expression-assets-test.cjs tests/cat-expression-preview-test.cjs tests/emotion-integration-test.cjs tests/pet-expression-integration-test.cjs && node --test tests/relationship-expression-test.cjs tests/relationship-expression-integration-test.cjs tests/relationship-reaction-test.cjs

SMOKE TEST OK
DOM ids: 380
minigames started: 100
variant collections: 92
LEGEND SCHEDULER TEST OK: 6 blocked states; 7 paused menus; non-winning roll; 5 unseen legends; pause, skip, close and one reward-free encounter.
DIALOGUE TEST OK: 20 events; 18 partners; 26 companions; action handlers; 2500ms timing; cancellation; recency; 10 sampled legend stories; 16 anniversary cases.
DATE LIFECYCLE TEST OK: ordinary dates, skip/close, pause/resume/cooldown and complete deep-sea branches.
WHOLE-TEXT TEST OK: 248 descriptions; 40 ordinary stories; 10 deep-sea plans; ordinary date skip/close; 36 anniversary lines; event memories; 18 first encounters.
CAST TEST OK: snail encounters and speech; retired koala migration, bond, row, dex and earned achievements; PNG renderer reference.
NORMAL CAST PNG TEST OK: 19 PNG headers; 18 companions x 5 renderer sizes; 9+9 live rows; collected and locked dex.
RARE CAST PNG TEST OK: 8 PNGs x 5 renderer sizes; invite/profile/row/dex; hidden and partial dex; 13+13 mixed rows; bond retained.
CLOCK CAST TEST OK: real encounter and 69/70 recruitment; five dialogue events; legacy mushroom save, bond, PNG, dialogue and rare dex; unique current/legacy counts.
PARTNER CAST PNG TEST OK: 18 PNGs x 5 sizes; saved relationships; companion/profile/dex; 180 complete dates; 72 complete anniversaries; first encounters; aliases, guests and hidden dex.
AUTHOR ENDING TEST OK: 247/248 unlock; native dex count; goals 4/5; direct goal 5 at 25/100 and both exits; pet and life-record preservation; 4200ms greeting; old-save access and rewards; hidden/repeatable shop greeting; textless goals 1-3 and reward notices.
MAIN 203 AUTHOR COMPATIBILITY OK: prior perfect save keeps author, crown and infinite mode; six new achievements stay unearned; 99/100 current games excludes retired records and opens goal 5 correctly.
VISUAL QA ROUTE TEST OK: generated script compiles; egg, anniversary, legend and ordinary date saves; long disease selects medicine; illustrated save reloads 26 companions, partner, 10 shop items. No browser rendering claimed.
[naotocchi] test Error: probe failure
    at TestContext.<anonymous> (/workspace/scratch/28c7e6574f23/naotocchi/tests/album-test.cjs:46:28)
    at Test.runInAsyncScope (node:async_hooks:227:14)
    at Test.run (node:internal/test_runner/test:1382:25)
    at Test.processPendingSubtests (node:internal/test_runner/test:960:18)
    at Test.postRun (node:internal/test_runner/test:1522:19)
    at Test.run (node:internal/test_runner/test:1447:12)
    at async Test.processPendingSubtests (node:internal/test_runner/test:960:7)
✔ the life timeline groups log entries by age and the data screen shows it (542.508696ms)
✔ a life card code round-trips and past lives keep their timeline and code (115.893488ms)
✔ the life card lists the whole timeline and a code button (138.149115ms)
✔ recorded runtime errors appear in the data screen (110.306536ms)
✔ every static assets/… reference in HTML, CSS and JS exists with the exact case (102.282547ms)
✔ every script and stylesheet carries a token whose hash matches the file (bump-versions formula) (60.832552ms)
✔ dynamic paths: current species, unified items, egg frames and goal-art fallbacks exist (520.296896ms)
✔ the checks catch a missing file, a case mismatch, a stale token, a missing token and a missing dynamic path (6.904026ms)
✔ the real index.html and references turn red when a token goes stale, a token is dropped or a path changes case (72.9148ms)
✔ npm run bump still rewrites only the ?v= tokens with YYYYMMDD-<assetHash>, and is idempotent (777.533909ms)
✔ index.html asset references exist and carry cache tokens (7.245664ms)
✔ the bump tool rewrites only cache tokens (0.613863ms)
✔ all eight BGM scenes request valid waveforms and schedule two complete loops (247.912978ms)
✔ Quick voice routes pico, browser reading and silence through the saved mode (25.220281ms)
✔ the actual TTS controller ducks both buses and replaces the scheduled recovery (10.162176ms)
✔ quick cues are shaped into short, punchy shouts: crisp stop, rising question, faster rate for longer words (6.098027ms)
✔ ordinary text keeps native arguments and receiver with no illustration state changes (6.910249ms)
✔ mixed text draws art in the original glyph advance and keeps center/baseline/state (2.826897ms)
✔ maxWidth compresses the whole decorated run and RTL start alignment keeps the right edge (1.642057ms)
✔ pending, missing and failed images never draw an emoji and settle without scheduling a canvas redraw (3.482876ms)
✔ loaded image replaces a pending placeholder on the next caller frame and draw errors stay contained (1.766355ms)
✔ atlas crops reuse supplied images and actor markers remain separate from bonus symbols (1.625405ms)
✔ a malformed atlas cannot sample neighboring or absent artwork (1.780045ms)
✔ scenery clip bounds preserve the original frame scale and transparent margins (1.454031ms)
✔ out-of-frame clip bounds cannot expose neighboring atlas illustrations (5.687607ms)
✔ ordinary copyright and registered marks keep native text while explicit emoji variants use art (1.800939ms)
✔ joined emoji, flags and keycaps are replaced as whole symbols (1.427731ms)
✔ tagged flags stay one complete symbol in live text and preloading (1.492335ms)
✔ slide puzzle refreshes cached art on its normal frame after loading and never after retirement (549.260774ms)
✔ road offscreen sprite caches replace placeholders after loading without drawing raw emoji (191.730953ms)
✔ illustrated road play retains input results, rewards and completion timing (5405.982947ms)
✔ pre-decode keeps the atlas decoded once as an ImageBitmap, draws from it, and never bumps the sprite version (3.962171ms)
✔ pre-decode failure, svg art and a size mismatch all keep the ordinary lazy image draw (4.074827ms)
✔ health danger is visible before dying and survives unrelated messages and expiry (282.529748ms)
✔ illness remains recognizable alongside low life, and medicine clears only the illness effects (101.43322ms)
✔ illness names the condition above the character instead of generic care wording (53.443789ms)
✔ attention effects stop for menus, games, stories and hidden tabs, then reconstruct at home (182.757123ms)
✔ lightweight mode retains the alert but requests still effects (47.711717ms)
✔ sweat stays beside the painted young fish instead of its transparent upper frame (34.334053ms)
✔ critical care advice follows the real sequence without medicine for a healthy pet (137.089086ms)
✔ six-tick health death remains unchanged while every living tick has a notice (57.276932ms)
✔ reloaded illness reconstructs a notice and medicine resolves it (74.614563ms)
✔ explicit care displays changes once; ordinary natural ticks stay quiet (39.48245ms)
✔ danger presentation clears behind overlays and returns with the same state (56.455836ms)
✔ egg, farewell and immortal states do not inherit death warnings (44.552917ms)
✔ reduced motion and lightweight mode retain static warning text (122.746193ms)
✔ numeric feedback keeps the explanation of a mistaken medicine visible (49.797711ms)
✔ a growth milestone waits for action feedback instead of being forgotten (62.905617ms)
✔ a recovery milestone waits while a higher priority warning remains (101.539362ms)
✔ a delayed sleep recovery never tells an already awake pet to wake (52.626161ms)
✔ illness care is readable before an arbitrarily long saved disease name (41.472679ms)
✔ running cat sweat brackets its head rather than the distant tail (37.648331ms)
✔ static script exposes the pure assessment interface on window (11.088798ms)
✔ signals exposes canonical mild and strong display bands without changing assess (0.885317ms)
✔ signals keeps life and stage semantics identical to current care rules (0.488517ms)
✔ signals exposes health, sickness, sleep, and pet availability without mutating state (0.467382ms)
✔ assess leaves healthy and non-playable life stages quiet without mutating state (0.207582ms)
✔ assess treats each real mortal life-risk signal as critical (0.519405ms)
✔ low life gives recovery advice before the critical threshold and clears after recovery (0.255335ms)
✔ life and health notices choose one useful action from the actual cause (0.875426ms)
✔ health advice never prescribes harmful care and falls back from unavailable affection (0.338582ms)
✔ high life risk restores every stat to the 60-point recovery threshold (0.31585ms)
✔ unavailable affection uses sleep when exhausted and play when energy is adequate (0.196361ms)
✔ assess reports ordinary care needs in priority order (0.176482ms)
✔ sickness labels remain plain text data for the textContent renderer (0.202096ms)
✔ sleep notices distinguish ongoing recovery from a completed rest (0.128807ms)
✔ fixed-slot status copy stays compact and has no Japanese word spacing (0.281199ms)
✔ immortality defaults from state and suppresses death wording while retaining care advice (0.203495ms)
✔ snapshot copies only fields used by explicit action summaries (8.586053ms)
✔ changes reports at most two meaningful deltas in care priority order (0.47865ms)
✔ changes derives life from risk and keeps decline improvement negative (1.679419ms)
✔ changes ignores sub-point drift and does not mutate either snapshot (0.416973ms)
✔ a married partner keeps a readable ring between the couple and clear of every moving character (40709.468019ms)
✔ a ring keeps companions readable when another arrangement fits at the same main size (22.331824ms)
✔ the poop row keeps the same lower-right anchor above speech across party sizes and art changes (1582.936056ms)
✔ home wings balance the painted gaps around the main body, including different PNG padding (336.142709ms)
✔ every intermediate party size fits the minimum fixed home, with partner/item independently present (1565.07291ms)
✔ mixed failed and padded friend images keep every stress-count actor and poop slot in a fixed home (46.931321ms)
✔ a mixed 31-friend wing fits the minimum height without moving the permanent poop strip (43.112903ms)
✔ poop follows the applied field scale rather than the companion count, with a readable floor (114.729363ms)
✔ failed companion images keep the balanced cast and the poop row inside the smallest home (55.158055ms)
✔ home conversation stays centered below the permanent poop strip without covering the completed cast (11133.181686ms)
✔ a home cast stays in view during its larger hop and sway and leaves the floor clear (1038.233429ms)
✔ whole cast fits with room for sway and four-pixel companion gaps (4464.504853ms)
✔ unknown or failed art retains complete frames without overlapping the core (185.141017ms)
✔ independent reactions retain full frames and four-pixel friend gaps throughout the sway (4312.288449ms)
✔ a ticklish line moves the pet and equipment together, then the speaking friend is identified without a second celebration (433.108654ms)
✔ courtship follows the actual partner, while a failed courtship never celebrates (111.321787ms)
✔ non-Relationship group responses remain visible, while negative outcomes settle once (308.895747ms)
✔ poop updates preserve every placed actor and do not interrupt a reaction (101.823964ms)
✔ care moods follow the line and outcome instead of always bouncing happily (57.264804ms)
✔ a comforting reply cannot make the disappointed or unwell pet celebrate (95.163089ms)
✔ a new action cancels old replies and an old animation cannot clear a new one (93.837398ms)
✔ menus and hidden pages stop reactions, and reduced motion still identifies the speaker (143.027529ms)
✔ a companion who left before their turn cannot speak or animate a different companion (522.72898ms)
✔ enabling reduced motion mid-speech stops movement but preserves the current speaker (56.308208ms)
✔ every motion and its interpolation stay inside the reserved one- or three-pixel envelope (457.235418ms)
✔ pet-only cues animate the pet and accessory with identical frames (0.978681ms)
✔ pet reports zero when its animation cannot start (0.382691ms)
✔ isActive tracks pet motion and idle can exclude the pet (0.246255ms)
✔ medicine cure settles first unless the text describes rejection (0.235548ms)
✔ pet care semantics win over randomized line tone without changing social tone (0.120379ms)
✔ buildPreview wraps the current game with a compact isolated phone-safe control shell (920.551508ms)
✔ default preview seeds an exact fresh-state adult hungry cat in memory only (595.453519ms)
✔ the generated Map-backed adapter implements the complete disposable Storage surface (357.366377ms)
✔ URL presets use a strict allowlist and reset every care fixture independently (1742.334807ms)
✔ temporary happy stays on ordinary care controls and never runs automatically (479.090806ms)
✔ CLI writes the same self-contained preview for the requested safe preset (1475.196787ms)
✔ all preview forms keep selected faces visible across startup saves without achievement flashes (19919.827717ms)
✔ preset clicks reset only the child session and bootstrap uses that selected preset (604.756336ms)
✔ kitten preview seeds the real third stage in isolated storage and rejects unknown forms (293.03599ms)
✔ otemba preview seeds the fourth stage in disposable storage (415.799913ms)
✔ young preview seeds the fifth stage in disposable storage (344.521855ms)
✔ calm preview seeds the seventh stage in disposable storage (352.366233ms)
✔ elder preview seeds the eighth stage in disposable storage (197.302605ms)
✔ toddler preview seeds the second stage in disposable storage (170.82617ms)
✔ baby preview seeds the first stage in disposable storage (241.796534ms)
✔ adult dog preview uses isolated storage and the real sixth stage (219.193161ms)
✔ query-selected dog matches the dropdown and can switch back to adult cat (421.741149ms)
✔ puppy preview uses isolated storage and the real third stage (319.558329ms)
✔ wanpaku preview uses isolated storage and the real fourth stage (263.041671ms)
✔ young dog preview uses isolated storage and the real fifth stage (310.526598ms)
✔ calm dog preview uses isolated storage and the real seventh stage (301.36546ms)
✔ babyDog preview uses isolated storage and the correct age stage (314.525934ms)
✔ toddlerDog preview uses isolated storage and the correct age stage (305.924144ms)
✔ elderDog preview uses isolated storage and the correct age stage (324.618696ms)
✔ man preview exposes every stage and never accesses real saves (1968.366761ms)
✔ woman preview exposes every stage and never accesses real saves (1966.428451ms)
✔ penguin preview exposes every stage and never accesses real saves (1687.410222ms)
✔ turtle preview exposes every stage and never accesses real saves (1822.38258ms)
✔ frog preview exposes every stage and never accesses real saves (1601.929166ms)
✔ clownfish preview exposes every stage and never accesses real saves (1679.864909ms)
✔ salmon preview exposes every stage and never accesses real saves (1755.343147ms)
✔ hermit_crab preview exposes every stage and never accesses real saves (4756.669646ms)
✔ jellyfish preview exposes every stage and never accesses real saves (1862.490899ms)
✔ starfish preview exposes every stage and never accesses real saves (1715.263036ms)
✔ coral preview exposes every stage and never accesses real saves (1639.627753ms)
✔ butterfly preview exposes every stage and never accesses real saves (1717.244189ms)
✔ beetle preview exposes every stage and never accesses real saves (1794.232525ms)
✔ stagbeetle preview exposes every stage and never accesses real saves (1686.936245ms)
✔ cicada preview exposes every stage and never accesses real saves (1716.24032ms)
✔ antlion preview exposes every stage and never accesses real saves (898.987865ms)
✔ dandelion preview exposes every stage and never accesses real saves (965.163763ms)
✔ sakura preview exposes every stage and never accesses real saves (1166.977795ms)
✔ venus_flytrap preview exposes every stage and never accesses real saves (867.850938ms)
✔ mushroom preview exposes every stage and never accesses real saves (946.107575ms)
✔ dragon preview exposes every stage and never accesses real saves (902.123108ms)
✔ phoenix preview exposes every stage and never accesses real saves (929.684038ms)
✔ god preview exposes every stage and never accesses real saves (873.018216ms)
✔ world_tree preview exposes every stage and never accesses real saves (1107.578168ms)
✔ ghost preview exposes every stage and never accesses real saves (1026.397811ms)
✔ star preview exposes every stage and never accesses real saves (1653.858975ms)
✔ plush preview exposes every stage and never accesses real saves (849.712431ms)
✔ unknown preview exposes every stage and never accesses real saves (888.819069ms)
✔ ren preview exposes every stage and never accesses real saves (876.422152ms)
✔ salmon preview uses all eight canonical stage names (210.274757ms)
✔ hermit_crab preview uses all eight canonical stage names (188.915052ms)
✔ jellyfish preview uses all eight canonical stage names (195.749648ms)
✔ starfish preview uses all eight canonical stage names (246.193213ms)
✔ coral preview uses all eight canonical stage names (204.601103ms)
✔ butterfly preview uses all eight canonical stage names (223.566733ms)
✔ beetle preview uses all eight canonical stage names (167.807909ms)
✔ stagbeetle preview uses all eight canonical stage names (219.434815ms)
✔ cicada preview uses all eight canonical stage names (220.022544ms)
✔ antlion preview uses all eight canonical stage names (525.862553ms)
✔ dandelion preview uses all eight canonical stage names (262.99271ms)
✔ sakura preview uses all eight canonical stage names (433.876097ms)
✔ venus_flytrap preview uses all eight canonical stage names (187.994513ms)
✔ mushroom preview uses all eight canonical stage names (218.194546ms)
✔ dragon preview uses all eight canonical stage names (211.731927ms)
✔ phoenix preview uses all eight canonical stage names (193.53437ms)
✔ god preview uses all eight canonical stage names (231.872053ms)
✔ world_tree preview uses all eight canonical stage names (157.697941ms)
✔ ghost preview uses all eight canonical stage names (241.903244ms)
✔ star preview uses all eight canonical stage names (210.984447ms)
✔ plush preview uses all eight canonical stage names (225.249327ms)
✔ unknown preview uses canonical punctuation and suppresses disposable rare achievement flashes (240.690573ms)
✔ ren preview uses canonical secret names without a fabricated rare achievement (219.341855ms)
✔ clownfish gay keeps its targets through stages 7 and 8 (686.286887ms)
✔ clownfish straight keeps its targets through stages 7 and 8 (179.667587ms)
✔ new clownfish follow the pictured body stage while NB and other species keep their rules (109.263978ms)
✔ bi male/nonbinary survives sex change and reload without re-selection (275.849133ms)
✔ bi female/nonbinary survives sex change and reload without re-selection (145.296921ms)
✔ bi male/female survives sex change and reload without re-selection (153.351012ms)
✔ bi male/female/nonbinary survives sex change and reload without re-selection (164.134692ms)
✔ pan male/female/nonbinary survives sex change and reload without re-selection (178.540568ms)
✔ aro  survives sex change and reload without re-selection (154.835904ms)
✔ questioning male/female/nonbinary survives sex change and reload without re-selection (229.042555ms)
✔ NB identity remains NB while its clownfish body completes the transition (91.118467ms)
✔ NB body-only change does not reopen an already reconciled relationship (85.764079ms)
✔ a legacy sex-change notice cannot overwrite a primary save recovered from backup (158.973412ms)
✔ a partner whose targets no longer include us is retained as mismatched, including marriage (1215.675815ms)
✔ compatible partners keep affection and a newly matching partner leaves mismatch (190.30126ms)
✔ valid saved attraction overrides stale labels for self, partner, and guest (214.366287ms)
✔ legacy late-stage saves migrate once after age conversion; existing females never revert (302.046115ms)
✔ normal and infinite transformations use the selected form; returning restores the original life (123.77134ms)
✔ guest codes preserve individual bi targets and canonical labels; old codes still load (69.41534ms)
✔ shared early-female clownfish keep a female stage name in profile and court (58.225475ms)
✔ a migrated infinite return snapshot gets the same identity repair before resuming (169.171346ms)
✔ real court regression: male/straight against 18 identities (556.121554ms)
✔ real court regression: male/gay against 18 identities (509.515634ms)
✔ real court regression: male/bi against 18 identities (612.61174ms)
✔ real court regression: male/pan against 18 identities (400.480008ms)
✔ real court regression: male/aro against 18 identities (71.975981ms)
✔ real court regression: male/questioning against 18 identities (326.027051ms)
✔ real court regression: female/straight against 18 identities (174.002749ms)
✔ real court regression: female/gay against 18 identities (277.709549ms)
✔ real court regression: female/bi against 18 identities (475.548148ms)
✔ real court regression: female/pan against 18 identities (611.349908ms)
✔ real court regression: female/aro against 18 identities (89.849817ms)
✔ real court regression: female/questioning against 18 identities (610.829811ms)
✔ real court regression: nonbinary/straight against 18 identities (370.786885ms)
✔ real court regression: nonbinary/gay against 18 identities (294.168213ms)
✔ real court regression: nonbinary/bi against 18 identities (477.983332ms)
✔ real court regression: nonbinary/pan against 18 identities (499.674688ms)
✔ real court regression: nonbinary/aro against 18 identities (48.980598ms)
✔ real court regression: nonbinary/questioning against 18 identities (413.139142ms)
✔ new court after a gay male becomes female uses both participants current genders (154.057431ms)
✔ completed relationships can reconcile and stay reconciled after save/load without changing targets (199.083755ms)
✔ a normal tick crossing stage 8 completes once and a non-clownfish never changes gender (97.143498ms)
✔ finished lives retain the recorded identity when an old save is loaded (115.269673ms)
✔ old compatibility cleanup cannot delete a partner before the clownfish migration makes them compatible (224.199685ms)
✔ sex change during a minigame is announced after returning to the home screen (72.042748ms)
✔ a same-tick elder achievement cannot replace the completed sex-change notice (25.777321ms)
✔ stage-7 notice waits until finished minigame results have been readable (28.659252ms)
✔ newborn clownfish hatch male for a binary roll and save that identity (36.102029ms)
✔ a transition notice waits behind transformation choices and survives choosing to stay (40.347502ms)
✔ pre-v2 compatibility migration leaves finished clownfish relationships and logs unchanged (138.044321ms)
✔ pre-v2 infinite return relationship migration is complete before the first return (216.384407ms)
✔ a same-tick marriage anniversary leaves the transition notice for after the movie (185.410454ms)
✔ comment text reuses matching illustrations and escapes arbitrary text (589.176674ms)
✔ whole emoji sequences stay intact and unrelated food keeps its meaning (93.970668ms)
✔ speech shows the current actor illustration and leaves conversation and saves unchanged (115.651345ms)
✔ notices retain their scroll position until the actual message changes (99.629482ms)
✔ event text, captions and birthday notices use the same inline presentation (127.853244ms)
✔ birthday and milestone symbols depict their own objects without unrelated atlas substitutes (78.476604ms)
✔ all 26 companions and 18 partners keep their own speech portraits (604.680483ms)
✔ comment image failure stays local and works for newly inserted pictures (80.674218ms)
✔ pet reaction notices keep their words and identify the actual pet with its PNG (89.836252ms)
✔ normal egg reserves an unraised species without changing this life or spending stock (353.884172ms)
✔ normal egg blocks an exhausted pool and cannot borrow from the other pool (95.469492ms)
✔ rare egg reserves an unraised species without changing this life or spending stock (138.968932ms)
✔ rare egg blocks an exhausted pool and cannot borrow from the other pool (99.277142ms)
✔ one reservation blocks all rerolls; cancellation never duplicates either stock (134.861427ms)
✔ reservation and unused stock survive reload, infinite return and next life; five taps consume once (299.849169ms)
✔ funded legacy reservation keeps an already raised species through migration and hatch (127.86916ms)
✔ old discovered species seed the unraised pool while new temporary discoveries do not (138.478479ms)
✔ malformed or unfunded reservations never grant their species or negative stock (449.605366ms)
✔ infinite mode cannot reserve or hatch a funded egg (61.926264ms)
✔ existing milestone egg grants use new stock once and never revive old dream fields (52.542951ms)
✔ normal purchase reserves secretly once; cancel/re-reserve/reload never refunds or clones (116.366568ms)
✔ normal reserve without stock cannot purchase and unavailable purchase cannot charge (64.835253ms)
✔ rare purchase reserves secretly once; cancel/re-reserve/reload never refunds or clones (165.289381ms)
✔ rare reserve without stock cannot purchase and unavailable purchase cannot charge (155.268957ms)
✔ central egg controls are removed from real HTML and runtime listeners (12.278964ms)
✔ normal egg card has exactly one state-appropriate action and owned stock cannot be repurchased (581.705689ms)
✔ rare egg card has exactly one state-appropriate action and owned stock cannot be repurchased (420.690558ms)
✔ friend tickets list active-unjoined normal and rare companions without spending before confirmation (622.621079ms)
✔ confirming a companion ticket opens the normal invitation and stale confirmation does not spend (178.316311ms)
✔ cancel and no candidate leave friend stock untouched (137.575933ms)
✔ match ticket lists exactly the mutually attracted candidates for male female and nonbinary pets, including seen candidates (162.644572ms)
✔ match confirmation calls one candidate to the current region without changing world tables or creating a partner (158.051512ms)
✔ match confirmation revalidates partner while calls survive introductions and clear on travel (773.264706ms)
✔ match confirmation revalidates stock and a local-home display transition keeps the paid call (101.572039ms)
✔ a called match survives save reload in the same region (218.358576ms)
✔ confirming either companion ticket leaves the shop so its invitation is reachable (276.132353ms)
✔ time tickets change only the adjacent visual stage for five real minutes (416.790979ms)
✔ time tickets enforce the first and eighth actual-stage boundaries (125.826396ms)
✔ a temporary form survives reload without extending and clears on a real stage change (241.17426ms)
✔ dex tickets offer exactly all ordinary and eight rare forms and stale choices do not spend (144.474722ms)
✔ transform tickets fund three legal candidates and favor species never raised (70.170206ms)
✔ transform tickets supplement experienced candidates and reject stale or unavailable selections (45.527355ms)
✔ legacy discovery seeds raised species once without later temporary discoveries (196.1457ms)
✔ an actual transformation clears a temporary appearance (88.503783ms)
✔ ticket candidates cannot transform through the ordinary overlay without spending stock (90.586604ms)
✔ reloading an open transform ticket keeps stock and restores no ordinary offer (132.76857ms)
✔ dex picker hides every unknown form including markup and reveals only after selection (140.859337ms)
✔ life medicine refills only life and can be used again after life falls (327.943412ms)
✔ life medicine at full life or outside a living finite life does not consume (230.596474ms)
✔ life charm automatically prevents actual death without changing its causes (94.78579ms)
✔ a real dying tick spends one charm at the death boundary (54.443099ms)
✔ the tick reaching age one hundred enters farewell before charm consumption (35.400248ms)
✔ life charm waits through grace and is never spent for farewell or infinity (37.888371ms)
✔ life charm is automatic and has no manual use control (30.098171ms)
✔ retired consumables have no sale, use, or active-effect behavior (50.300608ms)
✔ shop orders all twelve consumables by the approved catalog (36.332093ms)
✔ final consumable catalog publishes exactly the twelve approved products (7.148894ms)
✔ legacy stock converts or refunds once before retired IDs are filtered (11.02732ms)
✔ every retired stock ID refunds its old unit price and purchase history adds nothing (21.465783ms)
✔ authoritative lifetime bag prevents live and snapshot copies from duplicating refunds (1.099011ms)
✔ invalid counts and unsafe sums cannot create unsafe money or stock (0.475127ms)
✔ deduplicates prepaid reservations across live and infinite snapshots (0.589289ms)
✔ separately paid small and great minigame reservations refund both once (13.415451ms)
✔ one logical minigame reservation refunds only its highest evidenced tier (0.481017ms)
✔ pending funded reservations add no refund beyond their bag stock (0.563821ms)
✔ active and partly used effects end without refund while a fully unused sickness shield refunds once (0.889301ms)
✔ a partially used sickness snapshot overrides a duplicate fully unused snapshot (0.588351ms)
✔ old court-big compatibility pays 350 once and is cleared even with flags (0.381951ms)
✔ reserved dream species survives conversion and reload-shaped normalization (8.584249ms)
✔ already migrated saves and return snapshots clear obsolete effects without credit (0.576991ms)
✔ a funded old Lucky pending item is cleared without duplicating its bag stock (0.311999ms)
✔ malformed migration markers cannot skip conversion (0.57854ms)
✔ registry sizes: species 31 (22 normal + 8 rare + 1 secret, 8 stages each = 248), companions 26, partners 18, legends 5 (501.185223ms)
✔ the secret species comes from master.playerSpecies.secret; the ren fallback is only for a missing master (25.119289ms)
✔ every full registry table holds exactly the master ids (plus its pinned legacy rows) (563.959624ms)
✔ every intentionally partial table is exactly its audited subset (48.627762ms)
✔ legacy rows are pinned and never leak into the current canonical sets (7.640129ms)
✔ alias destinations are canonical, and alias keys are canonical or retired (8.505017ms)
✔ species aliases: dex counts and the dex "found" display agree (raw → alias → registered) (47.81552ms)
✔ cast-bounds covers every current species stage, companion, partner, the author and egg frames (1.872981ms)
✔ images: every master species has 8 stages whose asset is <id>/01..08.png and whose label matches master (1.60623ms)
✔ GOAL_TIER_IDS is the single tier map: id ↔ ordinal both ways, and every per-tier table follows it (8.181047ms)
✔ ENDING_CELEBRATIONS still lacks the perfect tier: a known open gap, not the spec (14.166338ms)
✔ save ordinals are unchanged: endingTiersReached stays the ints 0..4 and the tier logic returns the same numbers (112.926196ms)
✔ remove-it: a species added to master but forgotten in one table is named with its table; typo, extra and retired ids too (133.204832ms)
✔ initial decoration preserves all text, existing elements and listeners (9.192202ms)
✔ token auditing keeps joined, modified, flag and keycap glyphs whole (5.276625ms)
✔ unknown whole sequences remain unchanged even when a component is known (1.682292ms)
✔ editing controls and existing illustration subtrees remain untouched (2.170602ms)
✔ later added subtrees and character edits are decorated without rescanning unaffected text (18.462863ms)
✔ nodes removed before observer delivery are ignored (1.658468ms)
✔ the current actor marker passes through the same display resolver (3.553192ms)
✔ daily and Lucky payouts stay independent with null (301.866298ms)
✔ daily and Lucky payouts stay independent with star (50.559122ms)
✔ Star does not multiply either side of a duel settlement (74.358904ms)
✔ five warming taps show progressive egg art and hatch once at the existing boundary (669.666972ms)
✔ each saved egg resumes its crack stage without replaying a touch reaction (1055.329967ms)
✔ reload immediately after the fifth tap keeps the same newborn and one birth record (269.787098ms)
✔ reset during the hatch effect cannot alter or decorate the replacement egg (124.658282ms)
✔ the egg itself can be warmed and newborn care remains available immediately (115.018723ms)
✔ all 30 legal dream species keep their stable identity and first-form artwork (2151.127825ms)
✔ a failed egg image uses the existing emoji fallback and can still hatch (42.678497ms)
✔ finished reactions are removed and cannot replay when returning from a minigame (193.519986ms)
✔ cancelled hatch animation is cleaned before an immediate minigame return (112.073471ms)
✔ reduced motion shows the correct egg and newborn without a pending reveal (103.404119ms)
✔ home derives emotion without adding saved emotion fields (530.305245ms)
✔ rendering and running an emotion cue leave the serialized save unchanged (107.405088ms)
✔ home emotion follows canonical priority and pet availability (104.088465ms)
✔ persistent cue moves only the main pet and its accessory (112.142124ms)
✔ 26 companions stay still during the main pet hungry cue (167.652855ms)
✔ 26 companions stay still during the main pet sulk cue (184.363502ms)
✔ critical life cancels a running persistent cue and stays still (120.704714ms)
✔ critical life suppresses both ordinary idle sources while keeping critical UI (86.103043ms)
✔ ordinary render does not interrupt a real care reaction (70.540328ms)
✔ real feed starts with munch (113.486032ms)
✔ real wake keeps stretch for a sleepy randomized line (73.833237ms)
✔ real wrong medicine starts with shake (60.30883ms)
✔ real annoyed play starts with settle (96.50586ms)
✔ feed adds one pet-only gentle bounce after munch when hunger is cleared (87.28467ms)
✔ feed returns to the latest hungry profile without a happy afterglow (57.583606ms)
✔ feed afterglow rechecks raw hunger at callback time (124.924839ms)
✔ feed afterglow rechecks raw pet availability at callback time (101.26039ms)
✔ cured medicine settles first and then adds one pet-only bounce (51.962471ms)
✔ a newer care action invalidates the old feed afterglow (65.727917ms)
✔ a newer semantic event invalidates the old feed afterglow (46.396415ms)
✔ leaving home invalidates a feed afterglow even after returning (265.390952ms)
✔ feed afterglow waits for existing companion conversation beats (93.267793ms)
✔ critical life and reduced motion suppress care afterglow movement (114.208832ms)
✔ critical life suppresses cured medicine afterglow (99.920435ms)
✔ other semantic care reactions finish without an added happy afterglow (309.08585ms)
✔ normal state cancels the old profile timer before it can fire (53.408998ms)
✔ non-normal emotion excludes the pet from ordinary idle while companions continue (46.785469ms)
✔ non-normal emotion excludes autonomous pet greetings but keeps social greetings (106.30522ms)
✔ egg blocks a pending persistent cue (147.138158ms)
✔ farewell blocks a pending persistent cue (46.651089ms)
✔ dead blocks a pending persistent cue (49.610768ms)
✔ sleeping blocks a pending persistent cue (37.180396ms)
✔ transform blocks a pending persistent cue (60.191205ms)
✔ menu blocks a pending persistent cue (43.614136ms)
✔ minigame blocks a pending persistent cue (68.366091ms)
✔ story blocks a pending persistent cue (34.224883ms)
✔ hidden tab blocks a pending persistent cue (61.631055ms)
✔ story opening immediately cancels an active persistent cue (48.433608ms)
✔ menu cancels an active persistent cue and the current state restarts after return (85.835384ms)
✔ story cancels an active persistent cue and the current state restarts after return (66.168747ms)
✔ minigame cancels an active persistent cue and the current state restarts after return (206.04644ms)
✔ hidden tab cancels an active persistent cue and the current state restarts after return (96.982496ms)
✔ returning from a hidden tab schedules the current profile again (190.146855ms)
✔ reduced motion retains the derived state without starting a cue (58.285012ms)
✔ switching to reduced motion stops a running persistent cue (61.273876ms)
✔ reduced motion suppresses persistent and afterglow movement but retains the warning icon (100.385277ms)
✔ normal idle perk callback does not preempt a pending care afterglow (57.434564ms)
✔ normal idle perk callback does not preempt an active care afterglow (61.520256ms)
✔ normal idle greeting callback does not preempt a pending care afterglow (62.650043ms)
✔ normal idle greeting callback does not preempt an active care afterglow (61.164807ms)
✔ static script exposes the pure resolver on window (3.657424ms)
✔ resolve returns every approved emotion profile (0.559223ms)
✔ resolve follows the approved visible priority (0.306476ms)
✔ worsening tiredness never increases cue cadence (0.349504ms)
✔ non-playable and sleeping signals resolve to normal (0.28315ms)
✔ resolve does not mutate its input or share returned profile objects (0.511166ms)
✔ sodachi 20 to 100 costs 1,500-1,800 growth and 20 to 70 costs under 800 (457.177035ms)
✔ sleeping from empty takes roughly 3-12 seconds of recovery steps (149.473614ms)
✔ an S-rank result grants a growth boost that doubles growth and decays per tick (101.165578ms)
✔ game length: normal difficulty runs at face value, easy adds 20%, short mode trims games of 20s or more (82.46158ms)
✔ life recovers during ordinary care and faster when everything is above 60 (99.61509ms)
✔ a full transform meter opens the transform choice right after the game, with no lottery (116.708619ms)
✔ the same environment + seed + pinned clock gives the same time, weather, season and randomness on any host clock and TZ (2748.718961ms)
✔ with environment: 'auto' the result follows the host clock (the test detects the difference) (4213.734759ms)
✔ hostEnvironmentClock alone makes the time of day follow the harness clock instead of the host clock (1887.590626ms)
✔ the flaky "entering meguru" scene is reproducible with the options on any host clock and TZ (12837.622465ms)
✔ one generator feeds the page Math.random (from boot) and meguru (996.660748ms)
✔ default harness(): fixed day/sunny environment (RH-6), native random, unpinned new Date(), harness Date.now() (167.012627ms)
✔ a manual time/weather mode still wins over environment, and the undersea/starry regions keep no weather (114.215506ms)
✔ the deterministic preset pins environment, host clock, seed and date; explicit options win (206.939515ms)
✔ the weather labels the harness returns match world-environment.js (0.773545ms)
✔ one-finger drags cannot pan the home, including a drag starting on a care button (498.293464ms)
✔ long text can scroll in both directions but cannot drag the home past its edges (72.272673ms)
✔ pinch zoom and panning an enlarged view remain available (68.754555ms)
✔ menus, minigames and life records keep their gestures and returning home restores the lock (140.395766ms)
✔ home touch setup leaves the home height available after the fun strip retirement (72.097366ms)
✔ approved hunger profile covers exactly 31 playable growth lines and all 248 stages (2.296538ms)
✔ hunger category resolver does not silently fallback for unsupported or malformed assets (0.248807ms)
✔ all 248 hungry displays use the approved food artwork, including life-stage overrides (31.025799ms)
✔ mushroom07 hunger bubble separates from spores without moving other state marks (4.682316ms)
✔ every shipped UI/game emoji has an illustrated display definition (778.740133ms)
✔ the exact actor and generic game props are separate, and saves stay untouched (78.769259ms)
✔ every minigame maps to one of the intro demo kinds, and the kinds are varied (646.07647ms)
✔ the intro card carries a demo canvas tagged with the demo kind (62.831154ms)
✔ swipe thresholds are unified through MG_SWIPE_MIN and hold timing through MG_HOLD_PROFILES (78.240854ms)
✔ the result toast offers a retry button that restarts the same game (66.038674ms)
✔ the result toast has no retry button before any game was played (47.404204ms)
✔ the intro card shows for the first three plays and the help overlay works any time (126.687993ms)
✔ steps pad fires the moment a direction is clear, once per flick, without waiting for release (37.716854ms)
✔ turn-based steps pad needs a longer drag for the second cell in the same direction (42.833174ms)
✔ delta pad glides at the pad edge while pushing outward and stops when the finger comes back (33.086611ms)
✔ vector pad keeps the direction of the real movement, not the wobble when the finger stops (66.502627ms)
✔ the unified manifest gives every one of the 27 item identities a dedicated normalized PNG (1528.749796ms)
✔ shop, home, consumables and item stickers use semantic unified art (561.413936ms)
✔ a unified image failure reveals only its semantic fallback without changing state (74.212668ms)
✔ the unified shop art frame is 40px while the home accessory keeps its inherited frame (0.634293ms)
✔ retired hat uses the ordinary transform rate and needs four games (612.733841ms)
✔ retired hat has no game effect in a start snapshot (378.568238ms)
✔ retired energy1 has no game effect in a start snapshot (405.069469ms)
✔ retired glasses has no game effect in a start snapshot (336.767001ms)
✔ retired crown has no game effect in a start snapshot (361.746254ms)
✔ retired flower has no game effect in a start snapshot (361.897035ms)
✔ retired crown cannot rescue zero health but the existing miracle still works (91.870837ms)
✔ crown does not bypass normal two minute life warning or rescue life death (69.96705ms)
✔ retired crown snapshot cannot reduce failed-game life damage (80.767838ms)
✔ star pays ordinary success immediately and never adds a delayed set reward (102.39894ms)
✔ star menu describes immediate ordinary-success coins without stamp or waiting UI (102.27513ms)
✔ ordinary score 0, equipment null -> null pays 0 (101.378376ms)
✔ ordinary score 0, equipment star -> null pays 0 (84.768203ms)
✔ ordinary score 0, equipment null -> star pays 0 (87.082585ms)
✔ ordinary score 29, equipment null -> null pays 0 (119.330729ms)
✔ ordinary score 29, equipment star -> null pays 0 (81.445179ms)
✔ ordinary score 29, equipment null -> star pays 0 (145.819983ms)
✔ ordinary score 30, equipment null -> null pays 30 (91.268336ms)
✔ ordinary score 30, equipment star -> null pays 90 (98.685776ms)
✔ ordinary score 30, equipment null -> star pays 30 (93.680942ms)
✔ ordinary score 69, equipment null -> null pays 30 (245.831087ms)
✔ ordinary score 69, equipment star -> null pays 90 (170.843849ms)
✔ ordinary score 69, equipment null -> star pays 30 (182.836129ms)
✔ ordinary score 70, equipment null -> null pays 60 (227.258447ms)
✔ ordinary score 70, equipment star -> null pays 180 (103.310375ms)
✔ ordinary score 70, equipment null -> star pays 60 (145.910489ms)
✔ ordinary score 100, equipment null -> null pays 60 (120.63204ms)
✔ ordinary score 100, equipment star -> null pays 180 (128.571767ms)
✔ ordinary score 100, equipment null -> star pays 60 (136.129291ms)
✔ quick-run score 0 retains base 0 with null (120.425228ms)
✔ quick-run score 0 retains base 0 with star (115.70498ms)
✔ quick-run score 50 retains base 0 with null (124.27124ms)
✔ quick-run score 50 retains base 0 with star (252.533128ms)
✔ quick-run score 70 retains base 0 with null (120.842499ms)
✔ quick-run score 70 retains base 0 with star (127.584732ms)
✔ quick-solo score 0 retains base 0 with null (493.269322ms)
✔ quick-solo score 0 retains base 0 with star (122.10333ms)
✔ quick-solo score 50 retains base 0 with null (124.074903ms)
✔ quick-solo score 50 retains base 0 with star (139.78549ms)
✔ quick-solo score 70 retains base 0 with null (110.624588ms)
✔ quick-solo score 70 retains base 0 with star (115.176409ms)
✔ game pass applies exactly ordinary score-50 care and 30 coins without starting a game (158.312689ms)
✔ game pass preserves all real-play records, consumable reservations and Lucky stock (108.054844ms)
✔ egg menu reserves random new stock, hides the species and consumes once across reload (437.375458ms)
✔ invalid or unavailable hatch reservation clears without spending; growing pets can reserve (61.390728ms)
✔ duplicate stickers stay as copies and stop at the nine-copy cap (71.935525ms)
✔ theme costs 60 and draws only chosen category with the secret gate; ordinary stays 30/3 (196.525965ms)
✔ legacy sticker counts and positions merge idempotently without replacing character history (31.025602ms)
✔ sticker catalog offers all current items while retaining other collection categories (31.781909ms)
✔ duel host win: both reserve, purchases cannot spend stake, settlement/reload/replay is exact once (247.520358ms)
✔ duel guest win: both reserve, purchases cannot spend stake, settlement/reload/replay is exact once (236.465876ms)
✔ duel draw: both reserve, purchases cannot spend stake, settlement/reload/replay is exact once (196.532219ms)
✔ unpublished cancel refunds once; published abandonment forfeits and close/new life preserve stake (58.045416ms)
✔ old unfunded progress terminates without minting while completed old matches retain money/statistics (34.271865ms)
✔ repeated hatch callback does not change an already committed newborn (53.550576ms)
✔ result-only close and rematch handlers cannot discard a reserved match (31.459372ms)
✔ infinite snapshot reload and return preserve live duel rather than resurrecting an earlier settlement (87.105831ms)
✔ duel spends available coins normally and still settles backed stakes (126.536215ms)
✔ different match IDs, old-format and duplicate-question codes never reserve or settle (132.951352ms)
✔ real sticker menu buys the selected category and has no point-exchange controls (88.258474ms)
✔ maxed stickers are excluded from pack draws (116.691064ms)
✔ host ID generation remains usable at a zero random draw (36.443141ms)
✔ completed legacy duels reopen as results, without a new unsupported settlement code (116.816639ms)
✔ real duel create, join, publish and import controls use the reserved transaction (123.166724ms)
✔ guest abandonment and full wipe cannot return a published stake (116.839819ms)
✔ age stage transition keeps its story and life log without coins (462.725093ms)
✔ birthday 41 keeps growth, decline relief and celebration without coins (75.9292ms)
✔ birthday 50 keeps growth, decline relief and celebration without coins (71.295895ms)
✔ birthday 90 keeps growth, decline relief and celebration without coins (69.066149ms)
✔ midlife 44 preserves its noncoin effect and one-time record (90.157244ms)
✔ midlife 50 preserves its noncoin effect and one-time record (57.02542ms)
✔ midlife 56 preserves its noncoin effect and one-time record (106.234052ms)
✔ midlife 62 preserves its noncoin effect and one-time record (66.838316ms)
✔ midlife 66 preserves its noncoin effect and one-time record (82.260072ms)
✔ sodachi 30 keeps milestone record and eggs, without coins (95.842202ms)
✔ sodachi 40 keeps milestone record and eggs, without coins (431.80348ms)
✔ sodachi 50 keeps milestone record and eggs, without coins (752.634275ms)
✔ sodachi 60 keeps milestone record and eggs, without coins (45.474318ms)
✔ sodachi 70 keeps milestone record and eggs, without coins (69.490073ms)
✔ sodachi 80 keeps milestone record and eggs, without coins (29.528715ms)
✔ sodachi 90 keeps milestone record and eggs, without coins (26.929543ms)
✔ sodachi 100 keeps milestone record and eggs, without coins (44.21402ms)
✔ home former coin moment still appears and records without paying (62.79686ms)
✔ desert former coin moment still appears and records without paying (44.840016ms)
✔ star_stop former coin moment still appears and records without paying (34.187306ms)
✔ environment callbacks ignore a latent money field while preserving noncoin effects (44.772621ms)
✔ memory lake still recalls life memories and recovers happiness without coins (113.11445ms)
✔ sticker tasks record completion once without points or coins (68.17247ms)
✔ offline 10 minutes preserves recovery and memory without money (37.922947ms)
✔ offline 60 minutes preserves recovery and memory without money (28.715348ms)
✔ offline 600 minutes preserves recovery and memory without money (30.892987ms)
✔ eligible gate legend keeps discovery, life log and movie without any care or coin reward (45.559335ms)
✔ eligible stairs legend keeps discovery, life log and movie without any care or coin reward (32.35894ms)
✔ eligible boss legend keeps discovery, life log and movie without any care or coin reward (53.122307ms)
✔ eligible lamp legend keeps discovery, life log and movie without any care or coin reward (40.6131ms)
✔ eligible mirror legend keeps discovery, life log and movie without any care or coin reward (108.298639ms)
✔ repeated legend trigger cannot create a second encounter in one life (369.259257ms)
✔ gate legend movie has no payout beat or footer (114.273319ms)
✔ stairs legend movie has no payout beat or footer (28.71992ms)
✔ boss legend movie has no payout beat or footer (52.19493ms)
✔ lamp legend movie has no payout beat or footer (31.24524ms)
✔ mirror legend movie has no payout beat or footer (52.872653ms)
✔ old claimed save retains balances, inventory and event claims across reload without repeat grants (65.924904ms)
✔ environment guidance keeps care coefficients but removes obsolete game coin modifiers (53.844534ms)
✔ retirement refunds stock and tool ownership exactly once, never history or duplicate reservations (3.03496ms)
✔ legacy tool use counts as ownership only before the original item migration (0.691922ms)
✔ retirement preserves shared memories and cooldowns while removing fun-only records and sticker placements (2.075022ms)
✔ retired items cannot be bought, granted, used or selected as stickers; equipment completion ignores stale ids (503.990887ms)
✔ refund survives reload, new lives and infinite return without reviving old reservations (192.954562ms)
✔ great games retain coins and offline visits retain recovery without granting retired items (85.707242ms)
✔ infinite snapshots and retired achievement metadata are cleared without extra compensation (0.779923ms)
✔ dedicated reward inventory is retired and legacy reward stock is discarded (575.920475ms)
✔ milestone eggs are granted once even after spending, without coins (62.422504ms)
✔ ordinary completion pays thirty coins (81.192975ms)
✔ daily completion adds one Lucky inventory without a reservation (115.239306ms)
✔ invalid stock cannot be spent and normalization does not create wealth (223.647888ms)
✔ module validates transactions and persists structured memories without retired cooldown APIs (69.707489ms)
✔ normal equipment catalog contains only the final ten products (71.276656ms)
✔ normal equipment poop1 has its final catalog price and shop price (96.206894ms)
✔ normal equipment poop1 has its final catalog and shop description (86.020712ms)
✔ normal equipment sleepboost1 has its final catalog price and shop price (72.214893ms)
✔ normal equipment sleepboost1 has its final catalog and shop description (91.69337ms)
✔ normal equipment bowtie has its final catalog price and shop price (133.742805ms)
✔ normal equipment bowtie has its final catalog and shop description (34.167635ms)
✔ normal equipment ribbon has its final catalog price and shop price (31.263057ms)
✔ normal equipment ribbon has its final catalog and shop description (138.248575ms)
✔ normal equipment scarf has its final catalog price and shop price (86.324168ms)
✔ normal equipment scarf has its final catalog and shop description (70.631415ms)
✔ normal equipment travel1 has its final catalog price and shop price (81.042175ms)
✔ normal equipment travel1 has its final catalog and shop description (73.581012ms)
✔ normal equipment partner1 has its final catalog price and shop price (95.509718ms)
✔ normal equipment partner1 has its final catalog and shop description (89.963173ms)
✔ normal equipment bond1 has its final catalog price and shop price (77.75003ms)
✔ normal equipment bond1 has its final catalog and shop description (87.451573ms)
✔ normal equipment gamepass1 has its final catalog price and shop price (91.292917ms)
✔ normal equipment gamepass1 has its final catalog and shop description (87.9311ms)
✔ normal equipment star has its final catalog price and shop price (94.377633ms)
✔ normal equipment star has its final catalog and shop description (83.391152ms)
✔ normal equipment V2 retains all nine continuing IDs with no price difference charged (785.956ms)
✔ backpack removes travel hunger and energy costs but does not prevent fatigue (284.800224ms)
✔ retired lantern UI and stale clicks never create light scenes or cooldowns (40.90017ms)
✔ legacy light data is ignored safely: [{"key":"lantern:1","event":"lantern","text":"old light"}] (131.605471ms)
✔ legacy light data is ignored safely: null (158.928999ms)
✔ legacy light data is ignored safely: "broken" (93.140683ms)
✔ equipment reactions only occur for actual eligible care and active protection (42.146891ms)
✔ guest origin persists across appearance, reload and codes but differs for a new life (87.294693ms)
✔ court letters capture the real new partner and survive form changes and a new life (590.611052ms)
✔ danger-triggered ribbon recovery delivers readable feedback in both motion modes (83.394607ms)
✔ retired flowers leave court dialogue and care feedback without bonus reactions (708.371681ms)
✔ ineligible ribbon ticks and mismatched court do not claim equipment effects (83.797116ms)
✔ V2 equipment feedback waits for an existing conversation and never replaces critical care (77.993654ms)
✔ a pending equipment line does not follow a reset into another life (34.115732ms)
✔ game pass clears daily and companion context without completing either, including the next real game (35.166469ms)
✔ V2 paper clears every poop at the danger threshold without manual-care credit (463.715987ms)
✔ V2 pillow makes sleep an immediate full-energy action (111.542654ms)
✔ V2 bowtie automatically fills hunger when the normal danger band is reached (89.324615ms)
✔ V2 ribbon automatically fills happiness when the normal danger band is reached (71.491452ms)
✔ V2 disease equipment automatically cures sickness without pretending it was a manual medicine tap (399.081571ms)
✔ V2 automation equipment no longer keeps the old passive percentage reductions (1412.393106ms)
✔ retired dedicated reward inventory has no production UI or runtime path (22.153053ms)
✔ V2 backpack makes ordinary travel cost zero hunger and zero energy while fatigue still applies (257.416766ms)
✔ V2 star badge triples only the ordinary minigame success coin payout (144.111265ms)
✔ V2 love letter restores partner affection to max at the danger threshold (49.267002ms)
✔ V2 friend badge restores companion bond to max at the danger threshold (208.152301ms)
✔ retired star and reunion state is discarded without changing companion records (100.62128ms)
✔ friend badge no longer offers a reunion game or retired lantern actions (195.5949ms)
✔ social equipment preserves ordinary decay and does not automate relationship decisions or award records (426.083816ms)
✔ star badge triples great-result coins and leaves failed-result at zero (808.017335ms)
✔ retired energy1 does not soften ordinary care decay (69.103194ms)
✔ retired crown does not soften ordinary care decay (183.73814ms)
✔ life card and received life code show the recorded woman, not a system emoji (515.705448ms)
✔ overlapping stage names and chosen infinite forms retain their recorded portraits (102.174959ms)
✔ leaving current location restores the home-region label after presentation caching (300.696993ms)
✔ legacy life timeline resolves stage labels and keeps unrelated log strings escaped (107.41424ms)
life-stage profiles: ok
✔ tests/life-stage-profiles-test.cjs (327.515425ms)
✔ static script exposes the locality resolver on window (9.609411ms)
✔ known municipalities resolve to their curated scenery profiles (2.079223ms)
✔ prefecture-aware matching does not confuse same-named wards or conflicting cities (0.359309ms)
✔ explicit Osaka city wards are metropolitan without capturing other cities or bare wards (0.371134ms)
✔ unknown municipalities use a general town image without claiming local geography (4.497719ms)
✔ sanitizeLocality rejects malformed values and removes unapproved saved fields (0.447413ms)
✔ reload restores saved municipal scenery without requesting GPS (571.056305ms)
✔ unknown saved municipalities describe the neutral generated town image (99.821775ms)
✔ malformed saved locality is discarded and cannot activate current-location scenery (87.355265ms)
✔ a successful selection saves only display-safe locality fields (206.442651ms)
✔ failed refresh keeps saved scenery selected and a later explicit retry can replace it (123.300919ms)
✔ an observed municipality is offered for selection when another region remains displayed (89.372777ms)
✔ an invalid live municipality falls back to the sanitized saved selection (82.871301ms)
✔ manual refresh of a selected locality persists and reloads the new municipality (202.507489ms)
✔ a canceled manual refresh cannot replace or render over the selected locality (77.053585ms)
✔ explicit home selection clears only the current-location presentation (89.61139ms)
✔ pending current-location selection cannot override a later travel choice (84.190284ms)
✔ Lucky catalog and shop offer 300 coin immediate roulette (527.112159ms)
✔ roulette draw 0 immediately pays 10 (82.352486ms)
✔ roulette draw 0.14999999999999977 immediately pays 10 (92.559723ms)
✔ roulette draw 0.15 immediately pays 20 (91.465177ms)
✔ roulette draw 0.34999999999999976 immediately pays 20 (113.682656ms)
✔ roulette draw 0.35 immediately pays 50 (106.240811ms)
✔ roulette draw 0.5999999999999998 immediately pays 50 (87.84478ms)
✔ roulette draw 0.6 immediately pays 100 (90.34006ms)
✔ roulette draw 0.7999999999999998 immediately pays 100 (76.29465ms)
✔ roulette draw 0.8 immediately pays 500 (85.408382ms)
✔ roulette draw 0.9199999999999998 immediately pays 500 (107.335018ms)
✔ roulette draw 0.92 immediately pays 1000 (79.531038ms)
✔ roulette draw 0.9899999999999998 immediately pays 1000 (69.682161ms)
✔ roulette draw 0.99 immediately pays 10000 (133.511581ms)
✔ roulette draw 0.9999999999999998 immediately pays 10000 (90.554004ms)
✔ roulette independent of equipment null (73.600087ms)
✔ roulette independent of equipment poop1 (141.678843ms)
✔ roulette independent of equipment sleepboost1 (77.822195ms)
✔ roulette independent of equipment bowtie (73.12374ms)
✔ roulette independent of equipment ribbon (92.216924ms)
✔ roulette independent of equipment scarf (84.467493ms)
✔ roulette independent of equipment travel1 (101.742613ms)
✔ roulette independent of equipment partner1 (95.435404ms)
✔ roulette independent of equipment bond1 (85.184928ms)
✔ roulette independent of equipment gamepass1 (89.559314ms)
✔ roulette independent of equipment star (76.372549ms)
✔ legacy reservation migration false,false is once across reload reset infinite return (412.960502ms)
✔ legacy reservation migration true,false is once across reload reset infinite return (321.864444ms)
✔ legacy reservation migration false,true is once across reload reset infinite return (344.557286ms)
✔ legacy reservation migration true,true is once across reload reset infinite return (373.607291ms)
✔ ordinary result 0 never spends Lucky stock or boosts reward (185.255413ms)
✔ ordinary result 50 never spends Lucky stock or boosts reward (144.284159ms)
✔ ordinary result 95 never spends Lucky stock or boosts reward (215.112042ms)
✔ runtime has no Lucky reservation or doubled-reward code (80.740255ms)
✔ Quick mixed never spends stock or changes Lucky payout (259.363025ms)
✔ Quick knock never spends stock or changes Lucky payout (111.035139ms)
✔ Quick tickle never spends stock or changes Lucky payout (99.01727ms)
✔ duel settlement and Lucky payout are independent (224.399844ms)
✔ spent reservation recovery never reappears after save and return (324.452955ms)
(node:516) [MODULE_TYPELESS_PACKAGE_JSON] Warning: Module type of file:///workspace/scratch/28c7e6574f23/naotocchi/vendor/three-0.170.0/three.module.min.js is not specified and it doesn't parse as CommonJS.
Reparsing as ES module because module syntax was detected. This incurs a performance overhead.
To eliminate this warning, add "type": "module" to /workspace/scratch/28c7e6574f23/naotocchi/package.json.
(Use `node --trace-warnings ...` to show where the warning was created)
✔ AD-1. scene dressing の 契約: 3D だけ・あたり なし・ふんで とおれる・群生(2〜8)・道 / spot / かたい 物 / 水 には おかない (35759.445213ms)
✔ AD-2. 配置は「空いた ところに 均一に 置く」では なく 群生 + 意図した 余白: 道ばたの 帯(roadside)と ます目(grid)の 両方・余白が ある (2.972489ms)
✔ AD-3. remove-it: 2D の world と corridor には dressing が ない(3D だけ)。cover を 外した profile では 群生 0 (1178.23706ms)
✔ AD-4. 花は 地域に あった いろ・場所: home / forest / jungle / countryside に 花の 群生、しんかい / ゆき には 花 なし、さばくは オアシスの まわり だけ (2.151454ms)
✔ AD-5. Tree v3: 針葉樹 4〜5 段(明暗・下ほど ひろい)、広葉樹は かたまり 2〜5(明 / 中 / 暗)、ヤシは は 5〜8(はばは 長さに 比例) (9.830146ms)
✔ AD-6. gate: もり と ジャングルは 1 まいの 絵で 見わけが つく(葉の palette・きりの いろ・ジャングル だけ 大きな は / つる / 根もとの 下草 / lowPoly) (5.689295ms)
✔ AD-7. Building v4: family ごとの かたまり・屋根の かたち(切妻 / 寄棟 / 平ら)・のき・土台・入口 と まど・かたまりの 足し(ポーチ / 出窓 / 縁側 / はなれ / ベランダ / 煙突 / ひさし)・シルエット 高さ / はば ≤ 1.5 (19.715942ms)
✔ AD-8. city scene: 低層 / 中層 / 高層の まざり・灰 だけで ない いろ・みせ(ガラス + ひさし + 看板 + たて看板)・路地の かべも 正面を もつ・高さは 床の 5.5 倍まで (9.415674ms)
✔ AD-9. city の 小物: 自転車・自販機は 3D の かたち(unresolved なし)。街路樹・信号・横断歩道・電柱は そのまま (13.303675ms)
✔ AD-10. いけがき は 箱では なく まるい しげみの れつ(あたりの 箱の なか・あたまより 下) (1.480883ms)
✔ AD-11. 水の 統合: 川は なめらかに 曲がり はばが ゆれる(riverCurve・pure)。見た目の 水は あたりの 帯の 内がわ。川岸に 石 / あし / 草 / 花の 帯 (106.908043ms)
✔ AD-12. Bridge v4: 交わりに かかる(ながさ ≥ 水の はば)・床の 上面は 水面より 上・床より 下から ささえる 橋脚 / 橋台・種類で かたちが ちがう (2.160806ms)
✔ AD-13. さばくの サボテンは 大きく 4 種(柱・枝分かれ・まる・むれ)。オアシスの まわりは 花 で 対比 (1.139731ms)
✔ AD-14. 光: 明るい fill と 方向光で 面を 分ける・岩 / がけの 明るさ と 地域 palette を 保つ (1.221831ms)
✔ AD-15. 箱庭の 比率: ビルは 床の 5.5 倍まで、大木の 幹は あたりより ほそい、花 / しげみ / 街の 小物は 見える 大きさ、まど / 入口は 家に 対して 小さい (3.455474ms)
✔ AD-16. density gate: 代表 spot(各地域 最初の ひろば)から 前景(〜250)/ 中景(250〜700)/ 遠景(700〜1800)の それぞれに 意味の ある 物が 1 つ いじょう。道の 方向は 読める(道の 上に 物 なし) (168.054165ms)
✔ AD-17. Human QA gate の 記録: 13 地域 × 7 条件(ひと目で 地域・さびしく ない・箱っぽく ない・いろ・歩きたい・見どころ・前景 / 中景 / 遠景)が status doc に ある。main merge / Ready は しない (0.826999ms)
✔ AD-18. 原則だけ: Nintendo / どうぶつの森 固有の 名まえ・asset・模様は code にも doc にも 出てこない (16.448052ms)
(node:522) [MODULE_TYPELESS_PACKAGE_JSON] Warning: Module type of file:///workspace/scratch/28c7e6574f23/naotocchi/vendor/three-0.170.0/three.module.min.js is not specified and it doesn't parse as CommonJS.
Reparsing as ES module because module syntax was detected. This incurs a performance overhead.
To eliminate this warning, add "type": "module" to /workspace/scratch/28c7e6574f23/naotocchi/package.json.
(Use `node --trace-warnings ...` to show where the warning was created)
✔ v2-1. player の 絵は きりで 消えない: キャラの material は fog なし・frustum culling なし・きりの 遠端は player + 900 より 遠く (2.220197ms)
✔ v2-2. billboardVisible: 座標に いる のに 描かれない 状態(hidden / scale NaN / texture なし / きりの むこう)を 1 つの 判定で 見つける (78.645135ms)
✔ v2-3. すかしは 見た目の 半径(えだはり)で 判定し、線分より 低い 物は すかさない。あたりの 半径 だけの 旧 判定も そのまま 通る (1.272302ms)
✔ v2-4. ghost pool の 契約: 使った ものだけ visible、使わなかった ものは その frame で hidden、1 frame 使わなければ scene から はずす、pool は つかいまわす (2.763926ms)
✔ v2-5. レンダラーの 切りかえで ghost が のこらない: scene の 捨て(地域 / corridor)・3D → 2D(fallback / 2D の 地域)で clear、stats に ghost と player (0.927149ms)
✔ v2-6. corridor(地域の あいだの 道)は 3D で 描く: 10 本 × 2 方向 ぜんぶ 3D の 対象。飾りは ぜんぶ 意味の 表で 解決し(unresolved 0)、はしの いし だけ かたい (253.916564ms)
✔ v2-7. corridor の gameplay は かわらない: 帯の 左右と はしの いし の あたり、着く / もどる、party の 受けわたし、セーブ なし (214.624652ms)
✔ v2-8. しらせ: ふつうの spot と 地区は toast なし、ランドマークは quiet(左上の 静かな 強調)、ひみつ だけ toast。きろくは かわらない (3274.674961ms)
✔ v2-9. ちずの 表示 filter: ふつうの 池・休憩所・小さな 橋・通過点は 出さず、現在地・つながり・gate・ランドマーク・ひみつ・hub / ひろば は 出す。きろくと 分母は かわらない (4435.409385ms)
✔ v2-10. 帯(strip)の geometry は 1 まいに つながる: frame × lane の 頂点を 共有し、となりの frame と 面で つながる(池の ならび では ない) (16.344545ms)
✔ v2-11. 川(river_lake)= terrain.pts からの 1 本の 帯(岸つき)。帯に かくれる 池は おかない。しんかいの 谷も 1 本の 帯 (3314.7162ms)
✔ v2-12. 海(sea)/ 湖(memory_lake)= 岸線から 水平線まで 1 まいの 面(ぬれた 砂 → 浅瀬 → 沖)+ 岸の あわ。岸の むこうの 池は おかない (1958.863374ms)
✔ v2-13. 水の 見た目は あたり(walkability)を かえない: 岸の clamp・池の あたり・橋は 2D と 同じ。水の 面は あたりを もたない (5644.051449ms)
✔ v2-14. Kit v2 の 原型: 昆布は 曲がった は(木 / 柱では ない)、遺跡は くずれた かべ、はしは いみ ごと、たてものは body + 屋根 + 入口 + まど (39405.507455ms)
✔ v2-15. Region Profile v2: 13 地域 ぜんぶに family(terrain / veg / arch / water / density / landmark / sky)。まちは palette で ビルの いろ と 階数が ばらつき、電柱が ある (9446.196163ms)
(node:540) [MODULE_TYPELESS_PACKAGE_JSON] Warning: Module type of file:///workspace/scratch/28c7e6574f23/naotocchi/vendor/three-0.170.0/three.module.min.js is not specified and it doesn't parse as CommonJS.
Reparsing as ES module because module syntax was detected. This incurs a performance overhead.
To eliminate this warning, add "type": "module" to /workspace/scratch/28c7e6574f23/naotocchi/package.json.
(Use `node --trace-warnings ...` to show where the warning was created)
✔ GA-1. 接地: 地面に つく parts は 足もとの いちばん ひくい 地面まで(斜面で 岩 / 盛り土 / 根 / 岸の 花が 浮かない)。13 地域 (43382.956075ms)
✔ GA-2. 小川 / 川 の 交わり: 橋の 交わり には 橋(床 > 水面・ながさ ≥ 水の はば)、そのほかは 飛び石。ランドマークの 橋は 交わりの 上に ある とき だけ うけもつ (0.73121ms)
✔ GA-3. 小川と 池を わける: ながれの 帯の 中に 池の 円盤(水の 小物)を おかない (0.389258ms)
✔ GA-4. Building v4: 塔の ような 家 なし(シルエット 高さ / いちばん ひろい はば ≤ 1.6、看板 / 屋根の はりだし を ふくむ) (0.429604ms)
✔ GA-5. 小物の 読みやすさ(props gate): 車 = 車輪・望遠鏡 = 3 本 足 + かたむいた 筒・像 = だい + からだ + あたま・かまくら = いりぐち・箱の 小物 = ひさし + 窓。絵文字の 立て看板 は のこって いない (28168.081114ms)
✔ GA-6. 季節 / 天気 は 2D の 正本に あわせる: 針葉樹の 雪 = ゆき の 地域 か 冬、山の 頂の 雪 = それ + 雪の 日、deepsea / star_stop は 地表の 季節 なし (11.822817ms)
✔ GA-7. 地域の 識別性(数で): いえ ≠ いなか(いなかは ひらけ +0.1 いじょう・構成の cosine < 0.75)、もり ≠ ジャングル(ジャングルは 見とおし せまく・高い 層・cosine < 0.6) (9073.981985ms)
(node:564) [MODULE_TYPELESS_PACKAGE_JSON] Warning: Module type of file:///workspace/scratch/28c7e6574f23/naotocchi/vendor/three-0.170.0/three.module.min.js is not specified and it doesn't parse as CommonJS.
Reparsing as ES module because module syntax was detected. This incurs a performance overhead.
To eliminate this warning, add "type": "module" to /workspace/scratch/28c7e6574f23/naotocchi/package.json.
(Use `node --trace-warnings ...` to show where the warning was created)
✔ GT-1. runtime P0(HQ-1 / HQ-2 / HQ-3): すかしは ray で ほんとうに 隠す 物 だけ・もとの いろ・大きな 物は うすく・ちらつかない・変わった instance だけ 送る (177.300312ms)
✔ GT-2. ray の 格子(pure): 線分が とおる ます目の instance だけ が 候補 (5.270305ms)
✔ GT-3. 予算(HQ-4): うすい 板は 1 まい・幹は ふたなし・mound は 下半分 なし・花の まんなか 8 三角形。透明 fade で けさない (0.38619ms)
✔ GT-4. Terrain v1(HQ-5): 意味の ある 起伏。道 / spot は 平ら、ひらけた ところ に 丘、小川は 谷、池は くぼ地、海は 水へ ひくく。ランダムな こぶ だけ では ない (32155.484463ms)
✔ GT-5. Creek / River v3(HQ-6): 小川は spot の 円盤の ならび では なく 1 本の ながれ。橋の spot の 下を とおり、道を 横切る ところは 橋 か 飛び石。道 / かたい 物 の 上を ながれない (2779.733791ms)
✔ GT-6. Water(HQ-7): 海 / 川 / 池 で 水の 面を かえる(海 = 浅瀬 → 沖 → 水平線、川 = 谷の 中の ながれる 面、池 = しずかな くぼ地の 面) (1.072761ms)
✔ GT-7. home と countryside(HQ-10): いえ = 家ごとの 庭(花だん・ポスト・ひくい さく・飛び石)、いなか = ひろい 畑 と 用水路 と 板の はし(庭 なし) (1.533137ms)
✔ GT-8. forest と jungle(HQ-11): もり = つめたい みどり・たおれた 丸太・しだ・きのこ・見とおし ほどほど。ジャングル = 多層(大きな は の 下草・ヤシ・canopy の つる)・しめった もや (776.458091ms)
✔ GT-9. Tree v4(HQ-12): 根もとの はり・2 だんの 幹(すこし かたむく)・かんむりへ のびる 枝・白っぽい ほそい 木(すずしい 地域) (7.515924ms)
✔ GT-10. props gate(HQ-13): ラベル なしで わかる。自転車は 立って いる、水車 / 観覧車の わ は たて (8002.262514ms)
✔ GT-11. 13 地域の grammar(HQ-14): 背景の 絵 なしで 3D だけで 地域が わかる きまり (0.618879ms)
✔ GT-12. 季節 / 天気(HQ-15): 山は 夏(高原の みどり)と 冬(雪)で 地面が かわる・大木も 季節の いろ・3D でも 雨 / 雪 (0.720069ms)
✔ GT-13. Human QA の 記録 と status: 未承認・main merge しない・Ready に しない・production Pages を かえない。特定の 作品の 名まえは 出さない (5.469143ms)
(node:572) [MODULE_TYPELESS_PACKAGE_JSON] Warning: Module type of file:///workspace/scratch/28c7e6574f23/naotocchi/vendor/three-0.170.0/three.module.min.js is not specified and it doesn't parse as CommonJS.
Reparsing as ES module because module syntax was detected. This incurs a performance overhead.
To eliminate this warning, add "type": "module" to /workspace/scratch/28c7e6574f23/naotocchi/package.json.
(Use `node --trace-warnings ...` to show where the warning was created)
✔ 1. フラグなし: forest の world は いまの 2D の まま(props・あたり・3D の しるし なし) (2.770062ms)
✔ 2. 3D モード: 道の うえの かたい 物は 見た目ごと 道の そとへ(約 1.5 × 大きさ まで)。おけない ものは 3D では おかない (12.535656ms)
✔ 3. 3D の かたい 物は かならず あたりが あり、あたまより 下の 見た目は あたり + 10 まで(とおれる 木・見えない かべ なし) (16.847936ms)
✔ 3b. ランドマーク(3D だけ): spot から 見た むきを たもって おく(±30 度)。たきは がけ = あたりの 箱 で、たきつぼ・あわ と いっしょ (11.22934ms)
✔ 3c. せかいは 3D・キャラだけ 2D: けしきの 物に 立て看板・意味の ちがう 置きかえ・なぞの placeholder は ない (8.84794ms)
✔ 3d. すかし(occlusion)は カメラ → player の あいだに ある かたい 物 だけ。とおい から すける こと は ない (186.403656ms)
✔ 3e. たき は うしろ・よこ からも 岩の おか: がけの うしろに 岩の かたまり(あたり つき)が あり、見た目 = あたり (9.14545ms)
✔ 4. 3D モードでも 道は ふさがない: 道はばの 3/4 の なか・spot の まんなか は あいて いる (10843.620024ms)
✔ 5. 3D モードの forest: 50 の spot に ぜんぶ あるいて 行ける (7442.540245ms)
✔ 6. 3D モードの forest: 27 にんの なかまも player も かたい 物に めりこまない (6727.70664ms)
✔ 7. レンダラー: WebGL が ない ところでは すぐ 2D(こわれない・この あいだ ずっと 2D) (1.799944ms)
✔ 8. フラグは URL だけ・セーブに のこさない。Three.js は version 固定で repo の なか。ふだんは よみこまない (35.562898ms)
✔ 9. 全地域: 3D profile が あり、意味の 表で ぜんぶ 解決し(unresolved 0・立て看板 0)、かくす ものは きまった しるし だけ、2D(フラグなし)は かわらない (22192.569708ms)
✔ 10. はっけんの しらせ(全地域): ランドマーク / ひみつ だけ「みつけた！」、その ばしょ だけの もの は かるく「が ある」、ふつうの 池・通過点は しずか。きろく は かわらない (3124.77606ms)
✔ 11. 全地域(registry から): 3D モードで ぜんぶの spot と gate に 道に そって あるいて 行ける(とじこめ なし) (21740.738007ms)
(node:580) [MODULE_TYPELESS_PACKAGE_JSON] Warning: Module type of file:///workspace/scratch/28c7e6574f23/naotocchi/vendor/three-0.170.0/three.module.min.js is not specified and it doesn't parse as CommonJS.
Reparsing as ES module because module syntax was detected. This incurs a performance overhead.
To eliminate this warning, add "type": "module" to /workspace/scratch/28c7e6574f23/naotocchi/package.json.
(Use `node --trace-warnings ...` to show where the warning was created)
✔ VQ-9 residential porch supports meet roof slopes within canonical lots (25260.541969ms)
✔ VQ-8 farmhouse veranda posts meet a canopy contained over the existing deck (2681.619486ms)
✔ VQ-6 cottage rooflines include both gable orientations within the residential family (1121.958141ms)
✔ VQ-5 garden stepping stones connect the actual front door to its finite road segment (638.998598ms)
✔ VQ-1 contact footprints follow trunks and foundations without mutating objects (119.604378ms)
✔ VQ-2 contact field excludes actors, water, bridges and tiny dressing; finite bounded support (2.475696ms)
✔ VQ-3 outer-bank variation leaves water lanes and triangle topology unchanged (1.640004ms)
✔ VQ-4 residential main roofs retain above-head clearance with canonical colliders (22114.143935ms)
✔ VQ-7 garden beds retain their planting group outside canonical road and obstacle footprints (499.732777ms)
✔ VQ-10 barn entrances read as broad paired doors within the wall (2081.064103ms)
✔ VQ-11 flower instances retain planter and window-box elevation (2.199437ms)
✔ VQ-12 walkable market stalls have open counters and connected canopy supports (13324.352814ms)
✔ VQ-13 representative farmhouse flowers clear the veranda as one planting group (1466.277838ms)
✔ VQ-14 planting clearance preserves groups, rotations and blocked plots (10.225898ms)
✔ VQ-15 residential facade openings fit beside the entrance without frame overlap (16577.62241ms)
✔ VQ-16 single-family main windows reserve the existing bay projection (18299.53171ms)
✔ 1. the same discoveredStages key twice still gives one resident (3364.684778ms)
✔ 2. the same partnersRecorded id twice still gives one resident (3457.551196ms)
✔ 3. companion aliases collapse to one canonical resident (71.956989ms)
✔ 4. the current pet is never an ordinary resident (6592.812257ms)
✔ 5. the current companion and partner walk with the player only, never as region residents (5518.755542ms)
✔ 6. legacy species left in an old save (bird:*) never become residents, but the save keeps them (3058.8795ms)
✔ 7. current-dex forms such as woman よちよち and the cicada appear once discovered (6005.921767ms)
✔ 8. the city 🐈 scenery never resolves to the cat resident asset (the display resolver would) (37.591726ms)
✔ 9. the forest 🍄 scenery never resolves to the mushroom resident asset (48.125537ms)
✔ 10. every scenery emoji in every region (prop/lane/wall/hint/spot.prop/flavour/landmark fallbacks) stays scenery (65.151529ms)
✔ registry audit reports rows and every issue class (duplicate, legacy, undiscovered, pet, follower, shared asset) (5040.891042ms)
✔ canvas path: 🐈 scenery is drawn as a native emoji, not the cat picture and not a placeholder tile (38.073136ms)
✔ canvas path: 🍄 scenery is a native emoji too (45.983843ms)
✔ canvas path: all 17 character-colliding scenery emoji become native emoji (no character asset, no placeholder), U+E000 is never scenery (41.396997ms)
✔ canvas path: scenery with dedicated art (🌳 🌲 🌴 🌵 🐚) goes through the scenery wrapper, never native text and never a character (52.09879ms)
✔ canvas path: every scenery emoji of every region either has scenery art or falls back to a native emoji, never a character or a placeholder (80.192233ms)
✔ the number of residents is pinned to the dex, not to a round figure (5689.186134ms)
✔ the collider table is world-space data: shape, half sizes, angle and role, never canvas pixels (7.000759ms)
✔ a tree stops you at the trunk, not at a leaf: the collider is a small part of the drawing (0.393842ms)
✔ buildings, walls and fences are boxes with a facing, and a fence is a thin line not a slab (0.364238ms)
✔ grass, leaves, small mushrooms, ground detail and bridges have no collider at all (0.389978ms)
✔ every path corridor and every spot centre is free of colliders in all 13 regions (177.683699ms)
✔ walking for real, every spot in every region is still reachable, secret ones included (17754.744943ms)
✔ you cannot walk into a big tree, a building, a rock or a fence (26114.434088ms)
✔ a diagonal bump slides along the wall instead of stopping dead (7040.959399ms)
✔ water: the sea you may not enter is the only no-go water, and every water spot is still walkable (1.727713ms)
✔ collision cost does not grow with the size of the world: the grid keeps each lookup tiny (1.366675ms)
✔ residents are held by the same colliders as the player, so nobody walks through a wall (458.107449ms)
✔ the role layers hand the same shapes to a Three.js renderer (17.782121ms)
✔ the shared meguru denominators match a fresh count of WORLDS and the world map (272.182851ms)
✔ ①-1 ふつうの ばしょ: toast は 出さない。左上の 名まえが かわり、ちず と セーブには きろくされる (1868.555896ms)
✔ ①-2 おおきな めじるし(landmark)は toast では なく 左上の 名まえの 静かな 強調。きろくは のこる (2005.837486ms)
✔ ①-3 ひみつは せんようの しらせ。なまえは 見つけた あとに そえる だけ (4202.804717ms)
✔ ①-4 地区(zone)に 入っても toast は 出さない(2026-10-01 v2)。ちずの 地区は ひろがり、中の id は どこにも 出ない (1787.714922ms)
✔ ②-1 おなじ ばしょへ もどっても もう「みつけた」と 出さない (3427.810792ms)
✔ ②-2 セーブに のこした きろくを よみなおしても 2かいめ は 出ない(セーブ互換) (5228.752479ms)
✔ ②-3 めじるしは しらせない。ちずの ボタンも 2かいめ は ひからない (3256.147455ms)
✔ ③-1 1フレームに いくつ 見つけても 出すのは 1つ。つよい ものから (2363.07739ms)
✔ ③-2 じゅんばんは region → secret → landmark → みち → zone → ふつうの spot (5489.057144ms)
✔ ③-3 地域の はっけんと 二重に 出さない(はじめての 地域では 着いた ばしょの しらせを かさねない) (5224.744168ms)
✔ ④-1 住民に ちかづいた ことは はっけんに しない(「はなす」だけ) (5266.328414ms)
✔ ④-2 しらせは あるくのを とめない(ボタンも おおいも 出さない) (1993.774413ms)
✔ ④-3 しらせの あいだ、した の そうさ せつめいは よわめる(ふたつが まざらない) (3081.004958ms)
✔ ⑤-1「ちずに きろくした」と 出た ものは その とき ちずに ある (4743.769244ms)
✔ ⑤-2 こえて いる あいだ に 見つけた めじるしも ちずに のこる (5748.189881ms)
✔ ⑤-3 たんさく率の けいさんは 1つも かえて いない (5297.483799ms)
✔ ⑤-4 みちの はっけんは 出かたが かわる だけ。ひらく じょうけんは そのまま (2540.996199ms)
✔ ⑥-1 travelToRegion() と その ばの ボタンは 1つも かえて いない (1879.511261ms)
✔ ⑥-2 たんさくを とじると しらせも のこらない (1785.091729ms)
✔ ⑦-1 レベルは buildWorld() が ほんとうに おく ものから きまる (34.626609ms)
✔ ⑦-2 目じるしの ない 通過点では しらせない。でも きろくは のこる(探索率は かわらない) (2323.851154ms)
✔ ⑦-3 目じるしの ある ばしょ(L2)も toast は 出さない(2026-10-01 v2)。左上の 名まえ と きろく だけ (2285.413148ms)
✔ ⑦-4「ちずに きろくした」は はじめの うちだけ(なんども くりかえさない) (2388.891362ms)
✔ ⑦-5 はじめて あそぶ ひとには「ちずに きろくした」を そえる (2894.258469ms)
✔ ⑦-6 レベルは セーブに 何も 足さない(旧セーブでも そのまま 動く) (2755.221779ms)
✔ ⑦-7 監査の けっかと 実装が そろって いる (61.58869ms)
✔ ⑧-1 4つの みはらしに、その ばしょ だけの けしきが ある (1620.196349ms)
✔ ⑧-2 主役は 地域ごとに ちがう(どこにも おなじ てすりを 置かない) (1877.060304ms)
✔ ⑧-3 けしきは あたりはんていを 1つも ふやさない(みち・出口・住民を ふさがない) (3501.77904ms)
✔ ⑧-4 gate の 発火は 1つも かわらない(connection に さわって いない) (1462.325747ms)
✔ ⑧-5 4つとも L2。toast は 出さず(2026-10-01 v2)、左上の 名まえ と きろく だけ (1062.16933ms)
✔ ⑧-6 2かいめ は 出さない。旧セーブで もう 見つけて いれば けしきだけ 見える (1288.636703ms)
✔ ⑧-7 spot / path / zone / secret の かずは 1つも ふえて いない (27.053936ms)
✔ A1. うごく ボタンしか 出さない: なにも ない ときは その ばの ボタンが 1つも ない (1500.270969ms)
✔ A2. その ばの ボタンは 1 枠。住民が ちかいと「はなす」、のりばに 立つと「のる/もぐる」 (1133.899786ms)
✔ A3. こえて いる あいだ、右がわの ボタンは ぜんぶ ロックされる (4422.229627ms)
✔ A7. hidden を つけた ボタンは ほんとうに きえる(CSS の きまりが ある) (1.659197ms)
✔ A8. のりばでは、なにが おきるのかを ボタンの した にも 出す (455.321662ms)
✔ A4. めぐる中の「たび」が はたらく。openExclusiveMenu では はじかれて いた (645.99555ms)
✔ A5. たびが かぶさって いる あいだ せかいは とまり、とじると つづきから うごく (936.630265ms)
✔ A6. たびから 地域を えらぶと、これまで どおり travelToRegion が はしり めぐるも ついて いく (802.596222ms)
✔ B1. 見つけた 地域の まわり だけが 紙に のる。0% → 100% で だんだん ひろがる (72.012414ms)
✔ B2. 50% では、まだ 行って いない ところの かたちが はっきり のこって いる (41.025262ms)
✔ B3. 見つけて いない 特殊層(ほしぞら・しんかい・きおく)は 1 文字も もれない (47.312137ms)
✔ B4. 探索率の しきは ひとつも かわって いない(471 spot / 654 path / 118 zone / 107 ひみつ) (36.321488ms)
✔ C1. ジャングルは 南西の 外洋に うかぶ しま。本土の どの 地域とも 陸つづきに 見えない (41.837241ms)
✔ C2. かいがんせん(本土)は しまに さわらない。しまは べつの 地形として もつ (40.346909ms)
✔ C3. しまは ジャングルを 見つける まで 1 てんも 出ない(なまえも かたちも) (35.857124ms)
✔ C4. ジャングルの なかみ(spot / path / zone / ひみつ)は 1つも かわって いない (472.892996ms)
✔ C5. しまに した あとの みちの かず・つなぎ (46.469152ms)
✔ D1. 地形には ぜんぶ「あるいて いる ときの けしき」の いみが ついて いる (41.826217ms)
✔ D2. 地形の いみは 世界地図の データに 1文字も まざらない (38.629851ms)
✔ the fauna classifier flags birds, fish, mammals, reptiles and bugs but not plants, shells, paw prints or coral (158.428107ms)
✔ the jungle random props / lane / hint contain no parrot or snake (27.641331ms)
✔ no random scenery pool in any region contains living fauna (props, lane, wall, hint, zone lanes, spot props, local flavor) (29.432599ms)
✔ the built worlds place no fauna as scenery: every living creature on screen is a registry resident (2099.040347ms)
✔ the fauna cleanup does not change the resident registry or the resident placement per region (5259.615943ms)
✔ scenery is kept rich, but as space rather than scattered trinkets: pools, ground areas and framing all stay in place (1792.296158ms)
✔ the snow world no longer scatters the snowman partner: no ⛄ in props, lane, hint or spot props, density unchanged (26.94625ms)
✔ companion, rare companion and partner emoji are known to the audit, including the ☃️/⛄ alias of the snowman (55.678825ms)
✔ no random scenery pool (props / lane / wall / hint / zone lanes / local flavor) contains a companion, partner or character-asset emoji (48.139881ms)
✔ a character emoji sneaking back into a random pool or a second statue spot is reported by the audit (58.459712ms)
✔ every spot says what can be done there, and the list comes from the world, not from a hand-written table (2964.369044ms)
✔ the 13 regions do not share one set of AI numbers (2.169455ms)
✔ a resident picks an activity, walks there along the paths and does it, rather than drifting at random (2991.973964ms)
✔ residents are held by the same world-space colliders as the player and never enter the sea you may not walk in (45362.936735ms)
✔ every way a resident is placed puts them somewhere they can actually stand (33037.707719ms)
✔ the same seed replays the same life, so this suite cannot pass by luck (1965.982577ms)
✔ talking starts by two residents coming together and facing each other, never at a distance (8117.370325ms)
✔ nobody is asked to talk by three people at once: an interaction is reserved before it starts (8537.650198ms)
✔ a gathering forms as a few residents arriving at the same place, and stays small (16618.181106ms)
✔ the time of day changes what residents do, and not everybody changes at the same moment (19288.323822ms)
✔ the weather changes where residents are: rain moves them under a roof, but not all of them (15719.95691ms)
✔ a quiet district stays quiet and a busy one does not: the district crowd figure reaches the life AI (5141.167189ms)
✔ behaviour and emotion are two different things (20032.886217ms)
✔ far-away residents drop to the cheap update, and the cost does not grow with the size of the world (10905.112174ms)
✔ nobody is duplicated, the ones walking with you stay out of the resident life, and Naoto keeps the special place (24166.329889ms)
✔ the life AI leaks nothing to the map: living residents do not discover spots, districts or paths for you (29886.030367ms)
✔ you can still talk to a resident whatever they are doing, and they go back to their life afterwards (2123.788801ms)
✔ the renderer can read what a resident is doing and feeling through one stable door (727.979968ms)
✔ running a whole day through, nobody freezes, nobody is held in an interaction for ever and nobody vanishes (20044.11339ms)
✔ じかんは ハーネスの とけい だけから くる(決定性の みはり) (7682.708047ms)
✔ a region you have never walked shows no paths, no spots and no landmarks: only the shape of the map (3210.447484ms)
✔ walking into a district records it, and only the neighbours reachable by an ordinary path are hinted at (608.100453ms)
✔ a spot appears on the map only once you have stood in it, and its name comes with it (264.864736ms)
✔ an undiscovered secret leaks nothing: not its place, not its name, not the path to it, not even a marker (2493.909209ms)
✔ a secret is added to the map the moment you find it, and not before (564.583946ms)
✔ landmarks keep their three tiers, and are drawn only when the place they mark is known (3099.499774ms)
✔ an old save that only knows spots is turned into a map without losing anything (627.292136ms)
✔ the map save stays small: ids only, no coordinates, and it fits in the existing save shape (4136.326807ms)
✔ opening the map pauses the walk and closing it puts you back where you stood (893.720086ms)
✔ with the map closed there is no map work at all: it is built on open and thrown away on close (3485.216634ms)
✔ every one of the 13 regions can be drawn from mapData alone, and the progress never counts hidden secrets (3589.489482ms)
✔ the map changes nothing about the scenery: the fauna and character audits still come back clean (3277.548291ms)
✔ every region has its own wind, and every district says what moves there (4098.826591ms)
✔ worldLayers hands a 3D renderer the air, the districts and the camera, without reading any drawing code (4226.104039ms)
✔ the camera keeps the rig and only adds a few percent: bob, pull back with speed, open districts, a glance at landmarks (405.634511ms)
✔ parallax is a canvas-only layer trick: sky moves least, the foreground most, and no world coordinate changes (244.823982ms)
✔ only what actually covers you goes see-through, and never too far (36.220252ms)
✔ the environment animation never adds creatures, and it thins out instead of stopping on a slow phone (3220.286104ms)
✔ transition: 27 companions never stand inside an obstacle after arriving (all 20 walk directions: on placement, after 1.5 s idle, and after walking) (15190.618542ms)
✔ corridor: 27 companions never stand inside an obstacle after arriving (all 20 walk directions: on placement, after 1.5 s idle, and after walking) (9118.340224ms)
✔ 1. いまの ゲームで いっしょに あるける いちばん おおい 人数は 27(なかま 26 + こいびと 1)。コードから もとめる (285.518864ms)
✔ 2. かたち: 1〜2 は ななめ うしろ、3〜4 は ちいさな V、5 いじょうは 半円〜おうぎ。まえへ 出ない・横 1 列に ならない (47.240864ms)
✔ 3. せまい ところ(corridor の 帯)は ほそく する。はばは 帯から(px ではなく world)。せまくても 1 本の 線に しない (57.919519ms)
✔ 4. 決定論・並び順が かわらない・らんすうを つかわない・O(n) (564.736536ms)
✔ 5. region: 1 / 2 / 4 / 8 / 16 / 27 にんで あるいた あと、うしろに ゆるく あつまる(まえへ 出ない・横 1 列に ならない・同じ ばしょに かさならない) (2189.190709ms)
✔ 6. region に 入った とき、なかまは その ならびに いる(とおくから かけよらない・1 列に ならない)。当たり判定は ふやさない (657.770556ms)
✔ 7. corridor: 27 にんでも 帯の なか・帯が せまい 段では ほそく・引き返しでも 曲がりでも 段の さかいでも とばない (2721.299047ms)
✔ 8. start(): 27 にんで home → forest を あるいて 着いた とき、なかまは ならびの まま(1 列に ならない・ふえない)。セーブに ならびは のこらない (2835.823762ms)
✔ 1. partyLod: ちかい なかまは full、見かけの 大きさで medium / light。さかいで ぱたぱた しない・決定的 (280.57007ms)
✔ 2. 1 / 4 / 8 / 16 / 27 にん: 全員 えがく・filter を まいかい つかわない・うしろの なかまほど かるい。16 にん いじょうは 命令 1 にん 2 いか (1978.378319ms)
✔ 3. え の したく: 1 回 作って つかいまわす(つぎの frame は 作らない)。おなじ え は おなじ もの。destroy で すてる (511.524677ms)
✔ 4. したくが できない(canvas が 作れない / こける)ときは もとの えがきかた へ。こわれない・全員 えがく (932.96586ms)
✔ 5. 暗転の こさで 道の え を えがくか きめる: 0.95 いじょう は えがかない (27.483881ms)
✔ 6. 27 にんで home → forest → home: 暗転の こい frame は 道を えがかない。組むのは 1 回(二重 build なし)。なかまは 27 のまま (4823.499412ms)
✔ 7. 27 にん: 着く まえに 引き返す(組んだ ものを すてる)・とちゅうで reload・reduced motion は transition (5984.16634ms)
✔ 8. ほかの 出口・special は いまの まま(連続で あるくのは 許可リストの 5 本だけ。Phase 4E-4A) (2879.279691ms)
✔ 1. 27 にんの なかまは forest / mountain / city で あるいても とまっても 障害物に めりこまない(player と おなじ あたり) (7695.022853ms)
✔ 2. player も まえと おなじ あたりで とまる(めりこまない)。なかまが いても player の あるく みちは かわらない (2245.066378ms)
✔ 3. かたく 見える 物には あたりが ある: fore の 岩・見はり小屋・柵、切り株・丸太・大岩、道ばたの 木と 建物 (1470.927186ms)
✔ 4. 道の 面は あいて いる: 道はばの 3/4 の なかは どこでも player(半径 22)が 立てる。はし(±half)の かすりは main(12)より ふえない(13 地域) (32849.100659ms)
✔ 5. 道の そばの かたい 物: 絵の 中心部に player が 立てる 数が main の 半分 いか(道の 面の うえの 物は のぞく) (1360.763269ms)
✔ 6. corridor: なかまも player と おなじ corridorBody で はしの いしを よける。帯の そとへ 出ない・1 frame で とばない (4055.024646ms)
✔ 7. まわりこみ: 生け垣の むこうに 取り残されない(ならびの 点は player から 行ける ところ)。つまりの きろくは セーブに のこらない (408.155978ms)
✔ 8. たて看板(建物・がけ)の あたりは もとの あたりの なかで 道がわを けずる だけ(見る むきで 見えない かべに ならない) (1304.614256ms)
✔ 1. connection は 14 本。b あり 13 / gate 13 / 未実装 0 / special 2 (215.656024ms)
✔ 2. gate の 端点は ぜんぶで 26。出口を 1 つも もたない 地域は 1 つだけ (41.150606ms)
✔ 3. 未実装 connection は 0 本(ぜんぶの みちが 通れる) (31.404481ms)
✔ 4. mouths の spot は ぜんぶ じっさいに あって、ひみつでは ない (50.492347ms)
✔ 5. anchor 候補は ぜんぶ 既存の spot で たりる(新しい spot は いらない) (31.802673ms)
✔ 6. **よその 地域を つらぬいて いる みちは 1 本も ない** (42.285902ms)
✔ 7. 分水界の 点列は にしのやまちの 南はし 4 点と おなじ (33.752517ms)
✔ 8. home の 2 本は どちらも おおきなき。いまの sim は 1 spot 1 gate しか ひろえない (37.853113ms)
✔ 9. 通常 11 地域の 次数。一本道では なく、わが 1 つ ある (97.160534ms)
✔ 10. 探索率の 分母(region 11 / link 13 / tier1 17 / zone 103) (233.72534ms)
✔ 11. 地域の かずと 世界の 中みは 1 つも 動いて いない (237.902431ms)
✔ 12. 「たび」は 無変更。まだ あるいて 行けない 地域へも たびでは 行ける (109.078751ms)
✔ 1. 正本から きえた。connection 15 → 14 / 未実装 0 (180.632122ms)
✔ 2. 探索率の link 分母が 13 → 12。**かずを たもつ ための 代わりは 足して いない** (27.578372ms)
✔ 3. worldLinksFrom(): 両はしの spot を ぜんぶ 見つけても もう 出て こない (27.792038ms)
✔ 4. 世界地図に ゴーストの 線が 出ない(100% でも) (46.128337ms)
✔ 5. **ふるい セーブに きろくが のこって いても 無害**(エラー / 水増し / 線の 復活 なし) (25.103361ms)
✔ 6. 連結性: いなか ⇄ みずべ は **もり けいゆ**でも **にしまわり**でも 行ける (25.905345ms)
✔ 7. 通常世界は ひとつの まま。あるいて 9 地域 / のりもの こみで 12 地域 (24.720139ms)
✔ 8. 既存の 13 gate が ぜんぶ 健在。出口の 組み合わせも 変わって いない (1337.375114ms)
✔ 9. **spot は けして いない。**かわぞい も かわぎし も そのまま はたらく (30.633142ms)
✔ 10. region の なかみ・たび・なかま・住民は 1 つも 変わって いない (529.257572ms)
✔ 11. **よその region を 貫通する 線が 1 本も なくなった**(けした いちばんの りゆう) (24.409989ms)
✔ A1. forest|snow は 正本・地図・みちの はっけん の どこにも のこって いない (215.552664ms)
✔ A2. もり → やま → ゆきぐに が 正式な みちに なる。ゆきぐには やま だけ (85.014992ms)
✔ A3. 探索率の link ぶんぼは 正本から 13。ふるい セーブに のこって いても こわれない (42.617159ms)
✔ A4. みちを けしても region の なかみは 1 つも かわって いない (50.134137ms)
✔ B1. regionGates は priority → id の きまった じゅんで かえす(データの じゅんに よらない) (32.88909ms)
✔ B2. 1 つの spot に 出口が 2 つ あっても、両方 もてる (171.007737ms)
✔ B3. どちらへ 出るかは いち と むきで きまる。**配列の じゅんばんに よらない** (30.645058ms)
✔ B4. むきでも priority でも きまらない ときは わざと えらばない (51.669323ms)
✔ B5. 出口が 1 つの ときは これまでどおり。bearing が なくても うごく (36.95414ms)
✔ B6. じっさいに あるいて、にしなら もり・ひがしなら かわへ 出る (260.668665ms)
✔ B7. 1 かいの よこぎりで gate は 1 どだけ(演出の 二じゅう はじまり なし) (313.343026ms)
✔ B8. ride の 出口は 1 つの spot に 1 本まで(ボタンを ふやさない ための ルール) (103.369028ms)
✔ C1. これまでの 出口は そのまま。おうち → もり → いなか が あるける (596.515558ms)
✔ C2. きめられた 出口 いがいからは 外へ 出られない(おうち ぜんぶの spot) (584.687392ms)
✔ C3. 「たび」は 無変更。けした みちの さきへも たびでは 行ける (53.363859ms)
✔ C4. Fog: 見つけて いない 地域・みち・特殊移動は 1 つも もれない (44.322493ms)
✔ C5. なかまは ついてくる。住民は だぶらない (167.683938ms)
✔ 1. この PR の 2 本に あるく 出口が ある。connection は ふえて いない (255.379712ms)
✔ 2. anchor は ぜんぶ 既存の 非秘密 spot。**新しい spot は 1 つも つくって いない** (46.642273ms)
✔ 3. かわ・みずうみ の 2 つの 入口は かさならない。かわぎし は いなか用に あいて いる (455.53479ms)
✔ 4. おおきなきに 出口が 2 つ。にしなら もり・ひがしなら かわ (250.873643ms)
✔ 5. **とりちがえない**。にしへ よって かわに 出る / ひがしへ よって もりに 出る ことは ない (743.364099ms)
✔ 6. まっすぐ あるいた ときは これまでどおり もり(既存の たいけんを かえない) (53.576314ms)
✔ 7. 1 かいの よこぎりで gate は 1 どだけ(演出の 二じゅう はじまり なし) (175.91777ms)
✔ 8. おうち ⇄ かわ・みずうみ を 行って もどれる (362.533369ms)
✔ 9. やま ⇄ かわ・みずうみ を 行って もどれる (641.989967ms)
✔ 10. たにの 川すじが あるいて つながる: やま → かわ → おうち → もり (640.653461ms)
✔ 11. Phase 2.1 の しくみを そのまま つかう(あたらしい engine を つくって いない) (563.532256ms)
✔ 12. non-region terrain: どの 出口も あいだの ちけいを もつ(いきなり ワープ しない) (41.841112ms)
✔ 13. UI は ふえて いない。あるく 出口では context action を 出さない (842.386847ms)
✔ 14. 探索率の ぶんぼは 1 つも 動いて いない(gate を つけただけ) (46.78568ms)
✔ 15. きめられた 出口 いがいからは 外へ 出られない(かわ・やま ぜんぶの spot) (4637.21651ms)
✔ 16. Fog: gate を つけても 見つけて いない ものは もれない (45.626634ms)
✔ 17. 「たび」は 無変更。なかまは ついてくる。住民は だぶらない (1259.105312ms)
✔ 1. この PR の 2 本に あるく 出口が ある。connection は ふえて いない (247.878949ms)
✔ 2. forest|snow の ちょくつうろは 復活して いない。もり → やま → ゆきぐに (29.02637ms)
✔ 3. anchor は ぜんぶ 既存の 非秘密 spot。**新しい spot は 1 つも つくって いない** (33.961647ms)
✔ 4. やまの 出口は 4 つ。foot / ひがしの てんぼう / ちょうじょう / かぜのきれめ に やくわりが ぶんさん (265.241358ms)
✔ 5. **やまの なかから かわ・みずうみへ もどれる**(もりの 出口が じゃまして いない) (19578.593203ms)
✔ 6. ひがしの てんぼうからは もりへ 出る(よこに ずれた ばしょだけ) (270.90894ms)
✔ 7. もり ⇄ やま を 行って もどれる (495.257338ms)
✔ 8. やま ⇄ ゆきぐに を 行って もどれる。どちらも おくが みね (270.656593ms)
✔ 9. にしの 大山塊が あるいて つながる: もり → やま → ゆきぐに → やま → かわ (807.199072ms)
✔ 10. 1 かいの よこぎりで gate は 1 どだけ(演出の 二じゅう はじまり なし) (2391.110955ms)
✔ 11. Phase 2.1 の しくみを そのまま つかう(あたらしい engine を つくって いない) (3188.290377ms)
✔ 12. non-region terrain: どの 出口も あいだの ちけいを もつ(いきなり ワープ しない) (62.751783ms)
✔ 13. UI は ふえて いない。あるく 出口では context action を 出さない (1680.507126ms)
✔ 14. 探索率の ぶんぼは 1 つも 動いて いない(gate を つけただけ) (35.277082ms)
✔ 15. きめられた 出口 いがいからは 外へ 出られない(もり・やま・ゆきぐに ぜんぶの spot) (5903.186256ms)
✔ 16. Fog: もりを 知った だけで ゆきぐにの ばしょも そんざいも わからない (35.049531ms)
✔ 17. 「たび」は 無変更。なかまは ついてくる。住民は だぶらない (879.290502ms)
✔ 18. 4 つの anchor は entry から **みちを たどって** 行ける(じっさいに あそべる) (63.438834ms)
✔ 1. 2 本に あるく 出口が ついた。connection は ふえて いない (264.269278ms)
✔ 2. anchor は ぜんぶ 既存の 非秘密 spot。**新しい spot は 1 つも つくって いない** (40.841214ms)
✔ 3. うみ: あるく(みなと) / ふね(ぼうはてい) / もぐる(どうくつ) が 混線しない (298.391958ms)
✔ 4. **うみで あるいて ふね・もぐるへ 出て しまう ことが ない**(8 むき 実測) (103925.059435ms)
✔ 5. ride ボタンは ぼうはてい / かいしょくどうくつ でしか 出ない (1280.915119ms)
✔ 6. まち: 山ごえ(おおどおりのはし) / 河口(ふなつきば) / キャラバン(やたい) が 誤発火しない (174010.13378ms)
✔ 7. いなか: たなだのてんぼう(まち) / ちんじゅのもり(もり) / そらのりば(ほしぞら) が じゃましあわない (90509.603132ms)
✔ 8. まち ⇄ いなか を 行って もどれる (370.082055ms)
✔ 9. まち ⇄ うみ を 行って もどれる (277.162552ms)
✔ 10. **あるいて せかいが 1 つに つながる**: おうち → もり → いなか → まち → うみ (542.665095ms)
✔ 11. 1 かいの よこぎりで gate は 1 どだけ(演出の 二じゅう はじまり なし) (795.08767ms)
✔ 12. Phase 2.1 の しくみを そのまま つかう。gate 解決は 配列順に よらない (422.195047ms)
✔ 13. non-region terrain: 両がわ 6 段階。みやこがわは たにの おおかわと べつ水系 (20.396506ms)
✔ 14. 探索率の ぶんぼは 1 つも 動いて いない(gate を つけただけ) (32.037016ms)
✔ 15. きめられた 出口 いがいからは 外へ 出られない(まち・いなか・うみ ぜんぶの spot) (3987.136501ms)
✔ 16. Fog: いなかを 知った だけで まち・うみは もれない (28.840051ms)
✔ 17. anchor は entry から みちを たどって 行ける。たび・なかま・住民も そのまま (455.665946ms)
