TAP version 13
# (node:13) [MODULE_TYPELESS_PACKAGE_JSON] Warning: Module type of file:///workspace/scratch/150320e8a2fd/nonplayer-author-hair-source-fix/vendor/three-0.170.0/three.module.min.js is not specified and it doesn't parse as CommonJS.
# Reparsing as ES module because module syntax was detected. This incurs a performance overhead.
# To eliminate this warning, add "type": "module" to /workspace/scratch/150320e8a2fd/nonplayer-author-hair-source-fix/package.json.
# (Use `node --trace-warnings ...` to show where the warning was created)
# Subtest: author assembled hair exposes center part and visible descending layered brunette side sweeps
not ok 1 - author assembled hair exposes center part and visible descending layered brunette side sweeps
  ---
  duration_ms: 182.467903
  type: 'test'
  location: '/workspace/scratch/150320e8a2fd/nonplayer-author-hair-source-fix/tests/character-3d-author-hair-test.cjs:13:1'
  failureType: 'testCodeFailure'
  error: 'center-part exposes central forehead on assembled front surface'
  code: 'ERR_ASSERTION'
  name: 'AssertionError'
  expected: true
  actual: false
  operator: '=='
  stack: |-
    assertSourceHair (/workspace/scratch/150320e8a2fd/nonplayer-author-hair-source-fix/tests/character-3d-author-hair-test.cjs:9:90)
    TestContext.<anonymous> (/workspace/scratch/150320e8a2fd/nonplayer-author-hair-source-fix/tests/character-3d-author-hair-test.cjs:13:111)
    async Test.run (node:internal/test_runner/test:1389:7)
    async startSubtestAfterBootstrap (node:internal/test_runner/harness:387:3)
  ...
1..1
# tests 1
# suites 0
# pass 0
# fail 1
# cancelled 0
# skipped 0
# todo 0
# duration_ms 288.232751
