✔ strict boundaries isolate renderer effects from observed application progression and retain exact field deltas (1.909507ms)
✔ strict boundaries preserve every dirty presentation failure, including writes, getter swaps and thrown actions (0.658592ms)
✔ failing functional row is recorded with validation error and boundary delta before error propagates (0.489236ms)
✔ runtime marker routes only existing Meguru and focused dedicated jobs, preserving integration and ordinary behavior (1.498077ms)
✔ real Meguru record APIs progress outside presentation boundaries without suppressing save calls (125.59965ms)
✔ functional validation rejects dirty constituent boundaries even when aggregate flags claim unchanged (71.295415ms)
✔ real first-city map seed is observable and repeated existing seed makes no further normal write (23.339547ms)
✔ scene timeout retains warmup on phase, expected and last actual composition/resources, and restoration (19.015223ms)
✔ scene diagnostic path preserves strict hidden city cache and resource gates on completed cycles (10.44544ms)
✔ failed scene raw result is written with failing verdict before original error propagates (6.873333ms)
✔ scene-only marker requires runtime marker, skips only production45 step and keeps scene and native metrics (0.639483ms)
✔ held current view waits for deferred seven-to-eleven exact actors before freezing scene composition (5.653276ms)
✔ same count with substituted actor template cannot satisfy exact scene composition readiness (5.559675ms)
✔ natural city cache follows actual preserved show false and rejects visibility identity and growth defects (16.229517ms)
✔ scene save diagnostics expose first natural city seed per phase while strict original aggregate rejects it (3.973886ms)
✔ scene save diagnostics retain dirty draw and flag proof without hiding state or leaking adapters (8.248436ms)
✔ scene save diagnostics preserve phase and cleanup deltas when city load throws (2.145882ms)
✔ scene browser helper serialization works and temporary helpers are cleaned even on evaluate failure (4.572368ms)
ℹ tests 18
ℹ suites 0
ℹ pass 18
ℹ fail 0
ℹ cancelled 0
ℹ skipped 0
ℹ todo 0
ℹ duration_ms 348.979065
