✖ scene save diagnostics expose first natural city seed per phase while strict original aggregate rejects it (14.514605ms)
✖ scene save diagnostics retain dirty draw and flag proof without hiding state or leaking adapters (2.334777ms)
✖ scene save diagnostics preserve phase and cleanup deltas when city load throws (1.84861ms)
ℹ tests 3
ℹ suites 0
ℹ pass 0
ℹ fail 3
ℹ cancelled 0
ℹ skipped 0
ℹ todo 0
ℹ duration_ms 105.560755

✖ failing tests:

test at tests/character-3d-runtime-scene-diagnostics-test.cjs:34:1
✖ scene save diagnostics expose first natural city seed per phase while strict original aggregate rejects it (14.514605ms)
  AssertionError [ERR_ASSERTION]: per-phase save observations retained
      at TestContext.<anonymous> (/workspace/scratch/150320e8a2fd/rollout-runtime-scene-save-observability/tests/character-3d-runtime-scene-diagnostics-test.cjs:36:9)
      at async Test.run (node:internal/test_runner/test:1389:7)
      at async startSubtestAfterBootstrap (node:internal/test_runner/harness:387:3) {
    generatedMessage: false,
    code: 'ERR_ASSERTION',
    actual: false,
    expected: true,
    operator: '==',
    diff: 'simple'
  }

test at tests/character-3d-runtime-scene-diagnostics-test.cjs:39:1
✖ scene save diagnostics retain dirty draw and flag proof without hiding state or leaking adapters (2.334777ms)
  AssertionError [ERR_ASSERTION]: synchronous save proofs retained
      at TestContext.<anonymous> (/workspace/scratch/150320e8a2fd/rollout-runtime-scene-save-observability/tests/character-3d-runtime-scene-diagnostics-test.cjs:40:161)
      at async Test.run (node:internal/test_runner/test:1389:7)
      at async Test.processPendingSubtests (node:internal/test_runner/test:960:7) {
    generatedMessage: false,
    code: 'ERR_ASSERTION',
    actual: false,
    expected: true,
    operator: '==',
    diff: 'simple'
  }

test at tests/character-3d-runtime-scene-diagnostics-test.cjs:42:1
✖ scene save diagnostics preserve phase and cleanup deltas when city load throws (1.84861ms)
  AssertionError [ERR_ASSERTION]: per-phase save observations retained
      at TestContext.<anonymous> (/workspace/scratch/150320e8a2fd/rollout-runtime-scene-save-observability/tests/character-3d-runtime-scene-diagnostics-test.cjs:43:137)
      at async Test.run (node:internal/test_runner/test:1389:7)
      at async Test.processPendingSubtests (node:internal/test_runner/test:960:7) {
    generatedMessage: false,
    code: 'ERR_ASSERTION',
    actual: false,
    expected: true,
    operator: '==',
    diff: 'simple'
  }
