✔ reviewed missing selector is exact86 legal stages in15 families and excludes accepted136 plus Pilot26 (2.593866ms)
✔ selector rejects duplicates accepted stages and illegal family stages (1.745004ms)
✔ integration retains31stage aggregate gallery scene performance and dedicated while skipping accepted recaptures (1.772576ms)
✔ ordinary unscoped and every existing family-marker combination retain previous job routing (12.693ms)
✔ integration reuses family capture tool with bounded separate motion child and unchanged aggregate paths (1863.356157ms)
✔ nested motion metadata cannot pollute same-source248-stage distance aggregation (155.452641ms)
✔ motion repair reuses two-family capture and exact eight motion keys without claiming248 aggregate (210.089421ms)
✔ independent native metrics continue after observed scene failure but not failed setup (0.452292ms)
✔ strict boundaries isolate renderer effects from observed application progression and retain exact field deltas (6.482665ms)
✔ strict boundaries preserve every dirty presentation failure, including writes, getter swaps and thrown actions (4.402351ms)
✔ failing functional row is recorded with validation error and boundary delta before error propagates (0.871366ms)
✔ runtime marker routes only existing Meguru and focused dedicated jobs, preserving integration and ordinary behavior (2.870463ms)
✔ real Meguru record APIs progress outside presentation boundaries without suppressing save calls (171.045338ms)
✔ functional validation rejects dirty constituent boundaries even when aggregate flags claim unchanged (74.837059ms)
✔ real first-city map seed is observable and repeated existing seed makes no further normal write (25.986708ms)
✔ scene timeout retains warmup on phase, expected and last actual composition/resources, and restoration (30.088039ms)
✔ scene diagnostic path preserves strict hidden city cache and resource gates on completed cycles (10.771029ms)
✔ failed scene raw result is written with failing verdict before original error propagates (15.134811ms)
✔ scene-only marker requires runtime marker, skips only production45 step and keeps scene and native metrics (1.369517ms)
✔ held current view waits for deferred seven-to-eleven exact actors before freezing scene composition (7.782458ms)
✔ same count with substituted actor template cannot satisfy exact scene composition readiness (9.939043ms)
✔ natural city cache follows actual preserved show false and rejects visibility identity and growth defects (17.301612ms)
✔ scene save diagnostics expose first natural city seed per phase while strict original aggregate rejects it (3.291779ms)
✔ scene save diagnostics retain dirty draw and flag proof without hiding state or leaking adapters (5.948019ms)
✔ scene save diagnostics preserve phase and cleanup deltas when city load throws (1.888391ms)
✔ scene browser helper serialization works and temporary helpers are cleaned even on evaluate failure (4.437098ms)
ℹ tests 26
ℹ suites 0
ℹ pass 26
ℹ fail 0
ℹ cancelled 0
ℹ skipped 0
ℹ todo 0
ℹ duration_ms 2506.530181
