TAP version 13
# (node:12) [MODULE_TYPELESS_PACKAGE_JSON] Warning: Module type of file:///workspace/scratch/f41e2768c001/character-rollout/vendor/three-0.170.0/three.module.min.js is not specified and it doesn't parse as CommonJS.
# Reparsing as ES module because module syntax was detected. This incurs a performance overhead.
# To eliminate this warning, add "type": "module" to /workspace/scratch/f41e2768c001/character-rollout/package.json.
# (Use `node --trace-warnings ...` to show where the warning was created)
# Subtest: adult antlion representative has narrow ringed abdomen, four long veined wings and two long antennae
ok 1 - adult antlion representative has narrow ringed abdomen, four long veined wings and two long antennae
  ---
  duration_ms: 220.32652
  type: 'test'
  ...
# Subtest: antlion representatives retain one owned face in32 canonical motion states after reviewed runtime promotion
ok 2 - antlion representatives retain one owned face in32 canonical motion states after reviewed runtime promotion
  ---
  duration_ms: 524.576689
  type: 'test'
  ...
# Subtest: antlion forewings have visibly larger blade area than the short hindwings
ok 3 - antlion forewings have visibly larger blade area than the short hindwings
  ---
  duration_ms: 26.372472
  type: 'test'
  ...
# Subtest: antlion pit representative contains a genuinely concave soil surface and one larval face
ok 4 - antlion pit representative contains a genuinely concave soil surface and one larval face
  ---
  duration_ms: 29.850706
  type: 'test'
  ...
# Subtest: pit rim leaves both canonical larval eyes visible from the front
ok 5 - pit rim leaves both canonical larval eyes visible from the front
  ---
  duration_ms: 21.18058
  type: 'test'
  ...
# Subtest: young antlion rests folded wings over a grounded abdomen and aged wings have physical damage
ok 6 - young antlion rests folded wings over a grounded abdomen and aged wings have physical damage
  ---
  duration_ms: 78.722728
  type: 'test'
  ...
# Subtest: antlion early stages distinguish exposed crawling larva from tiny larva in a deep pit
ok 7 - antlion early stages distinguish exposed crawling larva from tiny larva in a deep pit
  ---
  duration_ms: 29.924457
  type: 'test'
  ...
# Subtest: closed granular cocoon owns a shell face while opened cocoon reveals one folded pupa face
ok 8 - closed granular cocoon owns a shell face while opened cocoon reveals one folded pupa face
  ---
  duration_ms: 52.064779
  type: 'test'
  ...
# (node:13) [MODULE_TYPELESS_PACKAGE_JSON] Warning: Module type of file:///workspace/scratch/f41e2768c001/character-rollout/vendor/three-0.170.0/three.module.min.js is not specified and it doesn't parse as CommonJS.
# Reparsing as ES module because module syntax was detected. This incurs a performance overhead.
# To eliminate this warning, add "type": "module" to /workspace/scratch/f41e2768c001/character-rollout/package.json.
# (Use `node --trace-warnings ...` to show where the warning was created)
# Subtest: coral representatives have rounded connected branches in one bounded mesh
ok 9 - coral representatives have rounded connected branches in one bounded mesh
  ---
  duration_ms: 179.393107
  type: 'test'
  ...
# Subtest: aquatic representative faces follow canonical emotions and reduced motion without actor state
ok 10 - aquatic representative faces follow canonical emotions and reduced motion without actor state
  ---
  duration_ms: 519.123997
  type: 'test'
  ...
# Subtest: aquatic candidate overlay is isolated and requires an exact family
ok 11 - aquatic candidate overlay is isolated and requires an exact family
  ---
  duration_ms: 54.839919
  type: 'test'
  ...
# Subtest: coral eight original stages preserve single versus colony face counts and shared actor motion
ok 12 - coral eight original stages preserve single versus colony face counts and shared actor motion
  ---
  duration_ms: 253.523906
  type: 'test'
  ...
# Subtest: anemone lobes extend around the face disk in depth as well as silhouette
ok 13 - anemone lobes extend around the face disk in depth as well as silhouette
  ---
  duration_ms: 9.231471
  type: 'test'
  ...
# Subtest: elevated coral colony members remain physically rooted to the shared substrate
ok 14 - elevated coral colony members remain physically rooted to the shared substrate
  ---
  duration_ms: 72.048068
  type: 'test'
  ...
# (node:15) [MODULE_TYPELESS_PACKAGE_JSON] Warning: Module type of file:///workspace/scratch/f41e2768c001/character-rollout/vendor/three-0.170.0/three.module.min.js is not specified and it doesn't parse as CommonJS.
# Reparsing as ES module because module syntax was detected. This incurs a performance overhead.
# To eliminate this warning, add "type": "module" to /workspace/scratch/f41e2768c001/character-rollout/package.json.
# (Use `node --trace-warnings ...` to show where the warning was created)
# Subtest: armored grubs preserve curved segmented cream body, dark head and exactly three thoracic foot pairs
ok 15 - armored grubs preserve curved segmented cream body, dark head and exactly three thoracic foot pairs
  ---
  duration_ms: 200.623612
  type: 'test'
  ...
# Subtest: amber pupae have a ringed upright abdomen, folded limb cases and species-specific developing head organs
ok 16 - amber pupae have a ringed upright abdomen, folded limb cases and species-specific developing head organs
  ---
  duration_ms: 106.587899
  type: 'test'
  ...
# Subtest: grub and pupa representatives retain canonical faces and finite whole-actor motion
ok 17 - grub and pupa representatives retain canonical faces and finite whole-actor motion
  ---
  duration_ms: 196.290609
  type: 'test'
  ...
# Subtest: grub tail is sealed and pupal abdomen rings visibly project outside the body
ok 18 - grub tail is sealed and pupal abdomen rings visibly project outside the body
  ---
  duration_ms: 59.601862
  type: 'test'
  ...
# Subtest: curved grub sections retain their relative attachment through a complete walking cycle
ok 19 - curved grub sections retain their relative attachment through a complete walking cycle
  ---
  duration_ms: 40.664291
  type: 'test'
  ...
# Subtest: early grubs use inspected small curled and long crawling silhouettes instead of scaled mature curves
ok 20 - early grubs use inspected small curled and long crawling silhouettes instead of scaled mature curves
  ---
  duration_ms: 44.148374
  type: 'test'
  ...
# (node:20) [MODULE_TYPELESS_PACKAGE_JSON] Warning: Module type of file:///workspace/scratch/f41e2768c001/character-rollout/vendor/three-0.170.0/three.module.min.js is not specified and it doesn't parse as CommonJS.
# Reparsing as ES module because module syntax was detected. This incurs a performance overhead.
# To eliminate this warning, add "type": "module" to /workspace/scratch/f41e2768c001/character-rollout/package.json.
# (Use `node --trace-warnings ...` to show where the warning was created)
# Subtest: stag mandibles remain below the projected mouth instead of crossing the canonical face
ok 21 - stag mandibles remain below the projected mouth instead of crossing the canonical face
  ---
  duration_ms: 219.713843
  type: 'test'
  ...
# Subtest: beetle and stag originals keep six rooted articulated legs and distinct horn versus paired jaws
ok 22 - beetle and stag originals keep six rooted articulated legs and distinct horn versus paired jaws
  ---
  duration_ms: 417.133426
  type: 'test'
  ...
# Subtest: armored candidate overlay resolves only an explicit candidate family
ok 23 - armored candidate overlay resolves only an explicit candidate family
  ---
  duration_ms: 80.559959
  type: 'test'
  ...
# (node:26) [MODULE_TYPELESS_PACKAGE_JSON] Warning: Module type of file:///workspace/scratch/f41e2768c001/character-rollout/vendor/three-0.170.0/three.module.min.js is not specified and it doesn't parse as CommonJS.
# Reparsing as ES module because module syntax was detected. This incurs a performance overhead.
# To eliminate this warning, add "type": "module" to /workspace/scratch/f41e2768c001/character-rollout/package.json.
# (Use `node --trace-warnings ...` to show where the warning was created)
# Subtest: flowering sakura has rooted branch volume, attached five-petal blossom clusters and one trunk face
ok 24 - flowering sakura has rooted branch volume, attached five-petal blossom clusters and one trunk face
  ---
  duration_ms: 282.360912
  type: 'test'
  ...
# Subtest: botanical candidate lookup is isolated and canonical emotions retain the single owning tree
ok 25 - botanical candidate lookup is isolated and canonical emotions retain the single owning tree
  ---
  duration_ms: 188.751454
  type: 'test'
  ...
# Subtest: flower canopy has outward-oriented side blossoms rather than one parallel plane
ok 26 - flower canopy has outward-oriented side blossoms rather than one parallel plane
  ---
  duration_ms: 114.350413
  type: 'test'
  ...
# Subtest: leafy tree and suspended three-cherry cluster retain distinct topology and face ownership
ok 27 - leafy tree and suspended three-cherry cluster retain distinct topology and face ownership
  ---
  duration_ms: 124.548895
  type: 'test'
  ...
# Subtest: leaf and cherry representatives retain all owned canonical faces through normal and reduced motion
ok 28 - leaf and cherry representatives retain all owned canonical faces through normal and reduced motion
  ---
  duration_ms: 85.944353
  type: 'test'
  ...
# Subtest: leafy crown exposes leaf surfaces from the side and keeps each depth leaf attached
ok 29 - leafy crown exposes leaf surfaces from the side and keeps each depth leaf attached
  ---
  duration_ms: 65.763586
  type: 'test'
  ...
# Subtest: sakura seed, sprout, five buds, two flowers and bare tree retain explicit original topology
ok 30 - sakura seed, sprout, five buds, two flowers and bare tree retain explicit original topology
  ---
  duration_ms: 182.314613
  type: 'test'
  ...
# Subtest: all sakura candidates preserve original face ownership across32 canonical states after reviewed runtime promotion
ok 31 - all sakura candidates preserve original face ownership across32 canonical states after reviewed runtime promotion
  ---
  duration_ms: 166.613992
  type: 'test'
  ...
# Subtest: pointed seed keeps a smooth broad equator instead of a diamond corner
ok 32 - pointed seed keeps a smooth broad equator instead of a diamond corner
  ---
  duration_ms: 8.453944
  type: 'test'
  ...
# Subtest: flower center volume leaves both canonical eye regions visible from the front
ok 33 - flower center volume leaves both canonical eye regions visible from the front
  ---
  duration_ms: 21.063498
  type: 'test'
  ...
# Subtest: bare sakura has rounded terminal buds and preserves original open upper-left bud eyes
ok 34 - bare sakura has rounded terminal buds and preserves original open upper-left bud eyes
  ---
  duration_ms: 60.2421
  type: 'test'
  ...
# Subtest: venus flytrap representatives retain a broad rosette and five cupped red traps with physical rim teeth
ok 35 - venus flytrap representatives retain a broad rosette and five cupped red traps with physical rim teeth
  ---
  duration_ms: 122.954778
  type: 'test'
  ...
# Subtest: venus representatives keep all original faces and one actor clock through32 emotion/motion states
ok 36 - venus representatives keep all original faces and one actor clock through32 emotion/motion states
  ---
  duration_ms: 124.15125
  type: 'test'
  ...
# Subtest: Venus representative crowns expose broad side leaves and independently oriented trap volumes
ok 37 - Venus representative crowns expose broad side leaves and independently oriented trap volumes
  ---
  duration_ms: 178.338601
  type: 'test'
  ...
# Subtest: Venus rosette radial leaves leave eyes and mouth visible from front and both three-quarter directions
ok 38 - Venus rosette radial leaves leave eyes and mouth visible from front and both three-quarter directions
  ---
  duration_ms: 19.820577
  type: 'test'
  ...
# Subtest: human QA overlay exposes exact candidates only in served QA source, leaving runtime registry immutable
ok 39 - human QA overlay exposes exact candidates only in served QA source, leaving runtime registry immutable
  ---
  duration_ms: 128.870276
  type: 'test'
  ...
# Subtest: topology QA selection is isolated, explicit and rejects unknown lines or mixed modes
ok 40 - topology QA selection is isolated, explicit and rejects unknown lines or mixed modes
  ---
  duration_ms: 86.415781
  type: 'test'
  ...
# (node:33) [MODULE_TYPELESS_PACKAGE_JSON] Warning: Module type of file:///workspace/scratch/f41e2768c001/character-rollout/vendor/three-0.170.0/three.module.min.js is not specified and it doesn't parse as CommonJS.
# Reparsing as ES module because module syntax was detected. This incurs a performance overhead.
# To eliminate this warning, add "type": "module" to /workspace/scratch/f41e2768c001/character-rollout/package.json.
# (Use `node --trace-warnings ...` to show where the warning was created)
# Subtest: god representatives preserve open halos, white feather tiers and distinct short/flowing robes
ok 41 - god representatives preserve open halos, white feather tiers and distinct short/flowing robes
  ---
  duration_ms: 400.352134
  type: 'test'
  ...
# Subtest: celestial wings and robe retain one owner and canonical face through32 state combinations
ok 42 - celestial wings and robe retain one owner and canonical face through32 state combinations
  ---
  duration_ms: 205.110522
  type: 'test'
  ...
# Subtest: young angel short robe leaves both lower legs visible at front and three-quarter views
ok 43 - young angel short robe leaves both lower legs visible at front and three-quarter views
  ---
  duration_ms: 57.036484
  type: 'test'
  ...
# (node:68) [MODULE_TYPELESS_PACKAGE_JSON] Warning: Module type of file:///workspace/scratch/f41e2768c001/character-rollout/vendor/three-0.170.0/three.module.min.js is not specified and it doesn't parse as CommonJS.
# Reparsing as ES module because module syntax was detected. This incurs a performance overhead.
# To eliminate this warning, add "type": "module" to /workspace/scratch/f41e2768c001/character-rollout/package.json.
# (Use `node --trace-warnings ...` to show where the warning was created)
# Subtest: star representatives distinguish a deep tilted spiral galaxy from an irregular blazing sun
ok 44 - star representatives distinguish a deep tilted spiral galaxy from an irregular blazing sun
  ---
  duration_ms: 320.832185
  type: 'test'
  ...
# Subtest: cosmic representative retains a single canonical face and owner through32 states
ok 45 - cosmic representative retains a single canonical face and owner through32 states
  ---
  duration_ms: 171.094198
  type: 'test'
  ...
# (node:76) [MODULE_TYPELESS_PACKAGE_JSON] Warning: Module type of file:///workspace/scratch/f41e2768c001/character-rollout/vendor/three-0.170.0/three.module.min.js is not specified and it doesn't parse as CommonJS.
# Reparsing as ES module because module syntax was detected. This incurs a performance overhead.
# To eliminate this warning, add "type": "module" to /workspace/scratch/f41e2768c001/character-rollout/package.json.
# (Use `node --trace-warnings ...` to show where the warning was created)
# Subtest: original frog03/05/07 change anatomy from hind-only tail to folded adult limbs and eye lobes
ok 46 - original frog03/05/07 change anatomy from hind-only tail to folded adult limbs and eye lobes
  ---
  duration_ms: 181.496946
  type: 'test'
  ...
# Subtest: crouched representatives carry one projected face and shared canonical motion
ok 47 - crouched representatives carry one projected face and shared canonical motion
  ---
  duration_ms: 147.611209
  type: 'test'
  ...
# Subtest: folded feet keep three splayed digits and tadpole tail includes a broad thin membrane
ok 48 - folded feet keep three splayed digits and tadpole tail includes a broad thin membrane
  ---
  duration_ms: 36.409812
  type: 'test'
  ...
# Subtest: adult folded hindlimbs have rounded haunch volume over the upper bend
ok 49 - adult folded hindlimbs have rounded haunch volume over the upper bend
  ---
  duration_ms: 43.480423
  type: 'test'
  ...
# Subtest: all eight frog candidates retain the actual limb/tail transition and adult resting proportions
ok 50 - all eight frog candidates retain the actual limb/tail transition and adult resting proportions
  ---
  duration_ms: 184.784582
  type: 'test'
  ...
# Subtest: older crouched form has source mottle markings without changing shape or draw count
ok 51 - older crouched form has source mottle markings without changing shape or draw count
  ---
  duration_ms: 22.197674
  type: 'test'
  ...
# (node:84) [MODULE_TYPELESS_PACKAGE_JSON] Warning: Module type of file:///workspace/scratch/f41e2768c001/character-rollout/vendor/three-0.170.0/three.module.min.js is not specified and it doesn't parse as CommonJS.
# Reparsing as ES module because module syntax was detected. This incurs a performance overhead.
# To eliminate this warning, add "type": "module" to /workspace/scratch/f41e2768c001/character-rollout/package.json.
# (Use `node --trace-warnings ...` to show where the warning was created)
# Subtest: hermit representatives have real hollow spiral shells, six walking legs, two open claws and one stalk-eyed face
ok 52 - hermit representatives have real hollow spiral shells, six walking legs, two open claws and one stalk-eyed face
  ---
  duration_ms: 1167.684908
  type: 'test'
  ...
# Subtest: hermit stalk eyes retain canonical emotion and blink ownership through32 states with attached shell and claws
ok 53 - hermit stalk eyes retain canonical emotion and blink ownership through32 states with attached shell and claws
  ---
  duration_ms: 593.840202
  type: 'test'
  ...
# Subtest: shell whorls fill the narrow conical core instead of separating into a curled tube
ok 54 - shell whorls fill the narrow conical core instead of separating into a curled tube
  ---
  duration_ms: 145.601552
  type: 'test'
  ...
# Subtest: hermit eight-stage shell proportions and aged moss remain explicit source features
ok 55 - hermit eight-stage shell proportions and aged moss remain explicit source features
  ---
  duration_ms: 16.932666
  type: 'test'
  ...
# (node:90) [MODULE_TYPELESS_PACKAGE_JSON] Warning: Module type of file:///workspace/scratch/f41e2768c001/character-rollout/vendor/three-0.170.0/three.module.min.js is not specified and it doesn't parse as CommonJS.
# Reparsing as ES module because module syntax was detected. This incurs a performance overhead.
# To eliminate this warning, add "type": "module" to /workspace/scratch/f41e2768c001/character-rollout/package.json.
# (Use `node --trace-warnings ...` to show where the warning was created)
# Subtest: emergence keeps one butterfly face, articulated narrow wings, and an opened empty shell under a twig
ok 56 - emergence keeps one butterfly face, articulated narrow wings, and an opened empty shell under a twig
  ---
  duration_ms: 162.836881
  type: 'test'
  ...
# Subtest: partly unfolded forewings retain less upward span than adult wings
ok 57 - partly unfolded forewings retain less upward span than adult wings
  ---
  duration_ms: 30.687177
  type: 'test'
  ...
# Subtest: original emergence candidate has one canonical face and active wings through reduced motion
ok 58 - original emergence candidate has one canonical face and active wings through reduced motion
  ---
  duration_ms: 61.172498
  type: 'test'
  ...
# Subtest: larval forebody lift and foot rhythm vary without changing inherited Pilot posture
ok 59 - larval forebody lift and foot rhythm vary without changing inherited Pilot posture
  ---
  duration_ms: 35.125588
  type: 'test'
  ...
# Subtest: all eight butterfly candidates preserve Pilot topology and distinguish larval growth and unfolded wings
ok 60 - all eight butterfly candidates preserve Pilot topology and distinguish larval growth and unfolded wings
  ---
  duration_ms: 130.927034
  type: 'test'
  ...
# (node:100) [MODULE_TYPELESS_PACKAGE_JSON] Warning: Module type of file:///workspace/scratch/f41e2768c001/character-rollout/vendor/three-0.170.0/three.module.min.js is not specified and it doesn't parse as CommonJS.
# Reparsing as ES module because module syntax was detected. This incurs a performance overhead.
# To eliminate this warning, add "type": "module" to /workspace/scratch/f41e2768c001/character-rollout/package.json.
# (Use `node --trace-warnings ...` to show where the warning was created)
# Subtest: fish wave identity mechanisms produce yolk volume, lateral parr marks, fork and hooked jaw
ok 61 - fish wave identity mechanisms produce yolk volume, lateral parr marks, fork and hooked jaw
  ---
  duration_ms: 207.796147
  type: 'test'
  ...
# Subtest: schooling attachment carries three distinct faces without gameplay actors
ok 62 - schooling attachment carries three distinct faces without gameplay actors
  ---
  duration_ms: 78.013089
  type: 'test'
  ...
# Subtest: fish wave all original stages build finite templates and outward pectoral silhouettes
ok 63 - fish wave all original stages build finite templates and outward pectoral silhouettes
  ---
  duration_ms: 107.309141
  type: 'test'
  ...
# Subtest: reviewed fish stages resolve exact runtime templates, remain visible and reuse cache
ok 64 - reviewed fish stages resolve exact runtime templates, remain visible and reuse cache
  ---
  duration_ms: 448.434866
  type: 'test'
  ...
# Subtest: school subrig tails and fins articulate from the same actor swim state, including reduced motion
ok 65 - school subrig tails and fins articulate from the same actor swim state, including reduced motion
  ---
  duration_ms: 22.936502
  type: 'test'
  ...
# (node:108) [MODULE_TYPELESS_PACKAGE_JSON] Warning: Module type of file:///workspace/scratch/f41e2768c001/character-rollout/vendor/three-0.170.0/three.module.min.js is not specified and it doesn't parse as CommonJS.
# Reparsing as ES module because module syntax was detected. This incurs a performance overhead.
# To eliminate this warning, add "type": "module" to /workspace/scratch/f41e2768c001/character-rollout/package.json.
# (Use `node --trace-warnings ...` to show where the warning was created)
# Subtest: mycelium has a central face and bounded tapered branching arms with real depth
ok 66 - mycelium has a central face and bounded tapered branching arms with real depth
  ---
  duration_ms: 136.025129
  type: 'test'
  ...
# Subtest: upturned cap rim rises above its centre and separate scalloped collar follows stem
ok 67 - upturned cap rim rises above its centre and separate scalloped collar follows stem
  ---
  duration_ms: 24.810018
  type: 'test'
  ...
# Subtest: optional cap patches are vertex colours and cap-face lower volume fades to cream
ok 68 - optional cap patches are vertex colours and cap-face lower volume fades to cream
  ---
  duration_ms: 15.921836
  type: 'test'
  ...
# Subtest: mycelium young cap and upturned cap candidates retain source face placement and canonical actor motion
ok 69 - mycelium young cap and upturned cap candidates retain source face placement and canonical actor motion
  ---
  duration_ms: 148.71837
  type: 'test'
  ...
# Subtest: young cap face is above the lower rim and upturned underside keeps pale gills
ok 70 - young cap face is above the lower rim and upturned underside keeps pale gills
  ---
  duration_ms: 46.518851
  type: 'test'
  ...
# Subtest: leaning fungus keeps spore faces and bounded secondary bob under its own actor
ok 71 - leaning fungus keeps spore faces and bounded secondary bob under its own actor
  ---
  duration_ms: 101.109638
  type: 'test'
  ...
# Subtest: spore-release stage keeps source lean, secondary faces and finite canonical motion as a reviewed stage
ok 72 - spore-release stage keeps source lean, secondary faces and finite canonical motion as a reviewed stage
  ---
  duration_ms: 55.164636
  type: 'test'
  ...
# Subtest: mature red cap keeps original raised crown inside upturned rim rather than an empty bowl
ok 73 - mature red cap keeps original raised crown inside upturned rim rather than an empty bowl
  ---
  duration_ms: 20.837626
  type: 'test'
  ...
# Subtest: all fungus stages preserve Pilot and separate red dome, open rim and leaning release shapes
ok 74 - all fungus stages preserve Pilot and separate red dome, open rim and leaning release shapes
  ---
  duration_ms: 35.301656
  type: 'test'
  ...
# Subtest: released spore cluster follows original rising path instead of symmetric horizontal grouping
ok 75 - released spore cluster follows original rising path instead of symmetric horizontal grouping
  ---
  duration_ms: 12.605717
  type: 'test'
  ...
# Subtest: mycelium and opened cap retain source squeezed neutral eyes without changing positive emotion
ok 76 - mycelium and opened cap retain source squeezed neutral eyes without changing positive emotion
  ---
  duration_ms: 33.371625
  type: 'test'
  ...
# (node:116) [MODULE_TYPELESS_PACKAGE_JSON] Warning: Module type of file:///workspace/scratch/f41e2768c001/character-rollout/vendor/three-0.170.0/three.module.min.js is not specified and it doesn't parse as CommonJS.
# Reparsing as ES module because module syntax was detected. This incurs a performance overhead.
# To eliminate this warning, add "type": "module" to /workspace/scratch/f41e2768c001/character-rollout/package.json.
# (Use `node --trace-warnings ...` to show where the warning was created)
# Subtest: school and sports human representatives retain hair length, flared skirt, held bag and layered hood volumes
ok 77 - school and sports human representatives retain hair length, flared skirt, held bag and layered hood volumes
  ---
  duration_ms: 162.206952
  type: 'test'
  ...
# Subtest: human candidates have short clothing volume and a case joined to the moving hand
ok 78 - human candidates have short clothing volume and a case joined to the moving hand
  ---
  duration_ms: 28.800036
  type: 'test'
  ...
# Subtest: spread-arm identity releases into existing locomotion without changing canonical emotions
ok 79 - spread-arm identity releases into existing locomotion without changing canonical emotions
  ---
  duration_ms: 165.446865
  type: 'test'
  ...
# Subtest: sports signature stride releases into locomotion and jersey number stays a shared marking
ok 80 - sports signature stride releases into locomotion and jersey number stays a shared marking
  ---
  duration_ms: 102.519552
  type: 'test'
  ...
# Subtest: original neutral wink is per-eye and releases for every canonical emotion
ok 81 - original neutral wink is per-eye and releases for every canonical emotion
  ---
  duration_ms: 35.623427
  type: 'test'
  ...
# Subtest: seated held-pet profile preserves two faces and releases chair and bent knees into walking
ok 82 - seated held-pet profile preserves two faces and releases chair and bent knees into walking
  ---
  duration_ms: 240.509219
  type: 'test'
  ...
# Subtest: all 24 original human stages build exact distinct candidates without changing Pilot references
ok 83 - all 24 original human stages build exact distinct candidates without changing Pilot references
  ---
  duration_ms: 301.492576
  type: 'test'
  ...
# Subtest: every human candidate keeps canonical faces and finite idle/walk/reduced poses
ok 84 - every human candidate keeps canonical faces and finite idle/walk/reduced poses
  ---
  duration_ms: 400.536863
  type: 'test'
  ...
# Subtest: school hair stays inside its hat and held-toy idle retains a free raised arm
ok 85 - school hair stays inside its hat and held-toy idle retains a free raised arm
  ---
  duration_ms: 67.758305
  type: 'test'
  ...
# (node:124) [MODULE_TYPELESS_PACKAGE_JSON] Warning: Module type of file:///workspace/scratch/f41e2768c001/character-rollout/vendor/three-0.170.0/three.module.min.js is not specified and it doesn't parse as CommonJS.
# Reparsing as ES module because module syntax was detected. This incurs a performance overhead.
# To eliminate this warning, add "type": "module" to /workspace/scratch/f41e2768c001/character-rollout/package.json.
# (Use `node --trace-warnings ...` to show where the warning was created)
# Subtest: jellyfish strobila has a connected segmented stalk and ephyra floats without rooted substrate
ok 86 - jellyfish strobila has a connected segmented stalk and ephyra floats without rooted substrate
  ---
  duration_ms: 219.925323
  type: 'test'
  ...
# Subtest: jellyfish representatives change rooted polyp into a volumetric bell with connected tentacles
ok 87 - jellyfish representatives change rooted polyp into a volumetric bell with connected tentacles
  ---
  duration_ms: 329.641887
  type: 'test'
  ...
# Subtest: jellyfish face stays on the visible inner volume above the bell rim
ok 88 - jellyfish face stays on the visible inner volume above the bell rim
  ---
  duration_ms: 41.036824
  type: 'test'
  ...
# (node:130) [MODULE_TYPELESS_PACKAGE_JSON] Warning: Module type of file:///workspace/scratch/f41e2768c001/character-rollout/vendor/three-0.170.0/three.module.min.js is not specified and it doesn't parse as CommonJS.
# Reparsing as ES module because module syntax was detected. This incurs a performance overhead.
# To eliminate this warning, add "type": "module" to /workspace/scratch/f41e2768c001/character-rollout/package.json.
# (Use `node --trace-warnings ...` to show where the warning was created)
# Subtest: unknown03 soft limbs and07 round orb with three gold rays have volumetric blue bodies
ok 89 - unknown03 soft limbs and07 round orb with three gold rays have volumetric blue bodies
  ---
  duration_ms: 148.546609
  type: 'test'
  ...
# Subtest: white eye profile remains separate from dark cached eyes and follows every canonical state
ok 90 - white eye profile remains separate from dark cached eyes and follows every canonical state
  ---
  duration_ms: 238.108797
  type: 'test'
  ...
# (node:140) [MODULE_TYPELESS_PACKAGE_JSON] Warning: Module type of file:///workspace/scratch/f41e2768c001/character-rollout/vendor/three-0.170.0/three.module.min.js is not specified and it doesn't parse as CommonJS.
# Reparsing as ES module because module syntax was detected. This incurs a performance overhead.
# To eliminate this warning, add "type": "module" to /workspace/scratch/f41e2768c001/character-rollout/package.json.
# (Use `node --trace-warnings ...` to show where the warning was created)
# Subtest: dragon representatives preserve horned muzzle, plated upright trunk, curled tail and attached finger-supported wings
ok 91 - dragon representatives preserve horned muzzle, plated upright trunk, curled tail and attached finger-supported wings
  ---
  duration_ms: 431.158216
  type: 'test'
  ...
# Subtest: dragon owner keeps one canonical face with tail and attached wing motion across32 states
ok 92 - dragon owner keeps one canonical face with tail and attached wing motion across32 states
  ---
  duration_ms: 106.249447
  type: 'test'
  ...
# Subtest: mythic candidate overlay requires one explicit wave and never mutates production lookup
ok 93 - mythic candidate overlay requires one explicit wave and never mutates production lookup
  ---
  duration_ms: 41.256011
  type: 'test'
  ...
# Subtest: dragon membrane has one closed non-overlapping surface pair across its concave scallops
ok 94 - dragon membrane has one closed non-overlapping surface pair across its concave scallops
  ---
  duration_ms: 139.274757
  type: 'test'
  ...
# Subtest: dragon canonical mouth projects onto the protruding muzzle rather than behind it
ok 95 - dragon canonical mouth projects onto the protruding muzzle rather than behind it
  ---
  duration_ms: 41.391051
  type: 'test'
  ...
# Subtest: nonplayer candidates preserve role namespace and never alias player, companion, partner or author identities
ok 96 - nonplayer candidates preserve role namespace and never alias player, companion, partner or author identities
  ---
  duration_ms: 32.91941
  type: 'test'
  ...
# Subtest: HTTP QA nonplayer overlay is isolated and rejects mixing candidate families
ok 97 - HTTP QA nonplayer overlay is isolated and rejects mixing candidate families
  ---
  duration_ms: 94.229366
  type: 'test'
  ...
# Subtest: QA front/back actor heading survives the real party simulation before rendering
ok 98 - QA front/back actor heading survives the real party simulation before rendering
  ---
  duration_ms: 476.798923
  type: 'test'
  ...
# Subtest: reviewed nonplayers are exact role-specific runtime entries
ok 99 - reviewed nonplayers are exact role-specific runtime entries
  ---
  duration_ms: 47.61481
  type: 'test'
  ...
# Subtest: browser ESM entry loads reviewed nonplayers but ignores unreviewed factory entries
ok 100 - browser ESM entry loads reviewed nonplayers but ignores unreviewed factory entries
  ---
  duration_ms: 44.943632
  type: 'test'
  ...
# (node:176) [MODULE_TYPELESS_PACKAGE_JSON] Warning: Module type of file:///workspace/scratch/f41e2768c001/character-rollout/vendor/three-0.170.0/three.module.min.js is not specified and it doesn't parse as CommonJS.
# Reparsing as ES module because module syntax was detected. This incurs a performance overhead.
# To eliminate this warning, add "type": "module" to /workspace/scratch/f41e2768c001/character-rollout/package.json.
# (Use `node --trace-warnings ...` to show where the warning was created)
# Subtest: box and sunflower nonplayer candidates use explicit source volumes and one role-exact face
ok 101 - box and sunflower nonplayer candidates use explicit source volumes and one role-exact face
  ---
  duration_ms: 254.494525
  type: 'test'
  ...
# Subtest: nonplayer box and sunflower retain canonical emotion and one owner across32 states
ok 102 - nonplayer box and sunflower retain canonical emotion and one owner across32 states
  ---
  duration_ms: 50.063666
  type: 'test'
  ...
# Subtest: nonplayer capture uses role-specific source assets and native party save references
ok 103 - nonplayer capture uses role-specific source assets and native party save references
  ---
  duration_ms: 172.693733
  type: 'test'
  ...
# Subtest: QA performance mix uses explicit keys, never truthy strings as puff flags
ok 104 - QA performance mix uses explicit keys, never truthy strings as puff flags
  ---
  duration_ms: 63.187378
  type: 'test'
  ...
# Subtest: human-family performance names the seated high-cost player and its real QA template composition
ok 105 - human-family performance names the seated high-cost player and its real QA template composition
  ---
  duration_ms: 0.424232
  type: 'test'
  ...
# (node:192) [MODULE_TYPELESS_PACKAGE_JSON] Warning: Module type of file:///workspace/scratch/f41e2768c001/character-rollout/vendor/three-0.170.0/three.module.min.js is not specified and it doesn't parse as CommonJS.
# Reparsing as ES module because module syntax was detected. This incurs a performance overhead.
# To eliminate this warning, add "type": "module" to /workspace/scratch/f41e2768c001/character-rollout/package.json.
# (Use `node --trace-warnings ...` to show where the warning was created)
# Subtest: closed bud has tall continuous head and overlapping green sepals
ok 106 - closed bud has tall continuous head and overlapping green sepals
  ---
  duration_ms: 85.554236
  type: 'test'
  ...
# Subtest: rooted seed head keeps soft three-dimensional ring and a connected stem
ok 107 - rooted seed head keeps soft three-dimensional ring and a connected stem
  ---
  duration_ms: 21.596764
  type: 'test'
  ...
# Subtest: original bud and rooted-puff candidates retain all canonical expressions and finite motion
ok 108 - original bud and rooted-puff candidates retain all canonical expressions and finite motion
  ---
  duration_ms: 88.746217
  type: 'test'
  ...
# Subtest: bud sepals remain exposed over the lower head surface and rooted leaves stay low
ok 109 - bud sepals remain exposed over the lower head surface and rooted leaves stay low
  ---
  duration_ms: 36.794134
  type: 'test'
  ...
# Subtest: plant signature neutral eyes use existing canonical face resolution
ok 110 - plant signature neutral eyes use existing canonical face resolution
  ---
  duration_ms: 38.693398
  type: 'test'
  ...
# Subtest: sprout has two raised oval cotyledons with connected bases and grounded bulb feet
ok 111 - sprout has two raised oval cotyledons with connected bases and grounded bulb feet
  ---
  duration_ms: 7.238695
  type: 'test'
  ...
# Subtest: all eight dandelion candidates preserve Pilot references and exact stage topology
ok 112 - all eight dandelion candidates preserve Pilot references and exact stage topology
  ---
  duration_ms: 104.763298
  type: 'test'
  ...
# (node:200) [MODULE_TYPELESS_PACKAGE_JSON] Warning: Module type of file:///workspace/scratch/f41e2768c001/character-rollout/vendor/three-0.170.0/three.module.min.js is not specified and it doesn't parse as CommonJS.
# Reparsing as ES module because module syntax was detected. This incurs a performance overhead.
# To eliminate this warning, add "type": "module" to /workspace/scratch/f41e2768c001/character-rollout/package.json.
# (Use `node --trace-warnings ...` to show where the warning was created)
# Subtest: phoenix representatives have a physical crest, layered wings, curved plume tails and two clawed feet
ok 113 - phoenix representatives have a physical crest, layered wings, curved plume tails and two clawed feet
  ---
  duration_ms: 385.134734
  type: 'test'
  ...
# Subtest: phoenix keeps one canonical face with owned wing and tail motion across32 states
ok 114 - phoenix keeps one canonical face with owned wing and tail motion across32 states
  ---
  duration_ms: 163.780254
  type: 'test'
  ...
# Subtest: aged phoenix retains the source cream breast and distinct pale feather edges
ok 115 - aged phoenix retains the source cream breast and distinct pale feather edges
  ---
  duration_ms: 41.331501
  type: 'test'
  ...
# (node:212) [MODULE_TYPELESS_PACKAGE_JSON] Warning: Module type of file:///workspace/scratch/f41e2768c001/character-rollout/vendor/three-0.170.0/three.module.min.js is not specified and it doesn't parse as CommonJS.
# Reparsing as ES module because module syntax was detected. This incurs a performance overhead.
# To eliminate this warning, add "type": "module" to /workspace/scratch/f41e2768c001/character-rollout/package.json.
# (Use `node --trace-warnings ...` to show where the warning was created)
# Subtest: all plush stages preserve bow, asymmetric arm, repairs, stuffing and scarf as owned volumes
ok 116 - all plush stages preserve bow, asymmetric arm, repairs, stuffing and scarf as owned volumes
  ---
  duration_ms: 708.822629
  type: 'test'
  ...
# Subtest: all plush stages keep one face and finite owned bones across32 canonical states
ok 117 - all plush stages keep one face and finite owned bones across32 canonical states
  ---
  duration_ms: 306.707979
  type: 'test'
  ...
# Subtest: new plush neckwear and held heart leave a drooped mouth visible
ok 118 - new plush neckwear and held heart leave a drooped mouth visible
  ---
  duration_ms: 174.707791
  type: 'test'
  ...
# (node:220) [MODULE_TYPELESS_PACKAGE_JSON] Warning: Module type of file:///workspace/scratch/f41e2768c001/character-rollout/vendor/three-0.170.0/three.module.min.js is not specified and it doesn't parse as CommonJS.
# Reparsing as ES module because module syntax was detected. This incurs a performance overhead.
# To eliminate this warning, add "type": "module" to /workspace/scratch/f41e2768c001/character-rollout/package.json.
# (Use `node --trace-warnings ...` to show where the warning was created)
# Subtest: plush representatives preserve round seated bear volumes, held heart03 and worn patched one-ear07
ok 119 - plush representatives preserve round seated bear volumes, held heart03 and worn patched one-ear07
  ---
  duration_ms: 368.787154
  type: 'test'
  ...
# Subtest: soft toy limbs, held prop and stitched patches share one actor through32 states
ok 120 - soft toy limbs, held prop and stitched patches share one actor through32 states
  ---
  duration_ms: 171.511398
  type: 'test'
  ...
# Subtest: held heart leaves the drooped mouth visible in tired and sleeping poses
ok 121 - held heart leaves the drooped mouth visible in tired and sleeping poses
  ---
  duration_ms: 58.680887
  type: 'test'
  ...
# (node:221) [MODULE_TYPELESS_PACKAGE_JSON] Warning: Module type of file:///workspace/scratch/f41e2768c001/character-rollout/vendor/three-0.170.0/three.module.min.js is not specified and it doesn't parse as CommonJS.
# Reparsing as ES module because module syntax was detected. This incurs a performance overhead.
# To eliminate this warning, add "type": "module" to /workspace/scratch/f41e2768c001/character-rollout/package.json.
# (Use `node --trace-warnings ...` to show where the warning was created)
# Subtest: QA records all real colony faces instead of the multi-face wrapper setter
ok 122 - QA records all real colony faces instead of the multi-face wrapper setter
  ---
  duration_ms: 259.403869
  type: 'test'
  ...
# (node:234) [MODULE_TYPELESS_PACKAGE_JSON] Warning: Module type of file:///workspace/scratch/f41e2768c001/character-rollout/vendor/three-0.170.0/three.module.min.js is not specified and it doesn't parse as CommonJS.
# Reparsing as ES module because module syntax was detected. This incurs a performance overhead.
# To eliminate this warning, add "type": "module" to /workspace/scratch/f41e2768c001/character-rollout/package.json.
# (Use `node --trace-warnings ...` to show where the warning was created)
# Subtest: hair cap covers crown, temples and nape without crossing the face opening
ok 123 - hair cap covers crown, temples and nape without crossing the face opening
  ---
  duration_ms: 60.944152
  type: 'test'
  ...
# Subtest: dog play bow lowers the chest at idle and blends back to locomotion; shiba preserves its compact bow
ok 124 - dog play bow lowers the chest at idle and blends back to locomotion; shiba preserves its compact bow
  ---
  duration_ms: 208.95127
  type: 'test'
  ...
# Subtest: both adult and child mushroom faces survive cloning and canonical expression changes
ok 125 - both adult and child mushroom faces survive cloning and canonical expression changes
  ---
  duration_ms: 104.206636
  type: 'test'
  ...
# Subtest: radial bubbles occupy the specified separated positions rather than the origin
ok 126 - radial bubbles occupy the specified separated positions rather than the origin
  ---
  duration_ms: 19.886365
  type: 'test'
  ...
# Subtest: all six dandelion seed-puff faces remain independently bound within the existing mesh budget
ok 127 - all six dandelion seed-puff faces remain independently bound within the existing mesh budget
  ---
  duration_ms: 120.539814
  type: 'test'
  ...
# Subtest: outline loft preserves side notches and lower lobes with a finite closed thickness
ok 128 - outline loft preserves side notches and lower lobes with a finite closed thickness
  ---
  duration_ms: 7.417455
  type: 'test'
  ...
# Subtest: butterfly abdomen points below its head and wing roots stay attached during reduced idle
ok 129 - butterfly abdomen points below its head and wing roots stay attached during reduced idle
  ---
  duration_ms: 30.032832
  type: 'test'
  ...
# Subtest: bow paw contact stays on the ground for both canine proportions
ok 130 - bow paw contact stays on the ground for both canine proportions
  ---
  duration_ms: 2.382375
  type: 'test'
  ...
# Subtest: child mushroom eyes and mouth are visible below the cap from gallery front and three-quarter
ok 131 - child mushroom eyes and mouth are visible below the cap from gallery front and three-quarter
  ---
  duration_ms: 15.789356
  type: 'test'
  ...
# Subtest: Claude QA uses the current actor input adapter while preserving immutable geometry and presenter
ok 132 - Claude QA uses the current actor input adapter while preserving immutable geometry and presenter
  ---
  duration_ms: 48.965384
  type: 'test'
  ...
# (node:236) [MODULE_TYPELESS_PACKAGE_JSON] Warning: Module type of file:///workspace/scratch/f41e2768c001/character-rollout/vendor/three-0.170.0/three.module.min.js is not specified and it doesn't parse as CommonJS.
# Reparsing as ES module because module syntax was detected. This incurs a performance overhead.
# To eliminate this warning, add "type": "module" to /workspace/scratch/f41e2768c001/character-rollout/package.json.
# (Use `node --trace-warnings ...` to show where the warning was created)
# Subtest: merged soft geometry keeps per-vertex opacity and opaque components remain opaque
ok 133 - merged soft geometry keeps per-vertex opacity and opaque components remain opaque
  ---
  duration_ms: 57.813574
  type: 'test'
  ...
# Subtest: seed halo has fading edges without adding a draw per filament or losing six faces
ok 134 - seed halo has fading edges without adding a draw per filament or losing six faces
  ---
  duration_ms: 224.226813
  type: 'test'
  ...
# Subtest: reclining feline keeps a low asymmetric rest pose and half-open normal eyes, then rises to walk
ok 135 - reclining feline keeps a low asymmetric rest pose and half-open normal eyes, then rises to walk
  ---
  duration_ms: 71.706791
  type: 'test'
  ...
# Subtest: hanging pod swings around its suspension rather than detaching from the branch
ok 136 - hanging pod swings around its suspension rather than detaching from the branch
  ---
  duration_ms: 122.388976
  type: 'test'
  ...
# Subtest: humanoid held attachments stay at hand during locomotion and posture
ok 137 - humanoid held attachments stay at hand during locomotion and posture
  ---
  duration_ms: 41.637404
  type: 'test'
  ...
# Subtest: shared halo material has a soft tuft texture with transparent outside and opaque core
ok 138 - shared halo material has a soft tuft texture with transparent outside and opaque core
  ---
  duration_ms: 0.770266
  type: 'test'
  ...
# Subtest: projected face decals render in one pass without changing canonical atlases
ok 139 - projected face decals render in one pass without changing canonical atlases
  ---
  duration_ms: 26.859328
  type: 'test'
  ...
# (node:248) [MODULE_TYPELESS_PACKAGE_JSON] Warning: Module type of file:///workspace/scratch/f41e2768c001/character-rollout/vendor/three-0.170.0/three.module.min.js is not specified and it doesn't parse as CommonJS.
# Reparsing as ES module because module syntax was detected. This incurs a performance overhead.
# To eliminate this warning, add "type": "module" to /workspace/scratch/f41e2768c001/character-rollout/package.json.
# (Use `node --trace-warnings ...` to show where the warning was created)
# Subtest: puff connector is pale translucent and fine while the existing halo and six faces remain
ok 140 - puff connector is pale translucent and fine while the existing halo and six faces remain
  ---
  duration_ms: 306.364915
  type: 'test'
  ...
# Subtest: winged insect limbs are joined to the body without extra meshes or changed wings
ok 141 - winged insect limbs are joined to the body without extra meshes or changed wings
  ---
  duration_ms: 56.897131
  type: 'test'
  ...
# Subtest: feline normal eyes have wider half lids and raised outer corners without changing emotion vocabulary
ok 142 - feline normal eyes have wider half lids and raised outer corners without changing emotion vocabulary
  ---
  duration_ms: 23.818917
  type: 'test'
  ...
# Subtest: fresh inventory derives every master row, stage and registered asset without fixed counts
ok 143 - fresh inventory derives every master row, stage and registered asset without fixed counts
  ---
  duration_ms: 46.640861
  type: 'test'
  ...
# Subtest: master additions cannot silently disappear behind the pilot registry
ok 144 - master additions cannot silently disappear behind the pilot registry
  ---
  duration_ms: 30.584947
  type: 'test'
  ...
# Subtest: missing and unclassified assets remain explicit audit failures
ok 145 - missing and unclassified assets remain explicit audit failures
  ---
  duration_ms: 0.795003
  type: 'test'
  ...
# (node:266) [MODULE_TYPELESS_PACKAGE_JSON] Warning: Module type of file:///workspace/scratch/f41e2768c001/character-rollout/vendor/three-0.170.0/three.module.min.js is not specified and it doesn't parse as CommonJS.
# Reparsing as ES module because module syntax was detected. This incurs a performance overhead.
# To eliminate this warning, add "type": "module" to /workspace/scratch/f41e2768c001/character-rollout/package.json.
# (Use `node --trace-warnings ...` to show where the warning was created)
# Subtest: FR-1 exact quadruped/avian stages build without substituting a neighbouring age
ok 146 - FR-1 exact quadruped/avian stages build without substituting a neighbouring age
  ---
  duration_ms: 404.480977
  type: 'test'
  ...
# Subtest: signature lifted paw stays readable with reduced motion and releases into walking
ok 147 - signature lifted paw stays readable with reduced motion and releases into walking
  ---
  duration_ms: 76.818141
  type: 'test'
  ...
# Subtest: every candidate preserves canonical expression and finite idle/walk under reduced motion
ok 148 - every candidate preserves canonical expression and finite idle/walk under reduced motion
  ---
  duration_ms: 2031.82237
  type: 'test'
  ...
# Subtest: asymmetric ears and bilateral raised wings keep the original signature silhouette
ok 149 - asymmetric ears and bilateral raised wings keep the original signature silhouette
  ---
  duration_ms: 25.069299
  type: 'test'
  ...
# Subtest: reviewed exact stages reach the real presenter without role aliases or nearest-age substitution
ok 150 - reviewed exact stages reach the real presenter without role aliases or nearest-age substitution
  ---
  duration_ms: 2859.431299
  type: 'test'
  ...
# Subtest: reviewed human batch has all24 exact runtime templates without nearest-age substitution
ok 151 - reviewed human batch has all24 exact runtime templates without nearest-age substitution
  ---
  duration_ms: 0.716644
  type: 'test'
  ...
# Subtest: reviewed dandelion batch has eight exact runtime stages including rooted seed head
ok 152 - reviewed dandelion batch has eight exact runtime stages including rooted seed head
  ---
  duration_ms: 0.251551
  type: 'test'
  ...
# Subtest: reviewed butterfly batch has all eight exact metamorphosis templates
ok 153 - reviewed butterfly batch has all eight exact metamorphosis templates
  ---
  duration_ms: 0.298342
  type: 'test'
  ...
# Subtest: reviewed fungus and starfish batches preserve all16 exact topology stages in runtime
ok 154 - reviewed fungus and starfish batches preserve all16 exact topology stages in runtime
  ---
  duration_ms: 0.376009
  type: 'test'
  ...
# Subtest: reviewed shell and crouched batches reach all16 exact runtime stages
ok 155 - reviewed shell and crouched batches reach all16 exact runtime stages
  ---
  duration_ms: 0.529191
  type: 'test'
  ...
# Subtest: reviewed coral batch preserves all eight exact runtime stages and owned colony faces
ok 156 - reviewed coral batch preserves all eight exact runtime stages and owned colony faces
  ---
  duration_ms: 0.23103
  type: 'test'
  ...
# Subtest: reviewed jellyfish batch preserves eight exact rooted, ephyra and bell runtime stages
ok 157 - reviewed jellyfish batch preserves eight exact rooted, ephyra and bell runtime stages
  ---
  duration_ms: 0.189356
  type: 'test'
  ...
# Subtest: reviewed beetle families preserve all exact metamorphosis stages in runtime
ok 158 - reviewed beetle families preserve all exact metamorphosis stages in runtime
  ---
  duration_ms: 13.216181
  type: 'test'
  ...
# Subtest: reviewed sakura batch preserves all eight original topologies and face ownership in runtime
ok 159 - reviewed sakura batch preserves all eight original topologies and face ownership in runtime
  ---
  duration_ms: 14.429829
  type: 'test'
  ...
# Subtest: reviewed cicada batch preserves all eight exact nymph emergence and adult stages in runtime
ok 160 - reviewed cicada batch preserves all eight exact nymph emergence and adult stages in runtime
  ---
  duration_ms: 45.201723
  type: 'test'
  ...
# Subtest: reviewed antlion batch preserves eight exact larva cocoon and winged runtime stages
ok 161 - reviewed antlion batch preserves eight exact larva cocoon and winged runtime stages
  ---
  duration_ms: 17.372161
  type: 'test'
  ...
# Subtest: reviewed hermit batch preserves all eight exact shelled actors and eyestalk faces
ok 162 - reviewed hermit batch preserves all eight exact shelled actors and eyestalk faces
  ---
  duration_ms: 18.947224
  type: 'test'
  ...
# Subtest: reviewed world tree batch resolves eight exact rooted stage identities in runtime
ok 163 - reviewed world tree batch resolves eight exact rooted stage identities in runtime
  ---
  duration_ms: 0.67393
  type: 'test'
  ...
# (node:276) [MODULE_TYPELESS_PACKAGE_JSON] Warning: Module type of file:///workspace/scratch/f41e2768c001/character-rollout/vendor/three-0.170.0/three.module.min.js is not specified and it doesn't parse as CommonJS.
# Reparsing as ES module because module syntax was detected. This incurs a performance overhead.
# To eliminate this warning, add "type": "module" to /workspace/scratch/f41e2768c001/character-rollout/package.json.
# (Use `node --trace-warnings ...` to show where the warning was created)
# Subtest: shelled quadruped uses a connected dome and splayed feet without mammalian ears or nose
ok 164 - shelled quadruped uses a connected dome and splayed feet without mammalian ears or nose
  ---
  duration_ms: 96.284527
  type: 'test'
  ...
# Subtest: all candidate turtle stages have one canonical actor and finite shared quadruped motion
ok 165 - all candidate turtle stages have one canonical actor and finite shared quadruped motion
  ---
  duration_ms: 344.464279
  type: 'test'
  ...
# Subtest: shell scute seams remain narrow continuous lines instead of interpolated dark spots
ok 166 - shell scute seams remain narrow continuous lines instead of interpolated dark spots
  ---
  duration_ms: 16.491849
  type: 'test'
  ...
# Subtest: full turtle ages use infant proportions, lifted paw, withdrawn head and attached old-shell moss
ok 167 - full turtle ages use infant proportions, lifted paw, withdrawn head and attached old-shell moss
  ---
  duration_ms: 131.330043
  type: 'test'
  ...
# Subtest: turtle infant and older neutral eyes retain visible half pupils
ok 168 - turtle infant and older neutral eyes retain visible half pupils
  ---
  duration_ms: 74.648773
  type: 'test'
  ...
# (node:284) [MODULE_TYPELESS_PACKAGE_JSON] Warning: Module type of file:///workspace/scratch/f41e2768c001/character-rollout/vendor/three-0.170.0/three.module.min.js is not specified and it doesn't parse as CommonJS.
# Reparsing as ES module because module syntax was detected. This incurs a performance overhead.
# To eliminate this warning, add "type": "module" to /workspace/scratch/f41e2768c001/character-rollout/package.json.
# (Use `node --trace-warnings ...` to show where the warning was created)
# Subtest: ghost03/07 have closed tapered tails, owned arms and an open halo plus four blue flames only at07
ok 169 - ghost03/07 have closed tapered tails, owned arms and an open halo plus four blue flames only at07
  ---
  duration_ms: 198.15401
  type: 'test'
  ...
# Subtest: spectral body and attachments preserve one canonical face across32 states
ok 170 - spectral body and attachments preserve one canonical face across32 states
  ---
  duration_ms: 141.313162
  type: 'test'
  ...
# Subtest: spirit tail tip turns upward to the left instead of ending as a straight tapered leaf
ok 171 - spirit tail tip turns upward to the left instead of ending as a straight tapered leaf
  ---
  duration_ms: 19.528925
  type: 'test'
  ...
# Subtest: Meguru family shards require exact inventory keys, never empty or partial green
ok 172 - Meguru family shards require exact inventory keys, never empty or partial green
  ---
  duration_ms: 4.747826
  type: 'test'
  ...
# (node:299) [MODULE_TYPELESS_PACKAGE_JSON] Warning: Module type of file:///workspace/scratch/f41e2768c001/character-rollout/vendor/three-0.170.0/three.module.min.js is not specified and it doesn't parse as CommonJS.
# Reparsing as ES module because module syntax was detected. This incurs a performance overhead.
# To eliminate this warning, add "type": "module" to /workspace/scratch/f41e2768c001/character-rollout/package.json.
# (Use `node --trace-warnings ...` to show where the warning was created)
# Subtest: larval contour supports elongated asymmetric lower lobe with displaced face placement
ok 173 - larval contour supports elongated asymmetric lower lobe with displaced face placement
  ---
  duration_ms: 105.393968
  type: 'test'
  ...
# Subtest: young radial composite keeps attached translucent larva and one canonical face with shared-state pulse
ok 174 - young radial composite keeps attached translucent larva and one canonical face with shared-state pulse
  ---
  duration_ms: 116.036679
  type: 'test'
  ...
# Subtest: starfish transition candidates preserve one source face and canonical finite motion
ok 175 - starfish transition candidates preserve one source face and canonical finite motion
  ---
  duration_ms: 132.138612
  type: 'test'
  ...
# Subtest: asymmetric larval core stays within its source outer silhouette
ok 176 - asymmetric larval core stays within its source outer silhouette
  ---
  duration_ms: 9.703635
  type: 'test'
  ...
# Subtest: radial stage markings keep pale tips, raised large spots and source neutral eye shape
ok 177 - radial stage markings keep pale tips, raised large spots and source neutral eye shape
  ---
  duration_ms: 42.734544
  type: 'test'
  ...
# Subtest: all eight starfish candidates are exact original-derived shapes with preserved Pilot stages
ok 178 - all eight starfish candidates are exact original-derived shapes with preserved Pilot stages
  ---
  duration_ms: 86.128917
  type: 'test'
  ...
# Subtest: original starfish06 squeezed eyes and07 wink belong only to normal presentation
ok 179 - original starfish06 squeezed eyes and07 wink belong only to normal presentation
  ---
  duration_ms: 47.709974
  type: 'test'
  ...
# (node:308) [MODULE_TYPELESS_PACKAGE_JSON] Warning: Module type of file:///workspace/scratch/f41e2768c001/character-rollout/vendor/three-0.170.0/three.module.min.js is not specified and it doesn't parse as CommonJS.
# Reparsing as ES module because module syntax was detected. This incurs a performance overhead.
# To eliminate this warning, add "type": "module" to /workspace/scratch/f41e2768c001/character-rollout/package.json.
# (Use `node --trace-warnings ...` to show where the warning was created)
# Subtest: 1. pilot species は master 由来(id・8 段の 画像が ある)。archetype 再利用の なかまも master 由来
ok 180 - 1. pilot species は master 由来(id・8 段の 画像が ある)。archetype 再利用の なかまも master 由来
  ---
  duration_ms: 3.742694
  type: 'test'
  ...
# Subtest: 2. 全 species inventory: master の 全 player line × 8 段・なかま・こいびと・作者 が ぜんぶ ある(画像も ある)
ok 181 - 2. 全 species inventory: master の 全 player line × 8 段・なかま・こいびと・作者 が ぜんぶ ある(画像も ある)
  ---
  duration_ms: 6.225101
  type: 'test'
  ...
# Subtest: 3. species → archetype の coverage: つかう archetype は 定義ずみ。pilot の archetype には builder が ある
ok 182 - 3. species → archetype の coverage: つかう archetype は 定義ずみ。pilot の archetype には builder が ある
  ---
  duration_ms: 77.845255
  type: 'test'
  ...
# Subtest: 4. pilot の 全 species / 全 stage に 正しい 3D spec(組める・顔が ある・予算の なか)
ok 183 - 4. pilot の 全 species / 全 stage に 正しい 3D spec(組める・顔が ある・予算の なか)
  ---
  duration_ms: 789.484128
  type: 'test'
  ...
# Subtest: 5. stage 01 / 04 / 08 が 解決できる。めぐるの 0 はじまり の 段も おなじ
ok 184 - 5. stage 01 / 04 / 08 が 解決できる。めぐるの 0 はじまり の 段も おなじ
  ---
  duration_ms: 1.503806
  type: 'test'
  ...
# Subtest: 6. 段の ちがいは 一様な 拡大縮小 だけでは ない(体の 比率・部品・archetype が かわる)
ok 185 - 6. 段の ちがいは 一様な 拡大縮小 だけでは ない(体の 比率・部品・archetype が かわる)
  ---
  duration_ms: 0.480667
  type: 'test'
  ...
# Subtest: 7. normal: まるい 目(または 2D の おだやかな とじ目)・にこり・しるし なし・はねない
ok 186 - 7. normal: まるい 目(または 2D の おだやかな とじ目)・にこり・しるし なし・はねない
  ---
  duration_ms: 4.898874
  type: 'test'
  ...
# Subtest: 8. positive: ^ ^ の 目・ひらいた 口・ほお・はねる・きらきら
ok 187 - 8. positive: ^ ^ の 目・ひらいた 口・ほお・はねる・きらきら
  ---
  duration_ms: 2.258177
  type: 'test'
  ...
# Subtest: 9. dislike: まゆ(内がわ が さがる)・とがった 口・そっぽ・くも
ok 188 - 9. dislike: まゆ(内がわ が さがる)・とがった 口・そっぽ・くも
  ---
  duration_ms: 12.649544
  type: 'test'
  ...
# Subtest: 10. tired: 半目・あたまが さがる・ゆっくり・ねむい しるし
ok 189 - 10. tired: 半目・あたまが さがる・ゆっくり・ねむい しるし
  ---
  duration_ms: 2.271017
  type: 'test'
  ...
# Subtest: 11. sick: > < の 目・なみの 口・青い たて線・ふるえ・つめたい しるし
ok 190 - 11. sick: > < の 目・なみの 口・青い たて線・ふるえ・つめたい しるし
  ---
  duration_ms: 1.629266
  type: 'test'
  ...
# Subtest: 12. canonical emotion と 意味が 一致(\#368 の 語彙・Home の Expression PNG の 対応)
ok 191 - 12. canonical emotion と 意味が 一致(\#368 の 語彙・Home の Expression PNG の 対応)
  ---
  duration_ms: 10.690098
  type: 'test'
  ...
# Subtest: 13. flag なし: 2D billboard の まま(character module を よまない・立て看板の 経路は そのまま)
ok 192 - 13. flag なし: 2D billboard の まま(character module を よまない・立て看板の 経路は そのまま)
  ---
  duration_ms: 0.775293
  type: 'test'
  ...
# Subtest: 14. 3D presentation の flag: ?meguru3d=1&char3d=1(URL だけ)→ createMeguru3D へ
ok 193 - 14. 3D presentation の flag: ?meguru3d=1&char3d=1(URL だけ)→ createMeguru3D へ
  ---
  duration_ms: 5.954282
  type: 'test'
  ...
# Subtest: 15. flag・QA の 状態は セーブしない(schema も そのまま)
ok 194 - 15. flag・QA の 状態は セーブしない(schema も そのまま)
  ---
  duration_ms: 134.663933
  type: 'test'
  ...
# Subtest: 16. actor の 状態は 2D / 3D で 共通(presenter は actor を かきかえない)
ok 195 - 16. actor の 状態は 2D / 3D で 共通(presenter は actor を かきかえない)
  ---
  duration_ms: 3.271602
  type: 'test'
  ...
# Subtest: 17. movement logic(めぐるの シミュレーション)は かえない: meguru.js は main と 同一
ok 196 - 17. movement logic(めぐるの シミュレーション)は かえない: meguru.js は main と 同一
  ---
  duration_ms: 1.46008
  type: 'test'
  ...
# Subtest: 18. actor 単位の 2D fallback: 1 体だけ こわれても その 1 体だけ 2D
ok 197 - 18. actor 単位の 2D fallback: 1 体だけ こわれても その 1 体だけ 2D
  ---
  duration_ms: 22.067467
  type: 'test'
  ...
# Subtest: 19. 1 体の 失敗で world renderer 全体を 2D に おとさない(present は throw しない・hybrid の fail へ つながない)
ok 198 - 19. 1 体の 失敗で world renderer 全体を 2D に おとさない(present は throw しない・hybrid の fail へ つながない)
  ---
  duration_ms: 14.745405
  type: 'test'
  ...
# Subtest: 20. geometry / material / template を 共有(おなじ species の actor を ふやしても ふえない)
ok 199 - 20. geometry / material / template を 共有(おなじ species の actor を ふやしても ふえない)
  ---
  duration_ms: 6.189187
  type: 'test'
  ...
# Subtest: 21. 表情の きりかえで texture / material を つくりなおさない
ok 200 - 21. 表情の きりかえで texture / material を つくりなおさない
  ---
  duration_ms: 33.465346
  type: 'test'
  ...
# Subtest: 22. actor が いなくなったら 3D を 片づける(住人の despawn・パーティ離脱)
ok 201 - 22. actor が いなくなったら 3D を 片づける(住人の despawn・パーティ離脱)
  ---
  duration_ms: 15.934556
  type: 'test'
  ...
# Subtest: 23. 地域の きりかえ(scene の つくりなおし)で 3D を のこさない
ok 202 - 23. 地域の きりかえ(scene の つくりなおし)で 3D を のこさない
  ---
  duration_ms: 28.495135
  type: 'test'
  ...
# Subtest: 24. 2D → 3D → 2D: 古い model / 顔 / かげ を のこさない
ok 203 - 24. 2D → 3D → 2D: 古い model / 顔 / かげ を のこさない
  ---
  duration_ms: 15.998162
  type: 'test'
  ...
# Subtest: 25. player は いつも えがく(frustum culling で きえない・表情 / 段が かわっても 1 つ)
ok 204 - 25. player は いつも えがく(frustum culling で きえない・表情 / 段が かわっても 1 つ)
  ---
  duration_ms: 15.599158
  type: 'test'
  ...
# Subtest: 26. party の actor も 3D(archetype 再利用: しば・ねこ)。model の ない なかまは 2D
ok 205 - 26. party の actor も 3D(archetype 再利用: しば・ねこ)。model の ない なかまは 2D
  ---
  duration_ms: 22.297124
  type: 'test'
  ...
# Subtest: 27. 住人の presentation 境界: 住人の 生活の きもち → canonical → 3D。\#368 の expr が あれば それを 優先
ok 206 - 27. 住人の presentation 境界: 住人の 生活の きもち → canonical → 3D。\#368 の expr が あれば それを 優先
  ---
  duration_ms: 2.062081
  type: 'test'
  ...
# Subtest: 28. reduced motion: はねる・ゆれる・reaction を とめる。あるく 足は のこす(半分)
ok 207 - 28. reduced motion: はねる・ゆれる・reaction を とめる。あるく 足は のこす(半分)
  ---
  duration_ms: 1.636177
  type: 'test'
  ...
# Subtest: 29. asset integrity: 3D は コードで 組む(外部 3D asset なし)。module は そろって いる
ok 208 - 29. asset integrity: 3D は コードで 組む(外部 3D asset なし)。module は そろって いる
  ---
  duration_ms: 2.711734
  type: 'test'
  ...
# Subtest: 30. 既存の 2D キャラ PNG・Expression PNG・表情 / 感情 runtime は 1 バイトも かわらない
ok 209 - 30. 既存の 2D キャラ PNG・Expression PNG・表情 / 感情 runtime は 1 バイトも かわらない
  ---
  duration_ms: 100.621229
  type: 'test'
  ...
# Subtest: 31. save / schema は そのまま(schemaVersion 5・3D の ための キーなし)
ok 210 - 31. save / schema は そのまま(schemaVersion 5・3D の ための キーなし)
  ---
  duration_ms: 21.39611
  type: 'test'
  ...
# Subtest: 32. 既存の World 3D は かわらない(forest だけ・hybrid の fallback は そのまま)
ok 211 - 32. 既存の World 3D は かわらない(forest だけ・hybrid の fallback は そのまま)
  ---
  duration_ms: 0.533797
  type: 'test'
  ...
# Subtest: 33. Home Expression の 回帰: pet-expression.js の 解決は そのまま(3D adapter は Home を よまない)
ok 212 - 33. Home Expression の 回帰: pet-expression.js の 解決は そのまま(3D adapter は Home を よまない)
  ---
  duration_ms: 0.691657
  type: 'test'
  ...
# Subtest: 34. Relationship Expression の 回帰: relationship-expression.js は そのまま
ok 213 - 34. Relationship Expression の 回帰: relationship-expression.js は そのまま
  ---
  duration_ms: 0.252392
  type: 'test'
  ...
# (node:315) [MODULE_TYPELESS_PACKAGE_JSON] Warning: Module type of file:///workspace/scratch/f41e2768c001/character-rollout/vendor/three-0.170.0/three.module.min.js is not specified and it doesn't parse as CommonJS.
# Reparsing as ES module because module syntax was detected. This incurs a performance overhead.
# To eliminate this warning, add "type": "module" to /workspace/scratch/f41e2768c001/character-rollout/package.json.
# (Use `node --trace-warnings ...` to show where the warning was created)
# Subtest: cicada adult has four thin physical veined wings and ringed abdomen on the shared six-leg body
ok 214 - cicada adult has four thin physical veined wings and ringed abdomen on the shared six-leg body
  ---
  duration_ms: 278.759547
  type: 'test'
  ...
# Subtest: veined wings use the owner motion clock while canonical expressions and reduced motion stay intact
ok 215 - veined wings use the owner motion clock while canonical expressions and reduced motion stay intact
  ---
  duration_ms: 333.315516
  type: 'test'
  ...
# Subtest: cicada silhouette tapers at the tail and its resting membranes slope down beside the abdomen
ok 216 - cicada silhouette tapers at the tail and its resting membranes slope down beside the abdomen
  ---
  duration_ms: 38.050406
  type: 'test'
  ...
# Subtest: cicada nymph has six legs with broad digging foreclaws and thick wing pads instead of adult membranes
ok 217 - cicada nymph has six legs with broad digging foreclaws and thick wing pads instead of adult membranes
  ---
  duration_ms: 31.69733
  type: 'test'
  ...
# Subtest: emerging cicada has one adult face above an open empty exuvia with folded legs
ok 218 - emerging cicada has one adult face above an open empty exuvia with folded legs
  ---
  duration_ms: 37.965597
  type: 'test'
  ...
# Subtest: emerging adult rises vertically with a forward-facing head and original nymph and aged eyes
ok 219 - emerging adult rises vertically with a forward-facing head and original nymph and aged eyes
  ---
  duration_ms: 47.409123
  type: 'test'
  ...
# Subtest: early cicada nymphs and soil emergence have explicit different anatomy and one face each
ok 220 - early cicada nymphs and soil emergence have explicit different anatomy and one face each
  ---
  duration_ms: 77.176779
  type: 'test'
  ...
# (node:324) [MODULE_TYPELESS_PACKAGE_JSON] Warning: Module type of file:///workspace/scratch/f41e2768c001/character-rollout/vendor/three-0.170.0/three.module.min.js is not specified and it doesn't parse as CommonJS.
# Reparsing as ES module because module syntax was detected. This incurs a performance overhead.
# To eliminate this warning, add "type": "module" to /workspace/scratch/f41e2768c001/character-rollout/package.json.
# (Use `node --trace-warnings ...` to show where the warning was created)
# Subtest: Venus remaining stages preserve original seed, young traps, insect cup and flowering crown
ok 221 - Venus remaining stages preserve original seed, young traps, insect cup and flowering crown
  ---
  duration_ms: 473.725061
  type: 'test'
  ...
# Subtest: all eight Venus candidates retain finite bones and source face ownership across32 states
ok 222 - all eight Venus candidates retain finite bones and source face ownership across32 states
  ---
  duration_ms: 347.664427
  type: 'test'
  ...
# (node:330) [MODULE_TYPELESS_PACKAGE_JSON] Warning: Module type of file:///workspace/scratch/f41e2768c001/character-rollout/vendor/three-0.170.0/three.module.min.js is not specified and it doesn't parse as CommonJS.
# Reparsing as ES module because module syntax was detected. This incurs a performance overhead.
# To eliminate this warning, add "type": "module" to /workspace/scratch/f41e2768c001/character-rollout/package.json.
# (Use `node --trace-warnings ...` to show where the warning was created)
# Subtest: sparse world tree04 keeps a readable face within the rooted trunk
ok 223 - sparse world tree04 keeps a readable face within the rooted trunk
  ---
  duration_ms: 159.062002
  type: 'test'
  ...
# Subtest: world tree representatives have a rooted trunk, volumetric crown and five physically hanging golden fruit only at07
ok 224 - world tree representatives have a rooted trunk, volumetric crown and five physically hanging golden fruit only at07
  ---
  duration_ms: 488.965004
  type: 'test'
  ...
# Subtest: world tree preserves one rooted owner and face across32 states and isolated botanical overlay
ok 225 - world tree preserves one rooted owner and face across32 states and isolated botanical overlay
  ---
  duration_ms: 220.02945
  type: 'test'
  ...
# Subtest: world tree seed, sprout, sparse crown, cyan fruit and orbit stages are explicit and finite
ok 226 - world tree seed, sprout, sparse crown, cyan fruit and orbit stages are explicit and finite
  ---
  duration_ms: 125.681616
  type: 'test'
  ...
1..226
# tests 226
# suites 0
# pass 226
# fail 0
# cancelled 0
# skipped 0
# todo 0
# duration_ms 9045.432676
