✔ every static assets/… reference in HTML, CSS and JS exists with the exact case (28.35597ms)
✔ every script and stylesheet carries a token whose hash matches the file (bump-versions formula) (17.881496ms)
✔ dynamic paths: current species, unified items, egg frames and goal-art fallbacks exist (161.803014ms)
✔ the checks catch a missing file, a case mismatch, a stale token, a missing token and a missing dynamic path (1.248184ms)
✔ the real index.html and references turn red when a token goes stale, a token is dropped or a path changes case (24.058242ms)
✔ npm run bump still rewrites only the ?v= tokens with YYYYMMDD-<assetHash>, and is idempotent (218.945386ms)
(node:22) [MODULE_TYPELESS_PACKAGE_JSON] Warning: Module type of file:///workspace/scratch/9a73a007e273/world/vendor/three-0.170.0/three.module.min.js is not specified and it doesn't parse as CommonJS.
Reparsing as ES module because module syntax was detected. This incurs a performance overhead.
To eliminate this warning, add "type": "module" to /workspace/scratch/9a73a007e273/world/package.json.
(Use `node --trace-warnings ...` to show where the warning was created)
✔ VQ-6 cottage rooflines include both gable orientations within the residential family (424.071969ms)
✔ VQ-5 garden stepping stones connect the actual front door to its finite road segment (181.15795ms)
✔ VQ-1 contact footprints follow trunks and foundations without mutating objects (40.730167ms)
✔ VQ-2 contact field excludes actors, water, bridges and tiny dressing; finite bounded support (1.623512ms)
✔ VQ-3 outer-bank variation leaves water lanes and triangle topology unchanged (1.674162ms)
✔ VQ-4 residential main roofs retain above-head clearance with canonical colliders (11539.913977ms)
ℹ tests 12
ℹ suites 0
ℹ pass 12
ℹ fail 0
ℹ cancelled 0
ℹ skipped 0
ℹ todo 0
ℹ duration_ms 12327.872746
