✖ VQ-8 farmhouse veranda posts meet a canopy contained over the existing deck (1396.86212ms)
ℹ tests 1
ℹ suites 0
ℹ pass 0
ℹ fail 1
ℹ cancelled 0
ℹ skipped 0
ℹ todo 0
ℹ duration_ms 1707.449998

✖ failing tests:

test at tests/meguru-3d-visual-quality-test.cjs:8:1
✖ VQ-8 farmhouse veranda posts meet a canopy contained over the existing deck (1396.86212ms)
  AssertionError [ERR_ASSERTION]: countryside:0: low roof beyond collider
      at TestContext.<anonymous> (/workspace/scratch/9a73a007e273/world/tests/meguru-3d-visual-quality-test.cjs:25:14)
      at Test.runInAsyncScope (node:async_hooks:227:14)
      at Test.run (node:internal/test_runner/test:1382:25)
      at Test.start (node:internal/test_runner/test:1242:17)
      at startSubtestAfterBootstrap (node:internal/test_runner/harness:387:17) {
    generatedMessage: false,
    code: 'ERR_ASSERTION',
    actual: false,
    expected: true,
    operator: '==',
    diff: 'simple'
  }
