c0f71010210d081344ea2f848e24bb9b31f6bd8c functionalRows exact SHA256 482aa5604bc404ba1059a52aaf022fae8c638704cd0798ce8a1bf47ca4a97ca7
c0f71010210d081344ea2f848e24bb9b31f6bd8c validateFunctional exact SHA256 b7b0a9da232e491f970d9a2147073c4058dcc86f46e1dd2fe5110e86e065a19b
c0f71010210d081344ea2f848e24bb9b31f6bd8c installSaveCounter exact SHA256 3cbe85d37189a2325829b479cdf04950b68cb2dd50ac1aa6c8aa1dfa1c4459f8
c0f71010210d081344ea2f848e24bb9b31f6bd8c functionalRun exact SHA256 698119324f7397e8d59544ccf826cebb47bb07c7a4ad430854b3a6f8675532ba
c0f71010210d081344ea2f848e24bb9b31f6bd8c saveDelta exact SHA256 fc0dddf24ba24cb60bb44201691de8981918edbec0bad16d19b5be38b45037d1
c0f71010210d081344ea2f848e24bb9b31f6bd8c saveSnapshot exact SHA256 0b5ffc5156b7003f0f255081fdefde315f91e6b3d6b106647aadfe09fe894810
c0f71010210d081344ea2f848e24bb9b31f6bd8c observeSaveBoundary exact SHA256 fde5fb5e3a9b55e18ae08fb40e0959014e2a22e3a3ada5a45cafb6d2325cc4af
c0f71010210d081344ea2f848e24bb9b31f6bd8c recordFunctionalResult exact SHA256 eaa9f2c09cc48e89a89663d9ea320e14f67bc8b430b9a96795789c7097085529
c0f71010210d081344ea2f848e24bb9b31f6bd8c installAppearanceProbe exact SHA256 b3d2ea17f9e5ce147ab1aa83c9deef255aee3620b80c991f7c75e66d6a03864d
c0f71010210d081344ea2f848e24bb9b31f6bd8c appearanceWindows exact SHA256 aebea3bdea98a028c1c98704820faad8b258fa990f9b8bcbf81d3d2b1f44e488
c0f71010210d081344ea2f848e24bb9b31f6bd8c isolatedAnimation exact SHA256 e62513c5011171b1ab91180b236d02bfc9830c38ef9cd5837bc01f60fbe64890
6df4db58dc505b272fe365748b3f55b9c7780ff0 functionalRows exact SHA256 482aa5604bc404ba1059a52aaf022fae8c638704cd0798ce8a1bf47ca4a97ca7
6df4db58dc505b272fe365748b3f55b9c7780ff0 validateFunctional exact SHA256 b7b0a9da232e491f970d9a2147073c4058dcc86f46e1dd2fe5110e86e065a19b
6df4db58dc505b272fe365748b3f55b9c7780ff0 installSaveCounter exact SHA256 3cbe85d37189a2325829b479cdf04950b68cb2dd50ac1aa6c8aa1dfa1c4459f8
6df4db58dc505b272fe365748b3f55b9c7780ff0 functionalRun exact SHA256 698119324f7397e8d59544ccf826cebb47bb07c7a4ad430854b3a6f8675532ba
6df4db58dc505b272fe365748b3f55b9c7780ff0 saveDelta exact SHA256 fc0dddf24ba24cb60bb44201691de8981918edbec0bad16d19b5be38b45037d1
6df4db58dc505b272fe365748b3f55b9c7780ff0 saveSnapshot exact SHA256 0b5ffc5156b7003f0f255081fdefde315f91e6b3d6b106647aadfe09fe894810
6df4db58dc505b272fe365748b3f55b9c7780ff0 observeSaveBoundary exact SHA256 fde5fb5e3a9b55e18ae08fb40e0959014e2a22e3a3ada5a45cafb6d2325cc4af
6df4db58dc505b272fe365748b3f55b9c7780ff0 recordFunctionalResult exact SHA256 eaa9f2c09cc48e89a89663d9ea320e14f67bc8b430b9a96795789c7097085529
6df4db58dc505b272fe365748b3f55b9c7780ff0 installAppearanceProbe exact SHA256 b3d2ea17f9e5ce147ab1aa83c9deef255aee3620b80c991f7c75e66d6a03864d
6df4db58dc505b272fe365748b3f55b9c7780ff0 appearanceWindows exact SHA256 aebea3bdea98a028c1c98704820faad8b258fa990f9b8bcbf81d3d2b1f44e488
6df4db58dc505b272fe365748b3f55b9c7780ff0 isolatedAnimation exact SHA256 e62513c5011171b1ab91180b236d02bfc9830c38ef9cd5837bc01f60fbe64890
Pilot exact meguru-3d.mjs SHA256 930f3ac3666f2f70088ec800efe40e5951032367119d58935b47f22cb7bd49e5
Pilot exact character-3d/runtime.mjs SHA256 f84780ea075d9d1577d83adea1eb3254c8edabaeb0f70969a1f71f864a5e8844
