(node:19) [MODULE_TYPELESS_PACKAGE_JSON] Warning: Module type of file:///workspace/scratch/150320e8a2fd/character-rollout/vendor/three-0.170.0/three.module.min.js is not specified and it doesn't parse as CommonJS.
Reparsing as ES module because module syntax was detected. This incurs a performance overhead.
To eliminate this warning, add "type": "module" to /workspace/scratch/150320e8a2fd/character-rollout/package.json.
(Use `node --trace-warnings ...` to show where the warning was created)
✔ Punyu source uses an opaque yellow melting silhouette with bent tip, low trailing lobe and scalloped base (122.046207ms)
✔ Punyu single face stays visible and finite through32 canonical states (70.023911ms)
(node:20) [MODULE_TYPELESS_PACKAGE_JSON] Warning: Module type of file:///workspace/scratch/150320e8a2fd/character-rollout/vendor/three-0.170.0/three.module.min.js is not specified and it doesn't parse as CommonJS.
Reparsing as ES module because module syntax was detected. This incurs a performance overhead.
To eliminate this warning, add "type": "module" to /workspace/scratch/150320e8a2fd/character-rollout/package.json.
(Use `node --trace-warnings ...` to show where the warning was created)
✔ Star source stages distinguish blue galaxies, warm suns and calm blue rebirth (283.787701ms)
✔ Star candidates keep one unobstructed canonical face through all32 states and remain isolated (230.349133ms)
✔ Star01 irregular seed has a curled upper plume and lower wisp instead of a regular ring (1.927534ms)
ℹ tests 5
ℹ suites 0
ℹ pass 5
ℹ fail 0
ℹ cancelled 0
ℹ skipped 0
ℹ todo 0
ℹ duration_ms 607.050986
