✔ every static assets/… reference in HTML, CSS and JS exists with the exact case (73.483699ms)
✔ every script and stylesheet carries a token whose hash matches the file (bump-versions formula) (13.454799ms)
✔ dynamic paths: current species, unified items, egg frames and goal-art fallbacks exist (195.890092ms)
✔ the checks catch a missing file, a case mismatch, a stale token, a missing token and a missing dynamic path (0.887426ms)
✔ the real index.html and references turn red when a token goes stale, a token is dropped or a path changes case (18.523634ms)
✔ npm run bump still rewrites only the ?v= tokens with YYYYMMDD-<assetHash>, and is idempotent (476.869194ms)
✔ life medicine refills only life and can be used again after life falls (281.163996ms)
✔ life medicine at full life or outside a living finite life does not consume (288.036521ms)
✔ life charm automatically prevents actual death without changing its causes (73.26907ms)
✔ a real dying tick spends one charm at the death boundary (67.017936ms)
✔ the tick reaching age one hundred enters farewell before charm consumption (55.490806ms)
✔ life charm waits through grace and is never spent for farewell or infinity (36.731341ms)
✔ life charm is automatic and has no manual use control (37.383538ms)
✔ retired consumables have no sale, use, or active-effect behavior (49.182151ms)
✔ shop orders all twelve consumables by the approved catalog (40.654848ms)
✔ registry sizes: species 31 (22 normal + 8 rare + 1 secret, 8 stages each = 248), companions 26, partners 18, legends 5 (290.23775ms)
✔ the secret species comes from master.playerSpecies.secret; the ren fallback is only for a missing master (16.302611ms)
✔ every full registry table holds exactly the master ids (plus its pinned legacy rows) (695.202673ms)
✔ every intentionally partial table is exactly its audited subset (51.586426ms)
✔ legacy rows are pinned and never leak into the current canonical sets (6.767134ms)
✔ alias destinations are canonical, and alias keys are canonical or retired (3.576283ms)
✔ species aliases: dex counts and the dex "found" display agree (raw → alias → registered) (55.459719ms)
✔ cast-bounds covers every current species stage, companion, partner, the author and egg frames (0.903009ms)
✔ images: every master species has 8 stages whose asset is <id>/01..08.png and whose label matches master (12.821029ms)
✔ GOAL_TIER_IDS is the single tier map: id ↔ ordinal both ways, and every per-tier table follows it (20.589137ms)
✔ ENDING_CELEBRATIONS still lacks the perfect tier: a known open gap, not the spec (8.173829ms)
✔ save ordinals are unchanged: endingTiersReached stays the ints 0..4 and the tier logic returns the same numbers (115.213375ms)
✔ remove-it: a species added to master but forgotten in one table is named with its table; typo, extra and retired ids too (144.155867ms)
✔ five warming taps show progressive egg art and hatch once at the existing boundary (311.832854ms)
✔ each saved egg resumes its crack stage without replaying a touch reaction (493.476694ms)
✔ reload immediately after the fifth tap keeps the same newborn and one birth record (83.816853ms)
✔ reset during the hatch effect cannot alter or decorate the replacement egg (79.528345ms)
✔ the egg itself can be warmed and newborn care remains available immediately (68.172097ms)
✔ all 30 legal dream species keep their stable identity and first-form artwork (1609.295867ms)
✔ a failed egg image uses the existing emoji fallback and can still hatch (47.753138ms)
✔ finished reactions are removed and cannot replay when returning from a minigame (74.489254ms)
✔ cancelled hatch animation is cleaned before an immediate minigame return (102.323163ms)
✔ reduced motion shows the correct egg and newborn without a pending reveal (71.81934ms)
✔ the same environment + seed + pinned clock gives the same time, weather, season and randomness on any host clock and TZ (1268.785227ms)
✔ with environment: 'auto' the result follows the host clock (the test detects the difference) (1793.061678ms)
✔ hostEnvironmentClock alone makes the time of day follow the harness clock instead of the host clock (808.671384ms)
✔ the flaky "entering meguru" scene is reproducible with the options on any host clock and TZ (3865.774456ms)
✔ one generator feeds the page Math.random (from boot) and meguru (178.373111ms)
✔ default harness(): fixed day/sunny environment (RH-6), native random, unpinned new Date(), harness Date.now() (38.057254ms)
✔ a manual time/weather mode still wins over environment, and the undersea/starry regions keep no weather (26.659974ms)
✔ the deterministic preset pins environment, host clock, seed and date; explicit options win (57.656387ms)
✔ the weather labels the harness returns match world-environment.js (0.435716ms)
✔ one-finger drags cannot pan the home, including a drag starting on a care button (278.195696ms)
✔ long text can scroll in both directions but cannot drag the home past its edges (34.03295ms)
✔ pinch zoom and panning an enlarged view remain available (34.625298ms)
✔ menus, minigames and life records keep their gestures and returning home restores the lock (50.750557ms)
✔ home touch setup leaves the home height available after the fun strip retirement (41.148335ms)
✔ a fresh save is schemaVersion 5 and survives a save/load round trip unchanged (473.22049ms)
✔ a schemaVersion 3 save keeps its displayed age (18 -> 20 ticks per year) (64.412183ms)
✔ a pre-schema save converts the old age scale, stage names, and freePlay (103.186307ms)
✔ schemaVersion 5 heals wrong shapes without touching valid values (75.342193ms)
✔ normalizeStateShape is idempotent on a fresh state (37.766917ms)
✔ the infinite-world return snapshot is normalized with the save (45.922779ms)
✔ normal equipment V2 refunds all five owned retired IDs before catalog filtering (28.008117ms)
✔ normal equipment V2 refunds flower once and unequips it (54.825679ms)
✔ normal equipment V2 refunds energy1 once and unequips it (31.55715ms)
✔ normal equipment V2 refunds hat once and unequips it (43.820963ms)
✔ normal equipment V2 refunds crown once and unequips it (29.105003ms)
✔ normal equipment V2 refunds glasses once and unequips it (85.627428ms)
✔ normal equipment V2 ignores purchase history without actual ownership (29.061319ms)
✔ normal equipment V2 marked saves remove stale retired equipment without refunding again (33.285472ms)
✔ normal equipment V2 heals malformed migration marker null (37.514592ms)
✔ normal equipment V2 heals malformed migration marker [] (41.046699ms)
✔ normal equipment V2 heals malformed migration marker "bad" (43.480227ms)
✔ normal equipment V2 heals malformed migration marker {"normalEquipmentV2":"false"} (28.543141ms)
✔ normal equipment V2 heals malformed migration marker {"normalEquipmentV2":1} (28.937535ms)
✔ normal equipment V2 heals malformed migration marker {"normalEquipmentV2":{}} (44.046817ms)
✔ normal equipment V2 heals malformed money and ownership without creating unowned refunds (80.790837ms)
✔ normal equipment V2 refunds survive save/load, repeated normalization and the next life (145.784201ms)
✔ normal equipment V2 infinite return never credits its snapshot into the live balance (80.599513ms)
✔ normal equipment V2 does not repay an old infinite snapshot when the live save is marked (30.897371ms)
✔ normal equipment V2 canonicalizes tier aliases and refunds each retired base only once (26.248939ms)
[naotocchi] minigame Error: boom
    at frame (/workspace/scratch/1f1446e31ed3/integration-repo/tests/minigame-lifecycle-test.cjs:220:60)
    at mgRunTagged (evalmachine.<anonymous>:36950:17)
    at evalmachine.<anonymous>:36995:9
    at /workspace/scratch/1f1446e31ed3/integration-repo/tests/helpers/runtime-harness.cjs:232:49
    at Object.fn (/workspace/scratch/1f1446e31ed3/integration-repo/tests/helpers/runtime-harness.cjs:207:82)
    at Object.advance (/workspace/scratch/1f1446e31ed3/integration-repo/tests/helpers/runtime-harness.cjs:321:57)
    at TestContext.<anonymous> (/workspace/scratch/1f1446e31ed3/integration-repo/tests/minigame-lifecycle-test.cjs:224:5)
    at Test.runInAsyncScope (node:async_hooks:227:14)
    at Test.run (node:internal/test_runner/test:1382:25)
    at Test.processPendingSubtests (node:internal/test_runner/test:960:18)
[naotocchi] minigame Error: start boom
    at Object.start (/workspace/scratch/1f1446e31ed3/integration-repo/tests/minigame-lifecycle-test.cjs:237:59)
    at evalmachine.<anonymous>:37326:39
    at mgRunTagged (evalmachine.<anonymous>:36950:17)
    at launch (evalmachine.<anonymous>:37326:7)
    at Object.startMinigame (evalmachine.<anonymous>:37331:10)
    at TestContext.<anonymous> (/workspace/scratch/1f1446e31ed3/integration-repo/tests/minigame-lifecycle-test.cjs:237:9)
    at Test.runInAsyncScope (node:async_hooks:227:14)
    at Test.run (node:internal/test_runner/test:1382:25)
    at Test.processPendingSubtests (node:internal/test_runner/test:960:18)
    at Test.postRun (node:internal/test_runner/test:1522:19)
✔ score 10 keeps results readable before the reaction begins (266.115093ms)
✔ score 90 keeps results readable before the reaction begins (53.462057ms)
✔ a new care conversation replaces results and cancels the delayed game reaction (55.813273ms)
✔ replaying cancels the delayed reaction and old result controls (81.753865ms)
✔ retire clears a held key before the next game (45.091837ms)
✔ complete clears a held key before the next game (52.77899ms)
✔ blur releases keyboard steering and allows a new press (114.749967ms)
✔ hidden releases keyboard steering and allows a new press (39.716587ms)
✔ a background switch stops repeating button input without ending the game (49.655664ms)
✔ a background switch releases a touch-held control without a pointerup (38.161752ms)
✔ input scope is restored when an event never bubbles to window (22.956707ms)
✔ all 100 registered games can retire without delayed rewards or repopulating the screen (576.462439ms)
▶ first-play instructions include each dynamic goal needed to finish the game
  ✔ tilt-maze-3d (20.500977ms)
  ✔ pingpong-3d (1.05172ms)
  ✔ sudoku-mini (5.764386ms)
  ✔ area-claim (1.013322ms)
  ✔ beach-volley (1.172558ms)
✔ first-play instructions include each dynamic goal needed to finish the game (56.595062ms)
✔ Sudoku instructions follow the actual 4×4 board (43.983203ms)
✔ Sudoku instructions follow the actual 6×6 board (52.066969ms)
✔ Mancala explains sowing toward the right-hand own store and follows that path (31.212748ms)
✔ a game whose frame loop throws is closed without rewards and the next game works (40.181136ms)
✔ a game that throws while starting is closed cleanly (53.699339ms)
✔ game pass five-second timer refreshes UI and respects null (42.134972ms)
✔ game pass five-second timer refreshes UI and respects sleep (62.371537ms)
✔ game pass five-second timer refreshes UI and respects dead (39.227452ms)
✔ game pass five-second timer refreshes UI and respects transform (69.878692ms)
✔ game pass reload retains only the unexpired part of its five-second deadline (82.201959ms)
✔ game pass infinite return preserves its remaining cooldown (105.697796ms)
✔ game pass infinite return preserves its remaining cooldown after reload (179.088466ms)
✔ game pass infinite return without an old-life snapshot retains its deadline (91.656883ms)
✔ game pass infinite return never shortens a later saved normal-life deadline (69.581136ms)
✔ item-all counts consumables ever acquired: a held (never used) life charm counts, no near-death needed (249.272661ms)
✔ PERFECT and unlocked achievements are never revoked when the items or dex later change (59.111228ms)
✔ a reached PERFECT celebration is saved as pending and comes back after a reload until it is closed (144.056445ms)
✔ a pending celebration without the matching clear flag is dropped (never shown by itself) (84.710759ms)
✔ a panel pushes one history entry; back closes it; closing by UI removes the entry; home back does nothing (144.437604ms)
✔ back during a minigame asks to quit instead of ending it, and stays in the layer (57.30142ms)
✔ Escape closes the top panel through the same path (60.096214ms)
✔ a critical notice (another tab) is not overwritten for 8 s; the latest ordinary notice follows it (47.530262ms)
✔ every overlay is a named modal dialog; story flash and birthday toast are live status regions (0.705295ms)
✔ the home screen behind an open panel is inert, and becomes interactive again when it closes (43.553406ms)
✔ minigame screen shakes go through the reduced-motion guard (the random sequence is unchanged) (11.643033ms)
✔ a short absence changes nothing (201.446691ms)
✔ ten minutes away lowers stats gently without changing coins (48.024295ms)
✔ stats never drop below the floor even when the drift exceeds them (52.023364ms)
✔ a long absence is capped at thirty minutes of drift and cannot endanger a low pet (50.442189ms)
✔ sleeping while away recovers energy instead of draining it (41.661922ms)
✔ coins target keeps the basket clear of bad drops at levels 1-5 (368.795675ms)
✔ quick mode chains 3-6 second games: cue, immediate play, judge, next game within the result flash (91.521302ms)
✔ every quick game can be solved from its own target hint and each kind of input is covered (104.020459ms)
✔ three misses end the run, the score feeds the normal result flow, and difficulty ramps every 4 games (58.655527ms)
✔ every game can be played on its own: a solo run repeats one game 10 times and keeps a per-game best (171.802929ms)
✔ Quick list toggle uses its dedicated control and a selected solo starts (100.539869ms)
✔ both Quick entries pay zero for incomplete runs even with Star (70.563422ms)
✔ both Quick entries ignore retired energy-band snapshots (83.618389ms)
✔ the production Quick voice control saves every selected mode for the audio router (218.680309ms)
✔ an unchosen legacy pico setting migrates to reading while chosen pico remains selected (116.392348ms)
✔ umbrella solo shows a compact cue and waits for rain before a successful swipe (81.61601ms)
✔ game pass never shortcuts quick-run, including during ordinary cooldown (94.848561ms)
✔ game pass never shortcuts quick-solo, including during ordinary cooldown (57.953606ms)
✔ real mixed 20/20 callback pays 100, keeps records and achievements, and a new perfect run pays again (293.039909ms)
✔ retiring a real Quick final card invalidates its delayed completion during the next session (111.690572ms)
✔ real old saves: the manifest lists one fixture per era, each written by that era's own code (9.761193ms)
✔ real old save pre-v3.json: loads without errors, nothing decreases, RH-2 counts, load→save→load is idempotent (246.879539ms)
✔ real old save v3.json: loads without errors, nothing decreases, RH-2 counts, load→save→load is idempotent (55.916046ms)
✔ real old save v4-pre-master.json: loads without errors, nothing decreases, RH-2 counts, load→save→load is idempotent (88.593016ms)
✔ real old save v5-pre-items-v2.json: loads without errors, nothing decreases, RH-2 counts, load→save→load is idempotent (110.747232ms)
✔ real old save sticker-points-meguru-p1.json: loads without errors, nothing decreases, RH-2 counts, load→save→load is idempotent (53.411222ms)
✔ real old save meguru-p2.json: loads without errors, nothing decreases, RH-2 counts, load→save→load is idempotent (60.923059ms)
✔ legacy species keep their pre-master names (not ???) on the profile and in past lives; the save keeps the raw line (37.886874ms)
✔ sticker page background: an unavailable value is shown as home but never written back, and does not count as a change (85.99991ms)
✔ past lives and life-log fields from a save are escaped before innerHTML (37.885232ms)
✔ snapshots: the list is not re-parsed while storage is unchanged, and another tab's write is picked up (31.760511ms)
[naotocchi] region:findRegion Error: unknown region id "false" (findRegion)
    at resolveRegionId (evalmachine.<anonymous>:29706:17)
    at findRegion (evalmachine.<anonymous>:29691:17)
    at applyRegion (evalmachine.<anonymous>:32638:20)
    at render (evalmachine.<anonymous>:32753:20)
    at evalmachine.<anonymous>:39671:3
    at evalmachine.<anonymous>:39854:3
    at Script.runInContext (node:vm:149:12)
    at Object.runInContext (node:vm:301:6)
    at createHarness (/workspace/scratch/1f1446e31ed3/integration-repo/tests/helpers/runtime-harness.cjs:310:6)
    at harness (/workspace/scratch/1f1446e31ed3/integration-repo/tests/helpers/runtime-harness.cjs:95:10)
✔ meguru records are saved once, outside the frame (microtask), with the same bridge signatures (159.776388ms)
✔ broken save (boolean as string): boots, stays sane, and saves (85.208076ms)
✔ broken save (number as string): boots, stays sane, and saves (35.50285ms)
✔ broken save (duplicate ids): boots, stays sane, and saves (27.65923ms)
✔ broken save (unknown and future ids): boots, stays sane, and saves (47.557428ms)
✔ broken save (missing keys): boots, stays sane, and saves (40.172078ms)
✔ broken save (partner as string): boots, stays sane, and saves (115.212323ms)
✔ broken save (transformOptions as string): boots, stays sane, and saves (56.326284ms)
✔ broken save (unknown stage): boots, stays sane, and saves (68.920967ms)
✔ broken save (huge numbers): boots, stays sane, and saves (45.827046ms)
✔ broken save (__proto__ keys): boots, stays sane, and saves (46.963542ms)
✔ broken save (truncated JSON): boots without replacing the unreadable primary (40.364668ms)
✔ fuzz: 200 seeded mutations of real old saves all boot and stay sane (7086.724457ms)
[naotocchi] achievement:rare-line-1 TypeError: Cannot read properties of null (reading 'split')
    at evalmachine.<anonymous>:23200:172
    at Array.some (<anonymous>)
    at Object.condition (evalmachine.<anonymous>:23200:138)
    at checkAchievements (evalmachine.<anonymous>:23364:23)
    at Object.saveState (evalmachine.<anonymous>:23806:5)
    at /workspace/scratch/1f1446e31ed3/integration-repo/tests/save-integrity-test.cjs:218:35
    at getActual (node:assert:611:5)
    at strict.doesNotThrow (node:assert:779:32)
    at TestContext.<anonymous> (/workspace/scratch/1f1446e31ed3/integration-repo/tests/save-integrity-test.cjs:218:10)
    at Test.runInAsyncScope (node:async_hooks:227:14)
[naotocchi] achievement:every-normal-line TypeError: Cannot read properties of null (reading 'startsWith')
    at evalmachine.<anonymous>:23238:187
    at Array.some (<anonymous>)
    at evalmachine.<anonymous>:23238:173
    at Array.every (<anonymous>)
    at Object.condition (evalmachine.<anonymous>:23238:138)
    at checkAchievements (evalmachine.<anonymous>:23364:23)
    at Object.saveState (evalmachine.<anonymous>:23806:5)
    at /workspace/scratch/1f1446e31ed3/integration-repo/tests/save-integrity-test.cjs:218:35
    at getActual (node:assert:611:5)
    at strict.doesNotThrow (node:assert:779:32)
[naotocchi] achievement:rare-line-all TypeError: Cannot read properties of null (reading 'startsWith')
    at evalmachine.<anonymous>:23248:182
    at Array.some (<anonymous>)
    at evalmachine.<anonymous>:23248:168
    at Array.every (<anonymous>)
    at Object.condition (evalmachine.<anonymous>:23248:133)
    at checkAchievements (evalmachine.<anonymous>:23364:23)
    at Object.saveState (evalmachine.<anonymous>:23806:5)
    at /workspace/scratch/1f1446e31ed3/integration-repo/tests/save-integrity-test.cjs:218:35
    at getActual (node:assert:611:5)
    at strict.doesNotThrow (node:assert:779:32)
✔ malformed elements are removed, recorded, and unknown/future/retired ids are kept (287.793411ms)
✔ the null element that crashed boot in rare-line-1 now boots and saves (65.403343ms)
✔ unknown integer tiers stay in the save and are skipped only by the badge row (28.796076ms)
✔ repair is idempotent: reloading a repaired save adds nothing to saveRepair (174.084151ms)
✔ a normal current save and a normal legacy v4 save never create saveRepair (148.013122ms)
✔ a corrupt primary with a good backup never copies the corrupt raw into backup (87.374769ms)
✔ loading alone never writes the backup (backup only follows a successful save) (167.640483ms)
✔ primary and backup both element-corrupt still boot and keep the original raw (155.157944ms)
✔ a truncated primary still falls back to the backup without writing (86.178856ms)
✔ importing a save code with malformed elements boots after reload with a clean backup (210.832617ms)
✔ every array in freshState() drops a null element on load (coverage of the kind table) (1922.291785ms)
✔ an achievement condition that throws is reported once and does not stop saving (69.659621ms)
[naotocchi] storage Error: localStorage quota exceeded
    at noteStorageWarning (evalmachine.<anonymous>:23789:24)
    at Object.saveState (evalmachine.<anonymous>:23837:9)
    at TestContext.<anonymous> (/workspace/scratch/1f1446e31ed3/integration-repo/tests/save-recovery-test.cjs:52:9)
    at Test.runInAsyncScope (node:async_hooks:227:14)
    at Test.run (node:internal/test_runner/test:1382:25)
    at Test.processPendingSubtests (node:internal/test_runner/test:960:18)
    at Test.postRun (node:internal/test_runner/test:1522:19)
    at Test.run (node:internal/test_runner/test:1447:12)
    at async Test.processPendingSubtests (node:internal/test_runner/test:960:7)
[naotocchi] storage Error: localStorage quota exceeded
    at noteStorageWarning (evalmachine.<anonymous>:23789:24)
    at Object.saveState (evalmachine.<anonymous>:23837:9)
    at TestContext.<anonymous> (/workspace/scratch/1f1446e31ed3/integration-repo/tests/save-recovery-test.cjs:63:9)
    at Test.runInAsyncScope (node:async_hooks:227:14)
    at Test.run (node:internal/test_runner/test:1382:25)
    at Test.processPendingSubtests (node:internal/test_runner/test:960:18)
    at Test.postRun (node:internal/test_runner/test:1522:19)
    at Test.run (node:internal/test_runner/test:1447:12)
    at async Test.processPendingSubtests (node:internal/test_runner/test:960:7)
[naotocchi] storage Error: localStorage quota exceeded
    at noteStorageWarning (evalmachine.<anonymous>:23789:24)
    at saveState (evalmachine.<anonymous>:23837:9)
    at Object.fn (evalmachine.<anonymous>:39193:7)
    at dispatch (/workspace/scratch/1f1446e31ed3/integration-repo/tests/helpers/runtime-harness.cjs:196:75)
    at Object.dispatch (/workspace/scratch/1f1446e31ed3/integration-repo/tests/helpers/runtime-harness.cjs:325:97)
    at TestContext.<anonymous> (/workspace/scratch/1f1446e31ed3/integration-repo/tests/save-recovery-test.cjs:240:5)
    at Test.runInAsyncScope (node:async_hooks:227:14)
    at Test.run (node:internal/test_runner/test:1382:25)
    at Test.processPendingSubtests (node:internal/test_runner/test:960:18)
    at Test.postRun (node:internal/test_runner/test:1522:19)
[naotocchi] storage Error: localStorage quota exceeded
    at noteStorageWarning (evalmachine.<anonymous>:23789:24)
    at Object.saveState (evalmachine.<anonymous>:23837:9)
    at TestContext.<anonymous> (/workspace/scratch/1f1446e31ed3/integration-repo/tests/save-recovery-test.cjs:282:9)
    at Test.runInAsyncScope (node:async_hooks:227:14)
    at Test.run (node:internal/test_runner/test:1382:25)
    at Test.processPendingSubtests (node:internal/test_runner/test:960:18)
    at Test.postRun (node:internal/test_runner/test:1522:19)
    at Test.run (node:internal/test_runner/test:1447:12)
    at async Test.processPendingSubtests (node:internal/test_runner/test:960:7)
✔ backup write failure does not stop a writable primary save (360.133218ms)
✔ failed primary migration cannot replace a working backup (101.471239ms)
✔ a failed save after recovery leaves a usable backup for the next reload (173.813039ms)
✔ backup advances to the latest successful save and survives the next write failure (133.851308ms)
✔ a missing primary resumes the backup instead of creating a new life (145.044515ms)
✔ backup recovery applies legacy migrations once and preserves old characters (121.21306ms)
✔ invalid top-level payloads fall back without replacing the backup (239.376298ms)
✔ confirmed full reset cannot later resurrect the removed life from backup (75.695633ms)
✔ unrecoverable saves remain intact through hidden, unload and repeated saves until explicit reset (171.141318ms)
✔ unreadable storage still permits boot and gameplay without throwing (24.411054ms)
✔ import retains a newer primary saved by another tab before replacement (311.141501ms)
✔ import failure cannot poison a recovered backup with the broken primary (211.656971ms)
✔ import stops before replacing a save if its safety snapshot cannot be written (104.025707ms)
✔ import retains the prior life across replacement, reload and undo, including duplicate snapshots (351.245313ms)
✔ restore retains a newer primary saved by another tab before replacement (287.729277ms)
✔ restore failure cannot poison a recovered backup with the broken primary (78.500677ms)
✔ restore stops before replacing a save if its safety snapshot cannot be written (78.223005ms)
✔ restore retains the prior life across replacement, reload and undo, including duplicate snapshots (250.268082ms)
✔ export uses the recoverable save when a broken primary cannot be repaired (91.796172ms)
✔ explicit import can recover unreadable saves while retaining both originals for inspection (134.775165ms)
✔ import from backup recovery with no primary retains the former life after reload (65.95955ms)
✔ a full storage drops the automatic snapshots and still writes the primary save (69.214957ms)
✔ a permanently full storage warns instead of failing silently (53.632099ms)
✔ retired companions migrate once with the strongest bond and collection intact (74.195988ms)
✔ a hidden tab does not tick, age, or run encounters / moments / idle talk (382.917837ms)
✔ coming back runs the same gentle absence processing once (existing caps: ≤30 drop, floor 20, no aging) (74.567875ms)
✔ a short hide (< 2 minutes) changes nothing (54.84634ms)
✔ absence time is recorded without a cap (days and hours), while the game effect keeps its cap (109.883784ms)
✔ closing and reopening still uses savedAt (the closed path is unchanged) (244.402399ms)
✔ two tabs: the tab opened later takes over; the older tab stops writing and shows the notice (119.304364ms)
✔ two tabs: another tab's write (storage event) makes this tab read-only immediately, even with a lower revision (81.979845ms)
✔ waits written by a clock in the future are clamped to their real length (46.121793ms)
✔ boot marks itself finished for the index.html rescue guard (81.350824ms)
✔ source helpers: literal() evaluates objects and arrays, skipping brackets inside strings and comments (38.174728ms)
✔ guardedRoute records a failed route fetch (label, url, code, timing) and aborts the request instead of throwing (3.972391ms)
ℹ tests 211
ℹ suites 0
ℹ pass 211
ℹ fail 0
ℹ cancelled 0
ℹ skipped 0
ℹ todo 0
ℹ duration_ms 10932.2786
