✔ every static assets/… reference in HTML, CSS and JS exists with the exact case (36.618547ms)
✔ every script and stylesheet carries a token whose hash matches the file (bump-versions formula) (16.268281ms)
✔ dynamic paths: current species, unified items, egg frames and goal-art fallbacks exist (163.574998ms)
✔ the checks catch a missing file, a case mismatch, a stale token, a missing token and a missing dynamic path (14.525668ms)
✔ the real index.html and references turn red when a token goes stale, a token is dropped or a path changes case (21.129185ms)
✔ npm run bump still rewrites only the ?v= tokens with YYYYMMDD-<assetHash>, and is idempotent (390.697651ms)
✔ life medicine refills only life and can be used again after life falls (263.834595ms)
✔ life medicine at full life or outside a living finite life does not consume (277.385949ms)
✔ life charm automatically prevents actual death without changing its causes (102.175613ms)
✔ a real dying tick spends one charm at the death boundary (45.749835ms)
✔ the tick reaching age one hundred enters farewell before charm consumption (45.88758ms)
✔ life charm waits through grace and is never spent for farewell or infinity (61.361733ms)
✔ life charm is automatic and has no manual use control (46.330625ms)
✔ retired consumables have no sale, use, or active-effect behavior (44.850452ms)
✔ shop orders all twelve consumables by the approved catalog (32.971236ms)
✔ registry sizes: species 31 (22 normal + 8 rare + 1 secret, 8 stages each = 248), companions 26, partners 18, legends 5 (195.222076ms)
✔ the secret species comes from master.playerSpecies.secret; the ren fallback is only for a missing master (11.246189ms)
✔ every full registry table holds exactly the master ids (plus its pinned legacy rows) (612.631024ms)
✔ every intentionally partial table is exactly its audited subset (55.293239ms)
✔ legacy rows are pinned and never leak into the current canonical sets (6.229823ms)
✔ alias destinations are canonical, and alias keys are canonical or retired (0.272013ms)
✔ species aliases: dex counts and the dex "found" display agree (raw → alias → registered) (43.376398ms)
✔ cast-bounds covers every current species stage, companion, partner, the author and egg frames (6.488848ms)
✔ images: every master species has 8 stages whose asset is <id>/01..08.png and whose label matches master (0.709011ms)
✔ GOAL_TIER_IDS is the single tier map: id ↔ ordinal both ways, and every per-tier table follows it (4.997006ms)
✔ ENDING_CELEBRATIONS still lacks the perfect tier: a known open gap, not the spec (20.506462ms)
✔ save ordinals are unchanged: endingTiersReached stays the ints 0..4 and the tier logic returns the same numbers (119.970536ms)
✔ remove-it: a species added to master but forgotten in one table is named with its table; typo, extra and retired ids too (176.426708ms)
✔ five warming taps show progressive egg art and hatch once at the existing boundary (354.766258ms)
✔ each saved egg resumes its crack stage without replaying a touch reaction (503.670306ms)
✔ reload immediately after the fifth tap keeps the same newborn and one birth record (112.883778ms)
✔ reset during the hatch effect cannot alter or decorate the replacement egg (90.785522ms)
✔ the egg itself can be warmed and newborn care remains available immediately (44.414015ms)
✔ all 30 legal dream species keep their stable identity and first-form artwork (1687.279332ms)
✔ a failed egg image uses the existing emoji fallback and can still hatch (99.216717ms)
✔ finished reactions are removed and cannot replay when returning from a minigame (158.080437ms)
✔ cancelled hatch animation is cleaned before an immediate minigame return (127.504762ms)
✔ reduced motion shows the correct egg and newborn without a pending reveal (76.944112ms)
✔ the same environment + seed + pinned clock gives the same time, weather, season and randomness on any host clock and TZ (1482.981041ms)
✔ with environment: 'auto' the result follows the host clock (the test detects the difference) (2417.88221ms)
✔ hostEnvironmentClock alone makes the time of day follow the harness clock instead of the host clock (924.938138ms)
✔ the flaky "entering meguru" scene is reproducible with the options on any host clock and TZ (4362.371097ms)
✔ one generator feeds the page Math.random (from boot) and meguru (161.602809ms)
✔ default harness(): fixed day/sunny environment (RH-6), native random, unpinned new Date(), harness Date.now() (42.551587ms)
✔ a manual time/weather mode still wins over environment, and the undersea/starry regions keep no weather (23.941124ms)
✔ the deterministic preset pins environment, host clock, seed and date; explicit options win (82.682447ms)
✔ the weather labels the harness returns match world-environment.js (0.36436ms)
✔ one-finger drags cannot pan the home, including a drag starting on a care button (359.667643ms)
✔ long text can scroll in both directions but cannot drag the home past its edges (34.982517ms)
✔ pinch zoom and panning an enlarged view remain available (46.543432ms)
✔ menus, minigames and life records keep their gestures and returning home restores the lock (94.355588ms)
✔ home touch setup leaves the home height available after the fun strip retirement (63.461235ms)
✔ a fresh save is schemaVersion 5 and survives a save/load round trip unchanged (356.427175ms)
✔ a schemaVersion 3 save keeps its displayed age (18 -> 20 ticks per year) (87.843812ms)
✔ a pre-schema save converts the old age scale, stage names, and freePlay (59.17959ms)
✔ schemaVersion 5 heals wrong shapes without touching valid values (90.402713ms)
✔ normalizeStateShape is idempotent on a fresh state (19.406963ms)
✔ the infinite-world return snapshot is normalized with the save (65.61777ms)
✔ normal equipment V2 refunds all five owned retired IDs before catalog filtering (26.945205ms)
✔ normal equipment V2 refunds flower once and unequips it (39.706909ms)
✔ normal equipment V2 refunds energy1 once and unequips it (49.021163ms)
✔ normal equipment V2 refunds hat once and unequips it (25.765257ms)
✔ normal equipment V2 refunds crown once and unequips it (27.631542ms)
✔ normal equipment V2 refunds glasses once and unequips it (27.533617ms)
✔ normal equipment V2 ignores purchase history without actual ownership (84.159261ms)
✔ normal equipment V2 marked saves remove stale retired equipment without refunding again (27.73821ms)
✔ normal equipment V2 heals malformed migration marker null (39.896991ms)
✔ normal equipment V2 heals malformed migration marker [] (20.574562ms)
✔ normal equipment V2 heals malformed migration marker "bad" (23.197731ms)
✔ normal equipment V2 heals malformed migration marker {"normalEquipmentV2":"false"} (28.030073ms)
✔ normal equipment V2 heals malformed migration marker {"normalEquipmentV2":1} (71.532387ms)
✔ normal equipment V2 heals malformed migration marker {"normalEquipmentV2":{}} (25.961252ms)
✔ normal equipment V2 heals malformed money and ownership without creating unowned refunds (73.962924ms)
✔ normal equipment V2 refunds survive save/load, repeated normalization and the next life (148.986235ms)
✔ normal equipment V2 infinite return never credits its snapshot into the live balance (85.592916ms)
✔ normal equipment V2 does not repay an old infinite snapshot when the live save is marked (38.422035ms)
✔ normal equipment V2 canonicalizes tier aliases and refunds each retired base only once (24.860585ms)
[naotocchi] minigame Error: boom
    at frame (/workspace/scratch/1f1446e31ed3/integration-repo/tests/minigame-lifecycle-test.cjs:220:60)
    at mgRunTagged (evalmachine.<anonymous>:36950:17)
    at evalmachine.<anonymous>:36995:9
    at /workspace/scratch/1f1446e31ed3/integration-repo/tests/helpers/runtime-harness.cjs:232:49
    at Object.fn (/workspace/scratch/1f1446e31ed3/integration-repo/tests/helpers/runtime-harness.cjs:207:82)
    at Object.advance (/workspace/scratch/1f1446e31ed3/integration-repo/tests/helpers/runtime-harness.cjs:321:57)
    at TestContext.<anonymous> (/workspace/scratch/1f1446e31ed3/integration-repo/tests/minigame-lifecycle-test.cjs:224:5)
    at Test.runInAsyncScope (node:async_hooks:227:14)
    at Test.run (node:internal/test_runner/test:1382:25)
    at Test.processPendingSubtests (node:internal/test_runner/test:960:18)
[naotocchi] minigame Error: start boom
    at Object.start (/workspace/scratch/1f1446e31ed3/integration-repo/tests/minigame-lifecycle-test.cjs:237:59)
    at evalmachine.<anonymous>:37326:39
    at mgRunTagged (evalmachine.<anonymous>:36950:17)
    at launch (evalmachine.<anonymous>:37326:7)
    at Object.startMinigame (evalmachine.<anonymous>:37331:10)
    at TestContext.<anonymous> (/workspace/scratch/1f1446e31ed3/integration-repo/tests/minigame-lifecycle-test.cjs:237:9)
    at Test.runInAsyncScope (node:async_hooks:227:14)
    at Test.run (node:internal/test_runner/test:1382:25)
    at Test.processPendingSubtests (node:internal/test_runner/test:960:18)
    at Test.postRun (node:internal/test_runner/test:1522:19)
✔ score 10 keeps results readable before the reaction begins (290.143415ms)
✔ score 90 keeps results readable before the reaction begins (99.97727ms)
✔ a new care conversation replaces results and cancels the delayed game reaction (91.37075ms)
✔ replaying cancels the delayed reaction and old result controls (86.698885ms)
✔ retire clears a held key before the next game (32.437735ms)
✔ complete clears a held key before the next game (117.005696ms)
✔ blur releases keyboard steering and allows a new press (50.581096ms)
✔ hidden releases keyboard steering and allows a new press (32.799897ms)
✔ a background switch stops repeating button input without ending the game (36.595517ms)
✔ a background switch releases a touch-held control without a pointerup (37.594458ms)
✔ input scope is restored when an event never bubbles to window (41.807852ms)
✔ all 100 registered games can retire without delayed rewards or repopulating the screen (583.033895ms)
▶ first-play instructions include each dynamic goal needed to finish the game
  ✔ tilt-maze-3d (5.29674ms)
  ✔ pingpong-3d (1.008625ms)
  ✔ sudoku-mini (8.858389ms)
  ✔ area-claim (0.823711ms)
  ✔ beach-volley (0.747167ms)
✔ first-play instructions include each dynamic goal needed to finish the game (41.679492ms)
✔ Sudoku instructions follow the actual 4×4 board (42.522852ms)
✔ Sudoku instructions follow the actual 6×6 board (31.32712ms)
✔ Mancala explains sowing toward the right-hand own store and follows that path (26.635897ms)
✔ a game whose frame loop throws is closed without rewards and the next game works (82.565849ms)
✔ a game that throws while starting is closed cleanly (52.626737ms)
✔ game pass five-second timer refreshes UI and respects null (51.632654ms)
✔ game pass five-second timer refreshes UI and respects sleep (51.162817ms)
✔ game pass five-second timer refreshes UI and respects dead (68.580903ms)
✔ game pass five-second timer refreshes UI and respects transform (53.460933ms)
✔ game pass reload retains only the unexpired part of its five-second deadline (130.353134ms)
✔ game pass infinite return preserves its remaining cooldown (52.818321ms)
✔ game pass infinite return preserves its remaining cooldown after reload (157.395743ms)
✔ game pass infinite return without an old-life snapshot retains its deadline (57.503825ms)
✔ game pass infinite return never shortens a later saved normal-life deadline (69.395549ms)
✔ item-all counts consumables ever acquired: a held (never used) life charm counts, no near-death needed (283.534782ms)
✔ PERFECT and unlocked achievements are never revoked when the items or dex later change (34.01241ms)
✔ a reached PERFECT celebration is saved as pending and comes back after a reload until it is closed (160.095525ms)
✔ a pending celebration without the matching clear flag is dropped (never shown by itself) (158.843108ms)
✔ a panel pushes one history entry; back closes it; closing by UI removes the entry; home back does nothing (75.815956ms)
✔ back during a minigame asks to quit instead of ending it, and stays in the layer (60.302553ms)
✔ Escape closes the top panel through the same path (43.550515ms)
✔ a critical notice (another tab) is not overwritten for 8 s; the latest ordinary notice follows it (42.857127ms)
✔ every overlay is a named modal dialog; story flash and birthday toast are live status regions (5.267096ms)
✔ the home screen behind an open panel is inert, and becomes interactive again when it closes (52.099907ms)
✔ minigame screen shakes go through the reduced-motion guard (the random sequence is unchanged) (20.123294ms)
✔ a short absence changes nothing (282.871474ms)
✔ ten minutes away lowers stats gently without changing coins (62.95866ms)
✔ stats never drop below the floor even when the drift exceeds them (42.896015ms)
✔ a long absence is capped at thirty minutes of drift and cannot endanger a low pet (44.804434ms)
✔ sleeping while away recovers energy instead of draining it (48.694158ms)
✔ coins target keeps the basket clear of bad drops at levels 1-5 (257.889353ms)
✔ quick mode chains 3-6 second games: cue, immediate play, judge, next game within the result flash (46.60028ms)
✔ every quick game can be solved from its own target hint and each kind of input is covered (79.747192ms)
✔ three misses end the run, the score feeds the normal result flow, and difficulty ramps every 4 games (68.263977ms)
✔ every game can be played on its own: a solo run repeats one game 10 times and keeps a per-game best (165.362667ms)
✔ Quick list toggle uses its dedicated control and a selected solo starts (62.883989ms)
✔ both Quick entries pay zero for incomplete runs even with Star (38.174578ms)
✔ both Quick entries ignore retired energy-band snapshots (73.256231ms)
✔ the production Quick voice control saves every selected mode for the audio router (157.894964ms)
✔ an unchosen legacy pico setting migrates to reading while chosen pico remains selected (66.765903ms)
✔ umbrella solo shows a compact cue and waits for rain before a successful swipe (103.650639ms)
✔ game pass never shortcuts quick-run, including during ordinary cooldown (43.20929ms)
✔ game pass never shortcuts quick-solo, including during ordinary cooldown (44.190914ms)
✔ real mixed 20/20 callback pays 100, keeps records and achievements, and a new perfect run pays again (191.119635ms)
✔ retiring a real Quick final card invalidates its delayed completion during the next session (91.926207ms)
✔ real old saves: the manifest lists one fixture per era, each written by that era's own code (22.902844ms)
✔ real old save pre-v3.json: loads without errors, nothing decreases, RH-2 counts, load→save→load is idempotent (249.022592ms)
✔ real old save v3.json: loads without errors, nothing decreases, RH-2 counts, load→save→load is idempotent (75.244128ms)
✔ real old save v4-pre-master.json: loads without errors, nothing decreases, RH-2 counts, load→save→load is idempotent (90.618815ms)
✔ real old save v5-pre-items-v2.json: loads without errors, nothing decreases, RH-2 counts, load→save→load is idempotent (127.082782ms)
✔ real old save sticker-points-meguru-p1.json: loads without errors, nothing decreases, RH-2 counts, load→save→load is idempotent (62.00729ms)
✔ real old save meguru-p2.json: loads without errors, nothing decreases, RH-2 counts, load→save→load is idempotent (59.994256ms)
✔ legacy species keep their pre-master names (not ???) on the profile and in past lives; the save keeps the raw line (44.199698ms)
✔ sticker page background: an unavailable value is shown as home but never written back, and does not count as a change (94.548408ms)
✔ past lives and life-log fields from a save are escaped before innerHTML (35.88223ms)
✔ snapshots: the list is not re-parsed while storage is unchanged, and another tab's write is picked up (60.974154ms)
[naotocchi] region:findRegion Error: unknown region id "false" (findRegion)
    at resolveRegionId (evalmachine.<anonymous>:29706:17)
    at findRegion (evalmachine.<anonymous>:29691:17)
    at applyRegion (evalmachine.<anonymous>:32638:20)
    at render (evalmachine.<anonymous>:32753:20)
    at evalmachine.<anonymous>:39671:3
    at evalmachine.<anonymous>:39853:3
    at Script.runInContext (node:vm:149:12)
    at Object.runInContext (node:vm:301:6)
    at createHarness (/workspace/scratch/1f1446e31ed3/integration-repo/tests/helpers/runtime-harness.cjs:310:6)
    at harness (/workspace/scratch/1f1446e31ed3/integration-repo/tests/helpers/runtime-harness.cjs:95:10)
✔ meguru records are saved once, outside the frame (microtask), with the same bridge signatures (114.415213ms)
✔ broken save (boolean as string): boots, stays sane, and saves (34.104225ms)
✔ broken save (number as string): boots, stays sane, and saves (50.426397ms)
✔ broken save (duplicate ids): boots, stays sane, and saves (39.30333ms)
✔ broken save (unknown and future ids): boots, stays sane, and saves (42.302245ms)
✔ broken save (missing keys): boots, stays sane, and saves (55.491734ms)
✔ broken save (partner as string): boots, stays sane, and saves (100.826613ms)
✔ broken save (transformOptions as string): boots, stays sane, and saves (49.649554ms)
✔ broken save (unknown stage): boots, stays sane, and saves (69.362782ms)
✔ broken save (huge numbers): boots, stays sane, and saves (44.300277ms)
✔ broken save (__proto__ keys): boots, stays sane, and saves (43.360724ms)
✔ broken save (truncated JSON): boots without replacing the unreadable primary (50.309343ms)
✔ fuzz: 200 seeded mutations of real old saves all boot and stay sane (5438.651675ms)
[naotocchi] achievement:rare-line-1 TypeError: Cannot read properties of null (reading 'split')
    at evalmachine.<anonymous>:23200:172
    at Array.some (<anonymous>)
    at Object.condition (evalmachine.<anonymous>:23200:138)
    at checkAchievements (evalmachine.<anonymous>:23364:23)
    at Object.saveState (evalmachine.<anonymous>:23806:5)
    at /workspace/scratch/1f1446e31ed3/integration-repo/tests/save-integrity-test.cjs:218:35
    at getActual (node:assert:611:5)
    at strict.doesNotThrow (node:assert:779:32)
    at TestContext.<anonymous> (/workspace/scratch/1f1446e31ed3/integration-repo/tests/save-integrity-test.cjs:218:10)
    at Test.runInAsyncScope (node:async_hooks:227:14)
[naotocchi] achievement:every-normal-line TypeError: Cannot read properties of null (reading 'startsWith')
    at evalmachine.<anonymous>:23238:187
    at Array.some (<anonymous>)
    at evalmachine.<anonymous>:23238:173
    at Array.every (<anonymous>)
    at Object.condition (evalmachine.<anonymous>:23238:138)
    at checkAchievements (evalmachine.<anonymous>:23364:23)
    at Object.saveState (evalmachine.<anonymous>:23806:5)
    at /workspace/scratch/1f1446e31ed3/integration-repo/tests/save-integrity-test.cjs:218:35
    at getActual (node:assert:611:5)
    at strict.doesNotThrow (node:assert:779:32)
[naotocchi] achievement:rare-line-all TypeError: Cannot read properties of null (reading 'startsWith')
    at evalmachine.<anonymous>:23248:182
    at Array.some (<anonymous>)
    at evalmachine.<anonymous>:23248:168
    at Array.every (<anonymous>)
    at Object.condition (evalmachine.<anonymous>:23248:133)
    at checkAchievements (evalmachine.<anonymous>:23364:23)
    at Object.saveState (evalmachine.<anonymous>:23806:5)
    at /workspace/scratch/1f1446e31ed3/integration-repo/tests/save-integrity-test.cjs:218:35
    at getActual (node:assert:611:5)
    at strict.doesNotThrow (node:assert:779:32)
✔ malformed elements are removed, recorded, and unknown/future/retired ids are kept (277.08216ms)
✔ the null element that crashed boot in rare-line-1 now boots and saves (42.117421ms)
✔ unknown integer tiers stay in the save and are skipped only by the badge row (29.5061ms)
✔ repair is idempotent: reloading a repaired save adds nothing to saveRepair (114.702237ms)
✔ a normal current save and a normal legacy v4 save never create saveRepair (136.297835ms)
✔ a corrupt primary with a good backup never copies the corrupt raw into backup (94.995561ms)
✔ loading alone never writes the backup (backup only follows a successful save) (122.036604ms)
✔ primary and backup both element-corrupt still boot and keep the original raw (155.449263ms)
✔ a truncated primary still falls back to the backup without writing (24.972241ms)
✔ importing a save code with malformed elements boots after reload with a clean backup (110.838542ms)
✔ every array in freshState() drops a null element on load (coverage of the kind table) (1187.342534ms)
✔ an achievement condition that throws is reported once and does not stop saving (37.598384ms)
[naotocchi] storage Error: localStorage quota exceeded
    at noteStorageWarning (evalmachine.<anonymous>:23789:24)
    at Object.saveState (evalmachine.<anonymous>:23837:9)
    at TestContext.<anonymous> (/workspace/scratch/1f1446e31ed3/integration-repo/tests/save-recovery-test.cjs:52:9)
    at Test.runInAsyncScope (node:async_hooks:227:14)
    at Test.run (node:internal/test_runner/test:1382:25)
    at Test.processPendingSubtests (node:internal/test_runner/test:960:18)
    at Test.postRun (node:internal/test_runner/test:1522:19)
    at Test.run (node:internal/test_runner/test:1447:12)
    at async Test.processPendingSubtests (node:internal/test_runner/test:960:7)
[naotocchi] storage Error: localStorage quota exceeded
    at noteStorageWarning (evalmachine.<anonymous>:23789:24)
    at Object.saveState (evalmachine.<anonymous>:23837:9)
    at TestContext.<anonymous> (/workspace/scratch/1f1446e31ed3/integration-repo/tests/save-recovery-test.cjs:63:9)
    at Test.runInAsyncScope (node:async_hooks:227:14)
    at Test.run (node:internal/test_runner/test:1382:25)
    at Test.processPendingSubtests (node:internal/test_runner/test:960:18)
    at Test.postRun (node:internal/test_runner/test:1522:19)
    at Test.run (node:internal/test_runner/test:1447:12)
    at async Test.processPendingSubtests (node:internal/test_runner/test:960:7)
[naotocchi] storage Error: localStorage quota exceeded
    at noteStorageWarning (evalmachine.<anonymous>:23789:24)
    at saveState (evalmachine.<anonymous>:23837:9)
    at Object.fn (evalmachine.<anonymous>:39193:7)
    at dispatch (/workspace/scratch/1f1446e31ed3/integration-repo/tests/helpers/runtime-harness.cjs:196:75)
    at Object.dispatch (/workspace/scratch/1f1446e31ed3/integration-repo/tests/helpers/runtime-harness.cjs:325:97)
    at TestContext.<anonymous> (/workspace/scratch/1f1446e31ed3/integration-repo/tests/save-recovery-test.cjs:240:5)
    at Test.runInAsyncScope (node:async_hooks:227:14)
    at Test.run (node:internal/test_runner/test:1382:25)
    at Test.processPendingSubtests (node:internal/test_runner/test:960:18)
    at Test.postRun (node:internal/test_runner/test:1522:19)
[naotocchi] storage Error: localStorage quota exceeded
    at noteStorageWarning (evalmachine.<anonymous>:23789:24)
    at Object.saveState (evalmachine.<anonymous>:23837:9)
    at TestContext.<anonymous> (/workspace/scratch/1f1446e31ed3/integration-repo/tests/save-recovery-test.cjs:282:9)
    at Test.runInAsyncScope (node:async_hooks:227:14)
    at Test.run (node:internal/test_runner/test:1382:25)
    at Test.processPendingSubtests (node:internal/test_runner/test:960:18)
    at Test.postRun (node:internal/test_runner/test:1522:19)
    at Test.run (node:internal/test_runner/test:1447:12)
    at async Test.processPendingSubtests (node:internal/test_runner/test:960:7)
✔ backup write failure does not stop a writable primary save (303.964074ms)
✔ failed primary migration cannot replace a working backup (85.757029ms)
✔ a failed save after recovery leaves a usable backup for the next reload (179.664969ms)
✔ backup advances to the latest successful save and survives the next write failure (159.792176ms)
✔ a missing primary resumes the backup instead of creating a new life (197.761689ms)
✔ backup recovery applies legacy migrations once and preserves old characters (144.781262ms)
✔ invalid top-level payloads fall back without replacing the backup (308.167259ms)
✔ confirmed full reset cannot later resurrect the removed life from backup (86.392921ms)
✔ unrecoverable saves remain intact through hidden, unload and repeated saves until explicit reset (195.06265ms)
✔ unreadable storage still permits boot and gameplay without throwing (16.774741ms)
✔ import retains a newer primary saved by another tab before replacement (195.364905ms)
✔ import failure cannot poison a recovered backup with the broken primary (229.316056ms)
✔ import stops before replacing a save if its safety snapshot cannot be written (107.058143ms)
✔ import retains the prior life across replacement, reload and undo, including duplicate snapshots (80.361377ms)
✔ restore retains a newer primary saved by another tab before replacement (126.84838ms)
✔ restore failure cannot poison a recovered backup with the broken primary (114.27206ms)
✔ restore stops before replacing a save if its safety snapshot cannot be written (85.315324ms)
✔ restore retains the prior life across replacement, reload and undo, including duplicate snapshots (181.902735ms)
✔ export uses the recoverable save when a broken primary cannot be repaired (66.002041ms)
✔ explicit import can recover unreadable saves while retaining both originals for inspection (147.019755ms)
✔ import from backup recovery with no primary retains the former life after reload (79.952006ms)
✔ a full storage drops the automatic snapshots and still writes the primary save (59.930102ms)
✔ a permanently full storage warns instead of failing silently (52.180656ms)
✔ retired companions migrate once with the strongest bond and collection intact (111.728321ms)
✔ a hidden tab does not tick, age, or run encounters / moments / idle talk (333.128799ms)
✔ coming back runs the same gentle absence processing once (existing caps: ≤30 drop, floor 20, no aging) (60.8331ms)
✔ a short hide (< 2 minutes) changes nothing (34.782481ms)
✔ absence time is recorded without a cap (days and hours), while the game effect keeps its cap (101.234828ms)
✔ closing and reopening still uses savedAt (the closed path is unchanged) (131.495528ms)
✔ two tabs: the tab opened later takes over; the older tab stops writing and shows the notice (71.28122ms)
✔ two tabs: another tab's write (storage event) makes this tab read-only immediately, even with a lower revision (68.735401ms)
✔ waits written by a clock in the future are clamped to their real length (34.797633ms)
✔ boot marks itself finished for the index.html rescue guard (65.767964ms)
✔ source helpers: literal() evaluates objects and arrays, skipping brackets inside strings and comments (51.213693ms)
✔ guardedRoute records a failed route fetch (label, url, code, timing) and aborts the request instead of throwing (1.107461ms)
ℹ tests 211
ℹ suites 0
ℹ pass 211
ℹ fail 0
ℹ cancelled 0
ℹ skipped 0
ℹ todo 0
ℹ duration_ms 9849.654019
