✔ buildPreview wraps the current game with a compact isolated phone-safe control shell (136.052748ms)
✔ default preview seeds an exact fresh-state adult hungry cat in memory only (108.91009ms)
✔ the generated Map-backed adapter implements the complete disposable Storage surface (53.28071ms)
✔ URL presets use a strict allowlist and reset every care fixture independently (255.74051ms)
✔ temporary happy stays on ordinary care controls and never runs automatically (48.072748ms)
✔ CLI writes the same self-contained preview for the requested safe preset (220.375398ms)
✔ all preview forms keep selected faces visible across startup saves without achievement flashes (3867.991024ms)
✔ preset clicks reset only the child session and bootstrap uses that selected preset (99.915398ms)
✔ kitten preview seeds the real third stage in isolated storage and rejects unknown forms (58.340815ms)
✔ otemba preview seeds the fourth stage in disposable storage (62.738969ms)
✔ young preview seeds the fifth stage in disposable storage (75.567829ms)
✔ calm preview seeds the seventh stage in disposable storage (67.8985ms)
✔ elder preview seeds the eighth stage in disposable storage (60.863351ms)
✔ toddler preview seeds the second stage in disposable storage (98.111366ms)
✔ baby preview seeds the first stage in disposable storage (63.280111ms)
✔ adult dog preview uses isolated storage and the real sixth stage (61.242342ms)
✔ query-selected dog matches the dropdown and can switch back to adult cat (76.711772ms)
✔ puppy preview uses isolated storage and the real third stage (48.847995ms)
✔ wanpaku preview uses isolated storage and the real fourth stage (59.400975ms)
✔ young dog preview uses isolated storage and the real fifth stage (50.001464ms)
✔ calm dog preview uses isolated storage and the real seventh stage (56.228646ms)
✔ babyDog preview uses isolated storage and the correct age stage (48.300675ms)
✔ toddlerDog preview uses isolated storage and the correct age stage (58.979381ms)
✔ elderDog preview uses isolated storage and the correct age stage (50.431731ms)
✔ man preview exposes every stage and never accesses real saves (383.691009ms)
✔ woman preview exposes every stage and never accesses real saves (324.813114ms)
✔ penguin preview exposes every stage and never accesses real saves (297.385198ms)
✔ turtle preview exposes every stage and never accesses real saves (314.468728ms)
✔ frog preview exposes every stage and never accesses real saves (310.982891ms)
✔ clownfish preview exposes every stage and never accesses real saves (294.307935ms)
✔ salmon preview exposes every stage and never accesses real saves (303.152263ms)
✔ hermit_crab preview exposes every stage and never accesses real saves (290.141014ms)
✔ jellyfish preview exposes every stage and never accesses real saves (294.221527ms)
✔ starfish preview exposes every stage and never accesses real saves (309.13324ms)
✔ coral preview exposes every stage and never accesses real saves (309.012201ms)
✔ butterfly preview exposes every stage and never accesses real saves (316.505537ms)
✔ beetle preview exposes every stage and never accesses real saves (328.89189ms)
✔ stagbeetle preview exposes every stage and never accesses real saves (348.51368ms)
✔ cicada preview exposes every stage and never accesses real saves (342.663916ms)
✔ antlion preview exposes every stage and never accesses real saves (310.955724ms)
✔ dandelion preview exposes every stage and never accesses real saves (348.723184ms)
✔ sakura preview exposes every stage and never accesses real saves (323.346239ms)
✔ venus_flytrap preview exposes every stage and never accesses real saves (302.061708ms)
✔ mushroom preview exposes every stage and never accesses real saves (667.377069ms)
✔ dragon preview exposes every stage and never accesses real saves (330.223844ms)
✔ phoenix preview exposes every stage and never accesses real saves (305.542632ms)
✔ god preview exposes every stage and never accesses real saves (302.733263ms)
✔ world_tree preview exposes every stage and never accesses real saves (309.060152ms)
✔ ghost preview exposes every stage and never accesses real saves (296.519919ms)
✔ star preview exposes every stage and never accesses real saves (309.789408ms)
✔ plush preview exposes every stage and never accesses real saves (345.872704ms)
✔ unknown preview exposes every stage and never accesses real saves (309.023679ms)
✔ ren preview exposes every stage and never accesses real saves (321.076064ms)
✔ salmon preview uses all eight canonical stage names (77.073679ms)
✔ hermit_crab preview uses all eight canonical stage names (62.096766ms)
✔ jellyfish preview uses all eight canonical stage names (81.854913ms)
✔ starfish preview uses all eight canonical stage names (69.738574ms)
✔ coral preview uses all eight canonical stage names (81.65333ms)
✔ butterfly preview uses all eight canonical stage names (83.081404ms)
✔ beetle preview uses all eight canonical stage names (69.933573ms)
✔ stagbeetle preview uses all eight canonical stage names (73.356772ms)
✔ cicada preview uses all eight canonical stage names (76.674385ms)
✔ antlion preview uses all eight canonical stage names (94.6648ms)
✔ dandelion preview uses all eight canonical stage names (77.861344ms)
✔ sakura preview uses all eight canonical stage names (88.64868ms)
✔ venus_flytrap preview uses all eight canonical stage names (79.629903ms)
✔ mushroom preview uses all eight canonical stage names (100.565148ms)
✔ dragon preview uses all eight canonical stage names (62.518491ms)
✔ phoenix preview uses all eight canonical stage names (72.403611ms)
✔ god preview uses all eight canonical stage names (71.698336ms)
✔ world_tree preview uses all eight canonical stage names (62.411943ms)
✔ ghost preview uses all eight canonical stage names (89.03345ms)
✔ star preview uses all eight canonical stage names (75.129373ms)
✔ plush preview uses all eight canonical stage names (90.632998ms)
✔ unknown preview uses canonical punctuation and suppresses disposable rare achievement flashes (78.001662ms)
✔ ren preview uses canonical secret names without a fabricated rare achievement (87.240083ms)
ℹ tests 76
ℹ suites 0
ℹ pass 76
ℹ fail 0
ℹ cancelled 0
ℹ skipped 0
ℹ todo 0
ℹ duration_ms 17786.767856
