2026-10-09T11:36:48.8427258Z Current runner version: '2.337.0'
2026-10-09T11:36:48.8448497Z ##[group]Runner Image Provisioner
2026-10-09T11:36:48.8449250Z Hosted Compute Agent
2026-10-09T11:36:48.8449787Z Version: 20261002.596
2026-10-09T11:36:48.8450317Z Commit: c3d12f3313a95f25162a1503be624f3b0617f8c0
2026-10-09T11:36:48.8450936Z Build Date: 2026-10-02T22:28:27Z
2026-10-09T11:36:48.8451545Z Worker ID: {64a9964e-2189-40f4-ad63-5115fd71fef7}
2026-10-09T11:36:48.8452134Z Region: westus3
2026-10-09T11:36:48.8452667Z Cloud: Azure
2026-10-09T11:36:48.8453126Z ##[endgroup]
2026-10-09T11:36:48.8454324Z ##[group]Operating System
2026-10-09T11:36:48.8454891Z Ubuntu
2026-10-09T11:36:48.8455339Z 24.04.5
2026-10-09T11:36:48.8455752Z LTS
2026-10-09T11:36:48.8456239Z ##[endgroup]
2026-10-09T11:36:48.8456955Z ##[group]Runner Image
2026-10-09T11:36:48.8457515Z Image: ubuntu-24.04
2026-10-09T11:36:48.8458008Z Version: 20261004.327.1
2026-10-09T11:36:48.8459485Z Included Software: https://github.com/actions/runner-images/blob/ubuntu24/20261004.327/images/ubuntu/Ubuntu2404-Readme.md
2026-10-09T11:36:48.8460801Z Image Release: https://github.com/actions/runner-images/releases/tag/ubuntu24%2F20261004.327
2026-10-09T11:36:48.8461632Z ##[endgroup]
2026-10-09T11:36:48.8462553Z ##[group]GITHUB_TOKEN Permissions
2026-10-09T11:36:48.8464452Z Contents: read
2026-10-09T11:36:48.8464949Z Metadata: read
2026-10-09T11:36:48.8465395Z ##[endgroup]
2026-10-09T11:36:48.8467355Z Secret source: Actions
2026-10-09T11:36:48.8468124Z Cache mode: write
2026-10-09T11:36:48.8468813Z Prepare workflow directory
2026-10-09T11:36:48.9354350Z Prepare all required actions
2026-10-09T11:36:48.9406596Z Getting action download info
2026-10-09T11:36:49.2457220Z Download action repository 'actions/checkout@v4' (SHA:11d5960a326750d5838078e36cf38b85af677262)
2026-10-09T11:36:49.5520684Z Download action repository 'actions/setup-node@v4' (SHA:49933ea5288caeca8642d1e84afbd3f7d6820020)
2026-10-09T11:36:49.7975888Z Download action repository 'actions/upload-artifact@v4' (SHA:ea165f8d65b6e75b540449e92b4886f43607fa02)
2026-10-09T11:36:50.4474714Z Complete job name: meguru-wave
2026-10-09T11:36:50.5177480Z ##[group]Run actions/checkout@v4
2026-10-09T11:36:50.5178089Z with:
2026-10-09T11:36:50.5178317Z   repository: Naoto214/naotocchi
2026-10-09T11:36:50.5180746Z   token: ***
2026-10-09T11:36:50.5180964Z   ssh-strict: true
2026-10-09T11:36:50.5181172Z   ssh-user: git
2026-10-09T11:36:50.5181380Z   persist-credentials: true
2026-10-09T11:36:50.5181616Z   clean: true
2026-10-09T11:36:50.5181831Z   sparse-checkout-cone-mode: true
2026-10-09T11:36:50.5182073Z   fetch-depth: 1
2026-10-09T11:36:50.5182283Z   fetch-tags: false
2026-10-09T11:36:50.5182518Z   show-progress: true
2026-10-09T11:36:50.5182752Z   lfs: false
2026-10-09T11:36:50.5182946Z   submodules: false
2026-10-09T11:36:50.5183166Z   set-safe-directory: true
2026-10-09T11:36:50.5183409Z   allow-unsafe-pr-checkout: false
2026-10-09T11:36:50.5183831Z ##[endgroup]
2026-10-09T11:36:50.5999397Z Syncing repository: Naoto214/naotocchi
2026-10-09T11:36:50.6000703Z ##[group]Getting Git version info
2026-10-09T11:36:50.6001127Z Working directory is '/home/runner/work/naotocchi/naotocchi'
2026-10-09T11:36:50.6001697Z [command]/usr/bin/git version
2026-10-09T11:36:50.6252861Z git version 2.55.0
2026-10-09T11:36:50.6270301Z ##[endgroup]
2026-10-09T11:36:50.6283040Z Temporarily overriding HOME='/home/runner/work/_temp/2b162a83-cb1f-4d32-8b6f-20fbd9b6e4c4' before making global git config changes
2026-10-09T11:36:50.6284189Z Adding repository directory to the temporary git global config as a safe directory
2026-10-09T11:36:50.6289181Z [command]/usr/bin/git config --global --add safe.directory /home/runner/work/naotocchi/naotocchi
2026-10-09T11:36:50.6529971Z Deleting the contents of '/home/runner/work/naotocchi/naotocchi'
2026-10-09T11:36:50.6535034Z ##[group]Initializing the repository
2026-10-09T11:36:50.6539558Z [command]/usr/bin/git init /home/runner/work/naotocchi/naotocchi
2026-10-09T11:36:50.7547019Z hint: Using 'master' as the name for the initial branch. This default branch name
2026-10-09T11:36:50.7579076Z hint: will change to "main" in Git 3.0. To configure the initial branch name
2026-10-09T11:36:50.7579760Z hint: to use in all of your new repositories, which will suppress this warning,
2026-10-09T11:36:50.7580310Z hint: call:
2026-10-09T11:36:50.7580588Z hint:
2026-10-09T11:36:50.7580962Z hint: 	git config --global init.defaultBranch <name>
2026-10-09T11:36:50.7581411Z hint:
2026-10-09T11:36:50.7581824Z hint: Names commonly chosen instead of 'master' are 'main', 'trunk' and
2026-10-09T11:36:50.7582466Z hint: 'development'. The just-created branch can be renamed via this command:
2026-10-09T11:36:50.7582972Z hint:
2026-10-09T11:36:50.7583263Z hint: 	git branch -m <name>
2026-10-09T11:36:50.7583611Z hint:
2026-10-09T11:36:50.7584065Z hint: Disable this message with "git config set advice.defaultBranchName false"
2026-10-09T11:36:50.7584800Z Initialized empty Git repository in /home/runner/work/naotocchi/naotocchi/.git/
2026-10-09T11:36:50.7586051Z [command]/usr/bin/git remote add origin https://github.com/Naoto214/naotocchi
2026-10-09T11:36:50.8050830Z ##[endgroup]
2026-10-09T11:36:50.8056545Z ##[group]Disabling automatic garbage collection
2026-10-09T11:36:50.8057161Z [command]/usr/bin/git config --local gc.auto 0
2026-10-09T11:36:50.8129140Z ##[endgroup]
2026-10-09T11:36:50.8129557Z ##[group]Setting up auth
2026-10-09T11:36:50.8138722Z [command]/usr/bin/git config --local --name-only --get-regexp core\.sshCommand
2026-10-09T11:36:50.8182601Z [command]/usr/bin/git submodule foreach --recursive sh -c "git config --local --name-only --get-regexp 'core\.sshCommand' && git config --local --unset-all 'core.sshCommand' || :"
2026-10-09T11:36:50.8520679Z [command]/usr/bin/git config --local --name-only --get-regexp http\.https\:\/\/github\.com\/\.extraheader
2026-10-09T11:36:50.8550921Z [command]/usr/bin/git submodule foreach --recursive sh -c "git config --local --name-only --get-regexp 'http\.https\:\/\/github\.com\/\.extraheader' && git config --local --unset-all 'http.https://github.com/.extraheader' || :"
2026-10-09T11:36:50.8752941Z [command]/usr/bin/git config --local --name-only --get-regexp ^includeIf\.gitdir:
2026-10-09T11:36:50.8784440Z [command]/usr/bin/git submodule foreach --recursive git config --local --show-origin --name-only --get-regexp remote.origin.url
2026-10-09T11:36:50.8980546Z [command]/usr/bin/git config --local http.https://github.com/.extraheader AUTHORIZATION: basic ***
2026-10-09T11:36:50.9931654Z ##[endgroup]
2026-10-09T11:36:50.9932291Z ##[group]Fetching the repository
2026-10-09T11:36:50.9942312Z [command]/usr/bin/git -c protocol.version=2 fetch --no-tags --prune --no-recurse-submodules --depth=1 origin +6df4db58dc505b272fe365748b3f55b9c7780ff0:refs/remotes/origin/feat/character-3d-full-rollout-v0
2026-10-09T11:37:31.3304920Z From https://github.com/Naoto214/naotocchi
2026-10-09T11:37:31.3305489Z  * [new ref]         6df4db58dc505b272fe365748b3f55b9c7780ff0 -> origin/feat/character-3d-full-rollout-v0
2026-10-09T11:37:31.3308515Z ##[endgroup]
2026-10-09T11:37:31.3309079Z ##[group]Determining the checkout info
2026-10-09T11:37:31.3310951Z ##[endgroup]
2026-10-09T11:37:31.3317576Z [command]/usr/bin/git sparse-checkout disable
2026-10-09T11:37:31.3364369Z [command]/usr/bin/git config --local --unset-all extensions.worktreeConfig
2026-10-09T11:37:31.3391470Z ##[group]Checking out the ref
2026-10-09T11:37:31.3396238Z [command]/usr/bin/git checkout --progress --force -B feat/character-3d-full-rollout-v0 refs/remotes/origin/feat/character-3d-full-rollout-v0
2026-10-09T11:37:32.4024130Z Updating files:  34% (4816/13831)
2026-10-09T11:37:32.4848379Z Updating files:  35% (4841/13831)
2026-10-09T11:37:32.5513678Z Updating files:  36% (4980/13831)
2026-10-09T11:37:32.6217443Z Updating files:  37% (5118/13831)
2026-10-09T11:37:32.6519869Z Updating files:  38% (5256/13831)
2026-10-09T11:37:32.6847974Z Updating files:  39% (5395/13831)
2026-10-09T11:37:32.7124537Z Updating files:  40% (5533/13831)
2026-10-09T11:37:32.7447016Z Updating files:  41% (5671/13831)
2026-10-09T11:37:32.7710671Z Updating files:  42% (5810/13831)
2026-10-09T11:37:32.7859613Z Updating files:  43% (5948/13831)
2026-10-09T11:37:32.8014910Z Updating files:  44% (6086/13831)
2026-10-09T11:37:32.8295307Z Updating files:  45% (6224/13831)
2026-10-09T11:37:32.8584872Z Updating files:  46% (6363/13831)
2026-10-09T11:37:32.9098918Z Updating files:  47% (6501/13831)
2026-10-09T11:37:32.9271687Z Updating files:  48% (6639/13831)
2026-10-09T11:37:32.9432670Z Updating files:  49% (6778/13831)
2026-10-09T11:37:32.9650963Z Updating files:  50% (6916/13831)
2026-10-09T11:37:32.9845769Z Updating files:  51% (7054/13831)
2026-10-09T11:37:33.0045130Z Updating files:  52% (7193/13831)
2026-10-09T11:37:33.0210256Z Updating files:  53% (7331/13831)
2026-10-09T11:37:33.0375149Z Updating files:  54% (7469/13831)
2026-10-09T11:37:33.0608351Z Updating files:  55% (7608/13831)
2026-10-09T11:37:33.0787500Z Updating files:  56% (7746/13831)
2026-10-09T11:37:33.0975961Z Updating files:  57% (7884/13831)
2026-10-09T11:37:33.1262081Z Updating files:  58% (8022/13831)
2026-10-09T11:37:33.1480412Z Updating files:  59% (8161/13831)
2026-10-09T11:37:33.1718143Z Updating files:  60% (8299/13831)
2026-10-09T11:37:33.1932833Z Updating files:  61% (8437/13831)
2026-10-09T11:37:33.2214039Z Updating files:  62% (8576/13831)
2026-10-09T11:37:33.2413097Z Updating files:  63% (8714/13831)
2026-10-09T11:37:33.2824380Z Updating files:  64% (8852/13831)
2026-10-09T11:37:33.3034141Z Updating files:  65% (8991/13831)
2026-10-09T11:37:33.3268504Z Updating files:  66% (9129/13831)
2026-10-09T11:37:33.3466568Z Updating files:  67% (9267/13831)
2026-10-09T11:37:33.3514770Z Updating files:  68% (9406/13831)
2026-10-09T11:37:33.3667635Z Updating files:  68% (9437/13831)
2026-10-09T11:37:33.3914040Z Updating files:  69% (9544/13831)
2026-10-09T11:37:33.4105486Z Updating files:  70% (9682/13831)
2026-10-09T11:37:33.4332326Z Updating files:  71% (9821/13831)
2026-10-09T11:37:33.4714710Z Updating files:  72% (9959/13831)
2026-10-09T11:37:33.4904616Z Updating files:  73% (10097/13831)
2026-10-09T11:37:33.5112922Z Updating files:  74% (10235/13831)
2026-10-09T11:37:33.5336194Z Updating files:  75% (10374/13831)
2026-10-09T11:37:33.5539428Z Updating files:  76% (10512/13831)
2026-10-09T11:37:33.5812846Z Updating files:  77% (10650/13831)
2026-10-09T11:37:33.5992767Z Updating files:  78% (10789/13831)
2026-10-09T11:37:33.6181885Z Updating files:  79% (10927/13831)
2026-10-09T11:37:33.6361788Z Updating files:  80% (11065/13831)
2026-10-09T11:37:33.6551633Z Updating files:  81% (11204/13831)
2026-10-09T11:37:33.6758668Z Updating files:  82% (11342/13831)
2026-10-09T11:37:33.6967199Z Updating files:  83% (11480/13831)
2026-10-09T11:37:33.7124066Z Updating files:  84% (11619/13831)
2026-10-09T11:37:33.7365726Z Updating files:  85% (11757/13831)
2026-10-09T11:37:33.7528990Z Updating files:  86% (11895/13831)
2026-10-09T11:37:33.7751136Z Updating files:  87% (12033/13831)
2026-10-09T11:37:33.8243840Z Updating files:  88% (12172/13831)
2026-10-09T11:37:33.8718957Z Updating files:  89% (12310/13831)
2026-10-09T11:37:33.9197732Z Updating files:  90% (12448/13831)
2026-10-09T11:37:33.9497390Z Updating files:  91% (12587/13831)
2026-10-09T11:37:33.9990320Z Updating files:  92% (12725/13831)
2026-10-09T11:37:34.0206386Z Updating files:  93% (12863/13831)
2026-10-09T11:37:34.0562157Z Updating files:  94% (13002/13831)
2026-10-09T11:37:34.0848247Z Updating files:  95% (13140/13831)
2026-10-09T11:37:34.1005196Z Updating files:  96% (13278/13831)
2026-10-09T11:37:34.1116583Z Updating files:  97% (13417/13831)
2026-10-09T11:37:34.1217090Z Updating files:  98% (13555/13831)
2026-10-09T11:37:34.1300555Z Updating files:  99% (13693/13831)
2026-10-09T11:37:34.1300889Z Updating files: 100% (13831/13831)
2026-10-09T11:37:34.1301121Z Updating files: 100% (13831/13831), done.
2026-10-09T11:37:34.1412308Z Switched to a new branch 'feat/character-3d-full-rollout-v0'
2026-10-09T11:37:34.1416967Z branch 'feat/character-3d-full-rollout-v0' set up to track 'origin/feat/character-3d-full-rollout-v0'.
2026-10-09T11:37:34.1525454Z ##[endgroup]
2026-10-09T11:37:34.1567485Z [command]/usr/bin/git log -1 --format=%H
2026-10-09T11:37:34.1590450Z 6df4db58dc505b272fe365748b3f55b9c7780ff0
2026-10-09T11:37:34.1808117Z ##[group]Run actions/setup-node@v4
2026-10-09T11:37:34.1808348Z with:
2026-10-09T11:37:34.1808514Z   node-version: 22
2026-10-09T11:37:34.1808684Z   always-auth: false
2026-10-09T11:37:34.1808867Z   check-latest: false
2026-10-09T11:37:34.1811098Z   token: ***
2026-10-09T11:37:34.1811272Z ##[endgroup]
2026-10-09T11:37:34.2930488Z Found in cache @ /opt/hostedtoolcache/node/22.23.3/x64
2026-10-09T11:37:34.2933237Z (node:2121) [DEP0040] DeprecationWarning: The `punycode` module is deprecated. Please use a userland alternative instead.
2026-10-09T11:37:34.2933788Z (Use `node --trace-deprecation ...` to show where the warning was created)
2026-10-09T11:37:34.2935700Z ##[group]Environment details
2026-10-09T11:37:34.5838715Z node: v22.23.3
2026-10-09T11:37:34.5839053Z npm: 10.9.9
2026-10-09T11:37:34.5839304Z yarn: 1.22.22
2026-10-09T11:37:34.5840052Z ##[endgroup]
2026-10-09T11:37:34.5955211Z ##[group]Run npm ci
2026-10-09T11:37:34.5955461Z [36;1mnpm ci[0m
2026-10-09T11:37:34.6157082Z shell: /usr/bin/bash -e {0}
2026-10-09T11:37:34.6157328Z ##[endgroup]
2026-10-09T11:37:36.1144070Z 
2026-10-09T11:37:36.1150879Z added 27 packages, and audited 28 packages in 1s
2026-10-09T11:37:36.1151267Z 
2026-10-09T11:37:36.1151518Z 14 packages are looking for funding
2026-10-09T11:37:36.1151908Z   run `npm fund` for details
2026-10-09T11:37:36.1166990Z 
2026-10-09T11:37:36.1167396Z 2 high severity vulnerabilities
2026-10-09T11:37:36.1167654Z 
2026-10-09T11:37:36.1167812Z To address all issues, run:
2026-10-09T11:37:36.1168146Z   npm audit fix
2026-10-09T11:37:36.1168365Z 
2026-10-09T11:37:36.1168525Z Run `npm audit` for details.
2026-10-09T11:37:36.1541856Z ##[group]Run npm install --no-save --package-lock=false playwright@1.62.1
2026-10-09T11:37:36.1542452Z [36;1mnpm install --no-save --package-lock=false playwright@1.62.1[0m
2026-10-09T11:37:36.1598890Z shell: /usr/bin/bash -e {0}
2026-10-09T11:37:36.1599105Z ##[endgroup]
2026-10-09T11:37:41.7155852Z 
2026-10-09T11:37:41.7158701Z added 2 packages, changed 13 packages, and audited 27 packages in 6s
2026-10-09T11:37:41.7158995Z 
2026-10-09T11:37:41.7159138Z 12 packages are looking for funding
2026-10-09T11:37:41.7159391Z   run `npm fund` for details
2026-10-09T11:37:41.7177137Z 
2026-10-09T11:37:41.7177622Z found 0 vulnerabilities
2026-10-09T11:37:41.7365983Z ##[group]Run npx playwright install --with-deps chromium
2026-10-09T11:37:41.7366533Z [36;1mnpx playwright install --with-deps chromium[0m
2026-10-09T11:37:41.7423532Z shell: /usr/bin/bash -e {0}
2026-10-09T11:37:41.7423753Z ##[endgroup]
2026-10-09T11:37:42.3415840Z Installing dependencies...
2026-10-09T11:37:42.3472575Z Switching to root user to install dependencies...
2026-10-09T11:37:42.4203951Z Get:1 file:/etc/apt/apt-mirrors.txt Mirrorlist [144 B]
2026-10-09T11:37:42.4588954Z Hit:2 http://azure.archive.ubuntu.com/ubuntu noble InRelease
2026-10-09T11:37:42.4655846Z Get:3 http://azure.archive.ubuntu.com/ubuntu noble-updates InRelease [126 kB]
2026-10-09T11:37:42.4665062Z Get:4 http://azure.archive.ubuntu.com/ubuntu noble-backports InRelease [126 kB]
2026-10-09T11:37:42.4667247Z Get:5 http://azure.archive.ubuntu.com/ubuntu noble-security InRelease [126 kB]
2026-10-09T11:37:42.4673802Z Get:6 https://packages.microsoft.com/ubuntu/24.04/prod noble InRelease [3600 B]
2026-10-09T11:37:42.5705028Z Get:7 http://azure.archive.ubuntu.com/ubuntu noble-updates/main amd64 Packages [1375 kB]
2026-10-09T11:37:42.5811263Z Get:8 http://azure.archive.ubuntu.com/ubuntu noble-updates/main Translation-en [306 kB]
2026-10-09T11:37:42.5828840Z Get:9 http://azure.archive.ubuntu.com/ubuntu noble-updates/universe amd64 Packages [1702 kB]
2026-10-09T11:37:42.5904297Z Get:10 http://azure.archive.ubuntu.com/ubuntu noble-updates/universe Translation-en [342 kB]
2026-10-09T11:37:42.5927343Z Get:11 http://azure.archive.ubuntu.com/ubuntu noble-updates/restricted amd64 Packages [1761 kB]
2026-10-09T11:37:42.6002883Z Get:12 http://azure.archive.ubuntu.com/ubuntu noble-updates/restricted Translation-en [401 kB]
2026-10-09T11:37:42.6024364Z Get:13 http://azure.archive.ubuntu.com/ubuntu noble-updates/multiverse amd64 Packages [55.0 kB]
2026-10-09T11:37:42.6033986Z Get:14 http://azure.archive.ubuntu.com/ubuntu noble-updates/multiverse Translation-en [14.3 kB]
2026-10-09T11:37:42.6627264Z Get:15 http://azure.archive.ubuntu.com/ubuntu noble-security/main amd64 Packages [1118 kB]
2026-10-09T11:37:42.6677974Z Get:16 http://azure.archive.ubuntu.com/ubuntu noble-security/main Translation-en [228 kB]
2026-10-09T11:37:42.7047047Z Get:23 https://packages.microsoft.com/ubuntu/24.04/prod noble/main arm64 Packages [475 kB]
2026-10-09T11:37:42.7116451Z Get:24 https://packages.microsoft.com/ubuntu/24.04/prod noble/main all Packages [640 B]
2026-10-09T11:37:42.7131931Z Get:17 http://azure.archive.ubuntu.com/ubuntu noble-security/universe amd64 Packages [1220 kB]
2026-10-09T11:37:42.7167557Z Get:25 https://packages.microsoft.com/ubuntu/24.04/prod noble/main amd64 Packages [531 kB]
2026-10-09T11:37:42.7181300Z Get:18 http://azure.archive.ubuntu.com/ubuntu noble-security/universe Translation-en [245 kB]
2026-10-09T11:37:42.7195688Z Get:19 http://azure.archive.ubuntu.com/ubuntu noble-security/restricted amd64 Packages [1667 kB]
2026-10-09T11:37:42.7209664Z Get:26 https://packages.microsoft.com/ubuntu/24.04/prod noble/main armhf Packages [12.3 kB]
2026-10-09T11:37:42.7260406Z Get:20 http://azure.archive.ubuntu.com/ubuntu noble-security/restricted Translation-en [383 kB]
2026-10-09T11:37:42.7277960Z Get:21 http://azure.archive.ubuntu.com/ubuntu noble-security/multiverse amd64 Packages [49.8 kB]
2026-10-09T11:37:42.7284416Z Get:22 http://azure.archive.ubuntu.com/ubuntu noble-security/multiverse Translation-en [12.4 kB]
2026-10-09T11:37:49.2065326Z Fetched 12.3 MB in 1s (11.7 MB/s)
2026-10-09T11:37:49.8684036Z Reading package lists...
2026-10-09T11:37:49.8886365Z Reading package lists...
2026-10-09T11:37:50.0692599Z Building dependency tree...
2026-10-09T11:37:50.0698687Z Reading state information...
2026-10-09T11:37:50.2282886Z libasound2t64 is already the newest version (1.2.11-1ubuntu0.3).
2026-10-09T11:37:50.2283674Z libasound2t64 set to manually installed.
2026-10-09T11:37:50.2284328Z libatk-bridge2.0-0t64 is already the newest version (2.52.0-1build1).
2026-10-09T11:37:50.2284958Z libatk-bridge2.0-0t64 set to manually installed.
2026-10-09T11:37:50.2286060Z libatk1.0-0t64 is already the newest version (2.52.0-1build1).
2026-10-09T11:37:50.2286514Z libatk1.0-0t64 set to manually installed.
2026-10-09T11:37:50.2287090Z libatspi2.0-0t64 is already the newest version (2.52.0-1build1).
2026-10-09T11:37:50.2287433Z libatspi2.0-0t64 set to manually installed.
2026-10-09T11:37:50.2287747Z libcairo2 is already the newest version (1.18.0-3build1).
2026-10-09T11:37:50.2288076Z libcairo2 set to manually installed.
2026-10-09T11:37:50.2288579Z libcups2t64 is already the newest version (2.4.7-1.2ubuntu7.14).
2026-10-09T11:37:50.2288924Z libcups2t64 set to manually installed.
2026-10-09T11:37:50.2289303Z libdbus-1-3 is already the newest version (1.14.10-4ubuntu4.1).
2026-10-09T11:37:50.2289614Z libdbus-1-3 set to manually installed.
2026-10-09T11:37:50.2289937Z libdrm2 is already the newest version (2.4.125-1ubuntu0.1~24.04.2).
2026-10-09T11:37:50.2290355Z libdrm2 set to manually installed.
2026-10-09T11:37:50.2290677Z libgbm1 is already the newest version (25.2.8-0ubuntu0.24.04.4).
2026-10-09T11:37:50.2290978Z libgbm1 set to manually installed.
2026-10-09T11:37:50.2291297Z libglib2.0-0t64 is already the newest version (2.80.0-6ubuntu3.9).
2026-10-09T11:37:50.2291619Z libglib2.0-0t64 set to manually installed.
2026-10-09T11:37:50.2292016Z libnspr4 is already the newest version (2:4.35-1.1build1).
2026-10-09T11:37:50.2292449Z libnspr4 set to manually installed.
2026-10-09T11:37:50.2292952Z libnss3 is already the newest version (2:3.98-1ubuntu0.2).
2026-10-09T11:37:50.2293386Z libnss3 set to manually installed.
2026-10-09T11:37:50.2294072Z libpango-1.0-0 is already the newest version (1.52.1+ds-1build1).
2026-10-09T11:37:50.2294574Z libpango-1.0-0 set to manually installed.
2026-10-09T11:37:50.2294919Z libx11-6 is already the newest version (2:1.8.7-1build1).
2026-10-09T11:37:50.2295207Z libx11-6 set to manually installed.
2026-10-09T11:37:50.2295485Z libxcb1 is already the newest version (1.15-1ubuntu2).
2026-10-09T11:37:50.2295769Z libxcb1 set to manually installed.
2026-10-09T11:37:50.2296251Z libxcomposite1 is already the newest version (1:0.4.5-1build3).
2026-10-09T11:37:50.2297087Z libxcomposite1 set to manually installed.
2026-10-09T11:37:50.2297645Z libxdamage1 is already the newest version (1:1.1.6-1build1).
2026-10-09T11:37:50.2297985Z libxdamage1 set to manually installed.
2026-10-09T11:37:50.2298288Z libxext6 is already the newest version (2:1.3.4-1build2).
2026-10-09T11:37:50.2298592Z libxext6 set to manually installed.
2026-10-09T11:37:50.2298895Z libxfixes3 is already the newest version (1:6.0.0-2build1).
2026-10-09T11:37:50.2299201Z libxfixes3 set to manually installed.
2026-10-09T11:37:50.2299552Z libxkbcommon0 is already the newest version (1.6.0-1build1).
2026-10-09T11:37:50.2300019Z libxkbcommon0 set to manually installed.
2026-10-09T11:37:50.2300542Z libxrandr2 is already the newest version (2:1.5.2-2build1).
2026-10-09T11:37:50.2301061Z libxrandr2 set to manually installed.
2026-10-09T11:37:50.2301562Z xvfb is already the newest version (2:21.1.12-1ubuntu1.8).
2026-10-09T11:37:50.2302251Z fonts-noto-color-emoji is already the newest version (2.047-0ubuntu0.24.04.1).
2026-10-09T11:37:50.2302960Z libfontconfig1 is already the newest version (2.15.0-1.1ubuntu2).
2026-10-09T11:37:50.2303488Z libfontconfig1 set to manually installed.
2026-10-09T11:37:50.2304020Z fonts-liberation is already the newest version (1:2.1.5-3).
2026-10-09T11:37:50.2304520Z fonts-liberation set to manually installed.
2026-10-09T11:37:50.2305010Z The following additional packages will be installed:
2026-10-09T11:37:50.2305458Z   xfonts-encodings xfonts-utils
2026-10-09T11:37:50.2305796Z Recommended packages:
2026-10-09T11:37:50.2306135Z   fonts-ipafont-mincho fonts-tlwg-loma
2026-10-09T11:37:50.2439629Z The following NEW packages will be installed:
2026-10-09T11:37:50.2440085Z   fonts-freefont-ttf fonts-ipafont-gothic fonts-tlwg-loma-otf fonts-unifont
2026-10-09T11:37:50.2444178Z   fonts-wqy-zenhei xfonts-cyrillic xfonts-encodings xfonts-scalable
2026-10-09T11:37:50.2444836Z   xfonts-utils
2026-10-09T11:37:50.2447604Z The following packages will be upgraded:
2026-10-09T11:37:50.2450989Z   libfreetype6
2026-10-09T11:37:50.2592234Z 1 upgraded, 9 newly installed, 0 to remove and 22 not upgraded.
2026-10-09T11:37:50.2592789Z Need to get 21.5 MB of archives.
2026-10-09T11:37:50.2593360Z After this operation, 79.5 MB of additional disk space will be used.
2026-10-09T11:37:50.2594003Z Get:1 file:/etc/apt/apt-mirrors.txt Mirrorlist [144 B]
2026-10-09T11:37:50.3373638Z Get:2 http://azure.archive.ubuntu.com/ubuntu noble/universe amd64 fonts-ipafont-gothic all 00303-21ubuntu1 [3513 kB]
2026-10-09T11:37:50.6690391Z Get:3 http://azure.archive.ubuntu.com/ubuntu noble/main amd64 fonts-freefont-ttf all 20211204+svn4273-2 [5641 kB]
2026-10-09T11:37:50.8991256Z Get:4 http://azure.archive.ubuntu.com/ubuntu noble/universe amd64 fonts-tlwg-loma-otf all 1:0.7.3-1 [107 kB]
2026-10-09T11:37:50.9869047Z Get:5 http://azure.archive.ubuntu.com/ubuntu noble/universe amd64 fonts-unifont all 1:15.1.01-1build1 [2993 kB]
2026-10-09T11:37:51.1852193Z Get:6 http://azure.archive.ubuntu.com/ubuntu noble/universe amd64 fonts-wqy-zenhei all 0.9.45-8 [7472 kB]
2026-10-09T11:37:51.5089615Z Get:7 http://azure.archive.ubuntu.com/ubuntu noble-updates/main amd64 libfreetype6 amd64 2.13.2+dfsg-1ubuntu0.2 [403 kB]
2026-10-09T11:37:51.6081047Z Get:8 http://azure.archive.ubuntu.com/ubuntu noble/main amd64 xfonts-encodings all 1:1.0.5-0ubuntu2 [578 kB]
2026-10-09T11:37:51.7269785Z Get:9 http://azure.archive.ubuntu.com/ubuntu noble/main amd64 xfonts-utils amd64 1:7.7+6build3 [94.4 kB]
2026-10-09T11:37:51.8287015Z Get:10 http://azure.archive.ubuntu.com/ubuntu noble/universe amd64 xfonts-cyrillic all 1:1.0.5+nmu1 [384 kB]
2026-10-09T11:37:51.9367284Z Get:11 http://azure.archive.ubuntu.com/ubuntu noble/main amd64 xfonts-scalable all 1:1.0.3-1.3 [304 kB]
2026-10-09T11:37:52.2119211Z Fetched 21.5 MB in 2s (12.4 MB/s)
2026-10-09T11:37:52.5945603Z Selecting previously unselected package fonts-ipafont-gothic.
2026-10-09T11:37:52.6536270Z (Reading database ... 
2026-10-09T11:37:52.6537038Z (Reading database ... 5%
2026-10-09T11:37:52.6537435Z (Reading database ... 10%
2026-10-09T11:37:52.6537801Z (Reading database ... 15%
2026-10-09T11:37:52.6538222Z (Reading database ... 20%
2026-10-09T11:37:52.6538590Z (Reading database ... 25%
2026-10-09T11:37:52.6538895Z (Reading database ... 30%
2026-10-09T11:37:52.6539101Z (Reading database ... 35%
2026-10-09T11:37:52.6539296Z (Reading database ... 40%
2026-10-09T11:37:52.6539495Z (Reading database ... 45%
2026-10-09T11:37:52.6539678Z (Reading database ... 50%
2026-10-09T11:37:52.6573002Z (Reading database ... 55%
2026-10-09T11:37:52.7518431Z (Reading database ... 60%
2026-10-09T11:37:53.0024119Z (Reading database ... 65%
2026-10-09T11:37:53.1484352Z (Reading database ... 70%
2026-10-09T11:37:53.3559415Z (Reading database ... 75%
2026-10-09T11:37:53.4988493Z (Reading database ... 80%
2026-10-09T11:37:53.6729602Z (Reading database ... 85%
2026-10-09T11:37:53.8717538Z (Reading database ... 90%
2026-10-09T11:37:53.9720452Z (Reading database ... 95%
2026-10-09T11:37:53.9720816Z (Reading database ... 100%
2026-10-09T11:37:53.9721247Z (Reading database ... 203191 files and directories currently installed.)
2026-10-09T11:37:53.9762522Z Preparing to unpack .../0-fonts-ipafont-gothic_00303-21ubuntu1_all.deb ...
2026-10-09T11:37:54.0686899Z Unpacking fonts-ipafont-gothic (00303-21ubuntu1) ...
2026-10-09T11:37:54.4362130Z Selecting previously unselected package fonts-freefont-ttf.
2026-10-09T11:37:54.4476146Z Preparing to unpack .../1-fonts-freefont-ttf_20211204+svn4273-2_all.deb ...
2026-10-09T11:37:54.4867548Z Unpacking fonts-freefont-ttf (20211204+svn4273-2) ...
2026-10-09T11:37:54.9749953Z Selecting previously unselected package fonts-tlwg-loma-otf.
2026-10-09T11:37:54.9863457Z Preparing to unpack .../2-fonts-tlwg-loma-otf_1%3a0.7.3-1_all.deb ...
2026-10-09T11:37:55.0056117Z Unpacking fonts-tlwg-loma-otf (1:0.7.3-1) ...
2026-10-09T11:37:55.1540840Z Selecting previously unselected package fonts-unifont.
2026-10-09T11:37:55.1651607Z Preparing to unpack .../3-fonts-unifont_1%3a15.1.01-1build1_all.deb ...
2026-10-09T11:37:55.1756069Z Unpacking fonts-unifont (1:15.1.01-1build1) ...
2026-10-09T11:37:55.9640835Z Selecting previously unselected package fonts-wqy-zenhei.
2026-10-09T11:37:55.9754992Z Preparing to unpack .../4-fonts-wqy-zenhei_0.9.45-8_all.deb ...
2026-10-09T11:37:55.9957847Z Unpacking fonts-wqy-zenhei (0.9.45-8) ...
2026-10-09T11:37:56.8989798Z Preparing to unpack .../5-libfreetype6_2.13.2+dfsg-1ubuntu0.2_amd64.deb ...
2026-10-09T11:37:57.2598258Z Unpacking libfreetype6:amd64 (2.13.2+dfsg-1ubuntu0.2) over (2.13.2+dfsg-1ubuntu0.1) ...
2026-10-09T11:37:57.7791166Z Selecting previously unselected package xfonts-encodings.
2026-10-09T11:37:57.7908336Z Preparing to unpack .../6-xfonts-encodings_1%3a1.0.5-0ubuntu2_all.deb ...
2026-10-09T11:37:58.0361281Z Unpacking xfonts-encodings (1:1.0.5-0ubuntu2) ...
2026-10-09T11:37:58.6801095Z Selecting previously unselected package xfonts-utils.
2026-10-09T11:37:58.6910709Z Preparing to unpack .../7-xfonts-utils_1%3a7.7+6build3_amd64.deb ...
2026-10-09T11:37:58.6916022Z Unpacking xfonts-utils (1:7.7+6build3) ...
2026-10-09T11:37:58.7187621Z Selecting previously unselected package xfonts-cyrillic.
2026-10-09T11:37:58.7296564Z Preparing to unpack .../8-xfonts-cyrillic_1%3a1.0.5+nmu1_all.deb ...
2026-10-09T11:37:58.7302077Z Unpacking xfonts-cyrillic (1:1.0.5+nmu1) ...
2026-10-09T11:37:58.7558179Z Selecting previously unselected package xfonts-scalable.
2026-10-09T11:37:58.7666012Z Preparing to unpack .../9-xfonts-scalable_1%3a1.0.3-1.3_all.deb ...
2026-10-09T11:37:58.7671385Z Unpacking xfonts-scalable (1:1.0.3-1.3) ...
2026-10-09T11:37:58.8104034Z Setting up fonts-wqy-zenhei (0.9.45-8) ...
2026-10-09T11:37:58.8409015Z Setting up fonts-freefont-ttf (20211204+svn4273-2) ...
2026-10-09T11:37:58.8422909Z Setting up fonts-tlwg-loma-otf (1:0.7.3-1) ...
2026-10-09T11:37:58.8436812Z Setting up libfreetype6:amd64 (2.13.2+dfsg-1ubuntu0.2) ...
2026-10-09T11:37:58.8450493Z Setting up xfonts-encodings (1:1.0.5-0ubuntu2) ...
2026-10-09T11:37:58.8463349Z Setting up fonts-ipafont-gothic (00303-21ubuntu1) ...
2026-10-09T11:37:58.8518873Z update-alternatives: using /usr/share/fonts/opentype/ipafont-gothic/ipag.ttf to provide /usr/share/fonts/truetype/fonts-japanese-gothic.ttf (fonts-japanese-gothic.ttf) in auto mode
2026-10-09T11:37:58.8530785Z Setting up fonts-unifont (1:15.1.01-1build1) ...
2026-10-09T11:37:58.8543640Z Setting up xfonts-utils (1:7.7+6build3) ...
2026-10-09T11:37:58.8576561Z Setting up xfonts-cyrillic (1:1.0.5+nmu1) ...
2026-10-09T11:37:58.8805671Z Setting up xfonts-scalable (1:1.0.3-1.3) ...
2026-10-09T11:37:58.9038859Z Processing triggers for libc-bin (2.39-0ubuntu8.9) ...
2026-10-09T11:37:59.0616182Z Processing triggers for man-db (2.12.0-4build2) ...
2026-10-09T11:37:59.0634600Z Not building database; man-db/auto-update is not 'true'.
2026-10-09T11:37:59.0643354Z Processing triggers for fontconfig (2.15.0-1.1ubuntu2) ...
2026-10-09T11:37:59.6300113Z 
2026-10-09T11:37:59.6300746Z Running kernel seems to be up-to-date.
2026-10-09T11:37:59.6301064Z 
2026-10-09T11:37:59.6301204Z Restarting services...
2026-10-09T11:37:59.6365261Z  systemctl restart php8.3-fpm.service
2026-10-09T11:37:59.7342768Z 
2026-10-09T11:37:59.7344096Z No containers need to be restarted.
2026-10-09T11:37:59.7344580Z 
2026-10-09T11:37:59.7357609Z No user sessions are running outdated binaries.
2026-10-09T11:37:59.7357920Z 
2026-10-09T11:37:59.7358347Z No VM guests are running outdated hypervisor (qemu) binaries on this host.
2026-10-09T11:38:00.5485152Z Downloading Chrome for Testing 151.0.7922.34 (playwright chromium v1234) from https://cdn.playwright.dev/builds/cft/151.0.7922.34/linux64/chrome-linux64.zip
2026-10-09T11:38:01.5101003Z |                                                                                |   0% of 184.3 MiB
2026-10-09T11:38:01.6868313Z |■■■■■■■■                                                                        |  10% of 184.3 MiB
2026-10-09T11:38:01.7584256Z |■■■■■■■■■■■■■■■■                                                                |  20% of 184.3 MiB
2026-10-09T11:38:01.8291910Z |■■■■■■■■■■■■■■■■■■■■■■■■                                                        |  30% of 184.3 MiB
2026-10-09T11:38:01.9103073Z |■■■■■■■■■■■■■■■■■■■■■■■■■■■■■■■■                                                |  40% of 184.3 MiB
2026-10-09T11:38:01.9914888Z |■■■■■■■■■■■■■■■■■■■■■■■■■■■■■■■■■■■■■■■■                                        |  50% of 184.3 MiB
2026-10-09T11:38:02.0708704Z |■■■■■■■■■■■■■■■■■■■■■■■■■■■■■■■■■■■■■■■■■■■■■■■■                                |  60% of 184.3 MiB
2026-10-09T11:38:02.1451925Z |■■■■■■■■■■■■■■■■■■■■■■■■■■■■■■■■■■■■■■■■■■■■■■■■■■■■■■■■                        |  70% of 184.3 MiB
2026-10-09T11:38:02.2280821Z |■■■■■■■■■■■■■■■■■■■■■■■■■■■■■■■■■■■■■■■■■■■■■■■■■■■■■■■■■■■■■■■■                |  80% of 184.3 MiB
2026-10-09T11:38:02.3198809Z |■■■■■■■■■■■■■■■■■■■■■■■■■■■■■■■■■■■■■■■■■■■■■■■■■■■■■■■■■■■■■■■■■■■■■■■■        |  90% of 184.3 MiB
2026-10-09T11:38:02.3983123Z |■■■■■■■■■■■■■■■■■■■■■■■■■■■■■■■■■■■■■■■■■■■■■■■■■■■■■■■■■■■■■■■■■■■■■■■■■■■■■■■■| 100% of 184.3 MiB
2026-10-09T11:38:04.4078136Z Chrome for Testing 151.0.7922.34 (playwright chromium v1234) downloaded to /home/runner/.cache/ms-playwright/chromium-1234
2026-10-09T11:38:04.4080724Z Downloading FFmpeg (playwright ffmpeg v1011) from https://cdn.playwright.dev/dbazure/download/playwright/builds/ffmpeg/1011/ffmpeg-linux.zip
2026-10-09T11:38:05.3129702Z |                                                                                |   0% of 2.3 MiB
2026-10-09T11:38:05.3162514Z |■■■■■■■■                                                                        |  10% of 2.3 MiB
2026-10-09T11:38:05.3186045Z |■■■■■■■■■■■■■■■■                                                                |  20% of 2.3 MiB
2026-10-09T11:38:05.3204314Z |■■■■■■■■■■■■■■■■■■■■■■■■                                                        |  30% of 2.3 MiB
2026-10-09T11:38:05.3217642Z |■■■■■■■■■■■■■■■■■■■■■■■■■■■■■■■■                                                |  40% of 2.3 MiB
2026-10-09T11:38:05.3232066Z |■■■■■■■■■■■■■■■■■■■■■■■■■■■■■■■■■■■■■■■■                                        |  50% of 2.3 MiB
2026-10-09T11:38:05.3307364Z |■■■■■■■■■■■■■■■■■■■■■■■■■■■■■■■■■■■■■■■■■■■■■■■■                                |  60% of 2.3 MiB
2026-10-09T11:38:05.3495280Z |■■■■■■■■■■■■■■■■■■■■■■■■■■■■■■■■■■■■■■■■■■■■■■■■■■■■■■■■                        |  70% of 2.3 MiB
2026-10-09T11:38:05.3533276Z |■■■■■■■■■■■■■■■■■■■■■■■■■■■■■■■■■■■■■■■■■■■■■■■■■■■■■■■■■■■■■■■■                |  80% of 2.3 MiB
2026-10-09T11:38:05.3544974Z |■■■■■■■■■■■■■■■■■■■■■■■■■■■■■■■■■■■■■■■■■■■■■■■■■■■■■■■■■■■■■■■■■■■■■■■■        |  90% of 2.3 MiB
2026-10-09T11:38:05.3551757Z |■■■■■■■■■■■■■■■■■■■■■■■■■■■■■■■■■■■■■■■■■■■■■■■■■■■■■■■■■■■■■■■■■■■■■■■■■■■■■■■■| 100% of 2.3 MiB
2026-10-09T11:38:05.3981864Z FFmpeg (playwright ffmpeg v1011) downloaded to /home/runner/.cache/ms-playwright/ffmpeg-1011
2026-10-09T11:38:05.3984577Z Downloading Chrome Headless Shell 151.0.7922.34 (playwright chromium-headless-shell v1234) from https://cdn.playwright.dev/builds/cft/151.0.7922.34/linux64/chrome-headless-shell-linux64.zip
2026-10-09T11:38:06.3490414Z |                                                                                |   0% of 114.7 MiB
2026-10-09T11:38:06.4939196Z |■■■■■■■■                                                                        |  10% of 114.7 MiB
2026-10-09T11:38:06.5348391Z |■■■■■■■■■■■■■■■■                                                                |  20% of 114.7 MiB
2026-10-09T11:38:06.5934214Z |■■■■■■■■■■■■■■■■■■■■■■■■                                                        |  30% of 114.7 MiB
2026-10-09T11:38:06.6356062Z |■■■■■■■■■■■■■■■■■■■■■■■■■■■■■■■■                                                |  40% of 114.7 MiB
2026-10-09T11:38:06.6932700Z |■■■■■■■■■■■■■■■■■■■■■■■■■■■■■■■■■■■■■■■■                                        |  50% of 114.7 MiB
2026-10-09T11:38:06.7226200Z |■■■■■■■■■■■■■■■■■■■■■■■■■■■■■■■■■■■■■■■■■■■■■■■■                                |  60% of 114.7 MiB
2026-10-09T11:38:06.7613583Z |■■■■■■■■■■■■■■■■■■■■■■■■■■■■■■■■■■■■■■■■■■■■■■■■■■■■■■■■                        |  70% of 114.7 MiB
2026-10-09T11:38:06.8094404Z |■■■■■■■■■■■■■■■■■■■■■■■■■■■■■■■■■■■■■■■■■■■■■■■■■■■■■■■■■■■■■■■■                |  80% of 114.7 MiB
2026-10-09T11:38:06.8646944Z |■■■■■■■■■■■■■■■■■■■■■■■■■■■■■■■■■■■■■■■■■■■■■■■■■■■■■■■■■■■■■■■■■■■■■■■■        |  90% of 114.7 MiB
2026-10-09T11:38:06.9200694Z |■■■■■■■■■■■■■■■■■■■■■■■■■■■■■■■■■■■■■■■■■■■■■■■■■■■■■■■■■■■■■■■■■■■■■■■■■■■■■■■■| 100% of 114.7 MiB
2026-10-09T11:38:08.3662266Z Chrome Headless Shell 151.0.7922.34 (playwright chromium-headless-shell v1234) downloaded to /home/runner/.cache/ms-playwright/chromium_headless_shell-1234
2026-10-09T11:38:08.3897756Z ##[group]Run node tools/character-3d/nonplayer-review.cjs test-results/full-rollout/production-nonplayer --functional-only --require-full
2026-10-09T11:38:08.3898570Z [36;1mnode tools/character-3d/nonplayer-review.cjs test-results/full-rollout/production-nonplayer --functional-only --require-full[0m
2026-10-09T11:38:08.3954489Z shell: /usr/bin/bash -e {0}
2026-10-09T11:38:08.3954704Z ##[endgroup]
2026-10-09T11:38:08.9273413Z functional role START companion:cat_friend
2026-10-09T11:38:13.0479949Z functional role PASS companion:cat_friend
2026-10-09T11:38:13.0650438Z functional role START companion:rabbit_friend
2026-10-09T11:38:17.4838736Z functional role PASS companion:rabbit_friend
2026-10-09T11:38:17.5086207Z functional role START companion:tanuki
2026-10-09T11:38:22.9459294Z functional role PASS companion:tanuki
2026-10-09T11:38:22.9628196Z functional role START companion:squirrel
2026-10-09T11:38:27.3527807Z functional role PASS companion:squirrel
2026-10-09T11:38:27.3632457Z functional role START companion:owl
2026-10-09T11:38:31.5744047Z functional role PASS companion:owl
2026-10-09T11:38:31.5861226Z functional role START companion:otter
2026-10-09T11:38:35.6298619Z functional role PASS companion:otter
2026-10-09T11:38:35.6414586Z functional role START companion:hamster
2026-10-09T11:38:39.8082084Z functional role PASS companion:hamster
2026-10-09T11:38:39.8262827Z functional role START companion:panda
2026-10-09T11:38:44.0850565Z functional role PASS companion:panda
2026-10-09T11:38:44.1045964Z functional role START companion:monkey
2026-10-09T11:38:47.7948254Z functional role PASS companion:monkey
2026-10-09T11:38:47.8089948Z functional role START companion:parrot
2026-10-09T11:38:51.7117111Z functional role PASS companion:parrot
2026-10-09T11:38:51.7363545Z functional role START companion:sheep
2026-10-09T11:38:55.2750152Z functional role PASS companion:sheep
2026-10-09T11:38:55.3008401Z functional role START companion:seal
2026-10-09T11:38:59.9910629Z functional role PASS companion:seal
2026-10-09T11:39:00.0037891Z functional role START companion:bat
2026-10-09T11:39:04.2530520Z functional role PASS companion:bat
2026-10-09T11:39:04.3037874Z functional role START companion:chicken
2026-10-09T11:39:07.7643233Z functional role PASS companion:chicken
2026-10-09T11:39:07.7786630Z functional role START companion:penguin_friend
2026-10-09T11:39:11.9498154Z functional role PASS companion:penguin_friend
2026-10-09T11:39:11.9651436Z functional role START companion:hedgehog
2026-10-09T11:39:15.7980795Z functional role PASS companion:hedgehog
2026-10-09T11:39:15.8248025Z functional role START companion:shiba
2026-10-09T11:39:19.2248003Z functional role PASS companion:shiba
2026-10-09T11:39:19.2385789Z functional role START companion:snail
2026-10-09T11:39:23.7691508Z functional role PASS companion:snail
2026-10-09T11:39:23.7855920Z functional role START companion:punyu
2026-10-09T11:39:28.4561488Z functional role PASS companion:punyu
2026-10-09T11:39:28.4679496Z functional role START companion:sekizou
2026-10-09T11:39:32.1677892Z functional role PASS companion:sekizou
2026-10-09T11:39:32.2018003Z functional role START companion:chameleon
2026-10-09T11:39:35.9722241Z functional role PASS companion:chameleon
2026-10-09T11:39:35.9856064Z functional role START companion:clock
2026-10-09T11:39:39.9406793Z functional role PASS companion:clock
2026-10-09T11:39:39.9502769Z functional role START companion:unicorn
2026-10-09T11:39:44.0840382Z functional role PASS companion:unicorn
2026-10-09T11:39:44.1040266Z functional role START companion:many_tail_fox
2026-10-09T11:39:47.6805550Z functional role PASS companion:many_tail_fox
2026-10-09T11:39:47.6998334Z functional role START companion:watcher
2026-10-09T11:39:51.8513071Z functional role PASS companion:watcher
2026-10-09T11:39:51.8611092Z functional role START companion:box
2026-10-09T11:39:56.1272719Z functional role PASS companion:box
2026-10-09T11:39:56.1500408Z functional role START partner:cat_ceo
2026-10-09T11:40:00.4469411Z functional role PASS partner:cat_ceo
2026-10-09T11:40:00.4620664Z functional role START partner:robot_neighbor
2026-10-09T11:40:04.4820697Z functional role PASS partner:robot_neighbor
2026-10-09T11:40:04.5050989Z functional role START partner:field_cow
2026-10-09T11:40:08.6824344Z functional role PASS partner:field_cow
2026-10-09T11:40:08.6976065Z functional role START partner:sunflower_partner
2026-10-09T11:40:11.8717738Z functional role PASS partner:sunflower_partner
2026-10-09T11:40:11.8867726Z functional role START partner:forest_bear
2026-10-09T11:40:16.1989047Z functional role PASS partner:forest_bear
2026-10-09T11:40:16.2121102Z functional role START partner:grove_deer
2026-10-09T11:40:20.5055458Z functional role PASS partner:grove_deer
2026-10-09T11:40:20.5161284Z functional role START partner:cliff_goat
2026-10-09T11:40:24.3830267Z functional role PASS partner:cliff_goat
2026-10-09T11:40:24.3934854Z functional role START partner:high_eagle
2026-10-09T11:40:28.8877646Z functional role PASS partner:high_eagle
2026-10-09T11:40:28.9101086Z functional role START partner:snow_spirit
2026-10-09T11:40:33.1659226Z functional role PASS partner:snow_spirit
2026-10-09T11:40:33.1807835Z functional role START partner:snowman
2026-10-09T11:40:37.7257867Z functional role PASS partner:snowman
2026-10-09T11:40:37.7397794Z functional role START partner:rock_octopus
2026-10-09T11:40:42.4210130Z functional role PASS partner:rock_octopus
2026-10-09T11:40:42.4285583Z functional role START partner:sea_mermaid
2026-10-09T11:40:46.2992832Z functional role PASS partner:sea_mermaid
2026-10-09T11:40:46.3121644Z functional role START partner:anglerfish
2026-10-09T11:40:50.5231406Z functional role PASS partner:anglerfish
2026-10-09T11:40:50.5477853Z functional role START partner:swamp_croc
2026-10-09T11:40:54.7983739Z functional role PASS partner:swamp_croc
2026-10-09T11:40:54.8129789Z functional role START partner:gentle_gorilla
2026-10-09T11:40:58.4009770Z functional role PASS partner:gentle_gorilla
2026-10-09T11:40:58.4102383Z functional role START partner:knitting_spider
2026-10-09T11:41:02.3574622Z functional role PASS partner:knitting_spider
2026-10-09T11:41:02.3848218Z functional role START partner:desert_scorpion
2026-10-09T11:41:06.8957888Z functional role PASS partner:desert_scorpion
2026-10-09T11:41:06.9177909Z functional role START partner:oasis_cactus
2026-10-09T11:41:10.4546995Z functional role PASS partner:oasis_cactus
2026-10-09T11:41:10.4666781Z functional role START author:naoto
2026-10-09T11:41:15.6516157Z functional role PASS author:naoto
2026-10-09T11:41:17.2242802Z production role functional PASS 45/45; missing=
2026-10-09T11:41:17.2431427Z ##[group]Run node tools/character-3d/meguru-qa.cjs --rollout --no-species --no-perf --integration-scene --no-capture --out test-results/full-rollout/meguru
2026-10-09T11:41:17.2432275Z [36;1mnode tools/character-3d/meguru-qa.cjs --rollout --no-species --no-perf --integration-scene --no-capture --out test-results/full-rollout/meguru[0m
2026-10-09T11:41:17.2488891Z shell: /usr/bin/bash -e {0}
2026-10-09T11:41:17.2489104Z ##[endgroup]
2026-10-09T11:42:12.7843885Z node:internal/process/promises:394
2026-10-09T11:42:12.7844452Z     triggerUncaughtException(err, true /* fromPromise */);
2026-10-09T11:42:12.7844893Z     ^
2026-10-09T11:42:12.7845056Z 
2026-10-09T11:42:12.7845386Z page.evaluate: Error: repeated scene readiness timeout
2026-10-09T11:42:12.7845979Z     at wait (eval at evaluate (:311:30), <anonymous>:5:150)
2026-10-09T11:42:12.7846468Z     at async cycle (eval at evaluate (:311:30), <anonymous>:10:27)
2026-10-09T11:42:12.7847184Z     at async eval (eval at evaluate (:311:30), <anonymous>:19:21)
2026-10-09T11:42:12.7847599Z     at async <anonymous>:337:30
2026-10-09T11:42:12.7848285Z     at Object.repeatScene (/home/runner/work/naotocchi/naotocchi/tools/character-3d/runtime-integration.cjs:164:15)
2026-10-09T11:42:12.7849167Z     at /home/runner/work/naotocchi/naotocchi/tools/character-3d/meguru-qa.cjs:159:227 {
2026-10-09T11:42:12.7849673Z   log: []
2026-10-09T11:42:12.7849884Z }
2026-10-09T11:42:12.7849996Z 
2026-10-09T11:42:12.7850099Z Node.js v22.23.3
2026-10-09T11:42:12.7943460Z ##[error]Process completed with exit code 1.
2026-10-09T11:42:12.8035157Z ##[group]Run actions/upload-artifact@v4
2026-10-09T11:42:12.8035385Z with:
2026-10-09T11:42:12.8035632Z   name: full-rollout-meguru-6df4db58dc505b272fe365748b3f55b9c7780ff0
2026-10-09T11:42:12.8035936Z   path: test-results/full-rollout
2026-10-09T11:42:12.8036139Z   if-no-files-found: warn
2026-10-09T11:42:12.8036324Z   compression-level: 6
2026-10-09T11:42:12.8036495Z   overwrite: false
2026-10-09T11:42:12.8036876Z   include-hidden-files: false
2026-10-09T11:42:12.8037079Z ##[endgroup]
2026-10-09T11:42:12.9362710Z (node:3873) [DEP0040] DeprecationWarning: The `punycode` module is deprecated. Please use a userland alternative instead.
2026-10-09T11:42:12.9363701Z (Use `node --trace-deprecation ...` to show where the warning was created)
2026-10-09T11:42:12.9424116Z With the provided path, there will be 1 file uploaded
2026-10-09T11:42:12.9424866Z Artifact name is valid!
2026-10-09T11:42:12.9425235Z Root directory input is valid!
2026-10-09T11:42:13.3094162Z Beginning upload of artifact content to blob storage
2026-10-09T11:42:13.3309524Z (node:3873) [DEP0169] DeprecationWarning: `url.parse()` behavior is not standardized and prone to errors that have security implications. Use the WHATWG URL API instead. CVEs are not issued for `url.parse()` vulnerabilities.
2026-10-09T11:42:13.5509260Z Uploaded bytes 7038
2026-10-09T11:42:13.6109577Z Finished uploading artifact content to blob storage!
2026-10-09T11:42:13.6110697Z SHA256 digest of uploaded artifact zip is 6fc3eeed5489d28082c68fcd2c3e4b2715c0347f7bcfbac3c84774fbfbf3d33d
2026-10-09T11:42:13.6111520Z Finalizing artifact upload
2026-10-09T11:42:13.8518341Z Artifact full-rollout-meguru-6df4db58dc505b272fe365748b3f55b9c7780ff0.zip successfully finalized. Artifact ID 11613667094
2026-10-09T11:42:13.8519944Z Artifact full-rollout-meguru-6df4db58dc505b272fe365748b3f55b9c7780ff0 has been successfully uploaded! Final size is 7038 bytes. Artifact ID is 11613667094
2026-10-09T11:42:13.8524734Z Artifact download URL: https://github.com/Naoto214/naotocchi/actions/runs/37924802873/artifacts/11613667094
2026-10-09T11:42:13.8691052Z Post job cleanup.
2026-10-09T11:42:13.9371262Z [command]/usr/bin/git version
2026-10-09T11:42:13.9408609Z git version 2.55.0
2026-10-09T11:42:13.9440906Z Temporarily overriding HOME='/home/runner/work/_temp/07dce621-972b-4671-882c-29c6af2c36b8' before making global git config changes
2026-10-09T11:42:13.9442042Z Adding repository directory to the temporary git global config as a safe directory
2026-10-09T11:42:13.9445589Z [command]/usr/bin/git config --global --add safe.directory /home/runner/work/naotocchi/naotocchi
2026-10-09T11:42:13.9477995Z [command]/usr/bin/git config --local --name-only --get-regexp core\.sshCommand
2026-10-09T11:42:13.9506424Z [command]/usr/bin/git submodule foreach --recursive sh -c "git config --local --name-only --get-regexp 'core\.sshCommand' && git config --local --unset-all 'core.sshCommand' || :"
2026-10-09T11:42:13.9723927Z [command]/usr/bin/git config --local --name-only --get-regexp http\.https\:\/\/github\.com\/\.extraheader
2026-10-09T11:42:13.9750874Z http.https://github.com/.extraheader
2026-10-09T11:42:13.9760278Z [command]/usr/bin/git config --local --unset-all http.https://github.com/.extraheader
2026-10-09T11:42:13.9791184Z [command]/usr/bin/git submodule foreach --recursive sh -c "git config --local --name-only --get-regexp 'http\.https\:\/\/github\.com\/\.extraheader' && git config --local --unset-all 'http.https://github.com/.extraheader' || :"
2026-10-09T11:42:14.0007191Z [command]/usr/bin/git config --local --name-only --get-regexp ^includeIf\.gitdir:
2026-10-09T11:42:14.0039112Z [command]/usr/bin/git submodule foreach --recursive git config --local --show-origin --name-only --get-regexp remote.origin.url
2026-10-09T11:42:14.0379046Z Cleaning up orphan processes
2026-10-09T11:42:14.0641384Z ##[warning]Node.js 20 is deprecated. The following actions target Node.js 20 but are being forced to run on Node.js 24: actions/checkout@v4, actions/setup-node@v4, actions/upload-artifact@v4. For more information see: https://github.blog/changelog/2025-09-19-deprecation-of-node-20-on-github-actions-runners/
