(node:11) [MODULE_TYPELESS_PACKAGE_JSON] Warning: Module type of file:///workspace/scratch/150320e8a2fd/character-rollout/vendor/three-0.170.0/three.module.min.js is not specified and it doesn't parse as CommonJS.
Reparsing as ES module because module syntax was detected. This incurs a performance overhead.
To eliminate this warning, add "type": "module" to /workspace/scratch/150320e8a2fd/character-rollout/package.json.
(Use `node --trace-warnings ...` to show where the warning was created)
✔ Punyu source uses an opaque yellow melting silhouette with bent tip, low trailing lobe and scalloped base (129.296325ms)
✔ Punyu single face stays visible and finite through32 canonical states (56.067502ms)
✖ Punyu curled notch remains open and inner color never protrudes through the closed outer volume (7.462328ms)
ℹ tests 3
ℹ suites 0
ℹ pass 2
ℹ fail 1
ℹ cancelled 0
ℹ skipped 0
ℹ todo 0
ℹ duration_ms 297.018284

✖ failing tests:

test at tests/character-3d-punyu-candidate-test.cjs:9:1
✖ Punyu curled notch remains open and inner color never protrudes through the closed outer volume (7.462328ms)
  AssertionError [ERR_ASSERTION]: curled tip notch must be empty through depth
  
  2 !== 0
  
      at TestContext.<anonymous> (/workspace/scratch/150320e8a2fd/character-rollout/tests/character-3d-punyu-candidate-test.cjs:11:106)
      at async Test.run (node:internal/test_runner/test:1389:7)
      at async Test.processPendingSubtests (node:internal/test_runner/test:960:7) {
    generatedMessage: false,
    code: 'ERR_ASSERTION',
    actual: 2,
    expected: 0,
    operator: 'strictEqual',
    diff: 'simple'
  }
