npm warn Unknown env config "http-proxy". This will stop working in the next major version of npm.

> test
> node tests/smoke-test.js && node tests/dialogue-test.js && node tests/visual-qa-test.cjs && node --test tests/item-art-unification-test.cjs tests/naoto-lantern-ring-test.cjs tests/naoto-crown-test.cjs tests/consumables-v2-migration-test.cjs tests/consumables-v2-eggs-test.cjs tests/consumables-v2-life-test.cjs tests/consumables-v2-forms-test.cjs tests/consumables-v2-encounters-test.cjs tests/movie-test.cjs tests/clownfish-romance-test.cjs tests/local-scenery-test.cjs tests/world-scene-test.cjs tests/minigame-lifecycle-test.cjs tests/growth-balance-test.cjs tests/item-inventory-test.cjs tests/item-care-game-test.cjs tests/items-v2-care-automation-test.cjs tests/items-v2-ease-automation-test.cjs tests/item-relations-travel-test.cjs tests/item-experiences-test.cjs tests/item-collections-economy-test.cjs tests/item-economy-sources-v2-test.cjs tests/economy-test.cjs tests/lucky-coin-test.cjs tests/midlife-test.cjs tests/offline-test.cjs tests/screens-test.cjs tests/scoring-shop-test.cjs tests/album-test.cjs tests/input-polish-test.cjs tests/migration-test.cjs tests/overlay-test.cjs tests/sticker-test.cjs tests/quick-mode-test.cjs tests/quick-daily-economy-v2-test.cjs tests/meguru-test.cjs tests/meguru-audit-test.cjs tests/meguru-fauna-test.cjs tests/meguru-world-design-test.cjs tests/meguru-motion-test.cjs tests/time-pause-test.cjs tests/asset-versions-test.cjs tests/minigame-illustrations-test.cjs tests/save-recovery-test.cjs tests/ui-integration-test.cjs tests/cast-layout-test.cjs tests/cast-motion-test.cjs tests/world-environment-test.cjs tests/region-identity-test.cjs tests/viewport-design-test.cjs tests/home-touch-test.cjs tests/egg-hatching-test.cjs tests/audio-regression-test.cjs tests/post-integration-audit-test.cjs tests/care-status-test.cjs tests/care-status-integration-test.cjs tests/ui-illustrations-test.cjs tests/comment-illustrations-test.cjs tests/notice-food-illustrations-test.cjs tests/prop-illustrations-test.cjs tests/life-display-test.cjs tests/life-stage-profiles-test.cjs tests/display-illustrations-test.cjs tests/canvas-illustrations-test.cjs tests/illustration-catalog-test.cjs tests/meguru-region-identity-test.cjs tests/meguru-map-test.cjs tests/meguru-collision-test.cjs tests/meguru-life-test.cjs tests/meguru-world-map-test.cjs tests/meguru-transition-test.cjs tests/meguru-transition-polish-test.cjs tests/meguru-explore-ux-test.cjs tests/meguru-discovery-test.cjs tests/meguru-scenery-polish-test.cjs tests/meguru-scenery-polish2-test.cjs tests/meguru-scenery-final-qa-test.cjs tests/meguru-visual-completion-test.cjs tests/meguru-sea-route-test.cjs tests/meguru-phase3a-audit-test.cjs tests/meguru-phase3b0-test.cjs tests/meguru-phase3b1-test.cjs tests/meguru-phase3b2-test.cjs tests/meguru-phase3b3-test.cjs tests/meguru-phase3b4-test.cjs tests/meguru-phase3b-final-test.cjs tests/meguru-phase4b-test.cjs tests/meguru-phase4c-test.cjs tests/meguru-phase4d1-test.cjs tests/meguru-phase4d2-test.cjs tests/meguru-phase4d2b-test.cjs tests/meguru-phase4d2c-test.cjs tests/meguru-phase4e1-test.cjs tests/meguru-phase4e2-test.cjs tests/meguru-party-formation-test.cjs tests/meguru-party-lod-test.cjs tests/meguru-phase4e3-test.cjs tests/meguru-phase4e4a-test.cjs tests/meguru-phase4e4b-test.cjs tests/meguru-phase4e4c-test.cjs tests/save-integrity-test.cjs tests/progress-counts-test.cjs tests/harness-determinism-test.cjs tests/asset-integrity-test.cjs tests/region-registry-test.cjs tests/content-registry-test.cjs tests/meguru-denominators-test.cjs tests/test-helpers-test.cjs tests/meguru-party-arrival-test.cjs tests/meguru-party-player-collision-test.cjs tests/meguru-3d-prototype-test.cjs tests/meguru-3d-foundation-v2-test.cjs tests/meguru-3d-art-direction-test.cjs tests/meguru-3d-geometry-terrain-test.cjs tests/meguru-3d-geometry-audit-test.cjs tests/meguru-3d-visual-quality-test.cjs tests/meguru-render-cost-test.cjs tests/save-compat-test.cjs tests/session-safety-test.cjs tests/nav-a11y-test.cjs tests/release-hygiene-test.cjs tests/emotion-state-test.cjs tests/hunger-profile-test.cjs tests/pet-expression-test.cjs tests/pet-expression-assets-test.cjs tests/cat-expression-preview-test.cjs tests/emotion-integration-test.cjs tests/pet-expression-integration-test.cjs && node --test tests/relationship-expression-test.cjs tests/relationship-expression-integration-test.cjs tests/relationship-reaction-test.cjs

SMOKE TEST OK
DOM ids: 380
minigames started: 100
variant collections: 92
LEGEND SCHEDULER TEST OK: 6 blocked states; 7 paused menus; non-winning roll; 5 unseen legends; pause, skip, close and one reward-free encounter.
DIALOGUE TEST OK: 20 events; 18 partners; 26 companions; action handlers; 2500ms timing; cancellation; recency; 10 sampled legend stories; 16 anniversary cases.
DATE LIFECYCLE TEST OK: ordinary dates, skip/close, pause/resume/cooldown and complete deep-sea branches.
WHOLE-TEXT TEST OK: 248 descriptions; 40 ordinary stories; 10 deep-sea plans; ordinary date skip/close; 36 anniversary lines; event memories; 18 first encounters.
CAST TEST OK: snail encounters and speech; retired koala migration, bond, row, dex and earned achievements; PNG renderer reference.
NORMAL CAST PNG TEST OK: 19 PNG headers; 18 companions x 5 renderer sizes; 9+9 live rows; collected and locked dex.
RARE CAST PNG TEST OK: 8 PNGs x 5 renderer sizes; invite/profile/row/dex; hidden and partial dex; 13+13 mixed rows; bond retained.
CLOCK CAST TEST OK: real encounter and 69/70 recruitment; five dialogue events; legacy mushroom save, bond, PNG, dialogue and rare dex; unique current/legacy counts.
PARTNER CAST PNG TEST OK: 18 PNGs x 5 sizes; saved relationships; companion/profile/dex; 180 complete dates; 72 complete anniversaries; first encounters; aliases, guests and hidden dex.
AUTHOR ENDING TEST OK: 247/248 unlock; native dex count; goals 4/5; direct goal 5 at 25/100 and both exits; pet and life-record preservation; 4200ms greeting; old-save access and rewards; hidden/repeatable shop greeting; textless goals 1-3 and reward notices.
MAIN 203 AUTHOR COMPATIBILITY OK: prior perfect save keeps author, crown and infinite mode; six new achievements stay unearned; 99/100 current games excludes retired records and opens goal 5 correctly.
VISUAL QA ROUTE TEST OK: generated script compiles; egg, anniversary, legend and ordinary date saves; long disease selects medicine; illustrated save reloads 26 companions, partner, 10 shop items. No browser rendering claimed.
[naotocchi] test Error: probe failure
    at TestContext.<anonymous> (/workspace/scratch/ff6d1b102871/world/tests/album-test.cjs:46:28)
    at Test.runInAsyncScope (node:async_hooks:227:14)
    at Test.run (node:internal/test_runner/test:1382:25)
    at Test.processPendingSubtests (node:internal/test_runner/test:960:18)
    at Test.postRun (node:internal/test_runner/test:1522:19)
    at Test.run (node:internal/test_runner/test:1447:12)
    at async Test.processPendingSubtests (node:internal/test_runner/test:960:7)
✔ the life timeline groups log entries by age and the data screen shows it (157.479548ms)
✔ a life card code round-trips and past lives keep their timeline and code (63.066719ms)
✔ the life card lists the whole timeline and a code button (44.550222ms)
✔ recorded runtime errors appear in the data screen (66.861325ms)
✔ every static assets/… reference in HTML, CSS and JS exists with the exact case (42.673904ms)
✔ every script and stylesheet carries a token whose hash matches the file (bump-versions formula) (26.300456ms)
✔ dynamic paths: current species, unified items, egg frames and goal-art fallbacks exist (339.715952ms)
✔ the checks catch a missing file, a case mismatch, a stale token, a missing token and a missing dynamic path (1.131192ms)
✔ the real index.html and references turn red when a token goes stale, a token is dropped or a path changes case (57.137497ms)
✔ npm run bump still rewrites only the ?v= tokens with YYYYMMDD-<assetHash>, and is idempotent (385.300222ms)
✔ index.html asset references exist and carry cache tokens (3.356592ms)
✔ the bump tool rewrites only cache tokens (0.250918ms)
✔ all eight BGM scenes request valid waveforms and schedule two complete loops (97.338271ms)
✔ Quick voice routes pico, browser reading and silence through the saved mode (6.228903ms)
✔ the actual TTS controller ducks both buses and replaces the scheduled recovery (3.120566ms)
✔ quick cues are shaped into short, punchy shouts: crisp stop, rising question, faster rate for longer words (1.373128ms)
✔ ordinary text keeps native arguments and receiver with no illustration state changes (8.878094ms)
✔ mixed text draws art in the original glyph advance and keeps center/baseline/state (2.000349ms)
✔ maxWidth compresses the whole decorated run and RTL start alignment keeps the right edge (5.960499ms)
✔ pending, missing and failed images never draw an emoji and settle without scheduling a canvas redraw (2.309203ms)
✔ loaded image replaces a pending placeholder on the next caller frame and draw errors stay contained (5.371303ms)
✔ atlas crops reuse supplied images and actor markers remain separate from bonus symbols (1.177079ms)
✔ a malformed atlas cannot sample neighboring or absent artwork (10.316529ms)
✔ scenery clip bounds preserve the original frame scale and transparent margins (1.080167ms)
✔ out-of-frame clip bounds cannot expose neighboring atlas illustrations (10.474812ms)
✔ ordinary copyright and registered marks keep native text while explicit emoji variants use art (1.539973ms)
✔ joined emoji, flags and keycaps are replaced as whole symbols (8.380674ms)
✔ tagged flags stay one complete symbol in live text and preloading (1.324035ms)
✔ slide puzzle refreshes cached art on its normal frame after loading and never after retirement (182.480433ms)
✔ road offscreen sprite caches replace placeholders after loading without drawing raw emoji (64.472674ms)
✔ illustrated road play retains input results, rewards and completion timing (3171.900849ms)
✔ pre-decode keeps the atlas decoded once as an ImageBitmap, draws from it, and never bumps the sprite version (6.24962ms)
✔ pre-decode failure, svg art and a size mismatch all keep the ordinary lazy image draw (9.488346ms)
✔ health danger is visible before dying and survives unrelated messages and expiry (154.646024ms)
✔ illness remains recognizable alongside low life, and medicine clears only the illness effects (35.654931ms)
✔ illness names the condition above the character instead of generic care wording (35.305358ms)
✔ attention effects stop for menus, games, stories and hidden tabs, then reconstruct at home (75.437958ms)
✔ lightweight mode retains the alert but requests still effects (22.897605ms)
✔ sweat stays beside the painted young fish instead of its transparent upper frame (34.411554ms)
✔ critical care advice follows the real sequence without medicine for a healthy pet (65.095319ms)
✔ six-tick health death remains unchanged while every living tick has a notice (35.882997ms)
✔ reloaded illness reconstructs a notice and medicine resolves it (42.545565ms)
✔ explicit care displays changes once; ordinary natural ticks stay quiet (23.304383ms)
✔ danger presentation clears behind overlays and returns with the same state (34.071193ms)
✔ egg, farewell and immortal states do not inherit death warnings (29.61776ms)
✔ reduced motion and lightweight mode retain static warning text (85.632257ms)
✔ numeric feedback keeps the explanation of a mistaken medicine visible (28.438757ms)
✔ a growth milestone waits for action feedback instead of being forgotten (25.994066ms)
✔ a recovery milestone waits while a higher priority warning remains (65.78962ms)
✔ a delayed sleep recovery never tells an already awake pet to wake (57.628458ms)
✔ illness care is readable before an arbitrarily long saved disease name (35.563287ms)
✔ running cat sweat brackets its head rather than the distant tail (58.141062ms)
✔ static script exposes the pure assessment interface on window (2.798802ms)
✔ signals exposes canonical mild and strong display bands without changing assess (4.617354ms)
✔ signals keeps life and stage semantics identical to current care rules (0.252592ms)
✔ signals exposes health, sickness, sleep, and pet availability without mutating state (0.290457ms)
✔ assess leaves healthy and non-playable life stages quiet without mutating state (0.170942ms)
✔ assess treats each real mortal life-risk signal as critical (0.38818ms)
✔ low life gives recovery advice before the critical threshold and clears after recovery (0.253252ms)
✔ life and health notices choose one useful action from the actual cause (0.346209ms)
✔ health advice never prescribes harmful care and falls back from unavailable affection (0.266572ms)
✔ high life risk restores every stat to the 60-point recovery threshold (0.243808ms)
✔ unavailable affection uses sleep when exhausted and play when energy is adequate (0.200945ms)
✔ assess reports ordinary care needs in priority order (3.394078ms)
✔ sickness labels remain plain text data for the textContent renderer (0.17719ms)
✔ sleep notices distinguish ongoing recovery from a completed rest (0.137362ms)
✔ fixed-slot status copy stays compact and has no Japanese word spacing (0.236888ms)
✔ immortality defaults from state and suppresses death wording while retaining care advice (0.198822ms)
✔ snapshot copies only fields used by explicit action summaries (0.175317ms)
✔ changes reports at most two meaningful deltas in care priority order (0.315473ms)
✔ changes derives life from risk and keeps decline improvement negative (4.949402ms)
✔ changes ignores sub-point drift and does not mutate either snapshot (0.215978ms)
✔ a married partner keeps a readable ring between the couple and clear of every moving character (17226.828637ms)
✔ a ring keeps companions readable when another arrangement fits at the same main size (8.663685ms)
✔ the poop row keeps the same lower-right anchor above speech across party sizes and art changes (537.013423ms)
✔ home wings balance the painted gaps around the main body, including different PNG padding (105.359182ms)
✔ every intermediate party size fits the minimum fixed home, with partner/item independently present (421.65001ms)
✔ mixed failed and padded friend images keep every stress-count actor and poop slot in a fixed home (13.835862ms)
✔ a mixed 31-friend wing fits the minimum height without moving the permanent poop strip (10.556005ms)
✔ poop follows the applied field scale rather than the companion count, with a readable floor (14.531148ms)
✔ failed companion images keep the balanced cast and the poop row inside the smallest home (12.41787ms)
✔ home conversation stays centered below the permanent poop strip without covering the completed cast (2602.725849ms)
✔ a home cast stays in view during its larger hop and sway and leaves the floor clear (652.5203ms)
✔ whole cast fits with room for sway and four-pixel companion gaps (2535.813025ms)
✔ unknown or failed art retains complete frames without overlapping the core (68.528471ms)
✔ independent reactions retain full frames and four-pixel friend gaps throughout the sway (2382.502303ms)
✔ a ticklish line moves the pet and equipment together, then the speaking friend is identified without a second celebration (257.97266ms)
✔ courtship follows the actual partner, while a failed courtship never celebrates (69.748647ms)
✔ non-Relationship group responses remain visible, while negative outcomes settle once (121.6977ms)
✔ poop updates preserve every placed actor and do not interrupt a reaction (90.253096ms)
✔ care moods follow the line and outcome instead of always bouncing happily (17.510209ms)
✔ a comforting reply cannot make the disappointed or unwell pet celebrate (55.359474ms)
✔ a new action cancels old replies and an old animation cannot clear a new one (46.790723ms)
✔ menus and hidden pages stop reactions, and reduced motion still identifies the speaker (86.527046ms)
✔ a companion who left before their turn cannot speak or animate a different companion (327.493372ms)
✔ enabling reduced motion mid-speech stops movement but preserves the current speaker (20.280009ms)
✔ every motion and its interpolation stay inside the reserved one- or three-pixel envelope (275.141938ms)
✔ pet-only cues animate the pet and accessory with identical frames (0.746938ms)
✔ pet reports zero when its animation cannot start (0.571079ms)
✔ isActive tracks pet motion and idle can exclude the pet (0.356373ms)
✔ medicine cure settles first unless the text describes rejection (0.27206ms)
✔ pet care semantics win over randomized line tone without changing social tone (0.212422ms)
✔ buildPreview wraps the current game with a compact isolated phone-safe control shell (502.825202ms)
✔ default preview seeds an exact fresh-state adult hungry cat in memory only (316.113571ms)
✔ the generated Map-backed adapter implements the complete disposable Storage surface (167.103057ms)
✔ URL presets use a strict allowlist and reset every care fixture independently (854.596006ms)
✔ temporary happy stays on ordinary care controls and never runs automatically (166.658405ms)
✔ CLI writes the same self-contained preview for the requested safe preset (755.444819ms)
✔ all preview forms keep selected faces visible across startup saves without achievement flashes (8200.833339ms)
✔ preset clicks reset only the child session and bootstrap uses that selected preset (215.77665ms)
✔ kitten preview seeds the real third stage in isolated storage and rejects unknown forms (137.854014ms)
✔ otemba preview seeds the fourth stage in disposable storage (113.109306ms)
✔ young preview seeds the fifth stage in disposable storage (145.127469ms)
✔ calm preview seeds the seventh stage in disposable storage (116.719829ms)
✔ elder preview seeds the eighth stage in disposable storage (139.686936ms)
✔ toddler preview seeds the second stage in disposable storage (125.249249ms)
✔ baby preview seeds the first stage in disposable storage (143.446629ms)
✔ adult dog preview uses isolated storage and the real sixth stage (92.895965ms)
✔ query-selected dog matches the dropdown and can switch back to adult cat (252.074703ms)
✔ puppy preview uses isolated storage and the real third stage (115.175492ms)
✔ wanpaku preview uses isolated storage and the real fourth stage (98.114831ms)
✔ young dog preview uses isolated storage and the real fifth stage (139.762758ms)
✔ calm dog preview uses isolated storage and the real seventh stage (131.546458ms)
✔ babyDog preview uses isolated storage and the correct age stage (125.290019ms)
✔ toddlerDog preview uses isolated storage and the correct age stage (112.610263ms)
✔ elderDog preview uses isolated storage and the correct age stage (106.709605ms)
✔ man preview exposes every stage and never accesses real saves (555.847071ms)
✔ woman preview exposes every stage and never accesses real saves (579.439046ms)
✔ penguin preview exposes every stage and never accesses real saves (545.230891ms)
✔ turtle preview exposes every stage and never accesses real saves (550.449557ms)
✔ frog preview exposes every stage and never accesses real saves (540.199645ms)
✔ clownfish preview exposes every stage and never accesses real saves (481.105083ms)
✔ salmon preview exposes every stage and never accesses real saves (483.008439ms)
✔ hermit_crab preview exposes every stage and never accesses real saves (419.611902ms)
✔ jellyfish preview exposes every stage and never accesses real saves (471.241174ms)
✔ starfish preview exposes every stage and never accesses real saves (624.765624ms)
✔ coral preview exposes every stage and never accesses real saves (535.846188ms)
✔ butterfly preview exposes every stage and never accesses real saves (605.70679ms)
✔ beetle preview exposes every stage and never accesses real saves (506.384572ms)
✔ stagbeetle preview exposes every stage and never accesses real saves (574.909434ms)
✔ cicada preview exposes every stage and never accesses real saves (605.507187ms)
✔ antlion preview exposes every stage and never accesses real saves (1303.270805ms)
✔ dandelion preview exposes every stage and never accesses real saves (578.612914ms)
✔ sakura preview exposes every stage and never accesses real saves (627.819462ms)
✔ venus_flytrap preview exposes every stage and never accesses real saves (594.615361ms)
✔ mushroom preview exposes every stage and never accesses real saves (696.786161ms)
✔ dragon preview exposes every stage and never accesses real saves (570.224987ms)
✔ phoenix preview exposes every stage and never accesses real saves (588.913366ms)
✔ god preview exposes every stage and never accesses real saves (505.353924ms)
✔ world_tree preview exposes every stage and never accesses real saves (707.790874ms)
✔ ghost preview exposes every stage and never accesses real saves (501.664089ms)
✔ star preview exposes every stage and never accesses real saves (515.946753ms)
✔ plush preview exposes every stage and never accesses real saves (428.368244ms)
✔ unknown preview exposes every stage and never accesses real saves (479.160011ms)
✔ ren preview exposes every stage and never accesses real saves (478.221843ms)
✔ salmon preview uses all eight canonical stage names (115.449412ms)
✔ hermit_crab preview uses all eight canonical stage names (83.677956ms)
✔ jellyfish preview uses all eight canonical stage names (136.502159ms)
✔ starfish preview uses all eight canonical stage names (137.370881ms)
✔ coral preview uses all eight canonical stage names (146.402416ms)
✔ butterfly preview uses all eight canonical stage names (180.016158ms)
✔ beetle preview uses all eight canonical stage names (111.471179ms)
✔ stagbeetle preview uses all eight canonical stage names (135.517258ms)
✔ cicada preview uses all eight canonical stage names (89.727913ms)
✔ antlion preview uses all eight canonical stage names (142.947752ms)
✔ dandelion preview uses all eight canonical stage names (118.229536ms)
✔ sakura preview uses all eight canonical stage names (141.706139ms)
✔ venus_flytrap preview uses all eight canonical stage names (339.019081ms)
✔ mushroom preview uses all eight canonical stage names (119.798643ms)
✔ dragon preview uses all eight canonical stage names (114.906718ms)
✔ phoenix preview uses all eight canonical stage names (146.962547ms)
✔ god preview uses all eight canonical stage names (144.926872ms)
✔ world_tree preview uses all eight canonical stage names (108.607746ms)
✔ ghost preview uses all eight canonical stage names (145.859502ms)
✔ star preview uses all eight canonical stage names (116.938812ms)
✔ plush preview uses all eight canonical stage names (133.868599ms)
✔ unknown preview uses canonical punctuation and suppresses disposable rare achievement flashes (114.970501ms)
✔ ren preview uses canonical secret names without a fabricated rare achievement (142.673692ms)
✔ clownfish gay keeps its targets through stages 7 and 8 (413.768062ms)
✔ clownfish straight keeps its targets through stages 7 and 8 (87.961119ms)
✔ new clownfish follow the pictured body stage while NB and other species keep their rules (63.563288ms)
✔ bi male/nonbinary survives sex change and reload without re-selection (146.789129ms)
✔ bi female/nonbinary survives sex change and reload without re-selection (79.991568ms)
✔ bi male/female survives sex change and reload without re-selection (83.338346ms)
✔ bi male/female/nonbinary survives sex change and reload without re-selection (95.078667ms)
✔ pan male/female/nonbinary survives sex change and reload without re-selection (96.102712ms)
✔ aro  survives sex change and reload without re-selection (75.193417ms)
✔ questioning male/female/nonbinary survives sex change and reload without re-selection (155.397769ms)
✔ NB identity remains NB while its clownfish body completes the transition (41.115985ms)
✔ NB body-only change does not reopen an already reconciled relationship (45.112578ms)
✔ a legacy sex-change notice cannot overwrite a primary save recovered from backup (87.02992ms)
✔ a partner whose targets no longer include us is retained as mismatched, including marriage (459.813351ms)
✔ compatible partners keep affection and a newly matching partner leaves mismatch (66.168226ms)
✔ valid saved attraction overrides stale labels for self, partner, and guest (123.001256ms)
✔ legacy late-stage saves migrate once after age conversion; existing females never revert (196.714915ms)
✔ normal and infinite transformations use the selected form; returning restores the original life (26.482676ms)
✔ guest codes preserve individual bi targets and canonical labels; old codes still load (36.692076ms)
✔ shared early-female clownfish keep a female stage name in profile and court (52.796274ms)
✔ a migrated infinite return snapshot gets the same identity repair before resuming (85.543981ms)
✔ real court regression: male/straight against 18 identities (328.860278ms)
✔ real court regression: male/gay against 18 identities (208.177762ms)
✔ real court regression: male/bi against 18 identities (458.361625ms)
✔ real court regression: male/pan against 18 identities (472.88649ms)
✔ real court regression: male/aro against 18 identities (150.500789ms)
✔ real court regression: male/questioning against 18 identities (436.230711ms)
✔ real court regression: female/straight against 18 identities (188.113889ms)
✔ real court regression: female/gay against 18 identities (201.928018ms)
✔ real court regression: female/bi against 18 identities (404.613403ms)
✔ real court regression: female/pan against 18 identities (449.095952ms)
✔ real court regression: female/aro against 18 identities (37.987874ms)
✔ real court regression: female/questioning against 18 identities (267.801984ms)
✔ real court regression: nonbinary/straight against 18 identities (120.164795ms)
✔ real court regression: nonbinary/gay against 18 identities (90.98292ms)
✔ real court regression: nonbinary/bi against 18 identities (133.339109ms)
✔ real court regression: nonbinary/pan against 18 identities (171.504465ms)
✔ real court regression: nonbinary/aro against 18 identities (43.324722ms)
✔ real court regression: nonbinary/questioning against 18 identities (261.044404ms)
✔ new court after a gay male becomes female uses both participants current genders (70.042513ms)
✔ completed relationships can reconcile and stay reconciled after save/load without changing targets (79.944356ms)
✔ a normal tick crossing stage 8 completes once and a non-clownfish never changes gender (47.944618ms)
✔ finished lives retain the recorded identity when an old save is loaded (88.348841ms)
✔ old compatibility cleanup cannot delete a partner before the clownfish migration makes them compatible (180.753002ms)
✔ sex change during a minigame is announced after returning to the home screen (52.281146ms)
✔ a same-tick elder achievement cannot replace the completed sex-change notice (67.219905ms)
✔ stage-7 notice waits until finished minigame results have been readable (64.672112ms)
✔ newborn clownfish hatch male for a binary roll and save that identity (63.451479ms)
✔ a transition notice waits behind transformation choices and survives choosing to stay (59.640386ms)
✔ pre-v2 compatibility migration leaves finished clownfish relationships and logs unchanged (217.385783ms)
✔ pre-v2 infinite return relationship migration is complete before the first return (331.365823ms)
✔ a same-tick marriage anniversary leaves the transition notice for after the movie (98.482871ms)
✔ comment text reuses matching illustrations and escapes arbitrary text (167.892328ms)
✔ whole emoji sequences stay intact and unrelated food keeps its meaning (26.73931ms)
✔ speech shows the current actor illustration and leaves conversation and saves unchanged (20.028299ms)
✔ notices retain their scroll position until the actual message changes (17.521436ms)
✔ event text, captions and birthday notices use the same inline presentation (66.78301ms)
✔ birthday and milestone symbols depict their own objects without unrelated atlas substitutes (38.741656ms)
✔ all 26 companions and 18 partners keep their own speech portraits (348.839483ms)
✔ comment image failure stays local and works for newly inserted pictures (28.203442ms)
✔ pet reaction notices keep their words and identify the actual pet with its PNG (24.7515ms)
✔ normal egg reserves an unraised species without changing this life or spending stock (374.927791ms)
✔ normal egg blocks an exhausted pool and cannot borrow from the other pool (44.698369ms)
✔ rare egg reserves an unraised species without changing this life or spending stock (33.372827ms)
✔ rare egg blocks an exhausted pool and cannot borrow from the other pool (25.016529ms)
✔ one reservation blocks all rerolls; cancellation never duplicates either stock (37.032454ms)
✔ reservation and unused stock survive reload, infinite return and next life; five taps consume once (147.692237ms)
✔ funded legacy reservation keeps an already raised species through migration and hatch (79.665058ms)
✔ old discovered species seed the unraised pool while new temporary discoveries do not (69.678585ms)
✔ malformed or unfunded reservations never grant their species or negative stock (290.145664ms)
✔ infinite mode cannot reserve or hatch a funded egg (31.4285ms)
✔ existing milestone egg grants use new stock once and never revive old dream fields (22.475025ms)
✔ normal purchase reserves secretly once; cancel/re-reserve/reload never refunds or clones (62.028893ms)
✔ normal reserve without stock cannot purchase and unavailable purchase cannot charge (27.865265ms)
✔ rare purchase reserves secretly once; cancel/re-reserve/reload never refunds or clones (71.503566ms)
✔ rare reserve without stock cannot purchase and unavailable purchase cannot charge (50.686214ms)
✔ central egg controls are removed from real HTML and runtime listeners (8.331046ms)
✔ normal egg card has exactly one state-appropriate action and owned stock cannot be repurchased (239.328098ms)
✔ rare egg card has exactly one state-appropriate action and owned stock cannot be repurchased (266.982752ms)
✔ friend tickets list active-unjoined normal and rare companions without spending before confirmation (289.554626ms)
✔ confirming a companion ticket opens the normal invitation and stale confirmation does not spend (77.004849ms)
✔ cancel and no candidate leave friend stock untouched (62.08769ms)
✔ match ticket lists exactly the mutually attracted candidates for male female and nonbinary pets, including seen candidates (80.115014ms)
✔ match confirmation calls one candidate to the current region without changing world tables or creating a partner (60.24657ms)
✔ match confirmation revalidates partner while calls survive introductions and clear on travel (325.792041ms)
✔ match confirmation revalidates stock and a local-home display transition keeps the paid call (33.638355ms)
✔ a called match survives save reload in the same region (73.358143ms)
✔ confirming either companion ticket leaves the shop so its invitation is reachable (110.463637ms)
✔ time tickets change only the adjacent visual stage for five real minutes (141.725389ms)
✔ time tickets enforce the first and eighth actual-stage boundaries (45.031849ms)
✔ a temporary form survives reload without extending and clears on a real stage change (85.513552ms)
✔ dex tickets offer exactly all ordinary and eight rare forms and stale choices do not spend (130.21809ms)
✔ transform tickets fund three legal candidates and favor species never raised (44.309702ms)
✔ transform tickets supplement experienced candidates and reject stale or unavailable selections (25.614857ms)
✔ legacy discovery seeds raised species once without later temporary discoveries (83.964907ms)
✔ an actual transformation clears a temporary appearance (30.464424ms)
✔ ticket candidates cannot transform through the ordinary overlay without spending stock (54.5402ms)
✔ reloading an open transform ticket keeps stock and restores no ordinary offer (62.274484ms)
✔ dex picker hides every unknown form including markup and reveals only after selection (70.161352ms)
✔ life medicine refills only life and can be used again after life falls (166.357831ms)
✔ life medicine at full life or outside a living finite life does not consume (285.082549ms)
✔ life charm automatically prevents actual death without changing its causes (61.471295ms)
✔ a real dying tick spends one charm at the death boundary (19.546519ms)
✔ the tick reaching age one hundred enters farewell before charm consumption (30.792025ms)
✔ life charm waits through grace and is never spent for farewell or infinity (29.885053ms)
✔ life charm is automatic and has no manual use control (27.332424ms)
✔ retired consumables have no sale, use, or active-effect behavior (19.801883ms)
✔ shop orders all twelve consumables by the approved catalog (27.73182ms)
✔ final consumable catalog publishes exactly the twelve approved products (11.41863ms)
✔ legacy stock converts or refunds once before retired IDs are filtered (7.405317ms)
✔ every retired stock ID refunds its old unit price and purchase history adds nothing (0.602485ms)
✔ authoritative lifetime bag prevents live and snapshot copies from duplicating refunds (0.331617ms)
✔ invalid counts and unsafe sums cannot create unsafe money or stock (0.240614ms)
✔ deduplicates prepaid reservations across live and infinite snapshots (0.343434ms)
✔ separately paid small and great minigame reservations refund both once (17.709761ms)
✔ one logical minigame reservation refunds only its highest evidenced tier (0.407448ms)
✔ pending funded reservations add no refund beyond their bag stock (0.282646ms)
✔ active and partly used effects end without refund while a fully unused sickness shield refunds once (0.381711ms)
✔ a partially used sickness snapshot overrides a duplicate fully unused snapshot (0.283717ms)
✔ old court-big compatibility pays 350 once and is cleared even with flags (0.202207ms)
✔ reserved dream species survives conversion and reload-shaped normalization (3.334398ms)
✔ already migrated saves and return snapshots clear obsolete effects without credit (0.28596ms)
✔ a funded old Lucky pending item is cleared without duplicating its bag stock (0.255535ms)
✔ malformed migration markers cannot skip conversion (19.239457ms)
✔ registry sizes: species 31 (22 normal + 8 rare + 1 secret, 8 stages each = 248), companions 26, partners 18, legends 5 (273.791947ms)
✔ the secret species comes from master.playerSpecies.secret; the ren fallback is only for a missing master (21.384348ms)
✔ every full registry table holds exactly the master ids (plus its pinned legacy rows) (454.710032ms)
✔ every intentionally partial table is exactly its audited subset (33.720647ms)
✔ legacy rows are pinned and never leak into the current canonical sets (7.545302ms)
✔ alias destinations are canonical, and alias keys are canonical or retired (0.4362ms)
✔ species aliases: dex counts and the dex "found" display agree (raw → alias → registered) (48.731329ms)
✔ cast-bounds covers every current species stage, companion, partner, the author and egg frames (1.183469ms)
✔ images: every master species has 8 stages whose asset is <id>/01..08.png and whose label matches master (1.305908ms)
✔ GOAL_TIER_IDS is the single tier map: id ↔ ordinal both ways, and every per-tier table follows it (7.450312ms)
✔ ENDING_CELEBRATIONS still lacks the perfect tier: a known open gap, not the spec (10.077891ms)
✔ save ordinals are unchanged: endingTiersReached stays the ints 0..4 and the tier logic returns the same numbers (99.321858ms)
✔ remove-it: a species added to master but forgotten in one table is named with its table; typo, extra and retired ids too (114.13237ms)
✔ initial decoration preserves all text, existing elements and listeners (5.638191ms)
✔ token auditing keeps joined, modified, flag and keycap glyphs whole (2.177268ms)
✔ unknown whole sequences remain unchanged even when a component is known (0.979358ms)
✔ editing controls and existing illustration subtrees remain untouched (3.163506ms)
✔ later added subtrees and character edits are decorated without rescanning unaffected text (5.248879ms)
✔ nodes removed before observer delivery are ignored (3.113193ms)
✔ the current actor marker passes through the same display resolver (1.815056ms)
✔ daily and Lucky payouts stay independent with null (176.637433ms)
✔ daily and Lucky payouts stay independent with star (35.158349ms)
✔ Star does not multiply either side of a duel settlement (33.623644ms)
✔ five warming taps show progressive egg art and hatch once at the existing boundary (248.714986ms)
✔ each saved egg resumes its crack stage without replaying a touch reaction (460.733711ms)
✔ reload immediately after the fifth tap keeps the same newborn and one birth record (90.913463ms)
✔ reset during the hatch effect cannot alter or decorate the replacement egg (84.616299ms)
✔ the egg itself can be warmed and newborn care remains available immediately (49.896429ms)
✔ all 30 legal dream species keep their stable identity and first-form artwork (1139.828984ms)
✔ a failed egg image uses the existing emoji fallback and can still hatch (25.322052ms)
✔ finished reactions are removed and cannot replay when returning from a minigame (93.886274ms)
✔ cancelled hatch animation is cleaned before an immediate minigame return (24.770871ms)
✔ reduced motion shows the correct egg and newborn without a pending reveal (31.175589ms)
✔ home derives emotion without adding saved emotion fields (173.036023ms)
✔ rendering and running an emotion cue leave the serialized save unchanged (28.348767ms)
✔ home emotion follows canonical priority and pet availability (36.750797ms)
✔ persistent cue moves only the main pet and its accessory (37.021615ms)
✔ 26 companions stay still during the main pet hungry cue (43.483776ms)
✔ 26 companions stay still during the main pet sulk cue (121.656226ms)
✔ critical life cancels a running persistent cue and stays still (47.868747ms)
✔ critical life suppresses both ordinary idle sources while keeping critical UI (54.338219ms)
✔ ordinary render does not interrupt a real care reaction (60.633549ms)
✔ real feed starts with munch (90.983795ms)
✔ real wake keeps stretch for a sleepy randomized line (89.657809ms)
✔ real wrong medicine starts with shake (51.403398ms)
✔ real annoyed play starts with settle (91.950266ms)
✔ feed adds one pet-only gentle bounce after munch when hunger is cleared (78.498808ms)
✔ feed returns to the latest hungry profile without a happy afterglow (36.762855ms)
✔ feed afterglow rechecks raw hunger at callback time (69.78814ms)
✔ feed afterglow rechecks raw pet availability at callback time (79.814577ms)
✔ cured medicine settles first and then adds one pet-only bounce (22.364877ms)
✔ a newer care action invalidates the old feed afterglow (26.402909ms)
✔ a newer semantic event invalidates the old feed afterglow (34.009241ms)
✔ leaving home invalidates a feed afterglow even after returning (130.654196ms)
✔ feed afterglow waits for existing companion conversation beats (24.915194ms)
✔ critical life and reduced motion suppress care afterglow movement (59.735676ms)
✔ critical life suppresses cured medicine afterglow (60.59635ms)
✔ other semantic care reactions finish without an added happy afterglow (106.803996ms)
✔ normal state cancels the old profile timer before it can fire (29.68555ms)
✔ non-normal emotion excludes the pet from ordinary idle while companions continue (21.033152ms)
✔ non-normal emotion excludes autonomous pet greetings but keeps social greetings (64.248012ms)
✔ egg blocks a pending persistent cue (65.295601ms)
✔ farewell blocks a pending persistent cue (18.150889ms)
✔ dead blocks a pending persistent cue (36.059502ms)
✔ sleeping blocks a pending persistent cue (19.876593ms)
✔ transform blocks a pending persistent cue (19.825238ms)
✔ menu blocks a pending persistent cue (19.463997ms)
✔ minigame blocks a pending persistent cue (27.221351ms)
✔ story blocks a pending persistent cue (23.95264ms)
✔ hidden tab blocks a pending persistent cue (20.998441ms)
✔ story opening immediately cancels an active persistent cue (23.086828ms)
✔ menu cancels an active persistent cue and the current state restarts after return (29.57666ms)
✔ story cancels an active persistent cue and the current state restarts after return (22.723104ms)
✔ minigame cancels an active persistent cue and the current state restarts after return (130.845107ms)
✔ hidden tab cancels an active persistent cue and the current state restarts after return (24.062181ms)
✔ returning from a hidden tab schedules the current profile again (30.951159ms)
✔ reduced motion retains the derived state without starting a cue (39.301033ms)
✔ switching to reduced motion stops a running persistent cue (24.120527ms)
✔ reduced motion suppresses persistent and afterglow movement but retains the warning icon (53.945742ms)
✔ normal idle perk callback does not preempt a pending care afterglow (31.653981ms)
✔ normal idle perk callback does not preempt an active care afterglow (41.499863ms)
✔ normal idle greeting callback does not preempt a pending care afterglow (20.738399ms)
✔ normal idle greeting callback does not preempt an active care afterglow (15.695508ms)
✔ static script exposes the pure resolver on window (28.153491ms)
✔ resolve returns every approved emotion profile (9.60358ms)
✔ resolve follows the approved visible priority (0.361611ms)
✔ worsening tiredness never increases cue cadence (0.241474ms)
✔ non-playable and sleeping signals resolve to normal (0.273962ms)
✔ resolve does not mutate its input or share returned profile objects (0.297196ms)
✔ sodachi 20 to 100 costs 1,500-1,800 growth and 20 to 70 costs under 800 (293.457551ms)
✔ sleeping from empty takes roughly 3-12 seconds of recovery steps (104.196767ms)
✔ an S-rank result grants a growth boost that doubles growth and decays per tick (84.772338ms)
✔ game length: normal difficulty runs at face value, easy adds 20%, short mode trims games of 20s or more (45.15809ms)
✔ life recovers during ordinary care and faster when everything is above 60 (44.276179ms)
✔ a full transform meter opens the transform choice right after the game, with no lottery (68.285679ms)
✔ the same environment + seed + pinned clock gives the same time, weather, season and randomness on any host clock and TZ (1669.883476ms)
✔ with environment: 'auto' the result follows the host clock (the test detects the difference) (2488.535694ms)
✔ hostEnvironmentClock alone makes the time of day follow the harness clock instead of the host clock (1044.902023ms)
✔ the flaky "entering meguru" scene is reproducible with the options on any host clock and TZ (5369.821281ms)
✔ one generator feeds the page Math.random (from boot) and meguru (208.476214ms)
✔ default harness(): fixed day/sunny environment (RH-6), native random, unpinned new Date(), harness Date.now() (60.770403ms)
✔ a manual time/weather mode still wins over environment, and the undersea/starry regions keep no weather (44.300868ms)
✔ the deterministic preset pins environment, host clock, seed and date; explicit options win (48.183913ms)
✔ the weather labels the harness returns match world-environment.js (0.402121ms)
✔ one-finger drags cannot pan the home, including a drag starting on a care button (344.104957ms)
✔ long text can scroll in both directions but cannot drag the home past its edges (71.350344ms)
✔ pinch zoom and panning an enlarged view remain available (34.406945ms)
✔ menus, minigames and life records keep their gestures and returning home restores the lock (88.108778ms)
✔ home touch setup leaves the home height available after the fun strip retirement (65.073756ms)
✔ approved hunger profile covers exactly 31 playable growth lines and all 248 stages (1.487354ms)
✔ hunger category resolver does not silently fallback for unsupported or malformed assets (0.218771ms)
✔ all 248 hungry displays use the approved food artwork, including life-stage overrides (24.965107ms)
✔ mushroom07 hunger bubble separates from spores without moving other state marks (0.51044ms)
✔ every shipped UI/game emoji has an illustrated display definition (237.849787ms)
✔ the exact actor and generic game props are separate, and saves stay untouched (36.428448ms)
✔ every minigame maps to one of the intro demo kinds, and the kinds are varied (190.059426ms)
✔ the intro card carries a demo canvas tagged with the demo kind (36.694004ms)
✔ swipe thresholds are unified through MG_SWIPE_MIN and hold timing through MG_HOLD_PROFILES (33.821209ms)
✔ the result toast offers a retry button that restarts the same game (48.017389ms)
✔ the result toast has no retry button before any game was played (16.654541ms)
✔ the intro card shows for the first three plays and the help overlay works any time (73.032179ms)
✔ steps pad fires the moment a direction is clear, once per flick, without waiting for release (15.005088ms)
✔ turn-based steps pad needs a longer drag for the second cell in the same direction (20.253817ms)
✔ delta pad glides at the pad edge while pushing outward and stops when the finger comes back (17.096861ms)
✔ vector pad keeps the direction of the real movement, not the wobble when the finger stops (12.940676ms)
✔ the unified manifest gives every one of the 27 item identities a dedicated normalized PNG (787.183346ms)
✔ shop, home, consumables and item stickers use semantic unified art (411.437038ms)
✔ a unified image failure reveals only its semantic fallback without changing state (35.930288ms)
✔ the unified shop art frame is 40px while the home accessory keeps its inherited frame (0.422451ms)
✔ retired hat uses the ordinary transform rate and needs four games (183.906169ms)
✔ retired hat has no game effect in a start snapshot (135.663228ms)
✔ retired energy1 has no game effect in a start snapshot (223.885373ms)
✔ retired glasses has no game effect in a start snapshot (109.455091ms)
✔ retired crown has no game effect in a start snapshot (130.776846ms)
✔ retired flower has no game effect in a start snapshot (164.755772ms)
✔ retired crown cannot rescue zero health but the existing miracle still works (25.868829ms)
✔ crown does not bypass normal two minute life warning or rescue life death (23.706782ms)
✔ retired crown snapshot cannot reduce failed-game life damage (41.883172ms)
✔ star pays ordinary success immediately and never adds a delayed set reward (33.976008ms)
✔ star menu describes immediate ordinary-success coins without stamp or waiting UI (33.562851ms)
✔ ordinary score 0, equipment null -> null pays 0 (51.040063ms)
✔ ordinary score 0, equipment star -> null pays 0 (23.22865ms)
✔ ordinary score 0, equipment null -> star pays 0 (38.342076ms)
✔ ordinary score 29, equipment null -> null pays 0 (61.823827ms)
✔ ordinary score 29, equipment star -> null pays 0 (20.03528ms)
✔ ordinary score 29, equipment null -> star pays 0 (45.396944ms)
✔ ordinary score 30, equipment null -> null pays 30 (31.269682ms)
✔ ordinary score 30, equipment star -> null pays 90 (63.859263ms)
✔ ordinary score 30, equipment null -> star pays 30 (36.48289ms)
✔ ordinary score 69, equipment null -> null pays 30 (28.025817ms)
✔ ordinary score 69, equipment star -> null pays 90 (29.52835ms)
✔ ordinary score 69, equipment null -> star pays 30 (25.333492ms)
✔ ordinary score 70, equipment null -> null pays 60 (81.162651ms)
✔ ordinary score 70, equipment star -> null pays 180 (28.150881ms)
✔ ordinary score 70, equipment null -> star pays 60 (39.980698ms)
✔ ordinary score 100, equipment null -> null pays 60 (32.94332ms)
✔ ordinary score 100, equipment star -> null pays 180 (22.139752ms)
✔ ordinary score 100, equipment null -> star pays 60 (22.951093ms)
✔ quick-run score 0 retains base 0 with null (25.788821ms)
✔ quick-run score 0 retains base 0 with star (56.790699ms)
✔ quick-run score 50 retains base 0 with null (19.146905ms)
✔ quick-run score 50 retains base 0 with star (19.74951ms)
✔ quick-run score 70 retains base 0 with null (45.381391ms)
✔ quick-run score 70 retains base 0 with star (31.421244ms)
✔ quick-solo score 0 retains base 0 with null (96.445709ms)
✔ quick-solo score 0 retains base 0 with star (19.197329ms)
✔ quick-solo score 50 retains base 0 with null (31.431079ms)
✔ quick-solo score 50 retains base 0 with star (19.373107ms)
✔ quick-solo score 70 retains base 0 with null (21.145802ms)
✔ quick-solo score 70 retains base 0 with star (24.714693ms)
✔ game pass applies exactly ordinary score-50 care and 30 coins without starting a game (38.833843ms)
✔ game pass preserves all real-play records, consumable reservations and Lucky stock (34.007203ms)
✔ egg menu reserves random new stock, hides the species and consumes once across reload (386.410323ms)
✔ invalid or unavailable hatch reservation clears without spending; growing pets can reserve (50.497637ms)
✔ duplicate stickers stay as copies and stop at the nine-copy cap (57.904526ms)
✔ theme costs 60 and draws only chosen category with the secret gate; ordinary stays 30/3 (156.979154ms)
✔ legacy sticker counts and positions merge idempotently without replacing character history (76.166039ms)
✔ sticker catalog offers all current items while retaining other collection categories (23.281768ms)
✔ duel host win: both reserve, purchases cannot spend stake, settlement/reload/replay is exact once (174.474066ms)
✔ duel guest win: both reserve, purchases cannot spend stake, settlement/reload/replay is exact once (198.578462ms)
✔ duel draw: both reserve, purchases cannot spend stake, settlement/reload/replay is exact once (111.546811ms)
✔ unpublished cancel refunds once; published abandonment forfeits and close/new life preserve stake (29.649343ms)
✔ old unfunded progress terminates without minting while completed old matches retain money/statistics (29.660958ms)
✔ repeated hatch callback does not change an already committed newborn (20.782508ms)
✔ result-only close and rematch handlers cannot discard a reserved match (37.98124ms)
✔ infinite snapshot reload and return preserve live duel rather than resurrecting an earlier settlement (54.278891ms)
✔ duel spends available coins normally and still settles backed stakes (85.262081ms)
✔ different match IDs, old-format and duplicate-question codes never reserve or settle (82.391705ms)
✔ real sticker menu buys the selected category and has no point-exchange controls (78.460431ms)
✔ maxed stickers are excluded from pack draws (71.842805ms)
✔ host ID generation remains usable at a zero random draw (22.7383ms)
✔ completed legacy duels reopen as results, without a new unsupported settlement code (97.947616ms)
✔ real duel create, join, publish and import controls use the reserved transaction (77.68091ms)
✔ guest abandonment and full wipe cannot return a published stake (63.668843ms)
✔ age stage transition keeps its story and life log without coins (299.332505ms)
✔ birthday 41 keeps growth, decline relief and celebration without coins (55.600291ms)
✔ birthday 50 keeps growth, decline relief and celebration without coins (55.73554ms)
✔ birthday 90 keeps growth, decline relief and celebration without coins (30.375428ms)
✔ midlife 44 preserves its noncoin effect and one-time record (74.104933ms)
✔ midlife 50 preserves its noncoin effect and one-time record (41.47356ms)
✔ midlife 56 preserves its noncoin effect and one-time record (107.393936ms)
✔ midlife 62 preserves its noncoin effect and one-time record (48.05314ms)
✔ midlife 66 preserves its noncoin effect and one-time record (34.300584ms)
✔ sodachi 30 keeps milestone record and eggs, without coins (82.531275ms)
✔ sodachi 40 keeps milestone record and eggs, without coins (35.155029ms)
✔ sodachi 50 keeps milestone record and eggs, without coins (52.073371ms)
✔ sodachi 60 keeps milestone record and eggs, without coins (39.883205ms)
✔ sodachi 70 keeps milestone record and eggs, without coins (74.566861ms)
✔ sodachi 80 keeps milestone record and eggs, without coins (48.548573ms)
✔ sodachi 90 keeps milestone record and eggs, without coins (38.710633ms)
✔ sodachi 100 keeps milestone record and eggs, without coins (30.367326ms)
✔ home former coin moment still appears and records without paying (88.033382ms)
✔ desert former coin moment still appears and records without paying (49.929682ms)
✔ star_stop former coin moment still appears and records without paying (50.200529ms)
✔ environment callbacks ignore a latent money field while preserving noncoin effects (57.52543ms)
✔ memory lake still recalls life memories and recovers happiness without coins (47.698384ms)
✔ sticker tasks record completion once without points or coins (67.820351ms)
✔ offline 10 minutes preserves recovery and memory without money (56.648251ms)
✔ offline 60 minutes preserves recovery and memory without money (51.86896ms)
✔ offline 600 minutes preserves recovery and memory without money (39.785652ms)
✔ eligible gate legend keeps discovery, life log and movie without any care or coin reward (58.292516ms)
✔ eligible stairs legend keeps discovery, life log and movie without any care or coin reward (47.902224ms)
✔ eligible boss legend keeps discovery, life log and movie without any care or coin reward (64.239271ms)
✔ eligible lamp legend keeps discovery, life log and movie without any care or coin reward (63.738666ms)
✔ eligible mirror legend keeps discovery, life log and movie without any care or coin reward (68.562656ms)
✔ repeated legend trigger cannot create a second encounter in one life (43.260934ms)
✔ gate legend movie has no payout beat or footer (29.304261ms)
✔ stairs legend movie has no payout beat or footer (31.447905ms)
✔ boss legend movie has no payout beat or footer (55.851018ms)
✔ lamp legend movie has no payout beat or footer (37.277548ms)
✔ mirror legend movie has no payout beat or footer (44.758866ms)
✔ old claimed save retains balances, inventory and event claims across reload without repeat grants (93.718003ms)
✔ environment guidance keeps care coefficients but removes obsolete game coin modifiers (34.939132ms)
✔ retirement refunds stock and tool ownership exactly once, never history or duplicate reservations (2.519421ms)
✔ legacy tool use counts as ownership only before the original item migration (0.910958ms)
✔ retirement preserves shared memories and cooldowns while removing fun-only records and sticker placements (1.438893ms)
✔ retired items cannot be bought, granted, used or selected as stickers; equipment completion ignores stale ids (159.938985ms)
✔ refund survives reload, new lives and infinite return without reviving old reservations (58.890464ms)
✔ great games retain coins and offline visits retain recovery without granting retired items (29.410471ms)
✔ infinite snapshots and retired achievement metadata are cleared without extra compensation (0.649274ms)
✔ dedicated reward inventory is retired and legacy reward stock is discarded (199.082513ms)
✔ milestone eggs are granted once even after spending, without coins (21.745011ms)
✔ ordinary completion pays thirty coins (39.254341ms)
✔ daily completion adds one Lucky inventory without a reservation (38.47748ms)
✔ invalid stock cannot be spent and normalization does not create wealth (80.226515ms)
✔ module validates transactions and persists structured memories without retired cooldown APIs (28.931387ms)
✔ normal equipment catalog contains only the final ten products (26.201928ms)
✔ normal equipment poop1 has its final catalog price and shop price (17.76218ms)
✔ normal equipment poop1 has its final catalog and shop description (15.120161ms)
✔ normal equipment sleepboost1 has its final catalog price and shop price (28.61335ms)
✔ normal equipment sleepboost1 has its final catalog and shop description (42.831335ms)
✔ normal equipment bowtie has its final catalog price and shop price (23.874679ms)
✔ normal equipment bowtie has its final catalog and shop description (55.635924ms)
✔ normal equipment ribbon has its final catalog price and shop price (43.54268ms)
✔ normal equipment ribbon has its final catalog and shop description (27.076763ms)
✔ normal equipment scarf has its final catalog price and shop price (175.779882ms)
✔ normal equipment scarf has its final catalog and shop description (31.891736ms)
✔ normal equipment travel1 has its final catalog price and shop price (22.160021ms)
✔ normal equipment travel1 has its final catalog and shop description (26.204101ms)
✔ normal equipment partner1 has its final catalog price and shop price (22.599506ms)
✔ normal equipment partner1 has its final catalog and shop description (25.295226ms)
✔ normal equipment bond1 has its final catalog price and shop price (27.3063ms)
✔ normal equipment bond1 has its final catalog and shop description (22.228045ms)
✔ normal equipment gamepass1 has its final catalog price and shop price (32.549623ms)
✔ normal equipment gamepass1 has its final catalog and shop description (32.143095ms)
✔ normal equipment star has its final catalog price and shop price (36.218562ms)
✔ normal equipment star has its final catalog and shop description (23.939255ms)
✔ normal equipment V2 retains all nine continuing IDs with no price difference charged (269.267883ms)
✔ backpack removes travel hunger and energy costs but does not prevent fatigue (165.190008ms)
✔ retired lantern UI and stale clicks never create light scenes or cooldowns (35.944949ms)
✔ legacy light data is ignored safely: [{"key":"lantern:1","event":"lantern","text":"old light"}] (49.892087ms)
✔ legacy light data is ignored safely: null (51.785338ms)
✔ legacy light data is ignored safely: "broken" (139.914681ms)
✔ equipment reactions only occur for actual eligible care and active protection (32.927086ms)
✔ guest origin persists across appearance, reload and codes but differs for a new life (49.137974ms)
✔ court letters capture the real new partner and survive form changes and a new life (130.226189ms)
✔ danger-triggered ribbon recovery delivers readable feedback in both motion modes (47.046816ms)
✔ retired flowers leave court dialogue and care feedback without bonus reactions (271.332861ms)
✔ ineligible ribbon ticks and mismatched court do not claim equipment effects (19.690834ms)
✔ V2 equipment feedback waits for an existing conversation and never replaces critical care (17.156802ms)
✔ a pending equipment line does not follow a reset into another life (20.464471ms)
✔ game pass clears daily and companion context without completing either, including the next real game (18.74881ms)
✔ V2 paper clears every poop at the danger threshold without manual-care credit (155.022563ms)
✔ V2 pillow makes sleep an immediate full-energy action (45.416362ms)
✔ V2 bowtie automatically fills hunger when the normal danger band is reached (27.37416ms)
✔ V2 ribbon automatically fills happiness when the normal danger band is reached (13.461755ms)
✔ V2 disease equipment automatically cures sickness without pretending it was a manual medicine tap (32.043789ms)
✔ V2 automation equipment no longer keeps the old passive percentage reductions (152.967314ms)
✔ retired dedicated reward inventory has no production UI or runtime path (14.837365ms)
✔ V2 backpack makes ordinary travel cost zero hunger and zero energy while fatigue still applies (297.390085ms)
✔ V2 star badge triples only the ordinary minigame success coin payout (75.571087ms)
✔ V2 love letter restores partner affection to max at the danger threshold (32.429015ms)
✔ V2 friend badge restores companion bond to max at the danger threshold (52.052431ms)
✔ retired star and reunion state is discarded without changing companion records (29.2328ms)
✔ friend badge no longer offers a reunion game or retired lantern actions (68.876604ms)
✔ social equipment preserves ordinary decay and does not automate relationship decisions or award records (74.087778ms)
✔ star badge triples great-result coins and leaves failed-result at zero (127.54132ms)
✔ retired energy1 does not soften ordinary care decay (60.947536ms)
✔ retired crown does not soften ordinary care decay (90.174157ms)
✔ life card and received life code show the recorded woman, not a system emoji (124.95748ms)
✔ overlapping stage names and chosen infinite forms retain their recorded portraits (26.095192ms)
✔ leaving current location restores the home-region label after presentation caching (41.767533ms)
✔ legacy life timeline resolves stage labels and keeps unrelated log strings escaped (25.79497ms)
life-stage profiles: ok
✔ tests/life-stage-profiles-test.cjs (203.766733ms)
✔ static script exposes the locality resolver on window (3.793733ms)
✔ known municipalities resolve to their curated scenery profiles (1.140576ms)
✔ prefecture-aware matching does not confuse same-named wards or conflicting cities (0.338898ms)
✔ explicit Osaka city wards are metropolitan without capturing other cities or bare wards (0.827466ms)
✔ unknown municipalities use a general town image without claiming local geography (0.399236ms)
✔ sanitizeLocality rejects malformed values and removes unapproved saved fields (0.302064ms)
✔ reload restores saved municipal scenery without requesting GPS (155.003024ms)
✔ unknown saved municipalities describe the neutral generated town image (29.318866ms)
✔ malformed saved locality is discarded and cannot activate current-location scenery (22.634237ms)
✔ a successful selection saves only display-safe locality fields (76.36998ms)
✔ failed refresh keeps saved scenery selected and a later explicit retry can replace it (76.983301ms)
✔ an observed municipality is offered for selection when another region remains displayed (22.924884ms)
✔ an invalid live municipality falls back to the sanitized saved selection (25.403135ms)
✔ manual refresh of a selected locality persists and reloads the new municipality (55.96727ms)
✔ a canceled manual refresh cannot replace or render over the selected locality (24.890622ms)
✔ explicit home selection clears only the current-location presentation (27.377926ms)
✔ pending current-location selection cannot override a later travel choice (72.429692ms)
✔ Lucky catalog and shop offer 300 coin immediate roulette (117.046584ms)
✔ roulette draw 0 immediately pays 10 (50.752816ms)
✔ roulette draw 0.14999999999999977 immediately pays 10 (25.555659ms)
✔ roulette draw 0.15 immediately pays 20 (24.411047ms)
✔ roulette draw 0.34999999999999976 immediately pays 20 (52.710236ms)
✔ roulette draw 0.35 immediately pays 50 (24.628407ms)
✔ roulette draw 0.5999999999999998 immediately pays 50 (73.608604ms)
✔ roulette draw 0.6 immediately pays 100 (22.885336ms)
✔ roulette draw 0.7999999999999998 immediately pays 100 (27.972048ms)
✔ roulette draw 0.8 immediately pays 500 (29.222951ms)
✔ roulette draw 0.9199999999999998 immediately pays 500 (24.781812ms)
✔ roulette draw 0.92 immediately pays 1000 (26.433208ms)
✔ roulette draw 0.9899999999999998 immediately pays 1000 (37.588273ms)
✔ roulette draw 0.99 immediately pays 10000 (36.409431ms)
✔ roulette draw 0.9999999999999998 immediately pays 10000 (39.002145ms)
✔ roulette independent of equipment null (39.234637ms)
✔ roulette independent of equipment poop1 (55.772284ms)
✔ roulette independent of equipment sleepboost1 (29.819863ms)
✔ roulette independent of equipment bowtie (21.700066ms)
✔ roulette independent of equipment ribbon (22.143006ms)
✔ roulette independent of equipment scarf (35.597949ms)
✔ roulette independent of equipment travel1 (36.459766ms)
✔ roulette independent of equipment partner1 (35.219374ms)
✔ roulette independent of equipment bond1 (27.436933ms)
✔ roulette independent of equipment gamepass1 (73.45656ms)
✔ roulette independent of equipment star (29.178901ms)
✔ legacy reservation migration false,false is once across reload reset infinite return (149.55349ms)
✔ legacy reservation migration true,false is once across reload reset infinite return (101.397293ms)
✔ legacy reservation migration false,true is once across reload reset infinite return (109.148853ms)
✔ legacy reservation migration true,true is once across reload reset infinite return (259.537866ms)
✔ ordinary result 0 never spends Lucky stock or boosts reward (78.915669ms)
✔ ordinary result 50 never spends Lucky stock or boosts reward (59.090508ms)
✔ ordinary result 95 never spends Lucky stock or boosts reward (70.80056ms)
✔ runtime has no Lucky reservation or doubled-reward code (26.880786ms)
✔ Quick mixed never spends stock or changes Lucky payout (66.654409ms)
✔ Quick knock never spends stock or changes Lucky payout (46.465733ms)
✔ Quick tickle never spends stock or changes Lucky payout (57.753244ms)
✔ duel settlement and Lucky payout are independent (105.780271ms)
✔ spent reservation recovery never reappears after save and return (87.287912ms)
(node:500) [MODULE_TYPELESS_PACKAGE_JSON] Warning: Module type of file:///workspace/scratch/ff6d1b102871/world/vendor/three-0.170.0/three.module.min.js is not specified and it doesn't parse as CommonJS.
Reparsing as ES module because module syntax was detected. This incurs a performance overhead.
To eliminate this warning, add "type": "module" to /workspace/scratch/ff6d1b102871/world/package.json.
(Use `node --trace-warnings ...` to show where the warning was created)
✔ AD-1. scene dressing の 契約: 3D だけ・あたり なし・ふんで とおれる・群生(2〜8)・道 / spot / かたい 物 / 水 には おかない (17543.169721ms)
✔ AD-2. 配置は「空いた ところに 均一に 置く」では なく 群生 + 意図した 余白: 道ばたの 帯(roadside)と ます目(grid)の 両方・余白が ある (4.508852ms)
✔ AD-3. remove-it: 2D の world と corridor には dressing が ない(3D だけ)。cover を 外した profile では 群生 0 (884.96343ms)
✔ AD-4. 花は 地域に あった いろ・場所: home / forest / jungle / countryside に 花の 群生、しんかい / ゆき には 花 なし、さばくは オアシスの まわり だけ (2.037643ms)
✔ AD-5. Tree v3: 針葉樹 4〜5 段(明暗・下ほど ひろい)、広葉樹は かたまり 2〜5(明 / 中 / 暗)、ヤシは は 5〜8(はばは 長さに 比例) (3.078753ms)
✔ AD-6. gate: もり と ジャングルは 1 まいの 絵で 見わけが つく(葉の palette・きりの いろ・ジャングル だけ 大きな は / つる / 根もとの 下草 / lowPoly) (3.2612ms)
✔ AD-7. Building v4: family ごとの かたまり・屋根の かたち(切妻 / 寄棟 / 平ら)・のき・土台・入口 と まど・かたまりの 足し(ポーチ / 出窓 / 縁側 / はなれ / ベランダ / 煙突 / ひさし)・シルエット 高さ / はば ≤ 1.5 (6.035555ms)
✔ AD-8. city scene: 低層 / 中層 / 高層の まざり・灰 だけで ない いろ・みせ(ガラス + ひさし + 看板 + たて看板)・路地の かべも 正面を もつ・高さは 床の 5.5 倍まで (18.279489ms)
✔ AD-9. city の 小物: 自転車・自販機は 3D の かたち(unresolved なし)。街路樹・信号・横断歩道・電柱は そのまま (9.946309ms)
✔ AD-10. いけがき は 箱では なく まるい しげみの れつ(あたりの 箱の なか・あたまより 下) (0.862967ms)
✔ AD-11. 水の 統合: 川は なめらかに 曲がり はばが ゆれる(riverCurve・pure)。見た目の 水は あたりの 帯の 内がわ。川岸に 石 / あし / 草 / 花の 帯 (44.43063ms)
✔ AD-12. Bridge v4: 交わりに かかる(ながさ ≥ 水の はば)・床の 上面は 水面より 上・床より 下から ささえる 橋脚 / 橋台・種類で かたちが ちがう (2.621741ms)
✔ AD-13. さばくの サボテンは 大きく 4 種(柱・枝分かれ・まる・むれ)。オアシスの まわりは 花 で 対比 (0.562205ms)
✔ AD-14. 光: 明るい fill と 方向光で 面を 分ける・岩 / がけの 明るさ と 地域 palette を 保つ (0.564039ms)
✔ AD-15. 箱庭の 比率: ビルは 床の 5.5 倍まで、大木の 幹は あたりより ほそい、花 / しげみ / 街の 小物は 見える 大きさ、まど / 入口は 家に 対して 小さい (2.761166ms)
✔ AD-16. density gate: 代表 spot(各地域 最初の ひろば)から 前景(〜250)/ 中景(250〜700)/ 遠景(700〜1800)の それぞれに 意味の ある 物が 1 つ いじょう。道の 方向は 読める(道の 上に 物 なし) (138.933726ms)
✔ AD-17. Human QA gate の 記録: 13 地域 × 7 条件(ひと目で 地域・さびしく ない・箱っぽく ない・いろ・歩きたい・見どころ・前景 / 中景 / 遠景)が status doc に ある。main merge / Ready は しない (0.585781ms)
✔ AD-18. 原則だけ: Nintendo / どうぶつの森 固有の 名まえ・asset・模様は code にも doc にも 出てこない (3.876524ms)
(node:514) [MODULE_TYPELESS_PACKAGE_JSON] Warning: Module type of file:///workspace/scratch/ff6d1b102871/world/vendor/three-0.170.0/three.module.min.js is not specified and it doesn't parse as CommonJS.
Reparsing as ES module because module syntax was detected. This incurs a performance overhead.
To eliminate this warning, add "type": "module" to /workspace/scratch/ff6d1b102871/world/package.json.
(Use `node --trace-warnings ...` to show where the warning was created)
✔ v2-1. player の 絵は きりで 消えない: キャラの material は fog なし・frustum culling なし・きりの 遠端は player + 900 より 遠く (1.742089ms)
✔ v2-2. billboardVisible: 座標に いる のに 描かれない 状態(hidden / scale NaN / texture なし / きりの むこう)を 1 つの 判定で 見つける (52.650268ms)
✔ v2-3. すかしは 見た目の 半径(えだはり)で 判定し、線分より 低い 物は すかさない。あたりの 半径 だけの 旧 判定も そのまま 通る (0.716493ms)
✔ v2-4. ghost pool の 契約: 使った ものだけ visible、使わなかった ものは その frame で hidden、1 frame 使わなければ scene から はずす、pool は つかいまわす (2.115648ms)
✔ v2-5. レンダラーの 切りかえで ghost が のこらない: scene の 捨て(地域 / corridor)・3D → 2D(fallback / 2D の 地域)で clear、stats に ghost と player (0.556377ms)
✔ v2-6. corridor(地域の あいだの 道)は 3D で 描く: 10 本 × 2 方向 ぜんぶ 3D の 対象。飾りは ぜんぶ 意味の 表で 解決し(unresolved 0)、はしの いし だけ かたい (203.523436ms)
✔ v2-7. corridor の gameplay は かわらない: 帯の 左右と はしの いし の あたり、着く / もどる、party の 受けわたし、セーブ なし (104.953987ms)
✔ v2-8. しらせ: ふつうの spot と 地区は toast なし、ランドマークは quiet(左上の 静かな 強調)、ひみつ だけ toast。きろくは かわらない (2235.557095ms)
✔ v2-9. ちずの 表示 filter: ふつうの 池・休憩所・小さな 橋・通過点は 出さず、現在地・つながり・gate・ランドマーク・ひみつ・hub / ひろば は 出す。きろくと 分母は かわらない (2876.997062ms)
✔ v2-10. 帯(strip)の geometry は 1 まいに つながる: frame × lane の 頂点を 共有し、となりの frame と 面で つながる(池の ならび では ない) (3.455746ms)
✔ v2-11. 川(river_lake)= terrain.pts からの 1 本の 帯(岸つき)。帯に かくれる 池は おかない。しんかいの 谷も 1 本の 帯 (2584.350802ms)
✔ v2-12. 海(sea)/ 湖(memory_lake)= 岸線から 水平線まで 1 まいの 面(ぬれた 砂 → 浅瀬 → 沖)+ 岸の あわ。岸の むこうの 池は おかない (1044.96059ms)
✔ v2-13. 水の 見た目は あたり(walkability)を かえない: 岸の clamp・池の あたり・橋は 2D と 同じ。水の 面は あたりを もたない (3415.858435ms)
✔ v2-14. Kit v2 の 原型: 昆布は 曲がった は(木 / 柱では ない)、遺跡は くずれた かべ、はしは いみ ごと、たてものは body + 屋根 + 入口 + まど (19115.934397ms)
✔ v2-15. Region Profile v2: 13 地域 ぜんぶに family(terrain / veg / arch / water / density / landmark / sky)。まちは palette で ビルの いろ と 階数が ばらつき、電柱が ある (5220.197842ms)
(node:532) [MODULE_TYPELESS_PACKAGE_JSON] Warning: Module type of file:///workspace/scratch/ff6d1b102871/world/vendor/three-0.170.0/three.module.min.js is not specified and it doesn't parse as CommonJS.
Reparsing as ES module because module syntax was detected. This incurs a performance overhead.
To eliminate this warning, add "type": "module" to /workspace/scratch/ff6d1b102871/world/package.json.
(Use `node --trace-warnings ...` to show where the warning was created)
✔ GA-1. 接地: 地面に つく parts は 足もとの いちばん ひくい 地面まで(斜面で 岩 / 盛り土 / 根 / 岸の 花が 浮かない)。13 地域 (18865.108439ms)
✔ GA-2. 小川 / 川 の 交わり: 橋の 交わり には 橋(床 > 水面・ながさ ≥ 水の はば)、そのほかは 飛び石。ランドマークの 橋は 交わりの 上に ある とき だけ うけもつ (0.523839ms)
✔ GA-3. 小川と 池を わける: ながれの 帯の 中に 池の 円盤(水の 小物)を おかない (0.266542ms)
✔ GA-4. Building v4: 塔の ような 家 なし(シルエット 高さ / いちばん ひろい はば ≤ 1.6、看板 / 屋根の はりだし を ふくむ) (1.014881ms)
✔ GA-5. 小物の 読みやすさ(props gate): 車 = 車輪・望遠鏡 = 3 本 足 + かたむいた 筒・像 = だい + からだ + あたま・かまくら = いりぐち・箱の 小物 = ひさし + 窓。絵文字の 立て看板 は のこって いない (15034.328949ms)
✔ GA-6. 季節 / 天気 は 2D の 正本に あわせる: 針葉樹の 雪 = ゆき の 地域 か 冬、山の 頂の 雪 = それ + 雪の 日、deepsea / star_stop は 地表の 季節 なし (8.020509ms)
✔ GA-7. 地域の 識別性(数で): いえ ≠ いなか(いなかは ひらけ +0.1 いじょう・構成の cosine < 0.75)、もり ≠ ジャングル(ジャングルは 見とおし せまく・高い 層・cosine < 0.6) (4841.645736ms)
(node:548) [MODULE_TYPELESS_PACKAGE_JSON] Warning: Module type of file:///workspace/scratch/ff6d1b102871/world/vendor/three-0.170.0/three.module.min.js is not specified and it doesn't parse as CommonJS.
Reparsing as ES module because module syntax was detected. This incurs a performance overhead.
To eliminate this warning, add "type": "module" to /workspace/scratch/ff6d1b102871/world/package.json.
(Use `node --trace-warnings ...` to show where the warning was created)
✔ GT-1. runtime P0(HQ-1 / HQ-2 / HQ-3): すかしは ray で ほんとうに 隠す 物 だけ・もとの いろ・大きな 物は うすく・ちらつかない・変わった instance だけ 送る (60.05856ms)
✔ GT-2. ray の 格子(pure): 線分が とおる ます目の instance だけ が 候補 (0.785223ms)
✔ GT-3. 予算(HQ-4): うすい 板は 1 まい・幹は ふたなし・mound は 下半分 なし・花の まんなか 8 三角形。透明 fade で けさない (0.310746ms)
✔ GT-4. Terrain v1(HQ-5): 意味の ある 起伏。道 / spot は 平ら、ひらけた ところ に 丘、小川は 谷、池は くぼ地、海は 水へ ひくく。ランダムな こぶ だけ では ない (11722.266134ms)
✔ GT-5. Creek / River v3(HQ-6): 小川は spot の 円盤の ならび では なく 1 本の ながれ。橋の spot の 下を とおり、道を 横切る ところは 橋 か 飛び石。道 / かたい 物 の 上を ながれない (1926.9723ms)
✔ GT-6. Water(HQ-7): 海 / 川 / 池 で 水の 面を かえる(海 = 浅瀬 → 沖 → 水平線、川 = 谷の 中の ながれる 面、池 = しずかな くぼ地の 面) (0.770181ms)
✔ GT-7. home と countryside(HQ-10): いえ = 家ごとの 庭(花だん・ポスト・ひくい さく・飛び石)、いなか = ひろい 畑 と 用水路 と 板の はし(庭 なし) (16.54779ms)
✔ GT-8. forest と jungle(HQ-11): もり = つめたい みどり・たおれた 丸太・しだ・きのこ・見とおし ほどほど。ジャングル = 多層(大きな は の 下草・ヤシ・canopy の つる)・しめった もや (429.849379ms)
✔ GT-9. Tree v4(HQ-12): 根もとの はり・2 だんの 幹(すこし かたむく)・かんむりへ のびる 枝・白っぽい ほそい 木(すずしい 地域) (1.451913ms)
✔ GT-10. props gate(HQ-13): ラベル なしで わかる。自転車は 立って いる、水車 / 観覧車の わ は たて (4872.82139ms)
✔ GT-11. 13 地域の grammar(HQ-14): 背景の 絵 なしで 3D だけで 地域が わかる きまり (0.554765ms)
✔ GT-12. 季節 / 天気(HQ-15): 山は 夏(高原の みどり)と 冬(雪)で 地面が かわる・大木も 季節の いろ・3D でも 雨 / 雪 (0.457702ms)
✔ GT-13. Human QA の 記録 と status: 未承認・main merge しない・Ready に しない・production Pages を かえない。特定の 作品の 名まえは 出さない (3.443188ms)
(node:572) [MODULE_TYPELESS_PACKAGE_JSON] Warning: Module type of file:///workspace/scratch/ff6d1b102871/world/vendor/three-0.170.0/three.module.min.js is not specified and it doesn't parse as CommonJS.
Reparsing as ES module because module syntax was detected. This incurs a performance overhead.
To eliminate this warning, add "type": "module" to /workspace/scratch/ff6d1b102871/world/package.json.
(Use `node --trace-warnings ...` to show where the warning was created)
✔ 1. フラグなし: forest の world は いまの 2D の まま(props・あたり・3D の しるし なし) (5.81444ms)
✔ 2. 3D モード: 道の うえの かたい 物は 見た目ごと 道の そとへ(約 1.5 × 大きさ まで)。おけない ものは 3D では おかない (7.452456ms)
✔ 3. 3D の かたい 物は かならず あたりが あり、あたまより 下の 見た目は あたり + 10 まで(とおれる 木・見えない かべ なし) (8.808438ms)
✔ 3b. ランドマーク(3D だけ): spot から 見た むきを たもって おく(±30 度)。たきは がけ = あたりの 箱 で、たきつぼ・あわ と いっしょ (5.853127ms)
✔ 3c. せかいは 3D・キャラだけ 2D: けしきの 物に 立て看板・意味の ちがう 置きかえ・なぞの placeholder は ない (28.876805ms)
✔ 3d. すかし(occlusion)は カメラ → player の あいだに ある かたい 物 だけ。とおい から すける こと は ない (47.972763ms)
✔ 3e. たき は うしろ・よこ からも 岩の おか: がけの うしろに 岩の かたまり(あたり つき)が あり、見た目 = あたり (16.007733ms)
✔ 4. 3D モードでも 道は ふさがない: 道はばの 3/4 の なか・spot の まんなか は あいて いる (3449.807789ms)
✔ 5. 3D モードの forest: 50 の spot に ぜんぶ あるいて 行ける (2673.283285ms)
✔ 6. 3D モードの forest: 27 にんの なかまも player も かたい 物に めりこまない (3158.354195ms)
✔ 7. レンダラー: WebGL が ない ところでは すぐ 2D(こわれない・この あいだ ずっと 2D) (1.285128ms)
✔ 8. フラグは URL だけ・セーブに のこさない。Three.js は version 固定で repo の なか。ふだんは よみこまない (7.653992ms)
✔ 9. 全地域: 3D profile が あり、意味の 表で ぜんぶ 解決し(unresolved 0・立て看板 0)、かくす ものは きまった しるし だけ、2D(フラグなし)は かわらない (18687.539503ms)
✔ 10. はっけんの しらせ(全地域): ランドマーク / ひみつ だけ「みつけた！」、その ばしょ だけの もの は かるく「が ある」、ふつうの 池・通過点は しずか。きろく は かわらない (1996.887211ms)
✔ 11. 全地域(registry から): 3D モードで ぜんぶの spot と gate に 道に そって あるいて 行ける(とじこめ なし) (17475.285383ms)
(node:580) [MODULE_TYPELESS_PACKAGE_JSON] Warning: Module type of file:///workspace/scratch/ff6d1b102871/world/vendor/three-0.170.0/three.module.min.js is not specified and it doesn't parse as CommonJS.
Reparsing as ES module because module syntax was detected. This incurs a performance overhead.
To eliminate this warning, add "type": "module" to /workspace/scratch/ff6d1b102871/world/package.json.
(Use `node --trace-warnings ...` to show where the warning was created)
✔ VQ-25 waterwheel axle spans two grounded supports outside the paddle sweep (2934.250266ms)
✔ VQ-24 stone bridge masonry stays on both parapets and marks all four ends (15174.923294ms)
✔ VQ-23 vehicle window frames connect body and roof at every cab corner when rotated (244.696583ms)
✔ VQ-22 dry-bank patches are continuous, bounded and leave unpainted water unchanged (30.931508ms)
✔ VQ-9 residential porch supports meet roof slopes within canonical lots (14074.169776ms)
✔ VQ-8 farmhouse veranda posts meet a canopy contained over the existing deck (1619.311645ms)
✔ VQ-6 cottage rooflines include both gable orientations within the residential family (338.931213ms)
✔ VQ-5 garden stepping stones connect the actual front door to its finite road segment (450.70259ms)
✔ VQ-1 contact footprints follow trunks and foundations without mutating objects (12.670567ms)
✔ VQ-2 contact field excludes actors, water, bridges and tiny dressing; finite bounded support (0.859232ms)
✔ VQ-3 outer-bank variation leaves water lanes and triangle topology unchanged (0.615233ms)
✔ VQ-4 residential main roofs retain above-head clearance with canonical colliders (15389.412976ms)
✔ VQ-7 garden beds retain their planting group outside canonical road and obstacle footprints (308.36134ms)
✔ VQ-10 barn entrances read as broad paired doors within the wall (1493.579479ms)
✔ VQ-11 flower instances retain planter and window-box elevation (1.739445ms)
✔ VQ-12 walkable market stalls have open counters and connected canopy supports (14369.617279ms)
✔ VQ-13 representative farmhouse flowers clear the veranda as one planting group (1209.553884ms)
✔ VQ-14 planting clearance preserves groups, rotations and blocked plots (50.671278ms)
✔ VQ-15 residential facade openings fit beside the entrance without frame overlap (14025.536849ms)
✔ VQ-16 single-family main windows reserve the existing bay projection (14175.280812ms)
✔ VQ-17 two-storey entrance remains below its existing low canopy (557.520711ms)
✔ VQ-18 ground fern fronds emerge above their root plane, without changing hanging palm leaves (6295.519384ms)
✔ VQ-19 ordinary big-tree crowns vary azimuth without expanding their envelope (4124.929339ms)
✔ VQ-20 ground frond roots attach to their own terrain position (4202.067523ms)
✔ VQ-21 frond transforms preserve winding and radial direction for rising and hanging leaves (2.618186ms)
✔ 1. the same discoveredStages key twice still gives one resident (2594.97129ms)
✔ 2. the same partnersRecorded id twice still gives one resident (2186.899125ms)
✔ 3. companion aliases collapse to one canonical resident (48.135993ms)
✔ 4. the current pet is never an ordinary resident (3385.972925ms)
✔ 5. the current companion and partner walk with the player only, never as region residents (3620.063692ms)
✔ 6. legacy species left in an old save (bird:*) never become residents, but the save keeps them (1790.9048ms)
✔ 7. current-dex forms such as woman よちよち and the cicada appear once discovered (3291.516435ms)
✔ 8. the city 🐈 scenery never resolves to the cat resident asset (the display resolver would) (41.819043ms)
✔ 9. the forest 🍄 scenery never resolves to the mushroom resident asset (24.143171ms)
✔ 10. every scenery emoji in every region (prop/lane/wall/hint/spot.prop/flavour/landmark fallbacks) stays scenery (45.00334ms)
✔ registry audit reports rows and every issue class (duplicate, legacy, undiscovered, pet, follower, shared asset) (3796.850795ms)
✔ canvas path: 🐈 scenery is drawn as a native emoji, not the cat picture and not a placeholder tile (25.230991ms)
✔ canvas path: 🍄 scenery is a native emoji too (23.560549ms)
✔ canvas path: all 17 character-colliding scenery emoji become native emoji (no character asset, no placeholder), U+E000 is never scenery (25.822309ms)
✔ canvas path: scenery with dedicated art (🌳 🌲 🌴 🌵 🐚) goes through the scenery wrapper, never native text and never a character (22.435046ms)
✔ canvas path: every scenery emoji of every region either has scenery art or falls back to a native emoji, never a character or a placeholder (33.296651ms)
✔ the number of residents is pinned to the dex, not to a round figure (3871.149436ms)
✔ the collider table is world-space data: shape, half sizes, angle and role, never canvas pixels (3.734105ms)
✔ a tree stops you at the trunk, not at a leaf: the collider is a small part of the drawing (0.214786ms)
✔ buildings, walls and fences are boxes with a facing, and a fence is a thin line not a slab (0.423632ms)
✔ grass, leaves, small mushrooms, ground detail and bridges have no collider at all (0.205582ms)
✔ every path corridor and every spot centre is free of colliders in all 13 regions (88.163567ms)
✔ walking for real, every spot in every region is still reachable, secret ones included (10231.920605ms)
✔ you cannot walk into a big tree, a building, a rock or a fence (15765.938919ms)
✔ a diagonal bump slides along the wall instead of stopping dead (4313.09107ms)
✔ water: the sea you may not enter is the only no-go water, and every water spot is still walkable (1.162717ms)
✔ collision cost does not grow with the size of the world: the grid keeps each lookup tiny (0.983214ms)
✔ residents are held by the same colliders as the player, so nobody walks through a wall (243.589407ms)
✔ the role layers hand the same shapes to a Three.js renderer (3.951032ms)
✔ the shared meguru denominators match a fresh count of WORLDS and the world map (135.442065ms)
✔ ①-1 ふつうの ばしょ: toast は 出さない。左上の 名まえが かわり、ちず と セーブには きろくされる (1714.962184ms)
✔ ①-2 おおきな めじるし(landmark)は toast では なく 左上の 名まえの 静かな 強調。きろくは のこる (1447.905845ms)
✔ ①-3 ひみつは せんようの しらせ。なまえは 見つけた あとに そえる だけ (2499.216593ms)
✔ ①-4 地区(zone)に 入っても toast は 出さない(2026-10-01 v2)。ちずの 地区は ひろがり、中の id は どこにも 出ない (1173.930782ms)
✔ ②-1 おなじ ばしょへ もどっても もう「みつけた」と 出さない (1567.212695ms)
✔ ②-2 セーブに のこした きろくを よみなおしても 2かいめ は 出ない(セーブ互換) (2260.618444ms)
✔ ②-3 めじるしは しらせない。ちずの ボタンも 2かいめ は ひからない (1896.152016ms)
✔ ③-1 1フレームに いくつ 見つけても 出すのは 1つ。つよい ものから (1559.391419ms)
✔ ③-2 じゅんばんは region → secret → landmark → みち → zone → ふつうの spot (3044.142223ms)
✔ ③-3 地域の はっけんと 二重に 出さない(はじめての 地域では 着いた ばしょの しらせを かさねない) (2201.958508ms)
✔ ④-1 住民に ちかづいた ことは はっけんに しない(「はなす」だけ) (2776.907093ms)
✔ ④-2 しらせは あるくのを とめない(ボタンも おおいも 出さない) (1044.686569ms)
✔ ④-3 しらせの あいだ、した の そうさ せつめいは よわめる(ふたつが まざらない) (1805.548542ms)
✔ ⑤-1「ちずに きろくした」と 出た ものは その とき ちずに ある (1772.41615ms)
✔ ⑤-2 こえて いる あいだ に 見つけた めじるしも ちずに のこる (2806.711539ms)
✔ ⑤-3 たんさく率の けいさんは 1つも かえて いない (3246.065094ms)
✔ ⑤-4 みちの はっけんは 出かたが かわる だけ。ひらく じょうけんは そのまま (1303.026204ms)
✔ ⑥-1 travelToRegion() と その ばの ボタンは 1つも かえて いない (1179.030531ms)
✔ ⑥-2 たんさくを とじると しらせも のこらない (958.881629ms)
✔ ⑦-1 レベルは buildWorld() が ほんとうに おく ものから きまる (37.606002ms)
✔ ⑦-2 目じるしの ない 通過点では しらせない。でも きろくは のこる(探索率は かわらない) (1114.255111ms)
✔ ⑦-3 目じるしの ある ばしょ(L2)も toast は 出さない(2026-10-01 v2)。左上の 名まえ と きろく だけ (964.460891ms)
✔ ⑦-4「ちずに きろくした」は はじめの うちだけ(なんども くりかえさない) (1340.813837ms)
✔ ⑦-5 はじめて あそぶ ひとには「ちずに きろくした」を そえる (1973.248652ms)
✔ ⑦-6 レベルは セーブに 何も 足さない(旧セーブでも そのまま 動く) (1947.123156ms)
✔ ⑦-7 監査の けっかと 実装が そろって いる (72.563153ms)
✔ ⑧-1 4つの みはらしに、その ばしょ だけの けしきが ある (808.199269ms)
✔ ⑧-2 主役は 地域ごとに ちがう(どこにも おなじ てすりを 置かない) (791.322317ms)
✔ ⑧-3 けしきは あたりはんていを 1つも ふやさない(みち・出口・住民を ふさがない) (785.560388ms)
✔ ⑧-4 gate の 発火は 1つも かわらない(connection に さわって いない) (965.089554ms)
✔ ⑧-5 4つとも L2。toast は 出さず(2026-10-01 v2)、左上の 名まえ と きろく だけ (1235.628763ms)
✔ ⑧-6 2かいめ は 出さない。旧セーブで もう 見つけて いれば けしきだけ 見える (1262.248217ms)
✔ ⑧-7 spot / path / zone / secret の かずは 1つも ふえて いない (22.737113ms)
✔ A1. うごく ボタンしか 出さない: なにも ない ときは その ばの ボタンが 1つも ない (425.48967ms)
✔ A2. その ばの ボタンは 1 枠。住民が ちかいと「はなす」、のりばに 立つと「のる/もぐる」 (585.297049ms)
✔ A3. こえて いる あいだ、右がわの ボタンは ぜんぶ ロックされる (2036.616806ms)
✔ A7. hidden を つけた ボタンは ほんとうに きえる(CSS の きまりが ある) (1.159182ms)
✔ A8. のりばでは、なにが おきるのかを ボタンの した にも 出す (257.442179ms)
✔ A4. めぐる中の「たび」が はたらく。openExclusiveMenu では はじかれて いた (422.09557ms)
✔ A5. たびが かぶさって いる あいだ せかいは とまり、とじると つづきから うごく (565.425206ms)
✔ A6. たびから 地域を えらぶと、これまで どおり travelToRegion が はしり めぐるも ついて いく (444.28393ms)
✔ B1. 見つけた 地域の まわり だけが 紙に のる。0% → 100% で だんだん ひろがる (39.447639ms)
✔ B2. 50% では、まだ 行って いない ところの かたちが はっきり のこって いる (28.395426ms)
✔ B3. 見つけて いない 特殊層(ほしぞら・しんかい・きおく)は 1 文字も もれない (24.141298ms)
✔ B4. 探索率の しきは ひとつも かわって いない(471 spot / 654 path / 118 zone / 107 ひみつ) (23.698458ms)
✔ C1. ジャングルは 南西の 外洋に うかぶ しま。本土の どの 地域とも 陸つづきに 見えない (24.331352ms)
✔ C2. かいがんせん(本土)は しまに さわらない。しまは べつの 地形として もつ (24.609456ms)
✔ C3. しまは ジャングルを 見つける まで 1 てんも 出ない(なまえも かたちも) (18.993497ms)
✔ C4. ジャングルの なかみ(spot / path / zone / ひみつ)は 1つも かわって いない (334.193211ms)
✔ C5. しまに した あとの みちの かず・つなぎ (30.853102ms)
✔ D1. 地形には ぜんぶ「あるいて いる ときの けしき」の いみが ついて いる (20.464984ms)
✔ D2. 地形の いみは 世界地図の データに 1文字も まざらない (18.797309ms)
✔ the fauna classifier flags birds, fish, mammals, reptiles and bugs but not plants, shells, paw prints or coral (133.117256ms)
✔ the jungle random props / lane / hint contain no parrot or snake (31.522207ms)
✔ no random scenery pool in any region contains living fauna (props, lane, wall, hint, zone lanes, spot props, local flavor) (24.25024ms)
✔ the built worlds place no fauna as scenery: every living creature on screen is a registry resident (2228.664161ms)
✔ the fauna cleanup does not change the resident registry or the resident placement per region (3830.465217ms)
✔ scenery is kept rich, but as space rather than scattered trinkets: pools, ground areas and framing all stay in place (1853.101141ms)
✔ the snow world no longer scatters the snowman partner: no ⛄ in props, lane, hint or spot props, density unchanged (16.031853ms)
✔ companion, rare companion and partner emoji are known to the audit, including the ☃️/⛄ alias of the snowman (42.425436ms)
✔ no random scenery pool (props / lane / wall / hint / zone lanes / local flavor) contains a companion, partner or character-asset emoji (29.00924ms)
✔ a character emoji sneaking back into a random pool or a second statue spot is reported by the audit (29.609912ms)
