✖ VQ-25 waterwheel axle spans two grounded supports outside the paddle sweep (5.801891ms)
ℹ tests 1
ℹ suites 0
ℹ pass 0
ℹ fail 1
ℹ cancelled 0
ℹ skipped 0
ℹ todo 0
ℹ duration_ms 106.594505

✖ failing tests:

test at world/tests/meguru-3d-visual-quality-test.cjs:8:1
✖ VQ-25 waterwheel axle spans two grounded supports outside the paddle sweep (5.801891ms)
  Error: ENOENT: no such file or directory, open 'meguru.js'
      at Object.readFileSync (node:fs:484:20)
      at Object.<anonymous> (/workspace/scratch/ff6d1b102871/world/tests/helpers/runtime-harness.cjs:5:19)
      at Module._compile (node:internal/modules/cjs/loader:1872:14)
      at Object..js (node:internal/modules/cjs/loader:2003:10)
      at Module.load (node:internal/modules/cjs/loader:1594:32)
      at Module._load (node:internal/modules/cjs/loader:1396:12)
      at wrapModuleLoad (node:internal/modules/cjs/loader:255:19)
      at Module.require (node:internal/modules/cjs/loader:1617:12)
      at require (node:internal/modules/helpers:153:16)
      at TestContext.<anonymous> (/workspace/scratch/ff6d1b102871/world/tests/meguru-3d-visual-quality-test.cjs:9:23) {
    errno: -2,
    code: 'ENOENT',
    syscall: 'open',
    path: 'meguru.js'
  }
