✖ VQ-25 waterwheel axle spans two grounded supports outside the paddle sweep (1899.397176ms)
ℹ tests 1
ℹ suites 0
ℹ pass 0
ℹ fail 1
ℹ cancelled 0
ℹ skipped 0
ℹ todo 0
ℹ duration_ms 2016.326146

✖ failing tests:

test at tests/meguru-3d-visual-quality-test.cjs:8:1
✖ VQ-25 waterwheel axle spans two grounded supports outside the paddle sweep (1899.397176ms)
  AssertionError [ERR_ASSERTION]: constant-radius closed horizontal axle, not a tapered open trunk
      at TestContext.<anonymous> (/workspace/scratch/ff6d1b102871/world/tests/meguru-3d-visual-quality-test.cjs:27:12)
      at Test.runInAsyncScope (node:async_hooks:227:14)
      at Test.run (node:internal/test_runner/test:1382:25)
      at Test.start (node:internal/test_runner/test:1242:17)
      at startSubtestAfterBootstrap (node:internal/test_runner/harness:387:17) {
    generatedMessage: false,
    code: 'ERR_ASSERTION',
    actual: undefined,
    expected: true,
    operator: '==',
    diff: 'simple'
  }
