TAP version 13
# Subtest: starfish preview exposes every stage and never accesses real saves
ok 1 - starfish preview exposes every stage and never accesses real saves
  ---
  duration_ms: 3328.125072
  type: 'test'
  ...
# Subtest: sakura preview exposes every stage and never accesses real saves
ok 2 - sakura preview exposes every stage and never accesses real saves
  ---
  duration_ms: 3360.199896
  type: 'test'
  ...
# Subtest: world_tree preview exposes every stage and never accesses real saves
ok 3 - world_tree preview exposes every stage and never accesses real saves
  ---
  duration_ms: 3368.712788
  type: 'test'
  ...
# Subtest: unknown preview exposes every stage and never accesses real saves
ok 4 - unknown preview exposes every stage and never accesses real saves
  ---
  duration_ms: 3461.540699
  type: 'test'
  ...
# Subtest: starfish preview uses all eight canonical stage names
ok 5 - starfish preview uses all eight canonical stage names
  ---
  duration_ms: 3128.897133
  type: 'test'
  ...
# Subtest: sakura preview uses all eight canonical stage names
ok 6 - sakura preview uses all eight canonical stage names
  ---
  duration_ms: 3328.444893
  type: 'test'
  ...
# Subtest: world_tree preview uses all eight canonical stage names
ok 7 - world_tree preview uses all eight canonical stage names
  ---
  duration_ms: 2962.074828
  type: 'test'
  ...
# Subtest: unknown preview uses canonical punctuation and suppresses disposable rare achievement flashes
ok 8 - unknown preview uses canonical punctuation and suppresses disposable rare achievement flashes
  ---
  duration_ms: 2791.87543
  type: 'test'
  ...
1..8
# tests 8
# suites 0
# pass 8
# fail 0
# cancelled 0
# skipped 0
# todo 0
# duration_ms 25972.910743
