✔ a ticklish line moves the pet and equipment together, then the speaking friend is identified without a second celebration (133.164461ms)
✔ courtship follows the actual partner, while a failed courtship never celebrates (42.289494ms)
✔ non-Relationship group responses remain visible, while negative outcomes settle once (111.344711ms)
✔ poop updates preserve every placed actor and do not interrupt a reaction (39.71238ms)
✔ care moods follow the line and outcome instead of always bouncing happily (19.938309ms)
✔ a comforting reply cannot make the disappointed or unwell pet celebrate (34.629293ms)
✔ a new action cancels old replies and an old animation cannot clear a new one (27.096374ms)
✔ menus and hidden pages stop reactions, and reduced motion still identifies the speaker (47.055102ms)
✔ a companion who left before their turn cannot speak or animate a different companion (152.911117ms)
✔ enabling reduced motion mid-speech stops movement but preserves the current speaker (20.276165ms)
✔ every motion and its interpolation stay inside the reserved one- or three-pixel envelope (130.878724ms)
✔ pet-only cues animate the pet and accessory with identical frames (0.962359ms)
✔ pet reports zero when its animation cannot start (0.547818ms)
✔ isActive tracks pet motion and idle can exclude the pet (0.523661ms)
✔ successful medicine cure keeps recovery semantics even when the line mentions bitterness (0.161875ms)
✔ a resting partner reply after cure cannot lift the surrounding cast (37.178343ms)
✔ pet care semantics win over randomized line tone without changing social tone (0.217919ms)
✔ recovery pilot has one large relieved peak and returns exactly to rest (0.296978ms)
✔ focused recovery keeps a readable 16px budget even when ambient cast motion is only 1px (0.66876ms)
✔ home derives emotion without adding saved emotion fields (107.531055ms)
✔ rendering and running an emotion cue leave the serialized save unchanged (19.471484ms)
✔ home emotion follows canonical priority and pet availability (19.796705ms)
✔ persistent cue moves only the main pet and its accessory (15.173832ms)
✔ 26 companions stay still during the main pet hungry cue (29.180381ms)
✔ 26 companions stay still during the main pet sulk cue (30.736952ms)
✔ critical life cancels a running persistent cue and stays still (24.539499ms)
✔ critical life suppresses both ordinary idle sources while keeping critical UI (15.593787ms)
✔ ordinary render does not interrupt a real care reaction (18.073833ms)
✔ real feed starts with munch (17.76003ms)
✔ real wake keeps stretch for a sleepy randomized line (16.851376ms)
✔ real wrong medicine starts with shake (17.670735ms)
✔ real annoyed play starts with settle (24.527336ms)
✔ feed adds one pet-only gentle bounce after munch when hunger is cleared (18.560447ms)
✔ feed returns to the latest hungry profile without a happy afterglow (16.687829ms)
✔ feed afterglow rechecks raw hunger at callback time (31.531473ms)
✔ feed afterglow rechecks raw pet availability at callback time (32.959019ms)
✔ cured medicine uses one focused recovery motion without a delayed bounce (15.070556ms)
✔ cure conversation has one primary recovery through the final reply (0 companions, reduced: false) (358.567944ms)
✔ cure conversation has one primary recovery through the final reply (0 companions, reduced: true) (303.661701ms)
✔ cure conversation has one primary recovery through the final reply (26 companions, reduced: false) (54.241674ms)
✔ cure conversation has one primary recovery through the final reply (26 companions, reduced: true) (39.813013ms)
✔ a newer care action invalidates the old feed afterglow (22.135418ms)
✔ a newer semantic event invalidates the old feed afterglow (20.783377ms)
✔ leaving home invalidates a feed afterglow even after returning (82.48908ms)
✔ feed afterglow waits for existing companion conversation beats (23.270662ms)
✔ critical life and reduced motion suppress care afterglow movement (35.942026ms)
✔ critical life suppresses cured medicine afterglow (14.676581ms)
✔ other semantic care reactions finish without an added happy afterglow (86.592805ms)
✔ normal state cancels the old profile timer before it can fire (15.350519ms)
✔ non-normal emotion excludes the pet from ordinary idle while companions continue (14.687968ms)
✔ non-normal emotion excludes autonomous pet greetings but keeps social greetings (28.481095ms)
✔ egg blocks a pending persistent cue (15.144127ms)
✔ farewell blocks a pending persistent cue (76.069553ms)
✔ dead blocks a pending persistent cue (19.905509ms)
✔ sleeping blocks a pending persistent cue (19.877247ms)
✔ transform blocks a pending persistent cue (19.38972ms)
✔ menu blocks a pending persistent cue (41.641294ms)
✔ minigame blocks a pending persistent cue (22.024481ms)
✔ story blocks a pending persistent cue (19.431664ms)
✔ hidden tab blocks a pending persistent cue (17.230474ms)
✔ story opening immediately cancels an active persistent cue (13.270006ms)
✔ menu cancels an active persistent cue and the current state restarts after return (14.41746ms)
✔ story cancels an active persistent cue and the current state restarts after return (14.306552ms)
✔ minigame cancels an active persistent cue and the current state restarts after return (118.482543ms)
✔ hidden tab cancels an active persistent cue and the current state restarts after return (17.487357ms)
✔ returning from a hidden tab schedules the current profile again (24.443486ms)
✔ reduced motion retains the derived state without starting a cue (20.168497ms)
✔ switching to reduced motion stops a running persistent cue (20.687561ms)
✔ reduced motion suppresses persistent and afterglow movement but retains the warning icon (42.643829ms)
✔ normal idle perk callback does not preempt a pending care afterglow (21.996167ms)
✔ normal idle perk callback does not preempt an active care afterglow (21.777618ms)
✔ normal idle greeting callback does not preempt a pending care afterglow (18.015685ms)
✔ normal idle greeting callback does not preempt an active care afterglow (14.559875ms)
ℹ tests 73
ℹ suites 0
ℹ pass 73
ℹ fail 0
ℹ cancelled 0
ℹ skipped 0
ℹ todo 0
ℹ duration_ms 2319.296385
