✔ health danger is visible before dying and survives unrelated messages and expiry (133.423465ms)
✔ illness remains recognizable alongside low life, and medicine clears only the illness effects (34.208318ms)
✔ illness names the condition above the character instead of generic care wording (22.708816ms)
✔ attention effects stop for menus, games, stories and hidden tabs, then reconstruct at home (37.453891ms)
✔ lightweight mode retains the alert but requests still effects (35.410134ms)
✔ sweat stays beside the painted young fish instead of its transparent upper frame (20.512188ms)
✔ critical care advice follows the real sequence without medicine for a healthy pet (55.121331ms)
✔ six-tick health death remains unchanged while every living tick has a notice (25.242654ms)
✔ reloaded illness reconstructs a notice and medicine resolves it (42.295155ms)
✔ explicit care displays changes once; ordinary natural ticks stay quiet (24.063432ms)
✔ danger presentation clears behind overlays and returns with the same state (23.350796ms)
✔ egg, farewell and immortal states do not inherit death warnings (23.486691ms)
✔ reduced motion and lightweight mode retain static warning text (60.402008ms)
✔ numeric feedback keeps the explanation of a mistaken medicine visible (23.020557ms)
✔ a growth milestone waits for action feedback instead of being forgotten (24.98882ms)
✔ a recovery milestone waits while a higher priority warning remains (44.956911ms)
✔ a delayed sleep recovery never tells an already awake pet to wake (19.066833ms)
✔ illness care is readable before an arbitrarily long saved disease name (15.228675ms)
✔ running cat sweat brackets its head rather than the distant tail (14.94675ms)
✔ static script exposes the pure assessment interface on window (3.566238ms)
✔ signals exposes canonical mild and strong display bands without changing assess (0.633697ms)
✔ signals keeps life and stage semantics identical to current care rules (0.29123ms)
✔ signals exposes health, sickness, sleep, and pet availability without mutating state (0.321586ms)
✔ assess leaves healthy and non-playable life stages quiet without mutating state (0.25114ms)
✔ assess treats each real mortal life-risk signal as critical (0.508488ms)
✔ low life gives recovery advice before the critical threshold and clears after recovery (0.375578ms)
✔ life and health notices choose one useful action from the actual cause (0.465563ms)
✔ health advice never prescribes harmful care and falls back from unavailable affection (0.388077ms)
✔ high life risk restores every stat to the 60-point recovery threshold (0.311621ms)
✔ unavailable affection uses sleep when exhausted and play when energy is adequate (0.199712ms)
✔ assess reports ordinary care needs in priority order (0.222927ms)
✔ sickness labels remain plain text data for the textContent renderer (0.186983ms)
✔ sleep notices distinguish ongoing recovery from a completed rest (0.188164ms)
✔ fixed-slot status copy stays compact and has no Japanese word spacing (0.260183ms)
✔ immortality defaults from state and suppresses death wording while retaining care advice (0.236968ms)
✔ snapshot copies only fields used by explicit action summaries (0.202756ms)
✔ changes reports at most two meaningful deltas in care priority order (0.333413ms)
✔ changes derives life from risk and keeps decline improvement negative (1.218581ms)
✔ changes ignores sub-point drift and does not mutate either snapshot (0.273594ms)
✔ a married partner keeps a readable ring between the couple and clear of every moving character (11414.008526ms)
✔ a ring keeps companions readable when another arrangement fits at the same main size (8.900796ms)
✔ the poop row keeps the same lower-right anchor above speech across party sizes and art changes (546.187157ms)
✔ home wings balance the painted gaps around the main body, including different PNG padding (103.676953ms)
✔ every intermediate party size fits the minimum fixed home, with partner/item independently present (337.20469ms)
✔ mixed failed and padded friend images keep every stress-count actor and poop slot in a fixed home (13.166289ms)
✔ a mixed 31-friend wing fits the minimum height without moving the permanent poop strip (10.699434ms)
✔ poop follows the applied field scale rather than the companion count, with a readable floor (14.631864ms)
✔ failed companion images keep the balanced cast and the poop row inside the smallest home (13.002292ms)
✔ home conversation stays centered below the permanent poop strip without covering the completed cast (1843.118206ms)
✔ a home cast stays in view during its larger hop and sway and leaves the floor clear (307.947322ms)
✔ whole cast fits with room for sway and four-pixel companion gaps (1620.690247ms)
✔ unknown or failed art retains complete frames without overlapping the core (55.32117ms)
✔ independent reactions retain full frames and four-pixel friend gaps throughout the sway (1576.13858ms)
✔ one-finger drags cannot pan the home, including a drag starting on a care button (130.762981ms)
✔ long text can scroll in both directions but cannot drag the home past its edges (28.207493ms)
✔ pinch zoom and panning an enlarged view remain available (19.523824ms)
✔ menus, minigames and life records keep their gestures and returning home restores the lock (42.768199ms)
✔ home touch setup leaves the home height available after the fun strip retirement (39.403561ms)
✔ only one main overlay is open at a time (148.287656ms)
✔ an unknown kind opens nothing and close buttons only close their own overlay (30.852798ms)
✔ every overlay kind renders its own panel (34.943559ms)
✔ performance tiers step up on slow frames and back down after sustained fast frames (21.69237ms)
✔ real home emotion profiles select only the adult cat portrait (361.300836ms)
✔ adult-cat expressions append unique static accents inside the existing visual (252.260886ms)
✔ real play and medicine outcomes use semantic temporary faces (129.306812ms)
✔ feed afterglow starts happy only after the validated result and expires to latest state (30.486636ms)
✔ a real cure retains a static happy afterglow (reduced motion: false) (24.886466ms)
✔ a real cure retains a static happy afterglow (reduced motion: true) (25.302193ms)
✔ reduced motion keeps the static happy afterglow for one second without animation (24.708817ms)
✔ only pet semantic speech starts a temporary face (28.200953ms)
✔ critical state interrupts happy immediately and expiry cannot restore stale state (21.865512ms)
✔ a new life cancels the old face timer (21.166606ms)
✔ sleep uses its own face, and waking shows normal before latest-state reevaluation (40.838298ms)
✔ form changes and blocked screens clear the temporary face and accent (158.410678ms)
✔ expression rendering does not alter saves, cast geometry, or 26 companions (31.520377ms)
✔ a failed expression portrait retries the original before the emoji fallback (48.14309ms)
✔ home care colors follow existing mood and fatigue boundaries and reset after sleep/recovery (26.158116ms)
✔ progress meter colors vary with fill without altering game state or life direction (19.900924ms)
✔ overfeeding shows discomfort before a random story can replace it (23.708336ms)
✔ a newer care action cancels an older delayed overfeeding story (23.769448ms)
✔ kitten home uses its own portraits, care reactions and sleeping face without save changes (20.494511ms)
✔ otemba home uses its own portraits, care reactions and sleeping face without save changes (16.40277ms)
✔ young home uses its own portraits, care reactions and sleeping face without save changes (15.510832ms)
✔ calm home uses its own portraits, care reactions and sleeping face without save changes (15.768662ms)
✔ elder home uses its own portraits, care reactions and sleeping face without save changes (18.244221ms)
✔ toddler home uses its own portraits, care reactions and sleeping face without save changes (19.561045ms)
✔ baby home uses its own portraits, care reactions and sleeping face without save changes (22.280238ms)
✔ adult dog shows all ten state and reaction faces without changing saved state (217.951335ms)
✔ puppy shows all ten state and reaction faces without changing saved state (179.71386ms)
✔ wanpaku shows all ten state and reaction faces without changing saved state (150.650645ms)
✔ young dog shows all ten state and reaction faces without changing saved state (156.437988ms)
✔ young dog routing is limited to ages sixteen through twenty-one (70.624475ms)
✔ calm dog shows all ten state and reaction faces without changing saved state (230.217245ms)
✔ calm dog routing is limited to ages forty through sixty-nine (74.286343ms)
✔ baby dog shows all ten state and reaction faces without changing saved state (176.901968ms)
✔ toddler dog shows all ten state and reaction faces without changing saved state (152.271294ms)
✔ elder dog shows all ten state and reaction faces without changing saved state (159.97293ms)
✔ remaining dog stage boundaries select their own portraits (133.141184ms)
✔ man/01 renders all ten states and reactions without mutating saved state (135.179113ms)
✔ man/02 renders all ten states and reactions without mutating saved state (153.706582ms)
✔ man/03 renders all ten states and reactions without mutating saved state (200.272062ms)
✔ man/04 renders all ten states and reactions without mutating saved state (183.181395ms)
✔ man/05 renders all ten states and reactions without mutating saved state (160.182004ms)
✔ man/06 renders all ten states and reactions without mutating saved state (178.600569ms)
✔ man/07 renders all ten states and reactions without mutating saved state (175.429789ms)
✔ man/08 renders all ten states and reactions without mutating saved state (200.22071ms)
✔ woman/01 renders all ten states and reactions without mutating saved state (154.586532ms)
✔ woman/02 renders all ten states and reactions without mutating saved state (141.748437ms)
✔ woman/03 renders all ten states and reactions without mutating saved state (176.876425ms)
✔ woman/04 renders all ten states and reactions without mutating saved state (187.384598ms)
✔ woman/05 renders all ten states and reactions without mutating saved state (181.28736ms)
✔ woman/06 renders all ten states and reactions without mutating saved state (168.917197ms)
✔ woman/07 renders all ten states and reactions without mutating saved state (178.706777ms)
✔ woman/08 renders all ten states and reactions without mutating saved state (178.418577ms)
✔ penguin/01 renders all ten states and reactions without mutating saved state (174.891178ms)
✔ penguin/02 renders all ten states and reactions without mutating saved state (171.274118ms)
✔ penguin/03 renders all ten states and reactions without mutating saved state (186.972944ms)
✔ penguin/04 renders all ten states and reactions without mutating saved state (184.671982ms)
✔ penguin/05 renders all ten states and reactions without mutating saved state (168.894543ms)
✔ penguin/06 renders all ten states and reactions without mutating saved state (209.257293ms)
✔ penguin/07 renders all ten states and reactions without mutating saved state (226.636126ms)
✔ penguin/08 renders all ten states and reactions without mutating saved state (186.883453ms)
✔ turtle/01 renders all ten states and reactions without mutating saved state (185.179405ms)
✔ turtle/02 renders all ten states and reactions without mutating saved state (211.095935ms)
✔ turtle/03 renders all ten states and reactions without mutating saved state (159.43537ms)
✔ turtle/04 renders all ten states and reactions without mutating saved state (166.238786ms)
✔ turtle/05 renders all ten states and reactions without mutating saved state (184.806492ms)
✔ turtle/06 renders all ten states and reactions without mutating saved state (185.27922ms)
✔ turtle/07 renders all ten states and reactions without mutating saved state (165.0564ms)
✔ turtle/08 renders all ten states and reactions without mutating saved state (158.612272ms)
✔ frog/01 renders all ten states and reactions without mutating saved state (167.927693ms)
✔ frog/02 renders all ten states and reactions without mutating saved state (161.071707ms)
✔ frog/03 renders all ten states and reactions without mutating saved state (160.674862ms)
✔ frog/04 renders all ten states and reactions without mutating saved state (180.047997ms)
✔ frog/05 renders all ten states and reactions without mutating saved state (148.00379ms)
✔ frog/06 renders all ten states and reactions without mutating saved state (192.418656ms)
✔ frog/07 renders all ten states and reactions without mutating saved state (230.886586ms)
✔ frog/08 renders all ten states and reactions without mutating saved state (209.314429ms)
✔ clownfish/01 renders all ten states and reactions without mutating saved state (200.009052ms)
✔ clownfish/02 renders all ten states and reactions without mutating saved state (154.147776ms)
✔ clownfish/03 renders all ten states and reactions without mutating saved state (186.788655ms)
✔ clownfish/04 renders all ten states and reactions without mutating saved state (212.028549ms)
✔ clownfish/05 renders all ten states and reactions without mutating saved state (174.933151ms)
✔ clownfish/06 renders all ten states and reactions without mutating saved state (325.384609ms)
✔ clownfish/07 renders all ten states and reactions without mutating saved state (207.902521ms)
✔ clownfish/08 renders all ten states and reactions without mutating saved state (182.448464ms)
✔ salmon/01 renders all ten states and reactions without mutating saved state (169.877383ms)
✔ salmon/02 renders all ten states and reactions without mutating saved state (164.18191ms)
✔ salmon/03 renders all ten states and reactions without mutating saved state (188.418682ms)
✔ salmon/04 renders all ten states and reactions without mutating saved state (179.413189ms)
✔ salmon/05 renders all ten states and reactions without mutating saved state (201.481787ms)
✔ salmon/06 renders all ten states and reactions without mutating saved state (191.585025ms)
✔ salmon/07 renders all ten states and reactions without mutating saved state (202.598559ms)
✔ salmon/08 renders all ten states and reactions without mutating saved state (206.266464ms)
✔ hermit_crab/01 renders all ten states and reactions without mutating saved state (200.307446ms)
✔ hermit_crab/02 renders all ten states and reactions without mutating saved state (179.267083ms)
✔ hermit_crab/03 renders all ten states and reactions without mutating saved state (222.488074ms)
✔ hermit_crab/04 renders all ten states and reactions without mutating saved state (201.525302ms)
✔ hermit_crab/05 renders all ten states and reactions without mutating saved state (223.810141ms)
✔ hermit_crab/06 renders all ten states and reactions without mutating saved state (208.754162ms)
✔ hermit_crab/07 renders all ten states and reactions without mutating saved state (209.672409ms)
✔ hermit_crab/08 renders all ten states and reactions without mutating saved state (196.387691ms)
✔ jellyfish/01 renders all ten states and reactions without mutating saved state (179.329421ms)
✔ jellyfish/02 renders all ten states and reactions without mutating saved state (171.321235ms)
✔ jellyfish/03 renders all ten states and reactions without mutating saved state (223.592839ms)
✔ jellyfish/04 renders all ten states and reactions without mutating saved state (215.989891ms)
✔ jellyfish/05 renders all ten states and reactions without mutating saved state (209.221443ms)
✔ jellyfish/06 renders all ten states and reactions without mutating saved state (165.929399ms)
✔ jellyfish/07 renders all ten states and reactions without mutating saved state (218.769161ms)
✔ jellyfish/08 renders all ten states and reactions without mutating saved state (186.642609ms)
✔ starfish/01 renders all ten states and reactions without mutating saved state (203.443189ms)
✔ starfish/02 renders all ten states and reactions without mutating saved state (204.925418ms)
✔ starfish/03 renders all ten states and reactions without mutating saved state (157.937046ms)
✔ starfish/04 renders all ten states and reactions without mutating saved state (202.4141ms)
✔ starfish/05 renders all ten states and reactions without mutating saved state (148.158314ms)
✔ starfish/06 renders all ten states and reactions without mutating saved state (176.732052ms)
✔ starfish/07 renders all ten states and reactions without mutating saved state (154.780828ms)
✔ starfish/08 renders all ten states and reactions without mutating saved state (151.210965ms)
✔ coral/01 renders all ten states and reactions without mutating saved state (269.482311ms)
✔ coral/02 renders all ten states and reactions without mutating saved state (136.834828ms)
✔ coral/03 renders all ten states and reactions without mutating saved state (127.468038ms)
✔ coral/04 renders all ten states and reactions without mutating saved state (160.037959ms)
✔ coral/05 renders all ten states and reactions without mutating saved state (164.595755ms)
✔ coral/06 renders all ten states and reactions without mutating saved state (148.501031ms)
✔ coral/07 renders all ten states and reactions without mutating saved state (144.419596ms)
✔ coral/08 renders all ten states and reactions without mutating saved state (146.711117ms)
✔ butterfly/01 renders all ten states and reactions without mutating saved state (136.765002ms)
✔ butterfly/02 renders all ten states and reactions without mutating saved state (145.538405ms)
✔ butterfly/03 renders all ten states and reactions without mutating saved state (153.34615ms)
✔ butterfly/04 renders all ten states and reactions without mutating saved state (176.418645ms)
✔ butterfly/05 renders all ten states and reactions without mutating saved state (166.599571ms)
✔ butterfly/06 renders all ten states and reactions without mutating saved state (163.611448ms)
✔ butterfly/07 renders all ten states and reactions without mutating saved state (140.893059ms)
✔ butterfly/08 renders all ten states and reactions without mutating saved state (155.805185ms)
✔ beetle/01 renders all ten states and reactions without mutating saved state (158.579486ms)
✔ beetle/02 renders all ten states and reactions without mutating saved state (171.433559ms)
✔ beetle/03 renders all ten states and reactions without mutating saved state (167.754807ms)
✔ beetle/04 renders all ten states and reactions without mutating saved state (157.762723ms)
✔ beetle/05 renders all ten states and reactions without mutating saved state (138.575887ms)
✔ beetle/06 renders all ten states and reactions without mutating saved state (176.039599ms)
✔ beetle/07 renders all ten states and reactions without mutating saved state (178.20341ms)
✔ beetle/08 renders all ten states and reactions without mutating saved state (214.926835ms)
✔ stagbeetle/01 renders all ten states and reactions without mutating saved state (161.175677ms)
✔ stagbeetle/02 renders all ten states and reactions without mutating saved state (156.220802ms)
✔ stagbeetle/03 renders all ten states and reactions without mutating saved state (153.960096ms)
✔ stagbeetle/04 renders all ten states and reactions without mutating saved state (207.600272ms)
✔ stagbeetle/05 renders all ten states and reactions without mutating saved state (186.502025ms)
✔ stagbeetle/06 renders all ten states and reactions without mutating saved state (196.20956ms)
✔ stagbeetle/07 renders all ten states and reactions without mutating saved state (189.406939ms)
✔ stagbeetle/08 renders all ten states and reactions without mutating saved state (188.365667ms)
✔ cicada/01 renders all ten states and reactions without mutating saved state (149.934099ms)
✔ cicada/02 renders all ten states and reactions without mutating saved state (245.293708ms)
✔ cicada/03 renders all ten states and reactions without mutating saved state (148.823497ms)
✔ cicada/04 renders all ten states and reactions without mutating saved state (182.09628ms)
✔ cicada/05 renders all ten states and reactions without mutating saved state (171.66366ms)
✔ cicada/06 renders all ten states and reactions without mutating saved state (160.881086ms)
✔ cicada/07 renders all ten states and reactions without mutating saved state (125.005979ms)
✔ cicada/08 renders all ten states and reactions without mutating saved state (159.691665ms)
✔ antlion/01 renders all ten states and reactions without mutating saved state (148.280626ms)
✔ antlion/02 renders all ten states and reactions without mutating saved state (142.11246ms)
✔ antlion/03 renders all ten states and reactions without mutating saved state (144.179832ms)
✔ antlion/04 renders all ten states and reactions without mutating saved state (123.534024ms)
✔ antlion/05 renders all ten states and reactions without mutating saved state (141.274513ms)
✔ antlion/06 renders all ten states and reactions without mutating saved state (156.789911ms)
✔ antlion/07 renders all ten states and reactions without mutating saved state (136.143683ms)
✔ antlion/08 renders all ten states and reactions without mutating saved state (149.261889ms)
✔ dandelion/01 renders all ten states and reactions without mutating saved state (144.699748ms)
✔ dandelion/02 renders all ten states and reactions without mutating saved state (131.102057ms)
✔ dandelion/03 renders all ten states and reactions without mutating saved state (145.096327ms)
✔ dandelion/04 renders all ten states and reactions without mutating saved state (143.445713ms)
✔ dandelion/05 renders all ten states and reactions without mutating saved state (225.93594ms)
✔ dandelion/06 renders all ten states and reactions without mutating saved state (140.056183ms)
✔ dandelion/07 renders all ten states and reactions without mutating saved state (149.185354ms)
✔ dandelion/08 renders all ten states and reactions without mutating saved state (126.07301ms)
✔ sakura/01 renders all ten states and reactions without mutating saved state (149.993544ms)
✔ sakura/02 renders all ten states and reactions without mutating saved state (148.035357ms)
✔ sakura/03 renders all ten states and reactions without mutating saved state (163.853958ms)
✔ sakura/04 renders all ten states and reactions without mutating saved state (174.93376ms)
✔ sakura/05 renders all ten states and reactions without mutating saved state (171.201823ms)
✔ sakura/06 renders all ten states and reactions without mutating saved state (158.199876ms)
✔ sakura/07 renders all ten states and reactions without mutating saved state (160.117299ms)
✔ sakura/08 renders all ten states and reactions without mutating saved state (178.870236ms)
✔ venus_flytrap/01 renders all ten states and reactions without mutating saved state (160.997377ms)
✔ venus_flytrap/02 renders all ten states and reactions without mutating saved state (166.020196ms)
✔ venus_flytrap/03 renders all ten states and reactions without mutating saved state (174.735421ms)
✔ venus_flytrap/04 renders all ten states and reactions without mutating saved state (134.173886ms)
✔ venus_flytrap/05 renders all ten states and reactions without mutating saved state (152.715342ms)
✔ venus_flytrap/06 renders all ten states and reactions without mutating saved state (145.441247ms)
✔ venus_flytrap/07 renders all ten states and reactions without mutating saved state (152.630016ms)
✔ venus_flytrap/08 renders all ten states and reactions without mutating saved state (171.523075ms)
✔ mushroom/01 renders all ten states and reactions without mutating saved state (184.631116ms)
✔ mushroom/02 renders all ten states and reactions without mutating saved state (151.950839ms)
✔ mushroom/03 renders all ten states and reactions without mutating saved state (166.420481ms)
✔ mushroom/04 renders all ten states and reactions without mutating saved state (167.33604ms)
✔ mushroom/05 renders all ten states and reactions without mutating saved state (185.88499ms)
✔ mushroom/06 renders all ten states and reactions without mutating saved state (199.230289ms)
✔ mushroom/07 renders all ten states and reactions without mutating saved state (216.464734ms)
✔ mushroom/08 renders all ten states and reactions without mutating saved state (145.132048ms)
✔ dragon/01 renders all ten states and reactions without mutating saved state (158.57129ms)
✔ dragon/02 renders all ten states and reactions without mutating saved state (152.549222ms)
✔ dragon/03 renders all ten states and reactions without mutating saved state (154.98391ms)
✔ dragon/04 renders all ten states and reactions without mutating saved state (169.30889ms)
✔ dragon/05 renders all ten states and reactions without mutating saved state (151.106403ms)
✔ dragon/06 renders all ten states and reactions without mutating saved state (160.277467ms)
✔ dragon/07 renders all ten states and reactions without mutating saved state (197.526591ms)
✔ dragon/08 renders all ten states and reactions without mutating saved state (151.81935ms)
✔ phoenix/01 renders all ten states and reactions without mutating saved state (151.746275ms)
✔ phoenix/02 renders all ten states and reactions without mutating saved state (156.200418ms)
✔ phoenix/03 renders all ten states and reactions without mutating saved state (150.918975ms)
✔ phoenix/04 renders all ten states and reactions without mutating saved state (155.316428ms)
✔ phoenix/05 renders all ten states and reactions without mutating saved state (133.474317ms)
✔ phoenix/06 renders all ten states and reactions without mutating saved state (148.963226ms)
✔ phoenix/07 renders all ten states and reactions without mutating saved state (157.009871ms)
✔ phoenix/08 renders all ten states and reactions without mutating saved state (146.832277ms)
✔ god/01 renders all ten states and reactions without mutating saved state (155.967952ms)
✔ god/02 renders all ten states and reactions without mutating saved state (158.265397ms)
✔ god/03 renders all ten states and reactions without mutating saved state (153.594576ms)
✔ god/04 renders all ten states and reactions without mutating saved state (152.969508ms)
✔ god/05 renders all ten states and reactions without mutating saved state (168.963202ms)
✔ god/06 renders all ten states and reactions without mutating saved state (160.750727ms)
✔ god/07 renders all ten states and reactions without mutating saved state (166.124571ms)
✔ god/08 renders all ten states and reactions without mutating saved state (164.263788ms)
✔ world_tree/01 renders all ten states and reactions without mutating saved state (140.623598ms)
✔ world_tree/02 renders all ten states and reactions without mutating saved state (162.022033ms)
✔ world_tree/03 renders all ten states and reactions without mutating saved state (164.151199ms)
✔ world_tree/04 renders all ten states and reactions without mutating saved state (175.403477ms)
✔ world_tree/05 renders all ten states and reactions without mutating saved state (149.961213ms)
✔ world_tree/06 renders all ten states and reactions without mutating saved state (179.329056ms)
✔ world_tree/07 renders all ten states and reactions without mutating saved state (152.485246ms)
✔ world_tree/08 renders all ten states and reactions without mutating saved state (152.020754ms)
✔ ghost/01 renders all ten states and reactions without mutating saved state (163.374385ms)
✔ ghost/02 renders all ten states and reactions without mutating saved state (154.975558ms)
✔ ghost/03 renders all ten states and reactions without mutating saved state (152.100465ms)
✔ ghost/04 renders all ten states and reactions without mutating saved state (178.787819ms)
✔ ghost/05 renders all ten states and reactions without mutating saved state (159.562737ms)
✔ ghost/06 renders all ten states and reactions without mutating saved state (152.987575ms)
✔ ghost/07 renders all ten states and reactions without mutating saved state (154.128649ms)
✔ ghost/08 renders all ten states and reactions without mutating saved state (158.545089ms)
✔ star/01 renders all ten states and reactions without mutating saved state (160.42618ms)
✔ star/02 renders all ten states and reactions without mutating saved state (198.121903ms)
✔ star/03 renders all ten states and reactions without mutating saved state (140.940285ms)
✔ star/04 renders all ten states and reactions without mutating saved state (155.859957ms)
✔ star/05 renders all ten states and reactions without mutating saved state (160.020177ms)
✔ star/06 renders all ten states and reactions without mutating saved state (154.023788ms)
✔ star/07 renders all ten states and reactions without mutating saved state (152.315879ms)
✔ star/08 renders all ten states and reactions without mutating saved state (168.622015ms)
✔ plush/01 renders all ten states and reactions without mutating saved state (163.419331ms)
✔ plush/02 renders all ten states and reactions without mutating saved state (177.759493ms)
✔ plush/03 renders all ten states and reactions without mutating saved state (153.748562ms)
✔ plush/04 renders all ten states and reactions without mutating saved state (165.942904ms)
✔ plush/05 renders all ten states and reactions without mutating saved state (176.701565ms)
✔ plush/06 renders all ten states and reactions without mutating saved state (210.186778ms)
✔ plush/07 renders all ten states and reactions without mutating saved state (153.910628ms)
✔ plush/08 renders all ten states and reactions without mutating saved state (166.865677ms)
✔ unknown/01 renders all ten states and reactions without mutating saved state (159.845913ms)
✔ unknown/02 renders all ten states and reactions without mutating saved state (185.299183ms)
✔ unknown/03 renders all ten states and reactions without mutating saved state (170.152302ms)
✔ unknown/04 renders all ten states and reactions without mutating saved state (179.592533ms)
✔ unknown/05 renders all ten states and reactions without mutating saved state (225.436555ms)
✔ unknown/06 renders all ten states and reactions without mutating saved state (167.281896ms)
✔ unknown/07 renders all ten states and reactions without mutating saved state (158.508353ms)
✔ unknown/08 renders all ten states and reactions without mutating saved state (183.429058ms)
✔ ren/01 renders all ten states and reactions without mutating saved state (153.732138ms)
✔ ren/02 renders all ten states and reactions without mutating saved state (178.18164ms)
✔ ren/03 renders all ten states and reactions without mutating saved state (140.121238ms)
✔ ren/04 renders all ten states and reactions without mutating saved state (156.011472ms)
✔ ren/05 renders all ten states and reactions without mutating saved state (148.727978ms)
✔ ren/06 renders all ten states and reactions without mutating saved state (158.79729ms)
✔ ren/07 renders all ten states and reactions without mutating saved state (180.780902ms)
✔ ren/08 renders all ten states and reactions without mutating saved state (177.670073ms)
✔ Home connects all fifteen food artworks without changing saved state (26.025935ms)
✔ short tab return restores the current expression without replaying a stale reaction (18.443701ms)
✔ dying treatment stays on home content without containing viewport overlays (5.615112ms)
✔ travel opens destinations directly, then closes back to care (135.934179ms)
✔ the menu stops aging and an exclusive page replaces it (34.539213ms)
✔ court rapid taps still count individually (241.35105ms)
✔ medicine while healthy still changes the care state and reacts immediately (22.020496ms)
✔ play starts a random game with no chooser (33.955596ms)
✔ home header and menu cannot interrupt an active minigame (22.77068ms)
✔ game selection and achievements each open their own destination (35.609735ms)
✔ late weather does not override manual settings or write a location into a save (23.221581ms)
✔ late current-location result cannot pull a player out of another menu (25.473432ms)
✔ Escape cancels the first reset prompt and leaves Data paused (17.851768ms)
✔ Escape cancels a held final reset without wiping or resuming age (15.777805ms)
✔ failed location permission waits for explicit retry while successful snapshots auto-refresh (16.006882ms)
✔ blocked sleeping travel preserves the active current-city selection (26.198583ms)
✔ dialog browser clock pauses before navigation instead of racing live timers (0.333313ms)
✔ a small newborn uses spare space and stays near the speech below it (4.361278ms)
✔ bottom transparency cannot leave a fish far above its speech (175.127762ms)
✔ closer core actors retain the readable size of both full companion arcs (20.749621ms)
✔ equipment and the partner sit near the visible body instead of the transparent image top (49.114196ms)
✔ height-constrained companions keep curved wings instead of straight columns (55.281804ms)
✔ height-constrained cast keeps all frames, two sides and motion gaps (1670.937702ms)
✔ more vertical room grows the cast instead of leaving a fixed small scene (1.851888ms)
✔ legacy colors and earned designs survive as a noninteractive collection (41.052447ms)
✔ glass inputs preview immediately, save on change, and reset only readability settings (48.017229ms)
✔ viewport changes follow browser chrome height while pinch zoom remains usable (28.002964ms)
✔ glass migration clamps unsafe values and respects an explicit transparency choice (205.115359ms)
✔ short visible viewports switch meter arrangement and recover without undoing pinch zoom (29.480295ms)
✔ a viewport resize lays out before the next reaction and does not cancel it on render (14.949183ms)
✔ a new narration starts at the top while normal renders preserve the reading position (15.754661ms)
✔ a new speech starts at its first line without truncating a long message (16.59223ms)
✔ locked or invalid legacy designs cannot override the game palette (19.338985ms)
✔ every saved color and pattern has one shared preview definition and independent paint layers (10.54466ms)
✔ screen palette samples retain at least 4.5 contrast with white and colored motifs (46.431923ms)
ℹ tests 365
ℹ suites 0
ℹ pass 365
ℹ fail 0
ℹ cancelled 0
ℹ skipped 0
ℹ todo 0
ℹ duration_ms 43082.568658
