✔ cat_friend real Home rerenders relation threshold, rescue and expiry (29.911806ms)
✔ rabbit_friend real Home rerenders relation threshold, rescue and expiry (19.042858ms)
✔ tanuki real Home rerenders relation threshold, rescue and expiry (22.237082ms)
✔ squirrel real Home rerenders relation threshold, rescue and expiry (20.188227ms)
✔ owl real Home rerenders relation threshold, rescue and expiry (28.423853ms)
✔ otter real Home rerenders relation threshold, rescue and expiry (37.569735ms)
✔ hamster real Home rerenders relation threshold, rescue and expiry (24.346018ms)
✔ panda real Home rerenders relation threshold, rescue and expiry (23.345657ms)
✔ monkey real Home rerenders relation threshold, rescue and expiry (21.319857ms)
✔ parrot real Home rerenders relation threshold, rescue and expiry (24.176642ms)
✔ sheep real Home rerenders relation threshold, rescue and expiry (23.267238ms)
✔ seal real Home rerenders relation threshold, rescue and expiry (18.911749ms)
✔ bat real Home rerenders relation threshold, rescue and expiry (29.817003ms)
✔ chicken real Home rerenders relation threshold, rescue and expiry (25.743389ms)
✔ penguin_friend real Home rerenders relation threshold, rescue and expiry (23.73869ms)
✔ hedgehog real Home rerenders relation threshold, rescue and expiry (32.020491ms)
✔ shiba real Home rerenders relation threshold, rescue and expiry (19.334808ms)
✔ snail real Home rerenders relation threshold, rescue and expiry (16.95994ms)
✔ punyu real Home rerenders relation threshold, rescue and expiry (18.866961ms)
✔ sekizou real Home rerenders relation threshold, rescue and expiry (22.619189ms)
✔ chameleon real Home rerenders relation threshold, rescue and expiry (19.921694ms)
✔ clock real Home rerenders relation threshold, rescue and expiry (18.862704ms)
✔ unicorn real Home rerenders relation threshold, rescue and expiry (23.044661ms)
✔ many_tail_fox real Home rerenders relation threshold, rescue and expiry (22.536485ms)
✔ watcher real Home rerenders relation threshold, rescue and expiry (20.263365ms)
✔ box real Home rerenders relation threshold, rescue and expiry (18.255457ms)
✔ ordinary success reacts once, rescues all, rejected play does not react (20.189269ms)
✔ cat_ceo shared court reinforcement overrides lonely, expiry re-resolves current affection (95.442919ms)
✔ robot_neighbor shared court reinforcement overrides lonely, expiry re-resolves current affection (50.739823ms)
✔ field_cow shared court reinforcement overrides lonely, expiry re-resolves current affection (44.280401ms)
✔ sunflower_partner shared court reinforcement overrides lonely, expiry re-resolves current affection (48.091539ms)
✔ forest_bear shared court reinforcement overrides lonely, expiry re-resolves current affection (74.460546ms)
✔ grove_deer shared court reinforcement overrides lonely, expiry re-resolves current affection (57.570463ms)
✔ cliff_goat shared court reinforcement overrides lonely, expiry re-resolves current affection (57.302343ms)
✔ high_eagle shared court reinforcement overrides lonely, expiry re-resolves current affection (84.246505ms)
✔ snow_spirit shared court reinforcement overrides lonely, expiry re-resolves current affection (54.725035ms)
✔ snowman shared court reinforcement overrides lonely, expiry re-resolves current affection (49.872103ms)
✔ rock_octopus shared court reinforcement overrides lonely, expiry re-resolves current affection (61.444405ms)
✔ sea_mermaid shared court reinforcement overrides lonely, expiry re-resolves current affection (39.629906ms)
✔ anglerfish shared court reinforcement overrides lonely, expiry re-resolves current affection (64.204369ms)
✔ swamp_croc shared court reinforcement overrides lonely, expiry re-resolves current affection (61.23284ms)
✔ gentle_gorilla shared court reinforcement overrides lonely, expiry re-resolves current affection (55.353113ms)
✔ knitting_spider shared court reinforcement overrides lonely, expiry re-resolves current affection (48.611624ms)
✔ desert_scorpion shared court reinforcement overrides lonely, expiry re-resolves current affection (53.441651ms)
✔ oasis_cactus shared court reinforcement overrides lonely, expiry re-resolves current affection (58.169183ms)
✔ replacement partner with same ID cannot inherit positive (51.897808ms)
✔ real save excludes reactions; reload re-resolves all companion values and partner at 20 (48.633367ms)
✔ real save excludes reactions; reload re-resolves all companion values and partner at 50 (45.930894ms)
✔ full supported catalog matches canonical runtime IDs and all assets exactly (2.517623ms)
✔ 26 companions use one ordinary representative, all threshold rescues and annoyed does not start positive (34.246584ms)
✔ development Home fixtures directly expose both pilot partners and both companions without gameplay (786.581282ms)
✔ expanded partner court actual event path triggers positive without changing progress rules (47.253422ms)
✔ expanded partner repair actual event path triggers positive without changing progress rules (42.725132ms)
✔ expanded partner marriage actual event path triggers positive without changing progress rules (130.697045ms)
✔ expanded partner date actual event path triggers positive without changing progress rules (39.766533ms)
✔ new court success uses actual event result (42.271115ms)
✔ new court failure uses actual event result (15.228605ms)
✔ annoyed during positive does not extend reaction or retain positive after original expiry (16.283559ms)
✔ real play gives only positive individuals motion and head hearts; expiry removes cues (16.141323ms)
✔ ordinary play and all-inviting dialogue do not animate non-target companions (17.176497ms)
✔ every possible representative in a dense 26-companion Home receives one safe heart (1291.952605ms)
✔ 26 simultaneous expiries coalesce Home work while removing every transient (33.864106ms)
✔ partner three visual states retain marriage ring=false and replace one heart (71.405257ms)
✔ partner three visual states retain marriage ring=true and replace one heart (156.22607ms)
✔ companion aura and heart belong to the actor; positive replaces cold and expires back to current value (20.9851ms)
✔ married ring preserves exact layout coordinates through every partner expression rebuild (160.711951ms)
✔ reload reconstructs marriage ring from existing married flag at affection 20 (365.861467ms)
✔ reload reconstructs marriage ring from existing married flag at affection 50 (335.214856ms)
✔ full resolver prioritizes positive, then lonely below 30, then normal without mutating input (2.503292ms)
✔ unregistered characters and wrong-kind IDs always use original PNG (0.715911ms)
✔ one ordinary representative plus all rescued individuals, deduplicated (0.313344ms)
✔ temporary reaction expiry, refresh, object identity and JSON non-persistence (0.419504ms)
✔ every registered relationship image is a new 128px transparent PNG (2.186483ms)
✔ twenty cases reuse complete fixtures, exact partner/state and selective rescue (1.035944ms)
✔ memory storage never reads/writes persistent local or session storage (0.274995ms)
✔ denied storage replacement fails closed before activating any game script (0.453215ms)
✔ generated Home preserves production markup/CSS and scripts remain inert until isolation (11.554394ms)
✔ ordinary invokes real play; only expected individuals positive then normal (98.962296ms)
✔ single-rescue invokes real play; only expected individuals positive then normal (33.650704ms)
✔ multi-rescue invokes real play; only expected individuals positive then normal (27.632283ms)
✔ low current value returns from actual temporary reaction to lonely at 2500ms (24.322862ms)
✔ fixed partner stimulus uses real resolver and never serializes expression (33.258671ms)
✔ outside transition button allows its synthetic click through Home interception (22.75872ms)
✔ iPhone Home has reachable parent return control without shrinking iframe (1.814301ms)
✔ packaging refuses a nonempty output so unrelated files cannot be published (1.05949ms)
✔ transition assets preload before readiness; missing image blocks QA (0.722862ms)
✔ fixed positive snapshots the real reaction without a repeating timer (0.232412ms)
✔ static dense case preloads only each actor current expression (0.480255ms)
✔ QA representative draw never forces unrelated event randomness and restores resolver (0.189967ms)
✔ QA timing reports double-frame latency outside Home and deduplicates nested clicks (0.336608ms)
✔ fixed before, positive and after reuse real rescue while live keeps its clock (76.805485ms)
✔ married QA retains the ring while showing normal (23.124793ms)
✔ married QA retains the ring while showing lonely (26.023292ms)
✔ married QA retains the ring while showing positive (28.89516ms)
✔ companion fixed positive stimulates only selected companion; dense lonely has 26 low values (21.781519ms)
✔ approved QA has no retired size selector, URL parameter or sizing override (0.462549ms)
✔ QA ignores documented module tags but still rejects executable typed scripts (1.840761ms)
✔ reaction exposes an ephemeral start token and expiry without persisting entity fields (1.441047ms)
✔ heart remains immediately above its owner even if a neighbour occupies that space (0.278571ms)
✔ positive companion layer is raised locally so neighbours cannot hide its owner-attached heart (0.571333ms)
✔ only partner positive heart grows 1.2 times; anchor keeps face gap and stage bounds (0.804225ms)
✔ approved marriage ring uses fixed scale and tone without comparison overrides (0.342327ms)
✔ browser ring geometry checks approved scale and rejects obsolete or oversized values (2.279323ms)
✔ painted ring excludes transparent atlas margin without allowing actual character overlap (50.224111ms)
ℹ tests 104
ℹ suites 0
ℹ pass 104
ℹ fail 0
ℹ cancelled 0
ℹ skipped 0
ℹ todo 0
ℹ duration_ms 5713.077275
