(node:11) [MODULE_TYPELESS_PACKAGE_JSON] Warning: Module type of file:///workspace/scratch/150320e8a2fd/star-candidates/vendor/three-0.170.0/three.module.min.js is not specified and it doesn't parse as CommonJS.
Reparsing as ES module because module syntax was detected. This incurs a performance overhead.
To eliminate this warning, add "type": "module" to /workspace/scratch/150320e8a2fd/star-candidates/package.json.
(Use `node --trace-warnings ...` to show where the warning was created)
✖ Star source stages distinguish blue galaxies, warm suns and calm blue rebirth (93.556696ms)
✖ Star candidates keep one unobstructed canonical face through all32 states and remain isolated (8.209653ms)
ℹ tests 2
ℹ suites 0
ℹ pass 0
ℹ fail 2
ℹ cancelled 0
ℹ skipped 0
ℹ todo 0
ℹ duration_ms 200.824499

✖ failing tests:

test at tests/character-3d-star-stages-test.cjs:2:1
✖ Star source stages distinguish blue galaxies, warm suns and calm blue rebirth (93.556696ms)
  AssertionError [ERR_ASSERTION]: Expected values to be strictly deep-equal:
  + actual - expected
  
    [
  -   '1',
  -   '2',
      '3',
  -   '4',
  -   '5',
  -   '6',
      '7',
  -   '8'
    ]
  
      at TestContext.<anonymous> (/workspace/scratch/150320e8a2fd/star-candidates/tests/character-3d-star-stages-test.cjs:4:9)
      at async Test.run (node:internal/test_runner/test:1389:7)
      at async startSubtestAfterBootstrap (node:internal/test_runner/harness:387:3) {
    generatedMessage: true,
    code: 'ERR_ASSERTION',
    actual: [ '3', '7' ],
    expected: [
      '1', '2', '3',
      '4', '5', '6',
      '7', '8'
    ],
    operator: 'deepStrictEqual',
    diff: 'simple'
  }

test at tests/character-3d-star-stages-test.cjs:8:1
✖ Star candidates keep one unobstructed canonical face through all32 states and remain isolated (8.209653ms)
  AssertionError [ERR_ASSERTION]: The expression evaluated to a falsy value:
  
    assert.ok(rows[n])
  
      at TestContext.<anonymous> (/workspace/scratch/150320e8a2fd/star-candidates/tests/character-3d-star-stages-test.cjs:10:31)
      at async Test.run (node:internal/test_runner/test:1389:7)
      at async Test.processPendingSubtests (node:internal/test_runner/test:960:7) {
    generatedMessage: true,
    code: 'ERR_ASSERTION',
    actual: undefined,
    expected: true,
    operator: '==',
    diff: 'simple'
  }
