✖ VQ-23 vehicle window frames connect body and roof at every cab corner when rotated (355.03361ms)
ℹ tests 1
ℹ suites 0
ℹ pass 0
ℹ fail 1
ℹ cancelled 0
ℹ skipped 0
ℹ todo 0
ℹ duration_ms 453.89802

✖ failing tests:

test at tests/meguru-3d-visual-quality-test.cjs:6:1
✖ VQ-23 vehicle window frames connect body and roof at every cab corner when rotated (355.03361ms)
  AssertionError [ERR_ASSERTION]: 🚕: four connected cab corners
  
  0 !== 4
  
      at TestContext.<anonymous> (/workspace/scratch/b7dafe93b718/world-vehicle-candidate/tests/meguru-3d-visual-quality-test.cjs:17:12)
      at Test.runInAsyncScope (node:async_hooks:227:14)
      at Test.run (node:internal/test_runner/test:1382:25)
      at Test.start (node:internal/test_runner/test:1242:17)
      at startSubtestAfterBootstrap (node:internal/test_runner/harness:387:17) {
    generatedMessage: false,
    code: 'ERR_ASSERTION',
    actual: 0,
    expected: 4,
    operator: 'strictEqual',
    diff: 'simple'
  }
