node:assert:152
  throw new AssertionError(obj);
  ^

AssertionError [ERR_ASSERTION]: source-mixed wheel: prop-wheel-0
    at Object.<anonymous> (/workspace/scratch/dfba51ced877/artifacts/check-comparison.cjs:11:10)
    at Module._compile (node:internal/modules/cjs/loader:1872:14)
    at Object..js (node:internal/modules/cjs/loader:2003:10)
    at Module.load (node:internal/modules/cjs/loader:1594:32)
    at Module._load (node:internal/modules/cjs/loader:1396:12)
    at wrapModuleLoad (node:internal/modules/cjs/loader:255:19)
    at Module.executeUserEntryPoint [as runMain] (node:internal/modules/run_main:154:5)
    at node:internal/main/run_main_module:33:47 {
  generatedMessage: false,
  code: 'ERR_ASSERTION',
  actual: '6575148cb3887fccf771f85657d1534ee3ca22bcd7df1e7d4f29aff4e4bc9c9d',
  expected: '6575148cb3887fccf771f85657d1534ee3ca22bcd7df1e7d4f29aff4e4bc9c9d',
  operator: 'notStrictEqual',
  diff: 'simple'
}

Node.js v24.19.0
