(node:13) [MODULE_TYPELESS_PACKAGE_JSON] Warning: Module type of file:///workspace/scratch/150320e8a2fd/character-rollout/vendor/three-0.170.0/three.module.min.js is not specified and it doesn't parse as CommonJS.
Reparsing as ES module because module syntax was detected. This incurs a performance overhead.
To eliminate this warning, add "type": "module" to /workspace/scratch/150320e8a2fd/character-rollout/package.json.
(Use `node --trace-warnings ...` to show where the warning was created)
✖ reviewed God resolves eight exact stages with a single canonical face and owned motion (47.392157ms)
✖ reviewed Ghost resolves eight exact stages with a single canonical face and owned motion (0.609589ms)
ℹ tests 2
ℹ suites 0
ℹ pass 0
ℹ fail 2
ℹ cancelled 0
ℹ skipped 0
ℹ todo 0
ℹ duration_ms 190.36347

✖ failing tests:

test at tests/character-3d-rollout-test.cjs:238:1
✖ reviewed God resolves eight exact stages with a single canonical face and owned motion (47.392157ms)
  AssertionError [ERR_ASSERTION]: Expected values to be strictly deep-equal:
  + actual - expected
  
  + null
  - {
  -   exact: true,
  -   id: 'god',
  -   stage: 1
  - }
  
      at TestContext.<anonymous> (/workspace/scratch/150320e8a2fd/character-rollout/tests/character-3d-rollout-test.cjs:241:10)
      at async Test.run (node:internal/test_runner/test:1389:7)
      at async startSubtestAfterBootstrap (node:internal/test_runner/harness:387:3) {
    generatedMessage: true,
    code: 'ERR_ASSERTION',
    actual: null,
    expected: { id: 'god', stage: 1, exact: true },
    operator: 'deepStrictEqual',
    diff: 'simple'
  }

test at tests/character-3d-rollout-test.cjs:247:1
✖ reviewed Ghost resolves eight exact stages with a single canonical face and owned motion (0.609589ms)
  AssertionError [ERR_ASSERTION]: Expected values to be strictly deep-equal:
  + actual - expected
  
  + null
  - {
  -   exact: true,
  -   id: 'ghost',
  -   stage: 1
  - }
  
      at TestContext.<anonymous> (/workspace/scratch/150320e8a2fd/character-rollout/tests/character-3d-rollout-test.cjs:250:10)
      at async Test.run (node:internal/test_runner/test:1389:7)
      at async Test.processPendingSubtests (node:internal/test_runner/test:960:7) {
    generatedMessage: true,
    code: 'ERR_ASSERTION',
    actual: null,
    expected: { id: 'ghost', stage: 1, exact: true },
    operator: 'deepStrictEqual',
    diff: 'simple'
  }
