TAP version 13
# (node:80714) [MODULE_TYPELESS_PACKAGE_JSON] Warning: Module type of file:///workspace/scratch/28f942ba3f68/c3d-refine/vendor/three-0.170.0/three.module.min.js is not specified and it doesn't parse as CommonJS.
# Reparsing as ES module because module syntax was detected. This incurs a performance overhead.
# To eliminate this warning, add "type": "module" to /workspace/scratch/28f942ba3f68/c3d-refine/package.json.
# (Use `node --trace-warnings ...` to show where the warning was created)
# Subtest: hair cap covers crown, temples and nape without crossing the face opening
ok 1 - hair cap covers crown, temples and nape without crossing the face opening
  ---
  duration_ms: 108.34304
  type: 'test'
  ...
# Subtest: dog play bow lowers the chest at idle and blends back to locomotion; shiba preserves its compact bow
ok 2 - dog play bow lowers the chest at idle and blends back to locomotion; shiba preserves its compact bow
  ---
  duration_ms: 203.034023
  type: 'test'
  ...
# Subtest: both adult and child mushroom faces survive cloning and canonical expression changes
ok 3 - both adult and child mushroom faces survive cloning and canonical expression changes
  ---
  duration_ms: 88.50128
  type: 'test'
  ...
# Subtest: radial bubbles occupy the specified separated positions rather than the origin
ok 4 - radial bubbles occupy the specified separated positions rather than the origin
  ---
  duration_ms: 14.495994
  type: 'test'
  ...
# Subtest: all six dandelion seed-puff faces remain independently bound within the existing mesh budget
ok 5 - all six dandelion seed-puff faces remain independently bound within the existing mesh budget
  ---
  duration_ms: 84.882187
  type: 'test'
  ...
# Subtest: outline loft preserves side notches and lower lobes with a finite closed thickness
ok 6 - outline loft preserves side notches and lower lobes with a finite closed thickness
  ---
  duration_ms: 5.638886
  type: 'test'
  ...
# Subtest: butterfly abdomen points below its head and wing roots stay attached during reduced idle
ok 7 - butterfly abdomen points below its head and wing roots stay attached during reduced idle
  ---
  duration_ms: 64.157623
  type: 'test'
  ...
# Subtest: bow paw contact stays on the ground for both canine proportions
ok 8 - bow paw contact stays on the ground for both canine proportions
  ---
  duration_ms: 2.996476
  type: 'test'
  ...
# Subtest: child mushroom eyes and mouth are visible below the cap from gallery front and three-quarter
ok 9 - child mushroom eyes and mouth are visible below the cap from gallery front and three-quarter
  ---
  duration_ms: 34.081218
  type: 'test'
  ...
# Subtest: Claude QA uses the current actor input adapter while preserving immutable geometry and presenter
ok 10 - Claude QA uses the current actor input adapter while preserving immutable geometry and presenter
  ---
  duration_ms: 173.610666
  type: 'test'
  ...
# (node:80715) [MODULE_TYPELESS_PACKAGE_JSON] Warning: Module type of file:///workspace/scratch/28f942ba3f68/c3d-refine/vendor/three-0.170.0/three.module.min.js is not specified and it doesn't parse as CommonJS.
# Reparsing as ES module because module syntax was detected. This incurs a performance overhead.
# To eliminate this warning, add "type": "module" to /workspace/scratch/28f942ba3f68/c3d-refine/package.json.
# (Use `node --trace-warnings ...` to show where the warning was created)
# Subtest: 1. pilot species は master 由来(id・8 段の 画像が ある)。archetype 再利用の なかまも master 由来
ok 11 - 1. pilot species は master 由来(id・8 段の 画像が ある)。archetype 再利用の なかまも master 由来
  ---
  duration_ms: 2.808205
  type: 'test'
  ...
# Subtest: 2. 全 species inventory: master の 全 player line × 8 段・なかま・こいびと・作者 が ぜんぶ ある(画像も ある)
ok 12 - 2. 全 species inventory: master の 全 player line × 8 段・なかま・こいびと・作者 が ぜんぶ ある(画像も ある)
  ---
  duration_ms: 2.858104
  type: 'test'
  ...
# Subtest: 3. species → archetype の coverage: つかう archetype は 定義ずみ。pilot の archetype には builder が ある
ok 13 - 3. species → archetype の coverage: つかう archetype は 定義ずみ。pilot の archetype には builder が ある
  ---
  duration_ms: 62.870486
  type: 'test'
  ...
# Subtest: 4. pilot の 全 species / 全 stage に 正しい 3D spec(組める・顔が ある・予算の なか)
ok 14 - 4. pilot の 全 species / 全 stage に 正しい 3D spec(組める・顔が ある・予算の なか)
  ---
  duration_ms: 1010.074718
  type: 'test'
  ...
# Subtest: 5. stage 01 / 04 / 08 が 解決できる。めぐるの 0 はじまり の 段も おなじ
ok 15 - 5. stage 01 / 04 / 08 が 解決できる。めぐるの 0 はじまり の 段も おなじ
  ---
  duration_ms: 3.290832
  type: 'test'
  ...
# Subtest: 6. 段の ちがいは 一様な 拡大縮小 だけでは ない(体の 比率・部品・archetype が かわる)
ok 16 - 6. 段の ちがいは 一様な 拡大縮小 だけでは ない(体の 比率・部品・archetype が かわる)
  ---
  duration_ms: 0.813574
  type: 'test'
  ...
# Subtest: 7. normal: まるい 目(または 2D の おだやかな とじ目)・にこり・しるし なし・はねない
ok 17 - 7. normal: まるい 目(または 2D の おだやかな とじ目)・にこり・しるし なし・はねない
  ---
  duration_ms: 7.454886
  type: 'test'
  ...
# Subtest: 8. positive: ^ ^ の 目・ひらいた 口・ほお・はねる・きらきら
ok 18 - 8. positive: ^ ^ の 目・ひらいた 口・ほお・はねる・きらきら
  ---
  duration_ms: 4.553136
  type: 'test'
  ...
# Subtest: 9. dislike: まゆ(内がわ が さがる)・とがった 口・そっぽ・くも
ok 19 - 9. dislike: まゆ(内がわ が さがる)・とがった 口・そっぽ・くも
  ---
  duration_ms: 34.864525
  type: 'test'
  ...
# Subtest: 10. tired: 半目・あたまが さがる・ゆっくり・ねむい しるし
ok 20 - 10. tired: 半目・あたまが さがる・ゆっくり・ねむい しるし
  ---
  duration_ms: 12.27682
  type: 'test'
  ...
# Subtest: 11. sick: > < の 目・なみの 口・青い たて線・ふるえ・つめたい しるし
ok 21 - 11. sick: > < の 目・なみの 口・青い たて線・ふるえ・つめたい しるし
  ---
  duration_ms: 3.804314
  type: 'test'
  ...
# Subtest: 12. canonical emotion と 意味が 一致(\#368 の 語彙・Home の Expression PNG の 対応)
ok 22 - 12. canonical emotion と 意味が 一致(\#368 の 語彙・Home の Expression PNG の 対応)
  ---
  duration_ms: 19.413629
  type: 'test'
  ...
# Subtest: 13. flag なし: 2D billboard の まま(character module を よまない・立て看板の 経路は そのまま)
ok 23 - 13. flag なし: 2D billboard の まま(character module を よまない・立て看板の 経路は そのまま)
  ---
  duration_ms: 1.78394
  type: 'test'
  ...
# Subtest: 14. 3D presentation の flag: ?meguru3d=1&char3d=1(URL だけ)→ createMeguru3D へ
ok 24 - 14. 3D presentation の flag: ?meguru3d=1&char3d=1(URL だけ)→ createMeguru3D へ
  ---
  duration_ms: 17.75794
  type: 'test'
  ...
# Subtest: 15. flag・QA の 状態は セーブしない(schema も そのまま)
ok 25 - 15. flag・QA の 状態は セーブしない(schema も そのまま)
  ---
  duration_ms: 240.974313
  type: 'test'
  ...
# Subtest: 16. actor の 状態は 2D / 3D で 共通(presenter は actor を かきかえない)
ok 26 - 16. actor の 状態は 2D / 3D で 共通(presenter は actor を かきかえない)
  ---
  duration_ms: 6.068962
  type: 'test'
  ...
# Subtest: 17. movement logic(めぐるの シミュレーション)は かえない: meguru.js は main と 同一
ok 27 - 17. movement logic(めぐるの シミュレーション)は かえない: meguru.js は main と 同一
  ---
  duration_ms: 5.869105
  type: 'test'
  ...
# Subtest: 18. actor 単位の 2D fallback: 1 体だけ こわれても その 1 体だけ 2D
ok 28 - 18. actor 単位の 2D fallback: 1 体だけ こわれても その 1 体だけ 2D
  ---
  duration_ms: 39.144896
  type: 'test'
  ...
# Subtest: 19. 1 体の 失敗で world renderer 全体を 2D に おとさない(present は throw しない・hybrid の fail へ つながない)
ok 29 - 19. 1 体の 失敗で world renderer 全体を 2D に おとさない(present は throw しない・hybrid の fail へ つながない)
  ---
  duration_ms: 63.294253
  type: 'test'
  ...
# Subtest: 20. geometry / material / template を 共有(おなじ species の actor を ふやしても ふえない)
ok 30 - 20. geometry / material / template を 共有(おなじ species の actor を ふやしても ふえない)
  ---
  duration_ms: 11.464411
  type: 'test'
  ...
# Subtest: 21. 表情の きりかえで texture / material を つくりなおさない
ok 31 - 21. 表情の きりかえで texture / material を つくりなおさない
  ---
  duration_ms: 84.712514
  type: 'test'
  ...
# Subtest: 22. actor が いなくなったら 3D を 片づける(住人の despawn・パーティ離脱)
ok 32 - 22. actor が いなくなったら 3D を 片づける(住人の despawn・パーティ離脱)
  ---
  duration_ms: 33.521359
  type: 'test'
  ...
# Subtest: 23. 地域の きりかえ(scene の つくりなおし)で 3D を のこさない
ok 33 - 23. 地域の きりかえ(scene の つくりなおし)で 3D を のこさない
  ---
  duration_ms: 56.995437
  type: 'test'
  ...
# Subtest: 24. 2D → 3D → 2D: 古い model / 顔 / かげ を のこさない
ok 34 - 24. 2D → 3D → 2D: 古い model / 顔 / かげ を のこさない
  ---
  duration_ms: 37.729637
  type: 'test'
  ...
# Subtest: 25. player は いつも えがく(frustum culling で きえない・表情 / 段が かわっても 1 つ)
ok 35 - 25. player は いつも えがく(frustum culling で きえない・表情 / 段が かわっても 1 つ)
  ---
  duration_ms: 36.115893
  type: 'test'
  ...
# Subtest: 26. party の actor も 3D(archetype 再利用: しば・ねこ)。model の ない なかまは 2D
ok 36 - 26. party の actor も 3D(archetype 再利用: しば・ねこ)。model の ない なかまは 2D
  ---
  duration_ms: 50.80141
  type: 'test'
  ...
# Subtest: 27. 住人の presentation 境界: 住人の 生活の きもち → canonical → 3D。\#368 の expr が あれば それを 優先
ok 37 - 27. 住人の presentation 境界: 住人の 生活の きもち → canonical → 3D。\#368 の expr が あれば それを 優先
  ---
  duration_ms: 5.133358
  type: 'test'
  ...
# Subtest: 28. reduced motion: はねる・ゆれる・reaction を とめる。あるく 足は のこす(半分)
ok 38 - 28. reduced motion: はねる・ゆれる・reaction を とめる。あるく 足は のこす(半分)
  ---
  duration_ms: 10.329525
  type: 'test'
  ...
# Subtest: 29. asset integrity: 3D は コードで 組む(外部 3D asset なし)。module は そろって いる
ok 39 - 29. asset integrity: 3D は コードで 組む(外部 3D asset なし)。module は そろって いる
  ---
  duration_ms: 13.347948
  type: 'test'
  ...
# Subtest: 30. 既存の 2D キャラ PNG・Expression PNG・表情 / 感情 runtime は 1 バイトも かわらない
ok 40 - 30. 既存の 2D キャラ PNG・Expression PNG・表情 / 感情 runtime は 1 バイトも かわらない
  ---
  duration_ms: 466.74753
  type: 'test'
  ...
# Subtest: 31. save / schema は そのまま(schemaVersion 5・3D の ための キーなし)
ok 41 - 31. save / schema は そのまま(schemaVersion 5・3D の ための キーなし)
  ---
  duration_ms: 56.526828
  type: 'test'
  ...
# Subtest: 32. 既存の World 3D は かわらない(forest だけ・hybrid の fallback は そのまま)
ok 42 - 32. 既存の World 3D は かわらない(forest だけ・hybrid の fallback は そのまま)
  ---
  duration_ms: 0.767648
  type: 'test'
  ...
# Subtest: 33. Home Expression の 回帰: pet-expression.js の 解決は そのまま(3D adapter は Home を よまない)
ok 43 - 33. Home Expression の 回帰: pet-expression.js の 解決は そのまま(3D adapter は Home を よまない)
  ---
  duration_ms: 1.008109
  type: 'test'
  ...
# Subtest: 34. Relationship Expression の 回帰: relationship-expression.js は そのまま
ok 44 - 34. Relationship Expression の 回帰: relationship-expression.js は そのまま
  ---
  duration_ms: 0.430221
  type: 'test'
  ...
1..44
# tests 44
# suites 0
# pass 44
# fail 0
# cancelled 0
# skipped 0
# todo 0
# duration_ms 2573.627651
