npm warn Unknown env config "http-proxy". This will stop working in the next major version of npm.

> test
> node tests/smoke-test.js && node tests/dialogue-test.js && node tests/visual-qa-test.cjs && node --test tests/item-art-unification-test.cjs tests/naoto-lantern-ring-test.cjs tests/naoto-crown-test.cjs tests/consumables-v2-migration-test.cjs tests/consumables-v2-eggs-test.cjs tests/consumables-v2-life-test.cjs tests/consumables-v2-forms-test.cjs tests/consumables-v2-encounters-test.cjs tests/movie-test.cjs tests/clownfish-romance-test.cjs tests/local-scenery-test.cjs tests/world-scene-test.cjs tests/minigame-lifecycle-test.cjs tests/growth-balance-test.cjs tests/item-inventory-test.cjs tests/item-care-game-test.cjs tests/items-v2-care-automation-test.cjs tests/items-v2-ease-automation-test.cjs tests/item-relations-travel-test.cjs tests/item-experiences-test.cjs tests/item-collections-economy-test.cjs tests/item-economy-sources-v2-test.cjs tests/economy-test.cjs tests/lucky-coin-test.cjs tests/midlife-test.cjs tests/offline-test.cjs tests/screens-test.cjs tests/scoring-shop-test.cjs tests/album-test.cjs tests/input-polish-test.cjs tests/migration-test.cjs tests/overlay-test.cjs tests/sticker-test.cjs tests/quick-mode-test.cjs tests/quick-daily-economy-v2-test.cjs tests/meguru-test.cjs tests/meguru-audit-test.cjs tests/meguru-fauna-test.cjs tests/meguru-world-design-test.cjs tests/meguru-motion-test.cjs tests/time-pause-test.cjs tests/asset-versions-test.cjs tests/minigame-illustrations-test.cjs tests/save-recovery-test.cjs tests/ui-integration-test.cjs tests/cast-layout-test.cjs tests/cast-motion-test.cjs tests/world-environment-test.cjs tests/region-identity-test.cjs tests/viewport-design-test.cjs tests/home-touch-test.cjs tests/egg-hatching-test.cjs tests/audio-regression-test.cjs tests/post-integration-audit-test.cjs tests/care-status-test.cjs tests/care-status-integration-test.cjs tests/ui-illustrations-test.cjs tests/comment-illustrations-test.cjs tests/notice-food-illustrations-test.cjs tests/prop-illustrations-test.cjs tests/life-display-test.cjs tests/life-stage-profiles-test.cjs tests/display-illustrations-test.cjs tests/canvas-illustrations-test.cjs tests/illustration-catalog-test.cjs tests/meguru-region-identity-test.cjs tests/meguru-map-test.cjs tests/meguru-collision-test.cjs tests/meguru-life-test.cjs tests/meguru-world-map-test.cjs tests/meguru-transition-test.cjs tests/meguru-transition-polish-test.cjs tests/meguru-explore-ux-test.cjs tests/meguru-discovery-test.cjs tests/meguru-scenery-polish-test.cjs tests/meguru-scenery-polish2-test.cjs tests/meguru-scenery-final-qa-test.cjs tests/meguru-visual-completion-test.cjs tests/meguru-sea-route-test.cjs tests/meguru-phase3a-audit-test.cjs tests/meguru-phase3b0-test.cjs tests/meguru-phase3b1-test.cjs tests/meguru-phase3b2-test.cjs tests/meguru-phase3b3-test.cjs tests/meguru-phase3b4-test.cjs tests/meguru-phase3b-final-test.cjs tests/meguru-phase4b-test.cjs tests/meguru-phase4c-test.cjs tests/meguru-phase4d1-test.cjs tests/meguru-phase4d2-test.cjs tests/meguru-phase4d2b-test.cjs tests/meguru-phase4d2c-test.cjs tests/meguru-phase4e1-test.cjs tests/meguru-phase4e2-test.cjs tests/meguru-party-formation-test.cjs tests/meguru-party-lod-test.cjs tests/meguru-phase4e3-test.cjs tests/meguru-phase4e4a-test.cjs tests/meguru-phase4e4b-test.cjs tests/meguru-phase4e4c-test.cjs tests/save-integrity-test.cjs tests/progress-counts-test.cjs tests/harness-determinism-test.cjs tests/asset-integrity-test.cjs tests/region-registry-test.cjs tests/content-registry-test.cjs tests/meguru-denominators-test.cjs tests/test-helpers-test.cjs tests/meguru-party-arrival-test.cjs tests/meguru-party-player-collision-test.cjs tests/meguru-3d-prototype-test.cjs tests/meguru-3d-foundation-v2-test.cjs tests/meguru-3d-art-direction-test.cjs tests/meguru-3d-geometry-terrain-test.cjs tests/meguru-3d-geometry-audit-test.cjs tests/meguru-3d-visual-quality-test.cjs tests/meguru-render-cost-test.cjs tests/save-compat-test.cjs tests/session-safety-test.cjs tests/nav-a11y-test.cjs tests/release-hygiene-test.cjs tests/emotion-state-test.cjs tests/hunger-profile-test.cjs tests/pet-expression-test.cjs tests/pet-expression-assets-test.cjs tests/cat-expression-preview-test.cjs tests/emotion-integration-test.cjs tests/pet-expression-integration-test.cjs && node --test tests/relationship-expression-test.cjs tests/relationship-expression-integration-test.cjs tests/relationship-reaction-test.cjs

SMOKE TEST OK
DOM ids: 380
minigames started: 100
variant collections: 92
LEGEND SCHEDULER TEST OK: 6 blocked states; 7 paused menus; non-winning roll; 5 unseen legends; pause, skip, close and one reward-free encounter.
DIALOGUE TEST OK: 20 events; 18 partners; 26 companions; action handlers; 2500ms timing; cancellation; recency; 10 sampled legend stories; 16 anniversary cases.
DATE LIFECYCLE TEST OK: ordinary dates, skip/close, pause/resume/cooldown and complete deep-sea branches.
WHOLE-TEXT TEST OK: 248 descriptions; 40 ordinary stories; 10 deep-sea plans; ordinary date skip/close; 36 anniversary lines; event memories; 18 first encounters.
CAST TEST OK: snail encounters and speech; retired koala migration, bond, row, dex and earned achievements; PNG renderer reference.
NORMAL CAST PNG TEST OK: 19 PNG headers; 18 companions x 5 renderer sizes; 9+9 live rows; collected and locked dex.
RARE CAST PNG TEST OK: 8 PNGs x 5 renderer sizes; invite/profile/row/dex; hidden and partial dex; 13+13 mixed rows; bond retained.
CLOCK CAST TEST OK: real encounter and 69/70 recruitment; five dialogue events; legacy mushroom save, bond, PNG, dialogue and rare dex; unique current/legacy counts.
PARTNER CAST PNG TEST OK: 18 PNGs x 5 sizes; saved relationships; companion/profile/dex; 180 complete dates; 72 complete anniversaries; first encounters; aliases, guests and hidden dex.
AUTHOR ENDING TEST OK: 247/248 unlock; native dex count; goals 4/5; direct goal 5 at 25/100 and both exits; pet and life-record preservation; 4200ms greeting; old-save access and rewards; hidden/repeatable shop greeting; textless goals 1-3 and reward notices.
MAIN 203 AUTHOR COMPATIBILITY OK: prior perfect save keeps author, crown and infinite mode; six new achievements stay unearned; 99/100 current games excludes retired records and opens goal 5 correctly.
VISUAL QA ROUTE TEST OK: generated script compiles; egg, anniversary, legend and ordinary date saves; long disease selects medicine; illustrated save reloads 26 companions, partner, 10 shop items. No browser rendering claimed.
[naotocchi] test Error: probe failure
    at TestContext.<anonymous> (/workspace/scratch/28c7e6574f23/naotocchi/tests/album-test.cjs:46:28)
    at Test.runInAsyncScope (node:async_hooks:227:14)
    at Test.run (node:internal/test_runner/test:1382:25)
    at Test.processPendingSubtests (node:internal/test_runner/test:960:18)
    at Test.postRun (node:internal/test_runner/test:1522:19)
    at Test.run (node:internal/test_runner/test:1447:12)
    at async Test.processPendingSubtests (node:internal/test_runner/test:960:7)
✔ the life timeline groups log entries by age and the data screen shows it (259.135084ms)
✔ a life card code round-trips and past lives keep their timeline and code (118.613834ms)
✔ the life card lists the whole timeline and a code button (98.025746ms)
✔ recorded runtime errors appear in the data screen (106.17059ms)
✔ every static assets/… reference in HTML, CSS and JS exists with the exact case (47.13551ms)
✖ every script and stylesheet carries a token whose hash matches the file (bump-versions formula) (57.791995ms)
✔ dynamic paths: current species, unified items, egg frames and goal-art fallbacks exist (664.215594ms)
✔ the checks catch a missing file, a case mismatch, a stale token, a missing token and a missing dynamic path (2.235574ms)
✖ the real index.html and references turn red when a token goes stale, a token is dropped or a path changes case (57.048256ms)
✔ npm run bump still rewrites only the ?v= tokens with YYYYMMDD-<assetHash>, and is idempotent (934.726209ms)
✔ index.html asset references exist and carry cache tokens (2.931211ms)
✔ the bump tool rewrites only cache tokens (0.429856ms)
✔ all eight BGM scenes request valid waveforms and schedule two complete loops (229.814392ms)
✔ Quick voice routes pico, browser reading and silence through the saved mode (49.035297ms)
✔ the actual TTS controller ducks both buses and replaces the scheduled recovery (16.551733ms)
✔ quick cues are shaped into short, punchy shouts: crisp stop, rising question, faster rate for longer words (8.767565ms)
✔ ordinary text keeps native arguments and receiver with no illustration state changes (6.515808ms)
✔ mixed text draws art in the original glyph advance and keeps center/baseline/state (3.331037ms)
✔ maxWidth compresses the whole decorated run and RTL start alignment keeps the right edge (1.774121ms)
✔ pending, missing and failed images never draw an emoji and settle without scheduling a canvas redraw (5.081568ms)
✔ loaded image replaces a pending placeholder on the next caller frame and draw errors stay contained (5.43105ms)
✔ atlas crops reuse supplied images and actor markers remain separate from bonus symbols (2.05763ms)
✔ a malformed atlas cannot sample neighboring or absent artwork (1.446611ms)
✔ scenery clip bounds preserve the original frame scale and transparent margins (8.294866ms)
✔ out-of-frame clip bounds cannot expose neighboring atlas illustrations (3.354815ms)
✔ ordinary copyright and registered marks keep native text while explicit emoji variants use art (2.769717ms)
✔ joined emoji, flags and keycaps are replaced as whole symbols (1.997961ms)
✔ tagged flags stay one complete symbol in live text and preloading (1.444952ms)
✔ slide puzzle refreshes cached art on its normal frame after loading and never after retirement (290.593063ms)
✔ road offscreen sprite caches replace placeholders after loading without drawing raw emoji (151.055578ms)
✔ illustrated road play retains input results, rewards and completion timing (6761.227465ms)
✔ pre-decode keeps the atlas decoded once as an ImageBitmap, draws from it, and never bumps the sprite version (3.599116ms)
✔ pre-decode failure, svg art and a size mismatch all keep the ordinary lazy image draw (4.819662ms)
✔ health danger is visible before dying and survives unrelated messages and expiry (602.601536ms)
✔ illness remains recognizable alongside low life, and medicine clears only the illness effects (85.368538ms)
✔ illness names the condition above the character instead of generic care wording (124.386266ms)
✔ attention effects stop for menus, games, stories and hidden tabs, then reconstruct at home (298.087009ms)
✔ lightweight mode retains the alert but requests still effects (68.090839ms)
✔ sweat stays beside the painted young fish instead of its transparent upper frame (216.134365ms)
✔ critical care advice follows the real sequence without medicine for a healthy pet (229.907112ms)
✔ six-tick health death remains unchanged while every living tick has a notice (85.714776ms)
✔ reloaded illness reconstructs a notice and medicine resolves it (197.544396ms)
✔ explicit care displays changes once; ordinary natural ticks stay quiet (102.879993ms)
✔ danger presentation clears behind overlays and returns with the same state (222.030503ms)
✔ egg, farewell and immortal states do not inherit death warnings (204.818249ms)
✔ reduced motion and lightweight mode retain static warning text (194.527719ms)
✔ numeric feedback keeps the explanation of a mistaken medicine visible (66.923484ms)
✔ a growth milestone waits for action feedback instead of being forgotten (122.507166ms)
✔ a recovery milestone waits while a higher priority warning remains (198.911028ms)
✔ a delayed sleep recovery never tells an already awake pet to wake (74.775857ms)
✔ illness care is readable before an arbitrarily long saved disease name (67.587118ms)
✔ running cat sweat brackets its head rather than the distant tail (61.51392ms)
✔ static script exposes the pure assessment interface on window (12.504128ms)
✔ signals exposes canonical mild and strong display bands without changing assess (0.849049ms)
✔ signals keeps life and stage semantics identical to current care rules (5.013339ms)
✔ signals exposes health, sickness, sleep, and pet availability without mutating state (0.392942ms)
✔ assess leaves healthy and non-playable life stages quiet without mutating state (0.208639ms)
✔ assess treats each real mortal life-risk signal as critical (0.738305ms)
✔ low life gives recovery advice before the critical threshold and clears after recovery (0.929646ms)
✔ life and health notices choose one useful action from the actual cause (6.949944ms)
✔ health advice never prescribes harmful care and falls back from unavailable affection (0.450874ms)
✔ high life risk restores every stat to the 60-point recovery threshold (0.539992ms)
✔ unavailable affection uses sleep when exhausted and play when energy is adequate (1.096328ms)
✔ assess reports ordinary care needs in priority order (1.008128ms)
✔ sickness labels remain plain text data for the textContent renderer (4.380655ms)
✔ sleep notices distinguish ongoing recovery from a completed rest (0.242528ms)
✔ fixed-slot status copy stays compact and has no Japanese word spacing (0.444361ms)
✔ immortality defaults from state and suppresses death wording while retaining care advice (0.826558ms)
✔ snapshot copies only fields used by explicit action summaries (0.490141ms)
✔ changes reports at most two meaningful deltas in care priority order (0.469349ms)
✔ changes derives life from risk and keeps decline improvement negative (1.896078ms)
✔ changes ignores sub-point drift and does not mutate either snapshot (0.38418ms)
✔ a married partner keeps a readable ring between the couple and clear of every moving character (32892.998841ms)
✔ a ring keeps companions readable when another arrangement fits at the same main size (38.921648ms)
✔ the poop row keeps the same lower-right anchor above speech across party sizes and art changes (1274.843639ms)
✔ home wings balance the painted gaps around the main body, including different PNG padding (277.283161ms)
✔ every intermediate party size fits the minimum fixed home, with partner/item independently present (834.385152ms)
✔ mixed failed and padded friend images keep every stress-count actor and poop slot in a fixed home (35.074928ms)
✔ a mixed 31-friend wing fits the minimum height without moving the permanent poop strip (21.305887ms)
✔ poop follows the applied field scale rather than the companion count, with a readable floor (24.059639ms)
✔ failed companion images keep the balanced cast and the poop row inside the smallest home (28.332897ms)
✔ home conversation stays centered below the permanent poop strip without covering the completed cast (5260.657367ms)
✔ a home cast stays in view during its larger hop and sway and leaves the floor clear (1031.859221ms)
✔ whole cast fits with room for sway and four-pixel companion gaps (5111.059632ms)
✔ unknown or failed art retains complete frames without overlapping the core (399.521208ms)
✔ independent reactions retain full frames and four-pixel friend gaps throughout the sway (4788.375913ms)
✔ a ticklish line moves the pet and equipment together, then the speaking friend is identified without a second celebration (926.229838ms)
✔ courtship follows the actual partner, while a failed courtship never celebrates (241.128067ms)
✔ non-Relationship group responses remain visible, while negative outcomes settle once (398.510535ms)
✔ poop updates preserve every placed actor and do not interrupt a reaction (291.576159ms)
✔ care moods follow the line and outcome instead of always bouncing happily (81.332543ms)
✔ a comforting reply cannot make the disappointed or unwell pet celebrate (439.255458ms)
✔ a new action cancels old replies and an old animation cannot clear a new one (231.936785ms)
✔ menus and hidden pages stop reactions, and reduced motion still identifies the speaker (358.913643ms)
✔ a companion who left before their turn cannot speak or animate a different companion (1847.960867ms)
✔ enabling reduced motion mid-speech stops movement but preserves the current speaker (78.608135ms)
✔ every motion and its interpolation stay inside the reserved one- or three-pixel envelope (829.692651ms)
✔ pet-only cues animate the pet and accessory with identical frames (1.120744ms)
✔ pet reports zero when its animation cannot start (0.544375ms)
✔ isActive tracks pet motion and idle can exclude the pet (0.454509ms)
✔ medicine cure settles first unless the text describes rejection (0.377305ms)
✔ pet care semantics win over randomized line tone without changing social tone (4.354508ms)
✔ buildPreview wraps the current game with a compact isolated phone-safe control shell (1249.414976ms)
✔ default preview seeds an exact fresh-state adult hungry cat in memory only (791.076586ms)
✔ the generated Map-backed adapter implements the complete disposable Storage surface (597.608828ms)
✔ URL presets use a strict allowlist and reset every care fixture independently (2792.825091ms)
✔ temporary happy stays on ordinary care controls and never runs automatically (211.911465ms)
✔ CLI writes the same self-contained preview for the requested safe preset (673.091739ms)
✔ all preview forms keep selected faces visible across startup saves without achievement flashes (13108.874158ms)
✔ preset clicks reset only the child session and bootstrap uses that selected preset (267.660607ms)
✔ kitten preview seeds the real third stage in isolated storage and rejects unknown forms (130.519415ms)
✔ otemba preview seeds the fourth stage in disposable storage (184.316114ms)
✔ young preview seeds the fifth stage in disposable storage (120.655451ms)
✔ calm preview seeds the seventh stage in disposable storage (179.135249ms)
✔ elder preview seeds the eighth stage in disposable storage (217.631612ms)
✔ toddler preview seeds the second stage in disposable storage (129.903108ms)
✔ baby preview seeds the first stage in disposable storage (171.908047ms)
✔ adult dog preview uses isolated storage and the real sixth stage (96.05979ms)
✔ query-selected dog matches the dropdown and can switch back to adult cat (212.491777ms)
✔ puppy preview uses isolated storage and the real third stage (125.008065ms)
✔ wanpaku preview uses isolated storage and the real fourth stage (764.685183ms)
✔ young dog preview uses isolated storage and the real fifth stage (99.15153ms)
✔ calm dog preview uses isolated storage and the real seventh stage (108.523655ms)
✔ babyDog preview uses isolated storage and the correct age stage (95.149951ms)
✔ toddlerDog preview uses isolated storage and the correct age stage (118.080389ms)
✔ elderDog preview uses isolated storage and the correct age stage (94.836963ms)
✔ man preview exposes every stage and never accesses real saves (683.328458ms)
✔ woman preview exposes every stage and never accesses real saves (613.746705ms)
✔ penguin preview exposes every stage and never accesses real saves (686.679598ms)
✔ turtle preview exposes every stage and never accesses real saves (788.774436ms)
✔ frog preview exposes every stage and never accesses real saves (619.385015ms)
✔ clownfish preview exposes every stage and never accesses real saves (657.72686ms)
✔ salmon preview exposes every stage and never accesses real saves (598.958664ms)
✔ hermit_crab preview exposes every stage and never accesses real saves (604.449558ms)
✔ jellyfish preview exposes every stage and never accesses real saves (773.027319ms)
✔ starfish preview exposes every stage and never accesses real saves (714.719603ms)
✔ coral preview exposes every stage and never accesses real saves (748.183933ms)
✔ butterfly preview exposes every stage and never accesses real saves (539.425167ms)
✔ beetle preview exposes every stage and never accesses real saves (680.248263ms)
✔ stagbeetle preview exposes every stage and never accesses real saves (730.455939ms)
✔ cicada preview exposes every stage and never accesses real saves (668.890136ms)
✔ antlion preview exposes every stage and never accesses real saves (637.806659ms)
✔ dandelion preview exposes every stage and never accesses real saves (910.993268ms)
✔ sakura preview exposes every stage and never accesses real saves (608.888454ms)
✔ venus_flytrap preview exposes every stage and never accesses real saves (594.111609ms)
✔ mushroom preview exposes every stage and never accesses real saves (563.47582ms)
✔ dragon preview exposes every stage and never accesses real saves (583.815239ms)
✔ phoenix preview exposes every stage and never accesses real saves (647.179882ms)
✔ god preview exposes every stage and never accesses real saves (735.136979ms)
✔ world_tree preview exposes every stage and never accesses real saves (584.818314ms)
✔ ghost preview exposes every stage and never accesses real saves (675.95987ms)
✔ star preview exposes every stage and never accesses real saves (627.758749ms)
✔ plush preview exposes every stage and never accesses real saves (607.961568ms)
✔ unknown preview exposes every stage and never accesses real saves (558.718506ms)
✔ ren preview exposes every stage and never accesses real saves (653.526697ms)
✔ salmon preview uses all eight canonical stage names (122.075885ms)
✔ hermit_crab preview uses all eight canonical stage names (147.834245ms)
✔ jellyfish preview uses all eight canonical stage names (110.147491ms)
✔ starfish preview uses all eight canonical stage names (196.728083ms)
✔ coral preview uses all eight canonical stage names (133.336692ms)
✔ butterfly preview uses all eight canonical stage names (168.373643ms)
✔ beetle preview uses all eight canonical stage names (135.273922ms)
✔ stagbeetle preview uses all eight canonical stage names (106.654061ms)
✔ cicada preview uses all eight canonical stage names (154.62984ms)
✔ antlion preview uses all eight canonical stage names (127.45869ms)
✔ dandelion preview uses all eight canonical stage names (160.933562ms)
✔ sakura preview uses all eight canonical stage names (178.902201ms)
✔ venus_flytrap preview uses all eight canonical stage names (282.100949ms)
✔ mushroom preview uses all eight canonical stage names (359.627288ms)
✔ dragon preview uses all eight canonical stage names (372.307281ms)
✔ phoenix preview uses all eight canonical stage names (481.353845ms)
✔ god preview uses all eight canonical stage names (205.661236ms)
✔ world_tree preview uses all eight canonical stage names (210.528277ms)
✔ ghost preview uses all eight canonical stage names (173.417093ms)
✔ star preview uses all eight canonical stage names (204.897433ms)
✔ plush preview uses all eight canonical stage names (362.27074ms)
✔ unknown preview uses canonical punctuation and suppresses disposable rare achievement flashes (902.194852ms)
✔ ren preview uses canonical secret names without a fabricated rare achievement (2110.681935ms)
✔ clownfish gay keeps its targets through stages 7 and 8 (306.153105ms)
✔ clownfish straight keeps its targets through stages 7 and 8 (117.30183ms)
✔ new clownfish follow the pictured body stage while NB and other species keep their rules (99.36179ms)
✔ bi male/nonbinary survives sex change and reload without re-selection (280.503959ms)
✔ bi female/nonbinary survives sex change and reload without re-selection (125.286963ms)
✔ bi male/female survives sex change and reload without re-selection (154.368816ms)
✔ bi male/female/nonbinary survives sex change and reload without re-selection (231.209537ms)
✔ pan male/female/nonbinary survives sex change and reload without re-selection (112.595837ms)
✔ aro  survives sex change and reload without re-selection (135.996061ms)
✔ questioning male/female/nonbinary survives sex change and reload without re-selection (235.445755ms)
✔ NB identity remains NB while its clownfish body completes the transition (35.802261ms)
✔ NB body-only change does not reopen an already reconciled relationship (28.111652ms)
✔ a legacy sex-change notice cannot overwrite a primary save recovered from backup (221.346766ms)
✔ a partner whose targets no longer include us is retained as mismatched, including marriage (1279.053035ms)
✔ compatible partners keep affection and a newly matching partner leaves mismatch (454.756889ms)
✔ valid saved attraction overrides stale labels for self, partner, and guest (298.369733ms)
✔ legacy late-stage saves migrate once after age conversion; existing females never revert (212.592233ms)
✔ normal and infinite transformations use the selected form; returning restores the original life (100.366445ms)
✔ guest codes preserve individual bi targets and canonical labels; old codes still load (92.297746ms)
✔ shared early-female clownfish keep a female stage name in profile and court (110.174306ms)
✔ a migrated infinite return snapshot gets the same identity repair before resuming (187.664767ms)
✔ real court regression: male/straight against 18 identities (430.041046ms)
✔ real court regression: male/gay against 18 identities (292.857695ms)
✔ real court regression: male/bi against 18 identities (354.851898ms)
✔ real court regression: male/pan against 18 identities (432.266164ms)
✔ real court regression: male/aro against 18 identities (71.365889ms)
✔ real court regression: male/questioning against 18 identities (686.663111ms)
✔ real court regression: female/straight against 18 identities (236.826671ms)
✔ real court regression: female/gay against 18 identities (454.203916ms)
✔ real court regression: female/bi against 18 identities (651.998589ms)
✔ real court regression: female/pan against 18 identities (881.563884ms)
✔ real court regression: female/aro against 18 identities (125.579661ms)
✔ real court regression: female/questioning against 18 identities (879.449116ms)
✔ real court regression: nonbinary/straight against 18 identities (352.936964ms)
✔ real court regression: nonbinary/gay against 18 identities (218.552439ms)
✔ real court regression: nonbinary/bi against 18 identities (472.028347ms)
✔ real court regression: nonbinary/pan against 18 identities (553.251213ms)
✔ real court regression: nonbinary/aro against 18 identities (56.358636ms)
✔ real court regression: nonbinary/questioning against 18 identities (440.770082ms)
✔ new court after a gay male becomes female uses both participants current genders (92.756867ms)
✔ completed relationships can reconcile and stay reconciled after save/load without changing targets (139.69154ms)
✔ a normal tick crossing stage 8 completes once and a non-clownfish never changes gender (101.153725ms)
✔ finished lives retain the recorded identity when an old save is loaded (137.724979ms)
✔ old compatibility cleanup cannot delete a partner before the clownfish migration makes them compatible (241.172429ms)
✔ sex change during a minigame is announced after returning to the home screen (41.503044ms)
✔ a same-tick elder achievement cannot replace the completed sex-change notice (77.132604ms)
✔ stage-7 notice waits until finished minigame results have been readable (100.47471ms)
✔ newborn clownfish hatch male for a binary roll and save that identity (93.352885ms)
✔ a transition notice waits behind transformation choices and survives choosing to stay (154.572181ms)
✔ pre-v2 compatibility migration leaves finished clownfish relationships and logs unchanged (290.741577ms)
✔ pre-v2 infinite return relationship migration is complete before the first return (368.414019ms)
✔ a same-tick marriage anniversary leaves the transition notice for after the movie (365.222478ms)
✔ comment text reuses matching illustrations and escapes arbitrary text (705.402927ms)
✔ whole emoji sequences stay intact and unrelated food keeps its meaning (299.731148ms)
✔ speech shows the current actor illustration and leaves conversation and saves unchanged (242.320088ms)
✔ notices retain their scroll position until the actual message changes (120.484421ms)
✔ event text, captions and birthday notices use the same inline presentation (149.617009ms)
✔ birthday and milestone symbols depict their own objects without unrelated atlas substitutes (121.848603ms)
✔ all 26 companions and 18 partners keep their own speech portraits (1092.125624ms)
✔ comment image failure stays local and works for newly inserted pictures (126.321358ms)
✔ pet reaction notices keep their words and identify the actual pet with its PNG (147.633134ms)
✔ normal egg reserves an unraised species without changing this life or spending stock (1100.645539ms)
✔ normal egg blocks an exhausted pool and cannot borrow from the other pool (223.413465ms)
✔ rare egg reserves an unraised species without changing this life or spending stock (78.453248ms)
✔ rare egg blocks an exhausted pool and cannot borrow from the other pool (65.218548ms)
✔ one reservation blocks all rerolls; cancellation never duplicates either stock (120.171679ms)
✔ reservation and unused stock survive reload, infinite return and next life; five taps consume once (649.02013ms)
✔ funded legacy reservation keeps an already raised species through migration and hatch (651.135137ms)
✔ old discovered species seed the unraised pool while new temporary discoveries do not (266.294618ms)
✔ malformed or unfunded reservations never grant their species or negative stock (794.697266ms)
✔ infinite mode cannot reserve or hatch a funded egg (63.061141ms)
✔ existing milestone egg grants use new stock once and never revive old dream fields (78.255947ms)
✔ normal purchase reserves secretly once; cancel/re-reserve/reload never refunds or clones (193.52631ms)
✔ normal reserve without stock cannot purchase and unavailable purchase cannot charge (62.721328ms)
✔ rare purchase reserves secretly once; cancel/re-reserve/reload never refunds or clones (255.29324ms)
✔ rare reserve without stock cannot purchase and unavailable purchase cannot charge (63.777874ms)
✔ central egg controls are removed from real HTML and runtime listeners (28.915187ms)
✔ normal egg card has exactly one state-appropriate action and owned stock cannot be repurchased (650.742928ms)
✔ rare egg card has exactly one state-appropriate action and owned stock cannot be repurchased (558.717488ms)
✔ friend tickets list active-unjoined normal and rare companions without spending before confirmation (437.608164ms)
✔ confirming a companion ticket opens the normal invitation and stale confirmation does not spend (109.094981ms)
✔ cancel and no candidate leave friend stock untouched (90.616691ms)
✔ match ticket lists exactly the mutually attracted candidates for male female and nonbinary pets, including seen candidates (101.88431ms)
✔ match confirmation calls one candidate to the current region without changing world tables or creating a partner (86.199337ms)
✔ match confirmation revalidates partner while calls survive introductions and clear on travel (521.624093ms)
✔ match confirmation revalidates stock and a local-home display transition keeps the paid call (77.569067ms)
✔ a called match survives save reload in the same region (160.183237ms)
✔ confirming either companion ticket leaves the shop so its invitation is reachable (339.253813ms)
✔ time tickets change only the adjacent visual stage for five real minutes (768.428914ms)
✔ time tickets enforce the first and eighth actual-stage boundaries (175.542352ms)
✔ a temporary form survives reload without extending and clears on a real stage change (170.786145ms)
✔ dex tickets offer exactly all ordinary and eight rare forms and stale choices do not spend (187.2214ms)
✔ transform tickets fund three legal candidates and favor species never raised (116.341306ms)
✔ transform tickets supplement experienced candidates and reject stale or unavailable selections (58.235342ms)
✔ legacy discovery seeds raised species once without later temporary discoveries (151.865394ms)
✔ an actual transformation clears a temporary appearance (91.057392ms)
✔ ticket candidates cannot transform through the ordinary overlay without spending stock (101.521635ms)
✔ reloading an open transform ticket keeps stock and restores no ordinary offer (68.976876ms)
✔ dex picker hides every unknown form including markup and reveals only after selection (100.693907ms)
✔ life medicine refills only life and can be used again after life falls (281.983372ms)
✔ life medicine at full life or outside a living finite life does not consume (237.144498ms)
✔ life charm automatically prevents actual death without changing its causes (95.228948ms)
✔ a real dying tick spends one charm at the death boundary (54.673479ms)
✔ the tick reaching age one hundred enters farewell before charm consumption (46.707554ms)
✔ life charm waits through grace and is never spent for farewell or infinity (33.660551ms)
✔ life charm is automatic and has no manual use control (49.009234ms)
✔ retired consumables have no sale, use, or active-effect behavior (47.534923ms)
✔ shop orders all twelve consumables by the approved catalog (43.909036ms)
✔ final consumable catalog publishes exactly the twelve approved products (11.068148ms)
✔ legacy stock converts or refunds once before retired IDs are filtered (2.537698ms)
✔ every retired stock ID refunds its old unit price and purchase history adds nothing (1.514802ms)
✔ authoritative lifetime bag prevents live and snapshot copies from duplicating refunds (0.598374ms)
✔ invalid counts and unsafe sums cannot create unsafe money or stock (0.463246ms)
✔ deduplicates prepaid reservations across live and infinite snapshots (0.686404ms)
✔ separately paid small and great minigame reservations refund both once (10.203608ms)
✔ one logical minigame reservation refunds only its highest evidenced tier (0.727594ms)
✔ pending funded reservations add no refund beyond their bag stock (1.882129ms)
✔ active and partly used effects end without refund while a fully unused sickness shield refunds once (0.794374ms)
✔ a partially used sickness snapshot overrides a duplicate fully unused snapshot (0.469788ms)
✔ old court-big compatibility pays 350 once and is cleared even with flags (0.380063ms)
✔ reserved dream species survives conversion and reload-shaped normalization (0.425082ms)
✔ already migrated saves and return snapshots clear obsolete effects without credit (0.385224ms)
✔ a funded old Lucky pending item is cleared without duplicating its bag stock (0.26398ms)
✔ malformed migration markers cannot skip conversion (4.6656ms)
✔ registry sizes: species 31 (22 normal + 8 rare + 1 secret, 8 stages each = 248), companions 26, partners 18, legends 5 (444.866539ms)
✔ the secret species comes from master.playerSpecies.secret; the ren fallback is only for a missing master (23.088268ms)
✔ every full registry table holds exactly the master ids (plus its pinned legacy rows) (1058.28939ms)
✔ every intentionally partial table is exactly its audited subset (124.398873ms)
✔ legacy rows are pinned and never leak into the current canonical sets (23.780356ms)
✔ alias destinations are canonical, and alias keys are canonical or retired (0.656647ms)
✔ species aliases: dex counts and the dex "found" display agree (raw → alias → registered) (110.549752ms)
✔ cast-bounds covers every current species stage, companion, partner, the author and egg frames (1.319835ms)
✔ images: every master species has 8 stages whose asset is <id>/01..08.png and whose label matches master (12.115454ms)
✔ GOAL_TIER_IDS is the single tier map: id ↔ ordinal both ways, and every per-tier table follows it (18.884773ms)
✔ ENDING_CELEBRATIONS still lacks the perfect tier: a known open gap, not the spec (21.922676ms)
✔ save ordinals are unchanged: endingTiersReached stays the ints 0..4 and the tier logic returns the same numbers (267.175929ms)
✔ remove-it: a species added to master but forgotten in one table is named with its table; typo, extra and retired ids too (337.151979ms)
✔ initial decoration preserves all text, existing elements and listeners (19.473545ms)
✔ token auditing keeps joined, modified, flag and keycap glyphs whole (2.430703ms)
✔ unknown whole sequences remain unchanged even when a component is known (1.483063ms)
✔ editing controls and existing illustration subtrees remain untouched (2.264289ms)
✔ later added subtrees and character edits are decorated without rescanning unaffected text (5.301132ms)
✔ nodes removed before observer delivery are ignored (5.558988ms)
✔ the current actor marker passes through the same display resolver (1.62148ms)
✔ daily and Lucky payouts stay independent with null (252.734645ms)
✔ daily and Lucky payouts stay independent with star (59.436113ms)
✔ Star does not multiply either side of a duel settlement (83.729478ms)
✔ five warming taps show progressive egg art and hatch once at the existing boundary (595.316913ms)
✔ each saved egg resumes its crack stage without replaying a touch reaction (930.192529ms)
✔ reload immediately after the fifth tap keeps the same newborn and one birth record (183.654023ms)
✔ reset during the hatch effect cannot alter or decorate the replacement egg (115.530471ms)
✔ the egg itself can be warmed and newborn care remains available immediately (114.940867ms)
✔ all 30 legal dream species keep their stable identity and first-form artwork (4179.964475ms)
✔ a failed egg image uses the existing emoji fallback and can still hatch (66.46476ms)
✔ finished reactions are removed and cannot replay when returning from a minigame (172.415757ms)
✔ cancelled hatch animation is cleaned before an immediate minigame return (51.593687ms)
✔ reduced motion shows the correct egg and newborn without a pending reveal (28.436459ms)
✔ home derives emotion without adding saved emotion fields (298.861187ms)
✔ rendering and running an emotion cue leave the serialized save unchanged (48.113586ms)
✔ home emotion follows canonical priority and pet availability (54.219915ms)
✔ persistent cue moves only the main pet and its accessory (45.469989ms)
✔ 26 companions stay still during the main pet hungry cue (109.284952ms)
✔ 26 companions stay still during the main pet sulk cue (83.016162ms)
✔ critical life cancels a running persistent cue and stays still (66.006547ms)
✔ critical life suppresses both ordinary idle sources while keeping critical UI (109.070053ms)
✔ ordinary render does not interrupt a real care reaction (53.348192ms)
✔ real feed starts with munch (64.797204ms)
✔ real wake keeps stretch for a sleepy randomized line (58.233554ms)
✔ real wrong medicine starts with shake (35.767629ms)
✔ real annoyed play starts with settle (84.754824ms)
✔ feed adds one pet-only gentle bounce after munch when hunger is cleared (56.437364ms)
✔ feed returns to the latest hungry profile without a happy afterglow (42.499095ms)
✔ feed afterglow rechecks raw hunger at callback time (100.656767ms)
✔ feed afterglow rechecks raw pet availability at callback time (82.93725ms)
✔ cured medicine settles first and then adds one pet-only bounce (32.727646ms)
✔ a newer care action invalidates the old feed afterglow (52.819674ms)
✔ a newer semantic event invalidates the old feed afterglow (33.252202ms)
✔ leaving home invalidates a feed afterglow even after returning (206.324232ms)
✔ feed afterglow waits for existing companion conversation beats (50.115382ms)
✔ critical life and reduced motion suppress care afterglow movement (108.483549ms)
✔ critical life suppresses cured medicine afterglow (106.575066ms)
✔ other semantic care reactions finish without an added happy afterglow (242.413461ms)
✔ normal state cancels the old profile timer before it can fire (86.424604ms)
✔ non-normal emotion excludes the pet from ordinary idle while companions continue (199.45506ms)
✔ non-normal emotion excludes autonomous pet greetings but keeps social greetings (236.800746ms)
✔ egg blocks a pending persistent cue (219.522368ms)
✔ farewell blocks a pending persistent cue (60.622579ms)
✔ dead blocks a pending persistent cue (79.027126ms)
✔ sleeping blocks a pending persistent cue (73.264455ms)
✔ transform blocks a pending persistent cue (66.41282ms)
✔ menu blocks a pending persistent cue (115.462631ms)
✔ minigame blocks a pending persistent cue (33.148689ms)
✔ story blocks a pending persistent cue (27.449016ms)
✔ hidden tab blocks a pending persistent cue (29.905543ms)
✔ story opening immediately cancels an active persistent cue (35.200306ms)
✔ menu cancels an active persistent cue and the current state restarts after return (32.133302ms)
✔ story cancels an active persistent cue and the current state restarts after return (57.865876ms)
✔ minigame cancels an active persistent cue and the current state restarts after return (149.826875ms)
✔ hidden tab cancels an active persistent cue and the current state restarts after return (50.628923ms)
✔ returning from a hidden tab schedules the current profile again (51.766973ms)
✔ reduced motion retains the derived state without starting a cue (47.839164ms)
✔ switching to reduced motion stops a running persistent cue (28.302027ms)
✔ reduced motion suppresses persistent and afterglow movement but retains the warning icon (84.076991ms)
✔ normal idle perk callback does not preempt a pending care afterglow (43.205486ms)
✔ normal idle perk callback does not preempt an active care afterglow (54.37089ms)
✔ normal idle greeting callback does not preempt a pending care afterglow (32.40708ms)
✔ normal idle greeting callback does not preempt an active care afterglow (47.356412ms)
✔ static script exposes the pure resolver on window (8.962033ms)
✔ resolve returns every approved emotion profile (0.71555ms)
✔ resolve follows the approved visible priority (0.50763ms)
✔ worsening tiredness never increases cue cadence (0.278698ms)
✔ non-playable and sleeping signals resolve to normal (0.350323ms)
✔ resolve does not mutate its input or share returned profile objects (0.384901ms)
✔ sodachi 20 to 100 costs 1,500-1,800 growth and 20 to 70 costs under 800 (450.933683ms)
✔ sleeping from empty takes roughly 3-12 seconds of recovery steps (141.897664ms)
✔ an S-rank result grants a growth boost that doubles growth and decays per tick (141.368092ms)
✔ game length: normal difficulty runs at face value, easy adds 20%, short mode trims games of 20s or more (99.696416ms)
✔ life recovers during ordinary care and faster when everything is above 60 (57.293105ms)
✔ a full transform meter opens the transform choice right after the game, with no lottery (229.450862ms)
✔ the same environment + seed + pinned clock gives the same time, weather, season and randomness on any host clock and TZ (2512.116151ms)
✔ with environment: 'auto' the result follows the host clock (the test detects the difference) (3788.459378ms)
✔ hostEnvironmentClock alone makes the time of day follow the harness clock instead of the host clock (1438.246192ms)
✔ the flaky "entering meguru" scene is reproducible with the options on any host clock and TZ (7194.838424ms)
✔ one generator feeds the page Math.random (from boot) and meguru (386.045978ms)
✔ default harness(): fixed day/sunny environment (RH-6), native random, unpinned new Date(), harness Date.now() (106.539481ms)
✔ a manual time/weather mode still wins over environment, and the undersea/starry regions keep no weather (41.469085ms)
✔ the deterministic preset pins environment, host clock, seed and date; explicit options win (137.826411ms)
✔ the weather labels the harness returns match world-environment.js (0.754441ms)
✔ one-finger drags cannot pan the home, including a drag starting on a care button (434.748863ms)
✔ long text can scroll in both directions but cannot drag the home past its edges (89.41404ms)
✔ pinch zoom and panning an enlarged view remain available (82.399812ms)
✔ menus, minigames and life records keep their gestures and returning home restores the lock (161.899194ms)
✔ home touch setup leaves the home height available after the fun strip retirement (95.62752ms)
✔ approved hunger profile covers exactly 31 playable growth lines and all 248 stages (7.090403ms)
✔ hunger category resolver does not silently fallback for unsupported or malformed assets (0.275251ms)
✔ all 248 hungry displays use the approved food artwork, including life-stage overrides (27.376801ms)
✔ mushroom07 hunger bubble separates from spores without moving other state marks (0.577683ms)
✔ every shipped UI/game emoji has an illustrated display definition (763.904394ms)
✔ the exact actor and generic game props are separate, and saves stay untouched (85.735539ms)
✔ every minigame maps to one of the intro demo kinds, and the kinds are varied (236.222047ms)
✔ the intro card carries a demo canvas tagged with the demo kind (79.555256ms)
✔ swipe thresholds are unified through MG_SWIPE_MIN and hold timing through MG_HOLD_PROFILES (43.632158ms)
✔ the result toast offers a retry button that restarts the same game (69.248829ms)
✔ the result toast has no retry button before any game was played (27.741235ms)
✔ the intro card shows for the first three plays and the help overlay works any time (103.137387ms)
✔ steps pad fires the moment a direction is clear, once per flick, without waiting for release (46.958036ms)
✔ turn-based steps pad needs a longer drag for the second cell in the same direction (31.474802ms)
✔ delta pad glides at the pad edge while pushing outward and stops when the finger comes back (39.123244ms)
✔ vector pad keeps the direction of the real movement, not the wobble when the finger stops (48.608249ms)
✔ the unified manifest gives every one of the 27 item identities a dedicated normalized PNG (805.106382ms)
✔ shop, home, consumables and item stickers use semantic unified art (409.127118ms)
✔ a unified image failure reveals only its semantic fallback without changing state (76.841941ms)
✔ the unified shop art frame is 40px while the home accessory keeps its inherited frame (0.471513ms)
✔ retired hat uses the ordinary transform rate and needs four games (326.488234ms)
✔ retired hat has no game effect in a start snapshot (212.744008ms)
✔ retired energy1 has no game effect in a start snapshot (235.803608ms)
✔ retired glasses has no game effect in a start snapshot (174.968354ms)
✔ retired crown has no game effect in a start snapshot (165.556105ms)
✔ retired flower has no game effect in a start snapshot (187.385928ms)
✔ retired crown cannot rescue zero health but the existing miracle still works (37.622361ms)
✔ crown does not bypass normal two minute life warning or rescue life death (39.994561ms)
✔ retired crown snapshot cannot reduce failed-game life damage (36.980545ms)
✔ star pays ordinary success immediately and never adds a delayed set reward (58.370858ms)
✔ star menu describes immediate ordinary-success coins without stamp or waiting UI (53.061864ms)
✔ ordinary score 0, equipment null -> null pays 0 (58.620645ms)
✔ ordinary score 0, equipment star -> null pays 0 (34.17978ms)
✔ ordinary score 0, equipment null -> star pays 0 (36.496524ms)
✔ ordinary score 29, equipment null -> null pays 0 (99.975662ms)
✔ ordinary score 29, equipment star -> null pays 0 (41.945752ms)
✔ ordinary score 29, equipment null -> star pays 0 (31.996462ms)
✔ ordinary score 30, equipment null -> null pays 30 (52.217591ms)
✔ ordinary score 30, equipment star -> null pays 90 (31.574953ms)
✔ ordinary score 30, equipment null -> star pays 30 (36.342929ms)
✔ ordinary score 69, equipment null -> null pays 30 (44.121011ms)
✔ ordinary score 69, equipment star -> null pays 90 (37.553052ms)
✔ ordinary score 69, equipment null -> star pays 30 (76.594948ms)
✔ ordinary score 70, equipment null -> null pays 60 (149.386978ms)
✔ ordinary score 70, equipment star -> null pays 180 (99.071502ms)
✔ ordinary score 70, equipment null -> star pays 60 (72.708194ms)
✔ ordinary score 100, equipment null -> null pays 60 (68.784717ms)
✔ ordinary score 100, equipment star -> null pays 180 (83.532636ms)
✔ ordinary score 100, equipment null -> star pays 60 (120.301979ms)
✔ quick-run score 0 retains base 0 with null (98.692824ms)
✔ quick-run score 0 retains base 0 with star (86.434769ms)
✔ quick-run score 50 retains base 0 with null (69.532349ms)
✔ quick-run score 50 retains base 0 with star (65.390367ms)
✔ quick-run score 70 retains base 0 with null (72.493395ms)
✔ quick-run score 70 retains base 0 with star (84.478717ms)
✔ quick-solo score 0 retains base 0 with null (136.791293ms)
✔ quick-solo score 0 retains base 0 with star (180.803725ms)
✔ quick-solo score 50 retains base 0 with null (219.682216ms)
✔ quick-solo score 50 retains base 0 with star (81.145689ms)
✔ quick-solo score 70 retains base 0 with null (78.780272ms)
✔ quick-solo score 70 retains base 0 with star (73.807019ms)
✔ game pass applies exactly ordinary score-50 care and 30 coins without starting a game (78.843165ms)
✔ game pass preserves all real-play records, consumable reservations and Lucky stock (83.081114ms)
✔ egg menu reserves random new stock, hides the species and consumes once across reload (617.251684ms)
✔ invalid or unavailable hatch reservation clears without spending; growing pets can reserve (84.481384ms)
✔ duplicate stickers stay as copies and stop at the nine-copy cap (85.168905ms)
✔ theme costs 60 and draws only chosen category with the secret gate; ordinary stays 30/3 (239.595217ms)
✔ legacy sticker counts and positions merge idempotently without replacing character history (47.949765ms)
✔ sticker catalog offers all current items while retaining other collection categories (61.450591ms)
✔ duel host win: both reserve, purchases cannot spend stake, settlement/reload/replay is exact once (420.713395ms)
✔ duel guest win: both reserve, purchases cannot spend stake, settlement/reload/replay is exact once (437.107024ms)
✔ duel draw: both reserve, purchases cannot spend stake, settlement/reload/replay is exact once (336.102237ms)
✔ unpublished cancel refunds once; published abandonment forfeits and close/new life preserve stake (106.134228ms)
✔ old unfunded progress terminates without minting while completed old matches retain money/statistics (33.8193ms)
✔ repeated hatch callback does not change an already committed newborn (27.542864ms)
✔ result-only close and rematch handlers cannot discard a reserved match (27.501545ms)
✔ infinite snapshot reload and return preserve live duel rather than resurrecting an earlier settlement (159.369178ms)
✔ duel spends available coins normally and still settles backed stakes (137.571004ms)
✔ different match IDs, old-format and duplicate-question codes never reserve or settle (133.934716ms)
✔ real sticker menu buys the selected category and has no point-exchange controls (52.629418ms)
✔ maxed stickers are excluded from pack draws (116.841579ms)
✔ host ID generation remains usable at a zero random draw (30.127405ms)
✔ completed legacy duels reopen as results, without a new unsupported settlement code (68.313668ms)
✔ real duel create, join, publish and import controls use the reserved transaction (74.609566ms)
✔ guest abandonment and full wipe cannot return a published stake (81.856192ms)
✔ age stage transition keeps its story and life log without coins (395.719703ms)
✔ birthday 41 keeps growth, decline relief and celebration without coins (93.464219ms)
✔ birthday 50 keeps growth, decline relief and celebration without coins (73.199554ms)
✔ birthday 90 keeps growth, decline relief and celebration without coins (52.77575ms)
✔ midlife 44 preserves its noncoin effect and one-time record (108.610785ms)
✔ midlife 50 preserves its noncoin effect and one-time record (76.355929ms)
✔ midlife 56 preserves its noncoin effect and one-time record (93.467291ms)
✔ midlife 62 preserves its noncoin effect and one-time record (64.28166ms)
✔ midlife 66 preserves its noncoin effect and one-time record (61.724162ms)
✔ sodachi 30 keeps milestone record and eggs, without coins (67.295417ms)
✔ sodachi 40 keeps milestone record and eggs, without coins (68.160138ms)
✔ sodachi 50 keeps milestone record and eggs, without coins (56.730728ms)
✔ sodachi 60 keeps milestone record and eggs, without coins (80.627926ms)
✔ sodachi 70 keeps milestone record and eggs, without coins (82.655787ms)
✔ sodachi 80 keeps milestone record and eggs, without coins (72.306183ms)
✔ sodachi 90 keeps milestone record and eggs, without coins (62.917229ms)
✔ sodachi 100 keeps milestone record and eggs, without coins (64.598057ms)
✔ home former coin moment still appears and records without paying (140.985875ms)
✔ desert former coin moment still appears and records without paying (68.754043ms)
✔ star_stop former coin moment still appears and records without paying (67.424541ms)
✔ environment callbacks ignore a latent money field while preserving noncoin effects (65.206336ms)
✔ memory lake still recalls life memories and recovers happiness without coins (98.599488ms)
✔ sticker tasks record completion once without points or coins (65.237654ms)
✔ offline 10 minutes preserves recovery and memory without money (32.926859ms)
✔ offline 60 minutes preserves recovery and memory without money (85.155003ms)
✔ offline 600 minutes preserves recovery and memory without money (121.693703ms)
✔ eligible gate legend keeps discovery, life log and movie without any care or coin reward (43.650324ms)
✔ eligible stairs legend keeps discovery, life log and movie without any care or coin reward (42.71061ms)
✔ eligible boss legend keeps discovery, life log and movie without any care or coin reward (40.556364ms)
✔ eligible lamp legend keeps discovery, life log and movie without any care or coin reward (41.119436ms)
✔ eligible mirror legend keeps discovery, life log and movie without any care or coin reward (75.773369ms)
✔ repeated legend trigger cannot create a second encounter in one life (39.366988ms)
✔ gate legend movie has no payout beat or footer (33.169173ms)
✔ stairs legend movie has no payout beat or footer (28.722261ms)
✔ boss legend movie has no payout beat or footer (30.611947ms)
✔ lamp legend movie has no payout beat or footer (54.82147ms)
✔ mirror legend movie has no payout beat or footer (27.53744ms)
✔ old claimed save retains balances, inventory and event claims across reload without repeat grants (76.79891ms)
✔ environment guidance keeps care coefficients but removes obsolete game coin modifiers (53.356245ms)
✔ retirement refunds stock and tool ownership exactly once, never history or duplicate reservations (20.625818ms)
✔ legacy tool use counts as ownership only before the original item migration (0.839987ms)
✔ retirement preserves shared memories and cooldowns while removing fun-only records and sticker placements (1.820594ms)
✔ retired items cannot be bought, granted, used or selected as stickers; equipment completion ignores stale ids (319.578219ms)
✔ refund survives reload, new lives and infinite return without reviving old reservations (123.101479ms)
✔ great games retain coins and offline visits retain recovery without granting retired items (53.508094ms)
✔ infinite snapshots and retired achievement metadata are cleared without extra compensation (0.551294ms)
✔ dedicated reward inventory is retired and legacy reward stock is discarded (542.694468ms)
✔ milestone eggs are granted once even after spending, without coins (99.10394ms)
✔ ordinary completion pays thirty coins (187.577051ms)
✔ daily completion adds one Lucky inventory without a reservation (183.195124ms)
✔ invalid stock cannot be spent and normalization does not create wealth (221.159378ms)
✔ module validates transactions and persists structured memories without retired cooldown APIs (65.122129ms)
✔ normal equipment catalog contains only the final ten products (60.226132ms)
✔ normal equipment poop1 has its final catalog price and shop price (97.615872ms)
✔ normal equipment poop1 has its final catalog and shop description (71.932385ms)
✔ normal equipment sleepboost1 has its final catalog price and shop price (64.429137ms)
✔ normal equipment sleepboost1 has its final catalog and shop description (89.355509ms)
✔ normal equipment bowtie has its final catalog price and shop price (131.744595ms)
✔ normal equipment bowtie has its final catalog and shop description (62.466398ms)
✔ normal equipment ribbon has its final catalog price and shop price (83.418441ms)
✔ normal equipment ribbon has its final catalog and shop description (113.470741ms)
✔ normal equipment scarf has its final catalog price and shop price (69.198731ms)
✔ normal equipment scarf has its final catalog and shop description (67.783056ms)
✔ normal equipment travel1 has its final catalog price and shop price (73.252496ms)
✔ normal equipment travel1 has its final catalog and shop description (76.673535ms)
✔ normal equipment partner1 has its final catalog price and shop price (87.413415ms)
✔ normal equipment partner1 has its final catalog and shop description (73.677832ms)
✔ normal equipment bond1 has its final catalog price and shop price (66.159883ms)
✔ normal equipment bond1 has its final catalog and shop description (76.726604ms)
✔ normal equipment gamepass1 has its final catalog price and shop price (73.127307ms)
✔ normal equipment gamepass1 has its final catalog and shop description (95.741069ms)
✔ normal equipment star has its final catalog price and shop price (81.589734ms)
✔ normal equipment star has its final catalog and shop description (72.152992ms)
✔ normal equipment V2 retains all nine continuing IDs with no price difference charged (569.417395ms)
✔ backpack removes travel hunger and energy costs but does not prevent fatigue (170.905117ms)
✔ retired lantern UI and stale clicks never create light scenes or cooldowns (40.057093ms)
✔ legacy light data is ignored safely: [{"key":"lantern:1","event":"lantern","text":"old light"}] (71.302208ms)
✔ legacy light data is ignored safely: null (71.578942ms)
✔ legacy light data is ignored safely: "broken" (132.20322ms)
✔ equipment reactions only occur for actual eligible care and active protection (30.014538ms)
✔ guest origin persists across appearance, reload and codes but differs for a new life (73.264097ms)
✔ court letters capture the real new partner and survive form changes and a new life (211.140366ms)
✔ danger-triggered ribbon recovery delivers readable feedback in both motion modes (81.627513ms)
✔ retired flowers leave court dialogue and care feedback without bonus reactions (364.653175ms)
✔ ineligible ribbon ticks and mismatched court do not claim equipment effects (42.253611ms)
✔ V2 equipment feedback waits for an existing conversation and never replaces critical care (33.286654ms)
✔ a pending equipment line does not follow a reset into another life (54.821149ms)
✔ game pass clears daily and companion context without completing either, including the next real game (42.518713ms)
✔ V2 paper clears every poop at the danger threshold without manual-care credit (282.001521ms)
✔ V2 pillow makes sleep an immediate full-energy action (76.051627ms)
✔ V2 bowtie automatically fills hunger when the normal danger band is reached (41.828656ms)
✔ V2 ribbon automatically fills happiness when the normal danger band is reached (44.009277ms)
✔ V2 disease equipment automatically cures sickness without pretending it was a manual medicine tap (48.555952ms)
✔ V2 automation equipment no longer keeps the old passive percentage reductions (287.950034ms)
✔ retired dedicated reward inventory has no production UI or runtime path (15.197623ms)
✔ V2 backpack makes ordinary travel cost zero hunger and zero energy while fatigue still applies (450.976323ms)
✔ V2 star badge triples only the ordinary minigame success coin payout (187.015633ms)
✔ V2 love letter restores partner affection to max at the danger threshold (78.021171ms)
✔ V2 friend badge restores companion bond to max at the danger threshold (81.812782ms)
✔ retired star and reunion state is discarded without changing companion records (63.472358ms)
✔ friend badge no longer offers a reunion game or retired lantern actions (147.641762ms)
✔ social equipment preserves ordinary decay and does not automate relationship decisions or award records (176.269234ms)
✔ star badge triples great-result coins and leaves failed-result at zero (250.310468ms)
✔ retired energy1 does not soften ordinary care decay (194.086329ms)
✔ retired crown does not soften ordinary care decay (115.206771ms)
✔ life card and received life code show the recorded woman, not a system emoji (273.341092ms)
✔ overlapping stage names and chosen infinite forms retain their recorded portraits (55.024967ms)
✔ leaving current location restores the home-region label after presentation caching (77.188455ms)
✔ legacy life timeline resolves stage labels and keeps unrelated log strings escaped (42.188479ms)
life-stage profiles: ok
✔ tests/life-stage-profiles-test.cjs (226.300459ms)
✔ static script exposes the locality resolver on window (7.087762ms)
✔ known municipalities resolve to their curated scenery profiles (2.48843ms)
✔ prefecture-aware matching does not confuse same-named wards or conflicting cities (0.373446ms)
✔ explicit Osaka city wards are metropolitan without capturing other cities or bare wards (0.273577ms)
✔ unknown municipalities use a general town image without claiming local geography (0.426438ms)
✔ sanitizeLocality rejects malformed values and removes unapproved saved fields (0.690768ms)
✔ reload restores saved municipal scenery without requesting GPS (279.847969ms)
✔ unknown saved municipalities describe the neutral generated town image (81.692156ms)
✔ malformed saved locality is discarded and cannot activate current-location scenery (47.75131ms)
✔ a successful selection saves only display-safe locality fields (101.556319ms)
✔ failed refresh keeps saved scenery selected and a later explicit retry can replace it (101.601848ms)
✔ an observed municipality is offered for selection when another region remains displayed (52.108491ms)
✔ an invalid live municipality falls back to the sanitized saved selection (42.890922ms)
✔ manual refresh of a selected locality persists and reloads the new municipality (87.733023ms)
✔ a canceled manual refresh cannot replace or render over the selected locality (52.274114ms)
✔ explicit home selection clears only the current-location presentation (40.486333ms)
✔ pending current-location selection cannot override a later travel choice (66.070417ms)
✔ Lucky catalog and shop offer 300 coin immediate roulette (301.638273ms)
✔ roulette draw 0 immediately pays 10 (44.282375ms)
✔ roulette draw 0.14999999999999977 immediately pays 10 (49.624991ms)
✔ roulette draw 0.15 immediately pays 20 (34.918403ms)
✔ roulette draw 0.34999999999999976 immediately pays 20 (43.179279ms)
✔ roulette draw 0.35 immediately pays 50 (64.579693ms)
✔ roulette draw 0.5999999999999998 immediately pays 50 (86.287347ms)
✔ roulette draw 0.6 immediately pays 100 (69.273844ms)
✔ roulette draw 0.7999999999999998 immediately pays 100 (72.281735ms)
✔ roulette draw 0.8 immediately pays 500 (84.175211ms)
✔ roulette draw 0.9199999999999998 immediately pays 500 (110.415623ms)
✔ roulette draw 0.92 immediately pays 1000 (96.513647ms)
✔ roulette draw 0.9899999999999998 immediately pays 1000 (65.656708ms)
✔ roulette draw 0.99 immediately pays 10000 (97.744671ms)
✔ roulette draw 0.9999999999999998 immediately pays 10000 (45.339294ms)
✔ roulette independent of equipment null (50.822182ms)
✔ roulette independent of equipment poop1 (72.328698ms)
✔ roulette independent of equipment sleepboost1 (38.42478ms)
✔ roulette independent of equipment bowtie (34.469684ms)
✔ roulette independent of equipment ribbon (38.267947ms)
✔ roulette independent of equipment scarf (38.076338ms)
✔ roulette independent of equipment travel1 (62.335917ms)
✔ roulette independent of equipment partner1 (40.954878ms)
✔ roulette independent of equipment bond1 (46.552153ms)
✔ roulette independent of equipment gamepass1 (39.225934ms)
✔ roulette independent of equipment star (34.303349ms)
✔ legacy reservation migration false,false is once across reload reset infinite return (203.488546ms)
✔ legacy reservation migration true,false is once across reload reset infinite return (158.256237ms)
✔ legacy reservation migration false,true is once across reload reset infinite return (167.516038ms)
✔ legacy reservation migration true,true is once across reload reset infinite return (233.779286ms)
✔ ordinary result 0 never spends Lucky stock or boosts reward (100.018374ms)
✔ ordinary result 50 never spends Lucky stock or boosts reward (66.731002ms)
✔ ordinary result 95 never spends Lucky stock or boosts reward (114.959294ms)
✔ runtime has no Lucky reservation or doubled-reward code (54.499009ms)
✔ Quick mixed never spends stock or changes Lucky payout (127.243083ms)
✔ Quick knock never spends stock or changes Lucky payout (66.610316ms)
✔ Quick tickle never spends stock or changes Lucky payout (143.250546ms)
✔ duel settlement and Lucky payout are independent (142.800832ms)
✔ spent reservation recovery never reappears after save and return (126.163923ms)
(node:528) [MODULE_TYPELESS_PACKAGE_JSON] Warning: Module type of file:///workspace/scratch/28c7e6574f23/naotocchi/vendor/three-0.170.0/three.module.min.js is not specified and it doesn't parse as CommonJS.
Reparsing as ES module because module syntax was detected. This incurs a performance overhead.
To eliminate this warning, add "type": "module" to /workspace/scratch/28c7e6574f23/naotocchi/package.json.
(Use `node --trace-warnings ...` to show where the warning was created)
✔ AD-1. scene dressing の 契約: 3D だけ・あたり なし・ふんで とおれる・群生(2〜8)・道 / spot / かたい 物 / 水 には おかない (25994.208283ms)
✔ AD-2. 配置は「空いた ところに 均一に 置く」では なく 群生 + 意図した 余白: 道ばたの 帯(roadside)と ます目(grid)の 両方・余白が ある (28.928246ms)
✔ AD-3. remove-it: 2D の world と corridor には dressing が ない(3D だけ)。cover を 外した profile では 群生 0 (1604.722683ms)
✔ AD-4. 花は 地域に あった いろ・場所: home / forest / jungle / countryside に 花の 群生、しんかい / ゆき には 花 なし、さばくは オアシスの まわり だけ (58.025746ms)
✔ AD-5. Tree v3: 針葉樹 4〜5 段(明暗・下ほど ひろい)、広葉樹は かたまり 2〜5(明 / 中 / 暗)、ヤシは は 5〜8(はばは 長さに 比例) (23.431811ms)
✔ AD-6. gate: もり と ジャングルは 1 まいの 絵で 見わけが つく(葉の palette・きりの いろ・ジャングル だけ 大きな は / つる / 根もとの 下草 / lowPoly) (46.878909ms)
✔ AD-7. Building v4: family ごとの かたまり・屋根の かたち(切妻 / 寄棟 / 平ら)・のき・土台・入口 と まど・かたまりの 足し(ポーチ / 出窓 / 縁側 / はなれ / ベランダ / 煙突 / ひさし)・シルエット 高さ / はば ≤ 1.5 (24.303766ms)
✔ AD-8. city scene: 低層 / 中層 / 高層の まざり・灰 だけで ない いろ・みせ(ガラス + ひさし + 看板 + たて看板)・路地の かべも 正面を もつ・高さは 床の 5.5 倍まで (74.624652ms)
✔ AD-9. city の 小物: 自転車・自販機は 3D の かたち(unresolved なし)。街路樹・信号・横断歩道・電柱は そのまま (2.551328ms)
✔ AD-10. いけがき は 箱では なく まるい しげみの れつ(あたりの 箱の なか・あたまより 下) (0.802065ms)
✔ AD-11. 水の 統合: 川は なめらかに 曲がり はばが ゆれる(riverCurve・pure)。見た目の 水は あたりの 帯の 内がわ。川岸に 石 / あし / 草 / 花の 帯 (86.832068ms)
✔ AD-12. Bridge v4: 交わりに かかる(ながさ ≥ 水の はば)・床の 上面は 水面より 上・床より 下から ささえる 橋脚 / 橋台・種類で かたちが ちがう (3.212883ms)
✔ AD-13. さばくの サボテンは 大きく 4 種(柱・枝分かれ・まる・むれ)。オアシスの まわりは 花 で 対比 (1.689591ms)
✔ AD-14. 光: 明るい fill と 方向光で 面を 分ける・岩 / がけの 明るさ と 地域 palette を 保つ (0.960611ms)
✔ AD-15. 箱庭の 比率: ビルは 床の 5.5 倍まで、大木の 幹は あたりより ほそい、花 / しげみ / 街の 小物は 見える 大きさ、まど / 入口は 家に 対して 小さい (50.595101ms)
✔ AD-16. density gate: 代表 spot(各地域 最初の ひろば)から 前景(〜250)/ 中景(250〜700)/ 遠景(700〜1800)の それぞれに 意味の ある 物が 1 つ いじょう。道の 方向は 読める(道の 上に 物 なし) (445.468912ms)
✔ AD-17. Human QA gate の 記録: 13 地域 × 7 条件(ひと目で 地域・さびしく ない・箱っぽく ない・いろ・歩きたい・見どころ・前景 / 中景 / 遠景)が status doc に ある。main merge / Ready は しない (2.314563ms)
✔ AD-18. 原則だけ: Nintendo / どうぶつの森 固有の 名まえ・asset・模様は code にも doc にも 出てこない (12.88082ms)
(node:535) [MODULE_TYPELESS_PACKAGE_JSON] Warning: Module type of file:///workspace/scratch/28c7e6574f23/naotocchi/vendor/three-0.170.0/three.module.min.js is not specified and it doesn't parse as CommonJS.
Reparsing as ES module because module syntax was detected. This incurs a performance overhead.
To eliminate this warning, add "type": "module" to /workspace/scratch/28c7e6574f23/naotocchi/package.json.
(Use `node --trace-warnings ...` to show where the warning was created)
✔ v2-1. player の 絵は きりで 消えない: キャラの material は fog なし・frustum culling なし・きりの 遠端は player + 900 より 遠く (8.585873ms)
✔ v2-2. billboardVisible: 座標に いる のに 描かれない 状態(hidden / scale NaN / texture なし / きりの むこう)を 1 つの 判定で 見つける (143.935186ms)
✔ v2-3. すかしは 見た目の 半径(えだはり)で 判定し、線分より 低い 物は すかさない。あたりの 半径 だけの 旧 判定も そのまま 通る (1.019381ms)
✔ v2-4. ghost pool の 契約: 使った ものだけ visible、使わなかった ものは その frame で hidden、1 frame 使わなければ scene から はずす、pool は つかいまわす (6.859208ms)
✔ v2-5. レンダラーの 切りかえで ghost が のこらない: scene の 捨て(地域 / corridor)・3D → 2D(fallback / 2D の 地域)で clear、stats に ghost と player (0.782542ms)
✔ v2-6. corridor(地域の あいだの 道)は 3D で 描く: 10 本 × 2 方向 ぜんぶ 3D の 対象。飾りは ぜんぶ 意味の 表で 解決し(unresolved 0)、はしの いし だけ かたい (495.619103ms)
✔ v2-7. corridor の gameplay は かわらない: 帯の 左右と はしの いし の あたり、着く / もどる、party の 受けわたし、セーブ なし (285.196111ms)
✔ v2-8. しらせ: ふつうの spot と 地区は toast なし、ランドマークは quiet(左上の 静かな 強調)、ひみつ だけ toast。きろくは かわらない (2995.715081ms)
✔ v2-9. ちずの 表示 filter: ふつうの 池・休憩所・小さな 橋・通過点は 出さず、現在地・つながり・gate・ランドマーク・ひみつ・hub / ひろば は 出す。きろくと 分母は かわらない (3789.90845ms)
✔ v2-10. 帯(strip)の geometry は 1 まいに つながる: frame × lane の 頂点を 共有し、となりの frame と 面で つながる(池の ならび では ない) (3.326012ms)
✔ v2-11. 川(river_lake)= terrain.pts からの 1 本の 帯(岸つき)。帯に かくれる 池は おかない。しんかいの 谷も 1 本の 帯 (3572.405465ms)
✔ v2-12. 海(sea)/ 湖(memory_lake)= 岸線から 水平線まで 1 まいの 面(ぬれた 砂 → 浅瀬 → 沖)+ 岸の あわ。岸の むこうの 池は おかない (1700.213792ms)
✔ v2-13. 水の 見た目は あたり(walkability)を かえない: 岸の clamp・池の あたり・橋は 2D と 同じ。水の 面は あたりを もたない (5450.634986ms)
✔ v2-14. Kit v2 の 原型: 昆布は 曲がった は(木 / 柱では ない)、遺跡は くずれた かべ、はしは いみ ごと、たてものは body + 屋根 + 入口 + まど (28402.706963ms)
✔ v2-15. Region Profile v2: 13 地域 ぜんぶに family(terrain / veg / arch / water / density / landmark / sky)。まちは palette で ビルの いろ と 階数が ばらつき、電柱が ある (8041.753857ms)
(node:544) [MODULE_TYPELESS_PACKAGE_JSON] Warning: Module type of file:///workspace/scratch/28c7e6574f23/naotocchi/vendor/three-0.170.0/three.module.min.js is not specified and it doesn't parse as CommonJS.
Reparsing as ES module because module syntax was detected. This incurs a performance overhead.
To eliminate this warning, add "type": "module" to /workspace/scratch/28c7e6574f23/naotocchi/package.json.
(Use `node --trace-warnings ...` to show where the warning was created)
✔ GA-1. 接地: 地面に つく parts は 足もとの いちばん ひくい 地面まで(斜面で 岩 / 盛り土 / 根 / 岸の 花が 浮かない)。13 地域 (28571.51433ms)
✔ GA-2. 小川 / 川 の 交わり: 橋の 交わり には 橋(床 > 水面・ながさ ≥ 水の はば)、そのほかは 飛び石。ランドマークの 橋は 交わりの 上に ある とき だけ うけもつ (1.927198ms)
✔ GA-3. 小川と 池を わける: ながれの 帯の 中に 池の 円盤(水の 小物)を おかない (0.569445ms)
✔ GA-4. Building v4: 塔の ような 家 なし(シルエット 高さ / いちばん ひろい はば ≤ 1.6、看板 / 屋根の はりだし を ふくむ) (0.881978ms)
✔ GA-5. 小物の 読みやすさ(props gate): 車 = 車輪・望遠鏡 = 3 本 足 + かたむいた 筒・像 = だい + からだ + あたま・かまくら = いりぐち・箱の 小物 = ひさし + 窓。絵文字の 立て看板 は のこって いない (19487.349204ms)
✔ GA-6. 季節 / 天気 は 2D の 正本に あわせる: 針葉樹の 雪 = ゆき の 地域 か 冬、山の 頂の 雪 = それ + 雪の 日、deepsea / star_stop は 地表の 季節 なし (14.770318ms)
✔ GA-7. 地域の 識別性(数で): いえ ≠ いなか(いなかは ひらけ +0.1 いじょう・構成の cosine < 0.75)、もり ≠ ジャングル(ジャングルは 見とおし せまく・高い 層・cosine < 0.6) (6850.311929ms)
(node:568) [MODULE_TYPELESS_PACKAGE_JSON] Warning: Module type of file:///workspace/scratch/28c7e6574f23/naotocchi/vendor/three-0.170.0/three.module.min.js is not specified and it doesn't parse as CommonJS.
Reparsing as ES module because module syntax was detected. This incurs a performance overhead.
To eliminate this warning, add "type": "module" to /workspace/scratch/28c7e6574f23/naotocchi/package.json.
(Use `node --trace-warnings ...` to show where the warning was created)
✔ GT-1. runtime P0(HQ-1 / HQ-2 / HQ-3): すかしは ray で ほんとうに 隠す 物 だけ・もとの いろ・大きな 物は うすく・ちらつかない・変わった instance だけ 送る (94.421321ms)
✔ GT-2. ray の 格子(pure): 線分が とおる ます目の instance だけ が 候補 (1.010967ms)
✔ GT-3. 予算(HQ-4): うすい 板は 1 まい・幹は ふたなし・mound は 下半分 なし・花の まんなか 8 三角形。透明 fade で けさない (0.36204ms)
✔ GT-4. Terrain v1(HQ-5): 意味の ある 起伏。道 / spot は 平ら、ひらけた ところ に 丘、小川は 谷、池は くぼ地、海は 水へ ひくく。ランダムな こぶ だけ では ない (16161.477588ms)
✔ GT-5. Creek / River v3(HQ-6): 小川は spot の 円盤の ならび では なく 1 本の ながれ。橋の spot の 下を とおり、道を 横切る ところは 橋 か 飛び石。道 / かたい 物 の 上を ながれない (2997.294562ms)
✔ GT-6. Water(HQ-7): 海 / 川 / 池 で 水の 面を かえる(海 = 浅瀬 → 沖 → 水平線、川 = 谷の 中の ながれる 面、池 = しずかな くぼ地の 面) (2.578977ms)
✔ GT-7. home と countryside(HQ-10): いえ = 家ごとの 庭(花だん・ポスト・ひくい さく・飛び石)、いなか = ひろい 畑 と 用水路 と 板の はし(庭 なし) (3.528418ms)
✔ GT-8. forest と jungle(HQ-11): もり = つめたい みどり・たおれた 丸太・しだ・きのこ・見とおし ほどほど。ジャングル = 多層(大きな は の 下草・ヤシ・canopy の つる)・しめった もや (348.245947ms)
✔ GT-9. Tree v4(HQ-12): 根もとの はり・2 だんの 幹(すこし かたむく)・かんむりへ のびる 枝・白っぽい ほそい 木(すずしい 地域) (261.914852ms)
✔ GT-10. props gate(HQ-13): ラベル なしで わかる。自転車は 立って いる、水車 / 観覧車の わ は たて (10181.734488ms)
✔ GT-11. 13 地域の grammar(HQ-14): 背景の 絵 なしで 3D だけで 地域が わかる きまり (1.026168ms)
✔ GT-12. 季節 / 天気(HQ-15): 山は 夏(高原の みどり)と 冬(雪)で 地面が かわる・大木も 季節の いろ・3D でも 雨 / 雪 (0.975728ms)
✔ GT-13. Human QA の 記録 と status: 未承認・main merge しない・Ready に しない・production Pages を かえない。特定の 作品の 名まえは 出さない (25.38886ms)
(node:576) [MODULE_TYPELESS_PACKAGE_JSON] Warning: Module type of file:///workspace/scratch/28c7e6574f23/naotocchi/vendor/three-0.170.0/three.module.min.js is not specified and it doesn't parse as CommonJS.
Reparsing as ES module because module syntax was detected. This incurs a performance overhead.
To eliminate this warning, add "type": "module" to /workspace/scratch/28c7e6574f23/naotocchi/package.json.
(Use `node --trace-warnings ...` to show where the warning was created)
✔ 1. フラグなし: forest の world は いまの 2D の まま(props・あたり・3D の しるし なし) (2.730104ms)
✔ 2. 3D モード: 道の うえの かたい 物は 見た目ごと 道の そとへ(約 1.5 × 大きさ まで)。おけない ものは 3D では おかない (7.767559ms)
✔ 3. 3D の かたい 物は かならず あたりが あり、あたまより 下の 見た目は あたり + 10 まで(とおれる 木・見えない かべ なし) (8.286601ms)
✔ 3b. ランドマーク(3D だけ): spot から 見た むきを たもって おく(±30 度)。たきは がけ = あたりの 箱 で、たきつぼ・あわ と いっしょ (7.244761ms)
✔ 3c. せかいは 3D・キャラだけ 2D: けしきの 物に 立て看板・意味の ちがう 置きかえ・なぞの placeholder は ない (11.116367ms)
✔ 3d. すかし(occlusion)は カメラ → player の あいだに ある かたい 物 だけ。とおい から すける こと は ない (86.478531ms)
✔ 3e. たき は うしろ・よこ からも 岩の おか: がけの うしろに 岩の かたまり(あたり つき)が あり、見た目 = あたり (13.371712ms)
✔ 4. 3D モードでも 道は ふさがない: 道はばの 3/4 の なか・spot の まんなか は あいて いる (5082.644755ms)
✔ 5. 3D モードの forest: 50 の spot に ぜんぶ あるいて 行ける (3803.374775ms)
✔ 6. 3D モードの forest: 27 にんの なかまも player も かたい 物に めりこまない (4633.627149ms)
✔ 7. レンダラー: WebGL が ない ところでは すぐ 2D(こわれない・この あいだ ずっと 2D) (2.812372ms)
✔ 8. フラグは URL だけ・セーブに のこさない。Three.js は version 固定で repo の なか。ふだんは よみこまない (16.301088ms)
✔ 9. 全地域: 3D profile が あり、意味の 表で ぜんぶ 解決し(unresolved 0・立て看板 0)、かくす ものは きまった しるし だけ、2D(フラグなし)は かわらない (30266.859164ms)
✔ 10. はっけんの しらせ(全地域): ランドマーク / ひみつ だけ「みつけた！」、その ばしょ だけの もの は かるく「が ある」、ふつうの 池・通過点は しずか。きろく は かわらない (2424.157265ms)
✔ 11. 全地域(registry から): 3D モードで ぜんぶの spot と gate に 道に そって あるいて 行ける(とじこめ なし) (22578.99482ms)
(node:584) [MODULE_TYPELESS_PACKAGE_JSON] Warning: Module type of file:///workspace/scratch/28c7e6574f23/naotocchi/vendor/three-0.170.0/three.module.min.js is not specified and it doesn't parse as CommonJS.
Reparsing as ES module because module syntax was detected. This incurs a performance overhead.
To eliminate this warning, add "type": "module" to /workspace/scratch/28c7e6574f23/naotocchi/package.json.
(Use `node --trace-warnings ...` to show where the warning was created)
✔ VQ-9 residential porch supports meet roof slopes within canonical lots (23501.843834ms)
✔ VQ-8 farmhouse veranda posts meet a canopy contained over the existing deck (1151.688555ms)
✔ VQ-6 cottage rooflines include both gable orientations within the residential family (260.354221ms)
✔ VQ-5 garden stepping stones connect the actual front door to its finite road segment (260.366107ms)
✔ VQ-1 contact footprints follow trunks and foundations without mutating objects (55.106801ms)
✔ VQ-2 contact field excludes actors, water, bridges and tiny dressing; finite bounded support (1.15448ms)
✔ VQ-3 outer-bank variation leaves water lanes and triangle topology unchanged (0.935069ms)
✔ VQ-4 residential main roofs retain above-head clearance with canonical colliders (18012.715865ms)
✔ VQ-7 garden beds retain their planting group outside canonical road and obstacle footprints (426.824222ms)
✔ VQ-10 barn entrances read as broad paired doors within the wall (1924.779284ms)
✔ VQ-11 flower instances retain planter and window-box elevation (3.020858ms)
✔ VQ-12 walkable market stalls have open counters and connected canopy supports (20775.244865ms)
✔ VQ-13 representative farmhouse flowers clear the veranda as one planting group (1178.294789ms)
✔ VQ-14 planting clearance preserves groups, rotations and blocked plots (9.123578ms)
✔ VQ-15 residential facade openings fit beside the entrance without frame overlap (11207.115431ms)
✔ VQ-16 single-family main windows reserve the existing bay projection (18057.377074ms)
✔ VQ-17 two-storey entrance remains below its existing low canopy (440.214507ms)
✔ VQ-18 ground fern fronds emerge above their root plane, without changing hanging palm leaves (6332.725326ms)
✔ VQ-19 ordinary big-tree crowns vary azimuth without expanding their envelope (6166.055349ms)
✔ 1. the same discoveredStages key twice still gives one resident (3349.332874ms)
✔ 2. the same partnersRecorded id twice still gives one resident (3311.452591ms)
✔ 3. companion aliases collapse to one canonical resident (58.260788ms)
✔ 4. the current pet is never an ordinary resident (5528.839487ms)
✔ 5. the current companion and partner walk with the player only, never as region residents (4620.874894ms)
✔ 6. legacy species left in an old save (bird:*) never become residents, but the save keeps them (2343.872221ms)
✔ 7. current-dex forms such as woman よちよち and the cicada appear once discovered (4257.761116ms)
✔ 8. the city 🐈 scenery never resolves to the cat resident asset (the display resolver would) (33.182474ms)
✔ 9. the forest 🍄 scenery never resolves to the mushroom resident asset (25.861529ms)
✔ 10. every scenery emoji in every region (prop/lane/wall/hint/spot.prop/flavour/landmark fallbacks) stays scenery (32.836333ms)
✔ registry audit reports rows and every issue class (duplicate, legacy, undiscovered, pet, follower, shared asset) (3707.33355ms)
✔ canvas path: 🐈 scenery is drawn as a native emoji, not the cat picture and not a placeholder tile (34.543664ms)
✔ canvas path: 🍄 scenery is a native emoji too (30.626312ms)
✔ canvas path: all 17 character-colliding scenery emoji become native emoji (no character asset, no placeholder), U+E000 is never scenery (40.043813ms)
✔ canvas path: scenery with dedicated art (🌳 🌲 🌴 🌵 🐚) goes through the scenery wrapper, never native text and never a character (41.60782ms)
✔ canvas path: every scenery emoji of every region either has scenery art or falls back to a native emoji, never a character or a placeholder (54.434545ms)
✔ the number of residents is pinned to the dex, not to a round figure (3295.816439ms)
✔ the collider table is world-space data: shape, half sizes, angle and role, never canvas pixels (7.000697ms)
✔ a tree stops you at the trunk, not at a leaf: the collider is a small part of the drawing (0.349515ms)
✔ buildings, walls and fences are boxes with a facing, and a fence is a thin line not a slab (0.950458ms)
✔ grass, leaves, small mushrooms, ground detail and bridges have no collider at all (0.586131ms)
✔ every path corridor and every spot centre is free of colliders in all 13 regions (237.677601ms)
✔ walking for real, every spot in every region is still reachable, secret ones included (15054.018955ms)
✔ you cannot walk into a big tree, a building, a rock or a fence (18569.626215ms)
✔ a diagonal bump slides along the wall instead of stopping dead (5109.055002ms)
✔ water: the sea you may not enter is the only no-go water, and every water spot is still walkable (5.873154ms)
✔ collision cost does not grow with the size of the world: the grid keeps each lookup tiny (1.202489ms)
✔ residents are held by the same colliders as the player, so nobody walks through a wall (264.968974ms)
✔ the role layers hand the same shapes to a Three.js renderer (5.575227ms)
✔ the shared meguru denominators match a fresh count of WORLDS and the world map (222.893741ms)
✔ ①-1 ふつうの ばしょ: toast は 出さない。左上の 名まえが かわり、ちず と セーブには きろくされる (3079.626704ms)
✔ ①-2 おおきな めじるし(landmark)は toast では なく 左上の 名まえの 静かな 強調。きろくは のこる (2143.728459ms)
✔ ①-3 ひみつは せんようの しらせ。なまえは 見つけた あとに そえる だけ (3399.105752ms)
✔ ①-4 地区(zone)に 入っても toast は 出さない(2026-10-01 v2)。ちずの 地区は ひろがり、中の id は どこにも 出ない (2009.462531ms)
✔ ②-1 おなじ ばしょへ もどっても もう「みつけた」と 出さない (3306.549627ms)
✔ ②-2 セーブに のこした きろくを よみなおしても 2かいめ は 出ない(セーブ互換) (3337.925861ms)
✔ ②-3 めじるしは しらせない。ちずの ボタンも 2かいめ は ひからない (2925.969428ms)
✔ ③-1 1フレームに いくつ 見つけても 出すのは 1つ。つよい ものから (1961.524865ms)
✔ ③-2 じゅんばんは region → secret → landmark → みち → zone → ふつうの spot (5124.163891ms)
✔ ③-3 地域の はっけんと 二重に 出さない(はじめての 地域では 着いた ばしょの しらせを かさねない) (3665.623672ms)
✔ ④-1 住民に ちかづいた ことは はっけんに しない(「はなす」だけ) (4272.950111ms)
✔ ④-2 しらせは あるくのを とめない(ボタンも おおいも 出さない) (1543.959636ms)
✔ ④-3 しらせの あいだ、した の そうさ せつめいは よわめる(ふたつが まざらない) (2312.220181ms)
✔ ⑤-1「ちずに きろくした」と 出た ものは その とき ちずに ある (2711.360107ms)
✔ ⑤-2 こえて いる あいだ に 見つけた めじるしも ちずに のこる (2955.168347ms)
✔ ⑤-3 たんさく率の けいさんは 1つも かえて いない (4306.366971ms)
✔ ⑤-4 みちの はっけんは 出かたが かわる だけ。ひらく じょうけんは そのまま (2441.243595ms)
✔ ⑥-1 travelToRegion() と その ばの ボタンは 1つも かえて いない (1814.367841ms)
✔ ⑥-2 たんさくを とじると しらせも のこらない (1430.894466ms)
✔ ⑦-1 レベルは buildWorld() が ほんとうに おく ものから きまる (45.736324ms)
✔ ⑦-2 目じるしの ない 通過点では しらせない。でも きろくは のこる(探索率は かわらない) (1760.109924ms)
✔ ⑦-3 目じるしの ある ばしょ(L2)も toast は 出さない(2026-10-01 v2)。左上の 名まえ と きろく だけ (1784.229893ms)
✔ ⑦-4「ちずに きろくした」は はじめの うちだけ(なんども くりかえさない) (1664.454782ms)
✔ ⑦-5 はじめて あそぶ ひとには「ちずに きろくした」を そえる (2473.798002ms)
✔ ⑦-6 レベルは セーブに 何も 足さない(旧セーブでも そのまま 動く) (2323.541614ms)
✔ ⑦-7 監査の けっかと 実装が そろって いる (41.7021ms)
✔ ⑧-1 4つの みはらしに、その ばしょ だけの けしきが ある (1160.519216ms)
✔ ⑧-2 主役は 地域ごとに ちがう(どこにも おなじ てすりを 置かない) (1157.375517ms)
✔ ⑧-3 けしきは あたりはんていを 1つも ふやさない(みち・出口・住民を ふさがない) (1126.579798ms)
✔ ⑧-4 gate の 発火は 1つも かわらない(connection に さわって いない) (1150.435747ms)
✔ ⑧-5 4つとも L2。toast は 出さず(2026-10-01 v2)、左上の 名まえ と きろく だけ (1431.874298ms)
✔ ⑧-6 2かいめ は 出さない。旧セーブで もう 見つけて いれば けしきだけ 見える (1398.155514ms)
✔ ⑧-7 spot / path / zone / secret の かずは 1つも ふえて いない (42.061194ms)
✔ A1. うごく ボタンしか 出さない: なにも ない ときは その ばの ボタンが 1つも ない (478.467492ms)
✔ A2. その ばの ボタンは 1 枠。住民が ちかいと「はなす」、のりばに 立つと「のる/もぐる」 (592.986249ms)
✔ A3. こえて いる あいだ、右がわの ボタンは ぜんぶ ロックされる (1981.680102ms)
✔ A7. hidden を つけた ボタンは ほんとうに きえる(CSS の きまりが ある) (1.873035ms)
✔ A8. のりばでは、なにが おきるのかを ボタンの した にも 出す (201.625717ms)
✔ A4. めぐる中の「たび」が はたらく。openExclusiveMenu では はじかれて いた (262.714289ms)
✔ A5. たびが かぶさって いる あいだ せかいは とまり、とじると つづきから うごく (434.887697ms)
✔ A6. たびから 地域を えらぶと、これまで どおり travelToRegion が はしり めぐるも ついて いく (430.052657ms)
✔ B1. 見つけた 地域の まわり だけが 紙に のる。0% → 100% で だんだん ひろがる (35.898566ms)
✔ B2. 50% では、まだ 行って いない ところの かたちが はっきり のこって いる (27.216529ms)
✔ B3. 見つけて いない 特殊層(ほしぞら・しんかい・きおく)は 1 文字も もれない (24.023282ms)
✔ B4. 探索率の しきは ひとつも かわって いない(471 spot / 654 path / 118 zone / 107 ひみつ) (29.941211ms)
✔ C1. ジャングルは 南西の 外洋に うかぶ しま。本土の どの 地域とも 陸つづきに 見えない (42.686176ms)
✔ C2. かいがんせん(本土)は しまに さわらない。しまは べつの 地形として もつ (21.508005ms)
✔ C3. しまは ジャングルを 見つける まで 1 てんも 出ない(なまえも かたちも) (28.125223ms)
✔ C4. ジャングルの なかみ(spot / path / zone / ひみつ)は 1つも かわって いない (235.84323ms)
✔ C5. しまに した あとの みちの かず・つなぎ (28.176741ms)
✔ D1. 地形には ぜんぶ「あるいて いる ときの けしき」の いみが ついて いる (27.02082ms)
✔ D2. 地形の いみは 世界地図の データに 1文字も まざらない (29.684127ms)
✔ the fauna classifier flags birds, fish, mammals, reptiles and bugs but not plants, shells, paw prints or coral (192.309975ms)
✔ the jungle random props / lane / hint contain no parrot or snake (39.99468ms)
✔ no random scenery pool in any region contains living fauna (props, lane, wall, hint, zone lanes, spot props, local flavor) (46.705172ms)
✔ the built worlds place no fauna as scenery: every living creature on screen is a registry resident (2937.759796ms)
✔ the fauna cleanup does not change the resident registry or the resident placement per region (4920.087567ms)
✔ scenery is kept rich, but as space rather than scattered trinkets: pools, ground areas and framing all stay in place (1730.929674ms)
✔ the snow world no longer scatters the snowman partner: no ⛄ in props, lane, hint or spot props, density unchanged (24.040977ms)
✔ companion, rare companion and partner emoji are known to the audit, including the ☃️/⛄ alias of the snowman (45.756041ms)
✔ no random scenery pool (props / lane / wall / hint / zone lanes / local flavor) contains a companion, partner or character-asset emoji (58.096405ms)
✔ a character emoji sneaking back into a random pool or a second statue spot is reported by the audit (36.861956ms)
✔ every spot says what can be done there, and the list comes from the world, not from a hand-written table (1412.018489ms)
✔ the 13 regions do not share one set of AI numbers (0.296413ms)
✔ a resident picks an activity, walks there along the paths and does it, rather than drifting at random (1350.111427ms)
✔ residents are held by the same world-space colliders as the player and never enter the sea you may not walk in (31770.965825ms)
✔ every way a resident is placed puts them somewhere they can actually stand (32049.946152ms)
✔ the same seed replays the same life, so this suite cannot pass by luck (1995.861091ms)
✔ talking starts by two residents coming together and facing each other, never at a distance (13317.821501ms)
✔ nobody is asked to talk by three people at once: an interaction is reserved before it starts (7354.470489ms)
✔ a gathering forms as a few residents arriving at the same place, and stays small (15262.024744ms)
✔ the time of day changes what residents do, and not everybody changes at the same moment (21006.198871ms)
✔ the weather changes where residents are: rain moves them under a roof, but not all of them (24156.654818ms)
✔ a quiet district stays quiet and a busy one does not: the district crowd figure reaches the life AI (8915.576692ms)
✔ behaviour and emotion are two different things (26338.235817ms)
✔ far-away residents drop to the cheap update, and the cost does not grow with the size of the world (15461.771042ms)
✔ nobody is duplicated, the ones walking with you stay out of the resident life, and Naoto keeps the special place (25696.511851ms)
✔ the life AI leaks nothing to the map: living residents do not discover spots, districts or paths for you (37619.329678ms)
✔ you can still talk to a resident whatever they are doing, and they go back to their life afterwards (4044.93927ms)
✔ the renderer can read what a resident is doing and feeling through one stable door (1569.231627ms)
✔ running a whole day through, nobody freezes, nobody is held in an interaction for ever and nobody vanishes (47332.625616ms)
✔ じかんは ハーネスの とけい だけから くる(決定性の みはり) (30551.356873ms)
✔ a region you have never walked shows no paths, no spots and no landmarks: only the shape of the map (1913.033775ms)
✔ walking into a district records it, and only the neighbours reachable by an ordinary path are hinted at (383.964011ms)
✔ a spot appears on the map only once you have stood in it, and its name comes with it (277.297808ms)
✔ an undiscovered secret leaks nothing: not its place, not its name, not the path to it, not even a marker (2821.574908ms)
✔ a secret is added to the map the moment you find it, and not before (455.396655ms)
✔ landmarks keep their three tiers, and are drawn only when the place they mark is known (1788.807548ms)
✔ an old save that only knows spots is turned into a map without losing anything (287.766865ms)
✔ the map save stays small: ids only, no coordinates, and it fits in the existing save shape (1850.154549ms)
✔ opening the map pauses the walk and closing it puts you back where you stood (419.756627ms)
✔ with the map closed there is no map work at all: it is built on open and thrown away on close (1400.961041ms)
✔ every one of the 13 regions can be drawn from mapData alone, and the progress never counts hidden secrets (1900.27161ms)
✔ the map changes nothing about the scenery: the fauna and character audits still come back clean (1701.829445ms)
✔ every region has its own wind, and every district says what moves there (3597.963409ms)
✔ worldLayers hands a 3D renderer the air, the districts and the camera, without reading any drawing code (2500.93172ms)
✔ the camera keeps the rig and only adds a few percent: bob, pull back with speed, open districts, a glance at landmarks (422.480778ms)
✔ parallax is a canvas-only layer trick: sky moves least, the foreground most, and no world coordinate changes (189.852305ms)
✔ only what actually covers you goes see-through, and never too far (39.181407ms)
✔ the environment animation never adds creatures, and it thins out instead of stopping on a slow phone (2350.332344ms)
✔ transition: 27 companions never stand inside an obstacle after arriving (all 20 walk directions: on placement, after 1.5 s idle, and after walking) (8851.978728ms)
✔ corridor: 27 companions never stand inside an obstacle after arriving (all 20 walk directions: on placement, after 1.5 s idle, and after walking) (4717.658295ms)
✔ 1. いまの ゲームで いっしょに あるける いちばん おおい 人数は 27(なかま 26 + こいびと 1)。コードから もとめる (243.647105ms)
✔ 2. かたち: 1〜2 は ななめ うしろ、3〜4 は ちいさな V、5 いじょうは 半円〜おうぎ。まえへ 出ない・横 1 列に ならない (39.249795ms)
✔ 3. せまい ところ(corridor の 帯)は ほそく する。はばは 帯から(px ではなく world)。せまくても 1 本の 線に しない (46.503454ms)
✔ 4. 決定論・並び順が かわらない・らんすうを つかわない・O(n) (366.838946ms)
✔ 5. region: 1 / 2 / 4 / 8 / 16 / 27 にんで あるいた あと、うしろに ゆるく あつまる(まえへ 出ない・横 1 列に ならない・同じ ばしょに かさならない) (1816.174932ms)
✔ 6. region に 入った とき、なかまは その ならびに いる(とおくから かけよらない・1 列に ならない)。当たり判定は ふやさない (506.824416ms)
✔ 7. corridor: 27 にんでも 帯の なか・帯が せまい 段では ほそく・引き返しでも 曲がりでも 段の さかいでも とばない (2263.109072ms)
✔ 8. start(): 27 にんで home → forest を あるいて 着いた とき、なかまは ならびの まま(1 列に ならない・ふえない)。セーブに ならびは のこらない (2066.286891ms)
✔ 1. partyLod: ちかい なかまは full、見かけの 大きさで medium / light。さかいで ぱたぱた しない・決定的 (179.127793ms)
✔ 2. 1 / 4 / 8 / 16 / 27 にん: 全員 えがく・filter を まいかい つかわない・うしろの なかまほど かるい。16 にん いじょうは 命令 1 にん 2 いか (1492.321847ms)
✔ 3. え の したく: 1 回 作って つかいまわす(つぎの frame は 作らない)。おなじ え は おなじ もの。destroy で すてる (433.481264ms)
✔ 4. したくが できない(canvas が 作れない / こける)ときは もとの えがきかた へ。こわれない・全員 えがく (861.412349ms)
✔ 5. 暗転の こさで 道の え を えがくか きめる: 0.95 いじょう は えがかない (45.770741ms)
✔ 6. 27 にんで home → forest → home: 暗転の こい frame は 道を えがかない。組むのは 1 回(二重 build なし)。なかまは 27 のまま (4788.660866ms)
✔ 7. 27 にん: 着く まえに 引き返す(組んだ ものを すてる)・とちゅうで reload・reduced motion は transition (5390.375667ms)
✔ 8. ほかの 出口・special は いまの まま(連続で あるくのは 許可リストの 5 本だけ。Phase 4E-4A) (2029.159255ms)
✔ 1. 27 にんの なかまは forest / mountain / city で あるいても とまっても 障害物に めりこまない(player と おなじ あたり) (4927.399487ms)
✔ 2. player も まえと おなじ あたりで とまる(めりこまない)。なかまが いても player の あるく みちは かわらない (3456.399108ms)
✔ 3. かたく 見える 物には あたりが ある: fore の 岩・見はり小屋・柵、切り株・丸太・大岩、道ばたの 木と 建物 (1463.163709ms)
✔ 4. 道の 面は あいて いる: 道はばの 3/4 の なかは どこでも player(半径 22)が 立てる。はし(±half)の かすりは main(12)より ふえない(13 地域) (26146.009595ms)
✔ 5. 道の そばの かたい 物: 絵の 中心部に player が 立てる 数が main の 半分 いか(道の 面の うえの 物は のぞく) (922.9763ms)
✔ 6. corridor: なかまも player と おなじ corridorBody で はしの いしを よける。帯の そとへ 出ない・1 frame で とばない (3810.117556ms)
✔ 7. まわりこみ: 生け垣の むこうに 取り残されない(ならびの 点は player から 行ける ところ)。つまりの きろくは セーブに のこらない (413.767765ms)
✔ 8. たて看板(建物・がけ)の あたりは もとの あたりの なかで 道がわを けずる だけ(見る むきで 見えない かべに ならない) (1261.458616ms)
✔ 1. connection は 14 本。b あり 13 / gate 13 / 未実装 0 / special 2 (217.480812ms)
✔ 2. gate の 端点は ぜんぶで 26。出口を 1 つも もたない 地域は 1 つだけ (44.957616ms)
✔ 3. 未実装 connection は 0 本(ぜんぶの みちが 通れる) (32.290687ms)
✔ 4. mouths の spot は ぜんぶ じっさいに あって、ひみつでは ない (57.750995ms)
✔ 5. anchor 候補は ぜんぶ 既存の spot で たりる(新しい spot は いらない) (34.944387ms)
✔ 6. **よその 地域を つらぬいて いる みちは 1 本も ない** (56.955368ms)
✔ 7. 分水界の 点列は にしのやまちの 南はし 4 点と おなじ (36.539202ms)
✔ 8. home の 2 本は どちらも おおきなき。いまの sim は 1 spot 1 gate しか ひろえない (44.746773ms)
✔ 9. 通常 11 地域の 次数。一本道では なく、わが 1 つ ある (91.686407ms)
✔ 10. 探索率の 分母(region 11 / link 13 / tier1 17 / zone 103) (31.568647ms)
✔ 11. 地域の かずと 世界の 中みは 1 つも 動いて いない (31.406153ms)
✔ 12. 「たび」は 無変更。まだ あるいて 行けない 地域へも たびでは 行ける (60.624873ms)
✔ 1. 正本から きえた。connection 15 → 14 / 未実装 0 (383.467551ms)
✔ 2. 探索率の link 分母が 13 → 12。**かずを たもつ ための 代わりは 足して いない** (78.362801ms)
✔ 3. worldLinksFrom(): 両はしの spot を ぜんぶ 見つけても もう 出て こない (83.174346ms)
✔ 4. 世界地図に ゴーストの 線が 出ない(100% でも) (109.980176ms)
✔ 5. **ふるい セーブに きろくが のこって いても 無害**(エラー / 水増し / 線の 復活 なし) (38.181551ms)
✔ 6. 連結性: いなか ⇄ みずべ は **もり けいゆ**でも **にしまわり**でも 行ける (81.265441ms)
✔ 7. 通常世界は ひとつの まま。あるいて 9 地域 / のりもの こみで 12 地域 (116.308591ms)
✔ 8. 既存の 13 gate が ぜんぶ 健在。出口の 組み合わせも 変わって いない (3363.865516ms)
✔ 9. **spot は けして いない。**かわぞい も かわぎし も そのまま はたらく (44.442234ms)
✔ 10. region の なかみ・たび・なかま・住民は 1 つも 変わって いない (666.341127ms)
✔ 11. **よその region を 貫通する 線が 1 本も なくなった**(けした いちばんの りゆう) (50.921655ms)
✔ A1. forest|snow は 正本・地図・みちの はっけん の どこにも のこって いない (162.9439ms)
✔ A2. もり → やま → ゆきぐに が 正式な みちに なる。ゆきぐには やま だけ (30.472609ms)
✔ A3. 探索率の link ぶんぼは 正本から 13。ふるい セーブに のこって いても こわれない (36.879705ms)
✔ A4. みちを けしても region の なかみは 1 つも かわって いない (44.604834ms)
✔ B1. regionGates は priority → id の きまった じゅんで かえす(データの じゅんに よらない) (25.510276ms)
✔ B2. 1 つの spot に 出口が 2 つ あっても、両方 もてる (121.803322ms)
✔ B3. どちらへ 出るかは いち と むきで きまる。**配列の じゅんばんに よらない** (40.773612ms)
✔ B4. むきでも priority でも きまらない ときは わざと えらばない (28.037111ms)
✔ B5. 出口が 1 つの ときは これまでどおり。bearing が なくても うごく (36.386677ms)
✔ B6. じっさいに あるいて、にしなら もり・ひがしなら かわへ 出る (139.041336ms)
✔ B7. 1 かいの よこぎりで gate は 1 どだけ(演出の 二じゅう はじまり なし) (179.003424ms)
✔ B8. ride の 出口は 1 つの spot に 1 本まで(ボタンを ふやさない ための ルール) (92.016ms)
✔ C1. これまでの 出口は そのまま。おうち → もり → いなか が あるける (314.102514ms)
✔ C2. きめられた 出口 いがいからは 外へ 出られない(おうち ぜんぶの spot) (322.461215ms)
✔ C3. 「たび」は 無変更。けした みちの さきへも たびでは 行ける (47.603862ms)
✔ C4. Fog: 見つけて いない 地域・みち・特殊移動は 1 つも もれない (31.047348ms)
✔ C5. なかまは ついてくる。住民は だぶらない (78.796647ms)
✔ 1. この PR の 2 本に あるく 出口が ある。connection は ふえて いない (155.715659ms)
✔ 2. anchor は ぜんぶ 既存の 非秘密 spot。**新しい spot は 1 つも つくって いない** (38.584939ms)
✔ 3. かわ・みずうみ の 2 つの 入口は かさならない。かわぎし は いなか用に あいて いる (183.95196ms)
✔ 4. おおきなきに 出口が 2 つ。にしなら もり・ひがしなら かわ (312.855638ms)
✔ 5. **とりちがえない**。にしへ よって かわに 出る / ひがしへ よって もりに 出る ことは ない (602.227383ms)
✔ 6. まっすぐ あるいた ときは これまでどおり もり(既存の たいけんを かえない) (61.318178ms)
✔ 7. 1 かいの よこぎりで gate は 1 どだけ(演出の 二じゅう はじまり なし) (145.73524ms)
✔ 8. おうち ⇄ かわ・みずうみ を 行って もどれる (176.927525ms)
✔ 9. やま ⇄ かわ・みずうみ を 行って もどれる (321.886108ms)
✔ 10. たにの 川すじが あるいて つながる: やま → かわ → おうち → もり (354.445248ms)
✔ 11. Phase 2.1 の しくみを そのまま つかう(あたらしい engine を つくって いない) (359.283529ms)
✔ 12. non-region terrain: どの 出口も あいだの ちけいを もつ(いきなり ワープ しない) (32.609927ms)
✔ 13. UI は ふえて いない。あるく 出口では context action を 出さない (480.811865ms)
✔ 14. 探索率の ぶんぼは 1 つも 動いて いない(gate を つけただけ) (27.1142ms)
✔ 15. きめられた 出口 いがいからは 外へ 出られない(かわ・やま ぜんぶの spot) (3565.195602ms)
✔ 16. Fog: gate を つけても 見つけて いない ものは もれない (30.373537ms)
✔ 17. 「たび」は 無変更。なかまは ついてくる。住民は だぶらない (401.263715ms)
✔ 1. この PR の 2 本に あるく 出口が ある。connection は ふえて いない (438.64792ms)
✔ 2. forest|snow の ちょくつうろは 復活して いない。もり → やま → ゆきぐに (36.888086ms)
✔ 3. anchor は ぜんぶ 既存の 非秘密 spot。**新しい spot は 1 つも つくって いない** (36.723454ms)
✔ 4. やまの 出口は 4 つ。foot / ひがしの てんぼう / ちょうじょう / かぜのきれめ に やくわりが ぶんさん (434.311521ms)
✔ 5. **やまの なかから かわ・みずうみへ もどれる**(もりの 出口が じゃまして いない) (18222.675976ms)
✔ 6. ひがしの てんぼうからは もりへ 出る(よこに ずれた ばしょだけ) (475.429677ms)
✔ 7. もり ⇄ やま を 行って もどれる (696.212124ms)
✔ 8. やま ⇄ ゆきぐに を 行って もどれる。どちらも おくが みね (433.278951ms)
✔ 9. にしの 大山塊が あるいて つながる: もり → やま → ゆきぐに → やま → かわ (1038.196919ms)
✔ 10. 1 かいの よこぎりで gate は 1 どだけ(演出の 二じゅう はじまり なし) (1378.649238ms)
✔ 11. Phase 2.1 の しくみを そのまま つかう(あたらしい engine を つくって いない) (811.23549ms)
✔ 12. non-region terrain: どの 出口も あいだの ちけいを もつ(いきなり ワープ しない) (30.865162ms)
✔ 13. UI は ふえて いない。あるく 出口では context action を 出さない (1020.792178ms)
✔ 14. 探索率の ぶんぼは 1 つも 動いて いない(gate を つけただけ) (31.486787ms)
✔ 15. きめられた 出口 いがいからは 外へ 出られない(もり・やま・ゆきぐに ぜんぶの spot) (5845.887143ms)
✔ 16. Fog: もりを 知った だけで ゆきぐにの ばしょも そんざいも わからない (41.435487ms)
✔ 17. 「たび」は 無変更。なかまは ついてくる。住民は だぶらない (919.499151ms)
✔ 18. 4 つの anchor は entry から **みちを たどって** 行ける(じっさいに あそべる) (36.296518ms)
✔ 1. 2 本に あるく 出口が ついた。connection は ふえて いない (157.890845ms)
✔ 2. anchor は ぜんぶ 既存の 非秘密 spot。**新しい spot は 1 つも つくって いない** (31.106386ms)
✔ 3. うみ: あるく(みなと) / ふね(ぼうはてい) / もぐる(どうくつ) が 混線しない (175.559271ms)
✔ 4. **うみで あるいて ふね・もぐるへ 出て しまう ことが ない**(8 むき 実測) (82237.546824ms)
✔ 5. ride ボタンは ぼうはてい / かいしょくどうくつ でしか 出ない (1224.874561ms)
✔ 6. まち: 山ごえ(おおどおりのはし) / 河口(ふなつきば) / キャラバン(やたい) が 誤発火しない (278799.649846ms)
✔ 7. いなか: たなだのてんぼう(まち) / ちんじゅのもり(もり) / そらのりば(ほしぞら) が じゃましあわない (179042.220235ms)
✔ 8. まち ⇄ いなか を 行って もどれる (444.559635ms)
✔ 9. まち ⇄ うみ を 行って もどれる (445.805074ms)
✔ 10. **あるいて せかいが 1 つに つながる**: おうち → もり → いなか → まち → うみ (683.479716ms)
✔ 11. 1 かいの よこぎりで gate は 1 どだけ(演出の 二じゅう はじまり なし) (1969.437142ms)
✔ 12. Phase 2.1 の しくみを そのまま つかう。gate 解決は 配列順に よらない (950.410103ms)
✔ 13. non-region terrain: 両がわ 6 段階。みやこがわは たにの おおかわと べつ水系 (58.757801ms)
✔ 14. 探索率の ぶんぼは 1 つも 動いて いない(gate を つけただけ) (47.583823ms)
✔ 15. きめられた 出口 いがいからは 外へ 出られない(まち・いなか・うみ ぜんぶの spot) (7820.17583ms)
✔ 16. Fog: いなかを 知った だけで まち・うみは もれない (80.834219ms)
✔ 17. anchor は entry から みちを たどって 行ける。たび・なかま・住民も そのまま (1219.847227ms)
