✖ VQ-18 ground fern fronds emerge above their root plane, without changing hanging palm leaves (1700.191686ms)
✖ VQ-19 ordinary big-tree crowns vary azimuth without expanding their envelope (1548.345118ms)
ℹ tests 2
ℹ suites 0
ℹ pass 0
ℹ fail 2
ℹ cancelled 0
ℹ skipped 0
ℹ todo 0
ℹ duration_ms 3368.799101

✖ failing tests:

test at tests/meguru-3d-visual-quality-test.cjs:357:1
✖ VQ-18 ground fern fronds emerge above their root plane, without changing hanging palm leaves (1700.191686ms)
  AssertionError [ERR_ASSERTION]: forest:dress:-3,1: ground leaf vertex 0.5 buried at -2.909650000000001
      at TestContext.<anonymous> (/workspace/scratch/28c7e6574f23/naotocchi/tests/meguru-3d-visual-quality-test.cjs:366:18)
      at Test.runInAsyncScope (node:async_hooks:227:14)
      at Test.run (node:internal/test_runner/test:1382:25)
      at Test.start (node:internal/test_runner/test:1242:17)
      at startSubtestAfterBootstrap (node:internal/test_runner/harness:387:17) {
    generatedMessage: false,
    code: 'ERR_ASSERTION',
    actual: false,
    expected: true,
    operator: '==',
    diff: 'simple'
  }

test at tests/meguru-3d-visual-quality-test.cjs:379:1
✖ VQ-19 ordinary big-tree crowns vary azimuth without expanding their envelope (1548.345118ms)
  AssertionError [ERR_ASSERTION]: forest: every crown is aligned to the same world axis
  
  1 !== 4
  
      at TestContext.<anonymous> (/workspace/scratch/28c7e6574f23/naotocchi/tests/meguru-3d-visual-quality-test.cjs:396:12)
      at Test.runInAsyncScope (node:async_hooks:227:14)
      at Test.run (node:internal/test_runner/test:1382:25)
      at Test.processPendingSubtests (node:internal/test_runner/test:960:18)
      at Test.postRun (node:internal/test_runner/test:1522:19)
      at Test.run (node:internal/test_runner/test:1447:12)
      at async startSubtestAfterBootstrap (node:internal/test_runner/harness:387:3) {
    generatedMessage: false,
    code: 'ERR_ASSERTION',
    actual: 1,
    expected: 4,
    operator: 'strictEqual',
    diff: 'simple'
  }
