(node:13) [MODULE_TYPELESS_PACKAGE_JSON] Warning: Module type of file:///workspace/scratch/28c7e6574f23/naotocchi/vendor/three-0.170.0/three.module.min.js is not specified and it doesn't parse as CommonJS.
Reparsing as ES module because module syntax was detected. This incurs a performance overhead.
To eliminate this warning, add "type": "module" to /workspace/scratch/28c7e6574f23/naotocchi/package.json.
(Use `node --trace-warnings ...` to show where the warning was created)
✖ VQ-20 ground frond roots attach to their own terrain position (4321.558308ms)
✖ VQ-21 frond transforms preserve winding and radial direction for rising and hanging leaves (2.522405ms)
ℹ tests 2
ℹ suites 0
ℹ pass 0
ℹ fail 2
ℹ cancelled 0
ℹ skipped 0
ℹ todo 0
ℹ duration_ms 4523.217791

✖ failing tests:

test at tests/meguru-3d-visual-quality-test.cjs:402:1
✖ VQ-20 ground frond roots attach to their own terrain position (4321.558308ms)
  AssertionError [ERR_ASSERTION]: forest:dress:-3,1: fern root floats 5.784970493330457
      at TestContext.<anonymous> (/workspace/scratch/28c7e6574f23/naotocchi/tests/meguru-3d-visual-quality-test.cjs:413:16)
      at async Test.run (node:internal/test_runner/test:1389:7)
      at async startSubtestAfterBootstrap (node:internal/test_runner/harness:387:3) {
    generatedMessage: false,
    code: 'ERR_ASSERTION',
    actual: false,
    expected: true,
    operator: '==',
    diff: 'simple'
  }

test at tests/meguru-3d-visual-quality-test.cjs:422:1
✖ VQ-21 frond transforms preserve winding and radial direction for rising and hanging leaves (2.522405ms)
  AssertionError [ERR_ASSERTION]: production frond transform must be directly testable
  + actual - expected
  
  + 'undefined'
  - 'function'
  
      at TestContext.<anonymous> (/workspace/scratch/28c7e6574f23/naotocchi/tests/meguru-3d-visual-quality-test.cjs:424:10)
      at async Test.run (node:internal/test_runner/test:1389:7)
      at async Test.processPendingSubtests (node:internal/test_runner/test:960:7) {
    generatedMessage: false,
    code: 'ERR_ASSERTION',
    actual: 'undefined',
    expected: 'function',
    operator: 'strictEqual',
    diff: 'simple'
  }
