(node:13) [MODULE_TYPELESS_PACKAGE_JSON] Warning: Module type of file:///workspace/scratch/150320e8a2fd/character-rollout/vendor/three-0.170.0/three.module.min.js is not specified and it doesn't parse as CommonJS.
Reparsing as ES module because module syntax was detected. This incurs a performance overhead.
To eliminate this warning, add "type": "module" to /workspace/scratch/150320e8a2fd/character-rollout/package.json.
(Use `node --trace-warnings ...` to show where the warning was created)
✔ Unknown source stages distinguish dark seeds, blue dome, antennae, wings and tall wisp (145.939759ms)
✔ Unknown candidates preserve white canonical eyes through32 states and stay isolated (152.002509ms)
✖ Unknown05 owned wings move in floating gait (10.133249ms)
ℹ tests 3
ℹ suites 0
ℹ pass 2
ℹ fail 1
ℹ cancelled 0
ℹ skipped 0
ℹ todo 0
ℹ duration_ms 394.057493

✖ failing tests:

test at tests/character-3d-unknown-stages-test.cjs:11:1
✖ Unknown05 owned wings move in floating gait (10.133249ms)
  AssertionError [ERR_ASSERTION]: actual wing motion mysteryWingL
      at TestContext.<anonymous> (/workspace/scratch/150320e8a2fd/character-rollout/tests/character-3d-unknown-stages-test.cjs:12:462)
      at async Test.run (node:internal/test_runner/test:1389:7)
      at async Test.processPendingSubtests (node:internal/test_runner/test:960:7) {
    generatedMessage: false,
    code: 'ERR_ASSERTION',
    actual: false,
    expected: true,
    operator: '==',
    diff: 'simple'
  }
