home-vq                      {"x":0,"z":630,"is3D":true} {"calls":42,"tris":35132,"js":5.5,"water":{"kind":null,"meshes":[],"ponds":0},"player":{"missFrames":0,"ok":true,"why":""},"ghosts":0} err 0
home-house-vq                {"x":-420,"z":1050,"is3D":true} {"calls":40,"tris":34696,"js":4.4,"water":{"kind":null,"meshes":[],"ponds":0},"player":{"missFrames":0,"ok":true,"why":""},"ghosts":0} err 0
forest-vq                    {"x":0,"z":600,"is3D":true} {"calls":60,"tris":147852,"js":15.6,"water":{"kind":"creek","meshes":["water:creekbed","water:creek","water:creekbed","water:creek","water:rim","water:pond"],"ponds":2},"player":{"missFrames":0,"ok":true,"why":""},"ghosts":0} err 0
jungle-vq                    {"x":0,"z":650,"is3D":true} {"calls":62,"tris":172794,"js":18.4,"water":{"kind":"creek","meshes":["water:creekbed","water:creek","water:creekbed","water:creek","water:rim","water:pond"],"ponds":1},"player":{"missFrames":0,"ok":true,"why":""},"ghosts":0} err 0
city-vq                      {"x":0,"z":600,"is3D":true} {"calls":50,"tris":130486,"js":10.2,"water":{"kind":null,"meshes":["water:rim","water:pond"],"ponds":1},"player":{"missFrames":0,"ok":true,"why":""},"ghosts":0} err 0
city-arcade-vq               {"x":-700,"z":1250,"is3D":true} {"calls":49,"tris":130462,"js":7.8,"water":{"kind":null,"meshes":["water:rim","water:pond"],"ponds":1},"player":{"missFrames":0,"ok":true,"why":""},"ghosts":0} err 0
city-market-vq               {"x":-600,"z":3150,"is3D":true} {"calls":43,"tris":130214,"js":6.6,"water":{"kind":null,"meshes":["water:rim","water:pond"],"ponds":1},"player":{"missFrames":0,"ok":true,"why":""},"ghosts":0} err 0
countryside-vq               {"x":0,"z":650,"is3D":true} {"calls":54,"tris":119228,"js":10.6,"water":{"kind":"creek","meshes":["water:creekbed","water:creek","water:creekbed","water:creek","water:rim","water:pond"],"ponds":2},"player":{"missFrames":0,"ok":true,"why":""},"ghosts":0} err 0
mountain-vq                  {"x":0,"z":600,"is3D":true} {"calls":54,"tris":106342,"js":11.5,"water":{"kind":"creek","meshes":["water:creekbed","water:creek","water:rim","water:pond"],"ponds":1},"player":{"missFrames":0,"ok":true,"why":""},"ghosts":0} err 0
snow-vq                      {"x":0,"z":700,"is3D":true} {"calls":45,"tris":69408,"js":8.5,"water":{"kind":null,"meshes":["water:rim","water:pond"],"ponds":2},"player":{"missFrames":0,"ok":true,"why":""},"ghosts":0} err 0
sea-vq                       {"x":340,"z":600,"is3D":true} {"calls":50,"tris":69804,"js":10.5,"water":{"kind":"sea","meshes":["water:wetsand","water:sea","water:foam","water:rim","water:pond"],"ponds":5},"player":{"missFrames":0,"ok":true,"why":""},"ghosts":0} err 0
deepsea-vq                   {"x":0,"z":700,"is3D":true} {"calls":36,"tris":73332,"js":8.1,"water":{"kind":"chasm","meshes":["water:bank","water:chasm","water:rim","water:pond"],"ponds":6},"player":{"missFrames":0,"ok":true,"why":""},"ghosts":0} err 0
river_lake-vq                {"x":0,"z":700,"is3D":true} {"calls":43,"tris":112550,"js":12.4,"water":{"kind":"river","meshes":["water:bank","water:river","water:rim","water:pond"],"ponds":6},"player":{"missFrames":0,"ok":true,"why":""},"ghosts":0} err 0
river-bridge-vq              {"x":-500,"z":1230,"is3D":true} {"calls":55,"tris":113414,"js":9.3,"water":{"kind":"river","meshes":["water:bank","water:river","water:rim","water:pond"],"ponds":6},"player":{"missFrames":0,"ok":true,"why":""},"ghosts":0} err 0
desert-vq                    {"x":0,"z":700,"is3D":true} {"calls":41,"tris":90304,"js":9.3,"water":{"kind":null,"meshes":["water:rim","water:pond"],"ponds":5},"player":{"missFrames":0,"ok":true,"why":""},"ghosts":0} err 0
oasis-vq                     {"x":-1500,"z":4140,"is3D":true} {"calls":43,"tris":90544,"js":7.5,"water":{"kind":null,"meshes":["water:rim","water:pond"],"ponds":5},"player":{"missFrames":0,"ok":true,"why":""},"ghosts":6} err 0
star_stop-vq                 {"x":0,"z":700,"is3D":true} {"calls":30,"tris":65984,"js":6.3,"water":{"kind":null,"meshes":[],"ponds":0},"player":{"missFrames":0,"ok":true,"why":""},"ghosts":0} err 0
memory_lake-vq               {"x":-160,"z":1300,"is3D":true} {"calls":35,"tris":51204,"js":8.6,"water":{"kind":"lake","meshes":["water:wetsand","water:lake","water:foam"],"ponds":0},"player":{"missFrames":0,"ok":true,"why":""},"ghosts":0} err 0
forest-creek-vq              {"x":-2050,"z":2300,"is3D":true} {"calls":65,"tris":148094,"js":13.1,"water":{"kind":"creek","meshes":["water:creekbed","water:creek","water:creekbed","water:creek","water:rim","water:pond"],"ponds":2},"player":{"missFrames":0,"ok":true,"why":""},"ghosts":5} err 0
forest-bridge-vq             {"x":-1300,"z":2320,"is3D":true} {"calls":50,"tris":147134,"js":9.5,"water":{"kind":"creek","meshes":["water:creekbed","water:creek","water:creekbed","water:creek","water:rim","water:pond"],"ponds":2},"player":{"missFrames":0,"ok":true,"why":""},"ghosts":0} err 0
river-stonebridge-vq         {"x":-250,"z":2400,"is3D":true} {"calls":56,"tris":113378,"js":11.4,"water":{"kind":"river","meshes":["water:bank","water:river","water:rim","water:pond"],"ponds":6},"player":{"missFrames":0,"ok":true,"why":""},"ghosts":9} err 0
countryside-river-vq         {"x":950,"z":1000,"is3D":true} {"calls":55,"tris":119480,"js":9.4,"water":{"kind":"creek","meshes":["water:creekbed","water:creek","water:creekbed","water:creek","water:rim","water:pond"],"ponds":2},"player":{"missFrames":0,"ok":true,"why":""},"ghosts":0} err 0
mountain-summer-vq           {"x":-1100,"z":1250,"is3D":true} {"calls":55,"tris":106354,"js":10.1,"water":{"kind":"creek","meshes":["water:creekbed","water:creek","water:rim","water:pond"],"ponds":1},"player":{"missFrames":0,"ok":true,"why":""},"ghosts":0} err 0
mountain-winter-vq           {"x":-1100,"z":1250,"is3D":true} {"calls":54,"tris":104146,"js":11.3,"water":{"kind":"creek","meshes":["water:creekbed","water:creek","water:rim","water:pond"],"ponds":1},"player":{"missFrames":0,"ok":true,"why":""},"ghosts":0} err 0
river-bridge2-vq             {"x":-60,"z":2250,"is3D":true} {"calls":46,"tris":110682,"js":13.1,"water":{"kind":"river","meshes":["water:bank","water:river","water:rim","water:pond"],"ponds":6},"player":{"missFrames":0,"ok":true,"why":""},"ghosts":0} err 0
mountain-slope-vq            {"x":-81,"z":1880,"is3D":true} {"calls":63,"tris":106924,"js":13.4,"water":{"kind":"creek","meshes":["water:creekbed","water:creek","water:rim","water:pond"],"ponds":1},"player":{"missFrames":0,"ok":true,"why":""},"ghosts":12} err 0
desert-slope-vq              {"x":2168,"z":7300,"is3D":true} {"calls":34,"tris":89914,"js":7.6,"water":{"kind":null,"meshes":["water:rim","water:pond"],"ponds":5},"player":{"missFrames":0,"ok":true,"why":""},"ghosts":0} err 0
forest-autumn-vq             {"x":0,"z":600,"is3D":true} {"calls":60,"tris":147852,"js":13,"water":{"kind":"creek","meshes":["water:creekbed","water:creek","water:creekbed","water:creek","water:rim","water:pond"],"ponds":2},"player":{"missFrames":0,"ok":true,"why":""},"ghosts":0} err 0
countryside-autumn-vq        {"x":0,"z":650,"is3D":true} {"calls":54,"tris":119228,"js":9.7,"water":{"kind":"creek","meshes":["water:creekbed","water:creek","water:creekbed","water:creek","water:rim","water:pond"],"ponds":2},"player":{"missFrames":0,"ok":true,"why":""},"ghosts":0} err 0
forest-winter-vq             {"x":0,"z":1000,"is3D":true} {"calls":46,"tris":152314,"js":11.6,"water":{"kind":"creek","meshes":["water:creekbed","water:creek","water:creekbed","water:creek","water:rim","water:pond"],"ponds":2},"player":{"missFrames":0,"ok":true,"why":""},"ghosts":0} err 0
home-spring-vq               {"x":0,"z":630,"is3D":true} {"calls":42,"tris":35132,"js":6.5,"water":{"kind":null,"meshes":[],"ponds":0},"player":{"missFrames":0,"ok":true,"why":""},"ghosts":0} err 0
