TAP version 13
# Subtest: scene timeout retains warmup on phase, expected and last actual composition/resources, and restoration
ok 1 - scene timeout retains warmup on phase, expected and last actual composition/resources, and restoration
  ---
  duration_ms: 8.29995
  type: 'test'
  ...
# Subtest: scene diagnostic path preserves strict city cleanup and resource gates on completed cycles
ok 2 - scene diagnostic path preserves strict city cleanup and resource gates on completed cycles
  ---
  duration_ms: 3.416937
  type: 'test'
  ...
# Subtest: failed scene raw result is written with failing verdict before original error propagates
ok 3 - failed scene raw result is written with failing verdict before original error propagates
  ---
  duration_ms: 4.584532
  type: 'test'
  ...
# Subtest: scene-only marker requires runtime marker, skips only production45 step and keeps scene and native metrics
ok 4 - scene-only marker requires runtime marker, skips only production45 step and keeps scene and native metrics
  ---
  duration_ms: 1.011119
  type: 'test'
  ...
1..4
# tests 4
# suites 0
# pass 4
# fail 0
# cancelled 0
# skipped 0
# todo 0
# duration_ms 100.063563
