(node:22) [MODULE_TYPELESS_PACKAGE_JSON] Warning: Module type of file:///workspace/scratch/150320e8a2fd/player-motion-image-blockers/vendor/three-0.170.0/three.module.min.js is not specified and it doesn't parse as CommonJS.
Reparsing as ES module because module syntax was detected. This incurs a performance overhead.
To eliminate this warning, add "type": "module" to /workspace/scratch/150320e8a2fd/player-motion-image-blockers/package.json.
(Use `node --trace-warnings ...` to show where the warning was created)
✔ fish wave identity mechanisms produce yolk volume, lateral parr marks, fork and hooked jaw (181.795384ms)
✔ schooling attachment carries three distinct faces without gameplay actors (47.073212ms)
✔ fish wave all original stages build finite templates and outward pectoral silhouettes (78.904702ms)
✔ reviewed fish stages resolve exact runtime templates, remain visible and reuse cache (330.183548ms)
✔ school subrig tails and fins articulate from the same actor swim state, including reduced motion (12.512834ms)
(node:23) [MODULE_TYPELESS_PACKAGE_JSON] Warning: Module type of file:///workspace/scratch/150320e8a2fd/player-motion-image-blockers/vendor/three-0.170.0/three.module.min.js is not specified and it doesn't parse as CommonJS.
Reparsing as ES module because module syntax was detected. This incurs a performance overhead.
To eliminate this warning, add "type": "module" to /workspace/scratch/150320e8a2fd/player-motion-image-blockers/package.json.
(Use `node --trace-warnings ...` to show where the warning was created)
✔ mycelium has a central face and bounded tapered branching arms with real depth (101.331148ms)
✔ upturned cap rim rises above its centre and separate scalloped collar follows stem (11.380775ms)
✔ optional cap patches are vertex colours and cap-face lower volume fades to cream (18.505598ms)
✔ mycelium young cap and upturned cap candidates retain source face placement and canonical actor motion (92.196382ms)
✔ young cap face is above the lower rim and upturned underside keeps pale gills (25.103607ms)
✔ leaning fungus keeps spore faces and bounded secondary bob under its own actor (53.222933ms)
✔ spore-release stage keeps source lean, secondary faces and finite canonical motion as a reviewed stage (40.420602ms)
✔ mature red cap keeps original raised crown inside upturned rim rather than an empty bowl (9.093694ms)
✔ all fungus stages preserve Pilot and separate red dome, open rim and leaning release shapes (16.712112ms)
✔ released spore cluster follows original rising path instead of symmetric horizontal grouping (13.654016ms)
✔ mycelium and opened cap retain source squeezed neutral eyes without changing positive emotion (22.789814ms)
(node:24) [MODULE_TYPELESS_PACKAGE_JSON] Warning: Module type of file:///workspace/scratch/150320e8a2fd/player-motion-image-blockers/vendor/three-0.170.0/three.module.min.js is not specified and it doesn't parse as CommonJS.
Reparsing as ES module because module syntax was detected. This incurs a performance overhead.
To eliminate this warning, add "type": "module" to /workspace/scratch/150320e8a2fd/player-motion-image-blockers/package.json.
(Use `node --trace-warnings ...` to show where the warning was created)
✔ mushroom 5: assembled cap clears complete canonical face in32states (1899.672405ms)
✔ mushroom 6: assembled cap clears complete canonical face in32states (627.436297ms)
✔ mushroom 7: assembled cap clears complete canonical face in32states (1144.642713ms)
✔ clownfish 2: both produced pectoral roots stay embedded in32states (766.298925ms)
✔ clownfish 3: both produced pectoral roots stay embedded in32states (690.73239ms)
✔ clownfish 5: both produced pectoral roots stay embedded in32states (2122.885206ms)
✔ clownfish 6: both produced pectoral roots stay embedded in32states (675.866414ms)
✔ clownfish 7: both produced pectoral roots stay embedded in32states (669.944811ms)
✔ fish optional root inset preserves frozen Pilot and spread-fin default geometry (31.406979ms)
ℹ tests 25
ℹ suites 0
ℹ pass 25
ℹ fail 0
ℹ cancelled 0
ℹ skipped 0
ℹ todo 0
ℹ duration_ms 8796.072003
