(node:13) [MODULE_TYPELESS_PACKAGE_JSON] Warning: Module type of file:///workspace/scratch/150320e8a2fd/player-motion-image-blockers/vendor/three-0.170.0/three.module.min.js is not specified and it doesn't parse as CommonJS.
Reparsing as ES module because module syntax was detected. This incurs a performance overhead.
To eliminate this warning, add "type": "module" to /workspace/scratch/150320e8a2fd/player-motion-image-blockers/package.json.
(Use `node --trace-warnings ...` to show where the warning was created)
✖ mushroom 5: assembled cap clears complete canonical face in32states (262.524829ms)
✖ mushroom 6: assembled cap clears complete canonical face in32states (327.844057ms)
✖ mushroom 7: assembled cap clears complete canonical face in32states (41.5459ms)
✖ clownfish 2: both produced pectoral roots stay embedded in32states (19.570113ms)
✖ clownfish 3: both produced pectoral roots stay embedded in32states (17.121764ms)
✖ clownfish 5: both produced pectoral roots stay embedded in32states (41.707083ms)
✖ clownfish 6: both produced pectoral roots stay embedded in32states (18.206137ms)
✖ clownfish 7: both produced pectoral roots stay embedded in32states (14.269357ms)
ℹ tests 8
ℹ suites 0
ℹ pass 0
ℹ fail 8
ℹ cancelled 0
ℹ skipped 0
ℹ todo 0
ℹ duration_ms 895.768621

✖ failing tests:

test at tests/character-3d-player-image-blockers-test.cjs:15:24
✖ mushroom 5: assembled cap clears complete canonical face in32states (262.524829ms)
  AssertionError [ERR_ASSERTION]: mushroom5/normal/true/2/frame30: cap covers canonical feature at -0.043287376958107415,0.39691436605990316,0.25704940462549425 distance 1.6923127500797297
      at checkMushroom (/workspace/scratch/150320e8a2fd/player-motion-image-blockers/tests/character-3d-player-image-blockers-test.cjs:13:252)
      at async Test.run (node:internal/test_runner/test:1389:7)
      at async startSubtestAfterBootstrap (node:internal/test_runner/harness:387:3) {
    generatedMessage: false,
    code: 'ERR_ASSERTION',
    actual: false,
    expected: true,
    operator: '==',
    diff: 'simple'
  }

test at tests/character-3d-player-image-blockers-test.cjs:15:24
✖ mushroom 6: assembled cap clears complete canonical face in32states (327.844057ms)
  AssertionError [ERR_ASSERTION]: mushroom6/dislike/false/0/frame6: cap covers canonical feature at -0.04595981713493445,0.442827125001819,0.2021366796701161 distance 1.61764748901593
      at checkMushroom (/workspace/scratch/150320e8a2fd/player-motion-image-blockers/tests/character-3d-player-image-blockers-test.cjs:13:252)
      at async Test.run (node:internal/test_runner/test:1389:7)
      at async Test.processPendingSubtests (node:internal/test_runner/test:960:7) {
    generatedMessage: false,
    code: 'ERR_ASSERTION',
    actual: false,
    expected: true,
    operator: '==',
    diff: 'simple'
  }

test at tests/character-3d-player-image-blockers-test.cjs:15:24
✖ mushroom 7: assembled cap clears complete canonical face in32states (41.5459ms)
  AssertionError [ERR_ASSERTION]: mushroom7/normal/false/0/frame6: cap covers canonical feature at -0.19490027091916223,0.3852595388221139,0.21502411328115406 distance 1.6166582544019723
      at checkMushroom (/workspace/scratch/150320e8a2fd/player-motion-image-blockers/tests/character-3d-player-image-blockers-test.cjs:13:252)
      at async Test.run (node:internal/test_runner/test:1389:7)
      at async Test.processPendingSubtests (node:internal/test_runner/test:960:7) {
    generatedMessage: false,
    code: 'ERR_ASSERTION',
    actual: false,
    expected: true,
    operator: '==',
    diff: 'simple'
  }

test at tests/character-3d-player-image-blockers-test.cjs:19:28
✖ clownfish 2: both produced pectoral roots stay embedded in32states (19.570113ms)
  AssertionError [ERR_ASSERTION]: clownfish2/normal/false/0/frame6: pectoral L root embedded in actual body triangles
      at checkFish (/workspace/scratch/150320e8a2fd/player-motion-image-blockers/tests/character-3d-player-image-blockers-test.cjs:18:499)
      at async Test.run (node:internal/test_runner/test:1389:7)
      at async Test.processPendingSubtests (node:internal/test_runner/test:960:7) {
    generatedMessage: false,
    code: 'ERR_ASSERTION',
    actual: false,
    expected: true,
    operator: '==',
    diff: 'simple'
  }

test at tests/character-3d-player-image-blockers-test.cjs:19:28
✖ clownfish 3: both produced pectoral roots stay embedded in32states (17.121764ms)
  AssertionError [ERR_ASSERTION]: clownfish3/normal/false/0/frame6: pectoral L root embedded in actual body triangles
      at checkFish (/workspace/scratch/150320e8a2fd/player-motion-image-blockers/tests/character-3d-player-image-blockers-test.cjs:18:499)
      at async Test.run (node:internal/test_runner/test:1389:7)
      at async Test.processPendingSubtests (node:internal/test_runner/test:960:7) {
    generatedMessage: false,
    code: 'ERR_ASSERTION',
    actual: false,
    expected: true,
    operator: '==',
    diff: 'simple'
  }

test at tests/character-3d-player-image-blockers-test.cjs:19:28
✖ clownfish 5: both produced pectoral roots stay embedded in32states (41.707083ms)
  AssertionError [ERR_ASSERTION]: clownfish5/normal/false/0/frame6: pectoral L root embedded in actual body triangles
      at checkFish (/workspace/scratch/150320e8a2fd/player-motion-image-blockers/tests/character-3d-player-image-blockers-test.cjs:18:499)
      at async Test.run (node:internal/test_runner/test:1389:7)
      at async Test.processPendingSubtests (node:internal/test_runner/test:960:7) {
    generatedMessage: false,
    code: 'ERR_ASSERTION',
    actual: false,
    expected: true,
    operator: '==',
    diff: 'simple'
  }

test at tests/character-3d-player-image-blockers-test.cjs:19:28
✖ clownfish 6: both produced pectoral roots stay embedded in32states (18.206137ms)
  AssertionError [ERR_ASSERTION]: clownfish6/normal/false/0/frame6: pectoral L root embedded in actual body triangles
      at checkFish (/workspace/scratch/150320e8a2fd/player-motion-image-blockers/tests/character-3d-player-image-blockers-test.cjs:18:499)
      at async Test.run (node:internal/test_runner/test:1389:7)
      at async Test.processPendingSubtests (node:internal/test_runner/test:960:7) {
    generatedMessage: false,
    code: 'ERR_ASSERTION',
    actual: false,
    expected: true,
    operator: '==',
    diff: 'simple'
  }

test at tests/character-3d-player-image-blockers-test.cjs:19:28
✖ clownfish 7: both produced pectoral roots stay embedded in32states (14.269357ms)
  AssertionError [ERR_ASSERTION]: clownfish7/normal/false/0/frame6: pectoral L root embedded in actual body triangles
      at checkFish (/workspace/scratch/150320e8a2fd/player-motion-image-blockers/tests/character-3d-player-image-blockers-test.cjs:18:499)
      at async Test.run (node:internal/test_runner/test:1389:7)
      at async Test.processPendingSubtests (node:internal/test_runner/test:960:7) {
    generatedMessage: false,
    code: 'ERR_ASSERTION',
    actual: false,
    expected: true,
    operator: '==',
    diff: 'simple'
  }
