former mushroom5 cap: RED
former mushroom6 cap: RED
former mushroom7 cap: RED
former clownfish2 root: RED
former clownfish3 root: RED
former clownfish5 root: RED
former clownfish6 root: RED
former clownfish7 root: RED
node:internal/assert/utils:77
    throw err;
    ^

AssertionError [ERR_ASSERTION]: legacy spread root changed: exact geometry/default failure
    at Object.<anonymous> (/workspace/scratch/150320e8a2fd/player-motion-image-blockers/tools/character-3d/player-image-blockers-remove-it.cjs:11:667)
    at Module._compile (node:internal/modules/cjs/loader:1872:14)
    at Object..js (node:internal/modules/cjs/loader:2003:10)
    at Module.load (node:internal/modules/cjs/loader:1594:32)
    at Module._load (node:internal/modules/cjs/loader:1396:12)
    at wrapModuleLoad (node:internal/modules/cjs/loader:255:19)
    at Module.executeUserEntryPoint [as runMain] (node:internal/modules/run_main:154:5)
    at node:internal/main/run_main_module:33:47 {
  generatedMessage: false,
  code: 'ERR_ASSERTION',
  actual: false,
  expected: true,
  operator: '==',
  diff: 'simple'
}

Node.js v24.19.0
