legacy spread root changed: RED
TAP version 13
# (node:51) [MODULE_TYPELESS_PACKAGE_JSON] Warning: Module type of file:///workspace/scratch/150320e8a2fd/player-motion-image-blockers/vendor/three-0.170.0/three.module.min.js is not specified and it doesn't parse as CommonJS.
# Reparsing as ES module because module syntax was detected. This incurs a performance overhead.
# To eliminate this warning, add "type": "module" to /workspace/scratch/150320e8a2fd/player-motion-image-blockers/package.json.
# (Use `node --trace-warnings ...` to show where the warning was created)
# Subtest: mushroom 5: assembled cap clears complete canonical face in32states
ok 1 - mushroom 5: assembled cap clears complete canonical face in32states
  ---
  duration_ms: 1905.003452
  type: 'test'
  ...
# Subtest: mushroom 6: assembled cap clears complete canonical face in32states
ok 2 - mushroom 6: assembled cap clears complete canonical face in32states
  ---
  duration_ms: 699.410798
  type: 'test'
  ...
# Subtest: mushroom 7: assembled cap clears complete canonical face in32states
ok 3 - mushroom 7: assembled cap clears complete canonical face in32states
  ---
  duration_ms: 1073.156571
  type: 'test'
  ...
# Subtest: clownfish 2: both produced pectoral roots stay embedded in32states
ok 4 - clownfish 2: both produced pectoral roots stay embedded in32states
  ---
  duration_ms: 610.883029
  type: 'test'
  ...
# Subtest: clownfish 3: both produced pectoral roots stay embedded in32states
ok 5 - clownfish 3: both produced pectoral roots stay embedded in32states
  ---
  duration_ms: 608.258253
  type: 'test'
  ...
# Subtest: clownfish 5: both produced pectoral roots stay embedded in32states
ok 6 - clownfish 5: both produced pectoral roots stay embedded in32states
  ---
  duration_ms: 755.609831
  type: 'test'
  ...
# Subtest: clownfish 6: both produced pectoral roots stay embedded in32states
ok 7 - clownfish 6: both produced pectoral roots stay embedded in32states
  ---
  duration_ms: 759.802066
  type: 'test'
  ...
# Subtest: clownfish 7: both produced pectoral roots stay embedded in32states
ok 8 - clownfish 7: both produced pectoral roots stay embedded in32states
  ---
  duration_ms: 775.190561
  type: 'test'
  ...
# Subtest: fish optional root inset preserves frozen Pilot and spread-fin default geometry
ok 9 - fish optional root inset preserves frozen Pilot and spread-fin default geometry
  ---
  duration_ms: 41.820844
  type: 'test'
  ...
1..9
# tests 9
# suites 0
# pass 9
# fail 0
# cancelled 0
# skipped 0
# todo 0
# duration_ms 7399.605027

character-3d/topology-spec.js: original/restored SHA256 59fc26091db352ba7fd467a79579ab53652934ca99176735f162a3b3891e7111
character-3d/fish-spec.js: original/restored SHA256 50a104845360e2c2e1161a4b8f268070ba9175496ea22e5e4d53a4a4dabd6edf
character-3d/archetypes.mjs: original/restored SHA256 6b95503c5ab853ee3d936150a639ea05327d0f5a83acd10790117c8d58a3d01b
1/1 mutations detected; restored focused baseline GREEN; exact production bytes verified
