(node:13) [MODULE_TYPELESS_PACKAGE_JSON] Warning: Module type of file:///workspace/scratch/e537a95e2294/character-rollout/vendor/three-0.170.0/three.module.min.js is not specified and it doesn't parse as CommonJS.
Reparsing as ES module because module syntax was detected. This incurs a performance overhead.
To eliminate this warning, add "type": "module" to /workspace/scratch/e537a95e2294/character-rollout/package.json.
(Use `node --trace-warnings ...` to show where the warning was created)
✖ reviewed Dragon resolves eight exact stages with one two-eye face and finite motion (61.341095ms)
ℹ tests 1
ℹ suites 0
ℹ pass 0
ℹ fail 1
ℹ cancelled 0
ℹ skipped 0
ℹ todo 0
ℹ duration_ms 232.265928

✖ failing tests:

test at tests/character-3d-rollout-test.cjs:220:1
✖ reviewed Dragon resolves eight exact stages with one two-eye face and finite motion (61.341095ms)
  AssertionError [ERR_ASSERTION]: Expected values to be strictly deep-equal:
  + actual - expected
  
  + null
  - {
  -   exact: true,
  -   id: 'dragon',
  -   stage: 1
  - }
  
      at TestContext.<anonymous> (/workspace/scratch/e537a95e2294/character-rollout/tests/character-3d-rollout-test.cjs:223:10)
      at async Test.run (node:internal/test_runner/test:1389:7)
      at async startSubtestAfterBootstrap (node:internal/test_runner/harness:387:3) {
    generatedMessage: true,
    code: 'ERR_ASSERTION',
    actual: null,
    expected: { id: 'dragon', stage: 1, exact: true },
    operator: 'deepStrictEqual',
    diff: 'simple'
  }
