(node:13) [MODULE_TYPELESS_PACKAGE_JSON] Warning: Module type of file:///workspace/scratch/b7dafe93b718/naotocchi/vendor/three-0.170.0/three.module.min.js is not specified and it doesn't parse as CommonJS.
Reparsing as ES module because module syntax was detected. This incurs a performance overhead.
To eliminate this warning, add "type": "module" to /workspace/scratch/b7dafe93b718/naotocchi/package.json.
(Use `node --trace-warnings ...` to show where the warning was created)
✖ VQ-22 dry-bank patches are continuous, bounded and leave unpainted water unchanged (37.25187ms)
ℹ tests 1
ℹ suites 0
ℹ pass 0
ℹ fail 1
ℹ cancelled 0
ℹ skipped 0
ℹ todo 0
ℹ duration_ms 123.512673

✖ failing tests:

test at tests/meguru-3d-visual-quality-test.cjs:7:1
✖ VQ-22 dry-bank patches are continuous, bounded and leave unpainted water unchanged (37.25187ms)
  AssertionError [ERR_ASSERTION]: bank must have spatial variation
      at TestContext.<anonymous> (/workspace/scratch/b7dafe93b718/naotocchi/tests/meguru-3d-visual-quality-test.cjs:29:10)
      at async Test.run (node:internal/test_runner/test:1389:7)
      at async startSubtestAfterBootstrap (node:internal/test_runner/harness:387:3) {
    generatedMessage: false,
    code: 'ERR_ASSERTION',
    actual: false,
    expected: true,
    operator: '==',
    diff: 'simple'
  }
